[INFO] Scanning for projects...
[INFO] 
[INFO] --------------< io.github.jinahya:database-metadata-bind >--------------
[INFO] Building database-metadata-bind 4.2.11-SNAPSHOT
[INFO]   from pom.xml
[INFO] --------------------------------[ jar ]---------------------------------
[INFO] 
[INFO] --- enforcer:3.6.2:enforce (enforce-dependency-convergence) @ database-metadata-bind ---
[INFO] Rule 0: org.apache.maven.enforcer.rules.dependency.DependencyConvergence passed
[INFO] 
[INFO] --- enforcer:3.6.2:enforce (enforce-require-maven-version) @ database-metadata-bind ---
[INFO] Rule 0: org.apache.maven.enforcer.rules.version.RequireMavenVersion passed
[INFO] 
[INFO] --- enforcer:3.6.2:enforce (enforce-require-java-version) @ database-metadata-bind ---
[INFO] Rule 0: org.apache.maven.enforcer.rules.version.RequireJavaVersion passed
[INFO] 
[INFO] --- tidy:1.4.0:check (validate) @ database-metadata-bind ---
[INFO] 
[INFO] --- jacoco:0.8.14:prepare-agent (default-prepare-agent) @ database-metadata-bind ---
[INFO] argLine set to -javaagent:/Users/jin.kwon/.m2/repository/org/jacoco/org.jacoco.agent/0.8.14/org.jacoco.agent-0.8.14-runtime.jar=destfile=/Users/jin.kwon/gitcl/github.com/jinahya/database-metadata-bind/target/jacoco.exec
[INFO] 
[INFO] --- lombok:1.18.20.0:delombok (default) @ database-metadata-bind ---
WARNING: A terminally deprecated method in sun.misc.Unsafe has been called
WARNING: sun.misc.Unsafe::objectFieldOffset has been called by lombok.permit.Permit
WARNING: Please consider reporting this to the maintainers of class lombok.permit.Permit
WARNING: sun.misc.Unsafe::objectFieldOffset will be removed in a future release
/Users/jin.kwon/gitcl/github.com/jinahya/database-metadata-bind/src/main/java/com/github/jinahya/database/metadata/bind/Table.java:47: warning: Not generating equals and hashCode: A method with one of those names already exists. (Either both or none of these methods will be generated).
@EqualsAndHashCode(callSuper = true)
^
/Users/jin.kwon/gitcl/github.com/jinahya/database-metadata-bind/src/main/java/com/github/jinahya/database/metadata/bind/CrossReference.java:39: warning: Not generating equals and hashCode: A method with one of those names already exists. (Either both or none of these methods will be generated).
@EqualsAndHashCode(callSuper = true)
^
/Users/jin.kwon/gitcl/github.com/jinahya/database-metadata-bind/src/main/java/com/github/jinahya/database/metadata/bind/ProcedureColumn.java:40: warning: Not generating equals and hashCode: A method with one of those names already exists. (Either both or none of these methods will be generated).
@EqualsAndHashCode(callSuper = true)
^
/Users/jin.kwon/gitcl/github.com/jinahya/database-metadata-bind/src/main/java/com/github/jinahya/database/metadata/bind/Attribute.java:42: warning: Not generating equals and hashCode: A method with one of those names already exists. (Either both or none of these methods will be generated).
@EqualsAndHashCode(callSuper = true)
^
/Users/jin.kwon/gitcl/github.com/jinahya/database-metadata-bind/src/main/java/com/github/jinahya/database/metadata/bind/BestRowIdentifier.java:39: warning: Not generating equals and hashCode: A method with one of those names already exists. (Either both or none of these methods will be generated).
@EqualsAndHashCode(callSuper = true)
^
/Users/jin.kwon/gitcl/github.com/jinahya/database-metadata-bind/src/main/java/com/github/jinahya/database/metadata/bind/Column.java:44: warning: Not generating equals and hashCode: A method with one of those names already exists. (Either both or none of these methods will be generated).
@EqualsAndHashCode(callSuper = true)
^
/Users/jin.kwon/gitcl/github.com/jinahya/database-metadata-bind/src/main/java/com/github/jinahya/database/metadata/bind/ImportedKey.java:38: warning: Not generating equals and hashCode: A method with one of those names already exists. (Either both or none of these methods will be generated).
@EqualsAndHashCode(callSuper = true)
^
[INFO] Delombok complete.
[INFO] 
[INFO] --- resources:3.3.1:resources (default-resources) @ database-metadata-bind ---
[INFO] Copying 0 resource from src/main/resources to target/classes
[INFO] 
[INFO] --- compiler:3.14.1:compile (default-compile) @ database-metadata-bind ---
[INFO] Nothing to compile - all classes are up to date.
[INFO] 
[INFO] --- resources:3.3.1:testResources (default-testResources) @ database-metadata-bind ---
[INFO] Copying 1 resource from src/test/resources to target/test-classes
[INFO] 
[INFO] --- compiler:3.14.1:testCompile (default-testCompile) @ database-metadata-bind ---
[INFO] Recompiling the module because of changed source code.
[INFO] Compiling 47 source files with javac [debug release 25] to target/test-classes
[WARNING] No processor claimed any of these annotations: /org.junit.jupiter.api.AfterAll,/org.junit.jupiter.api.Test,/org.junit.jupiter.api.Nested,/org.junit.jupiter.api.BeforeAll,/org.junit.jupiter.api.DisplayName,/org.junit.jupiter.api.condition.EnabledIfSystemProperties,/org.junit.jupiter.api.Disabled
[INFO] 
[INFO] --- surefire:3.5.4:test (default-test) @ database-metadata-bind ---
[WARNING]  Parameter 'systemProperties' is deprecated: Use systemPropertyVariables instead.
[INFO] Using auto detected provider org.apache.maven.surefire.junitplatform.JUnitPlatformProvider
[INFO] 
[INFO] -------------------------------------------------------
[INFO]  T E S T S
[INFO] -------------------------------------------------------
[INFO] Running com.github.jinahya.database.metadata.bind.UDTTest
161  [main] DEBUG org.jboss.logging - Logging Provider: org.jboss.logging.Slf4jLoggerProvider
163  [main] INFO  org.hibernate.validator.internal.util.Version - HV000001: Hibernate Validator 9.0.0.Final
Mockito is currently self-attaching to enable the inline-mock-maker. This will no longer work in future releases of the JDK. Please add Mockito as an agent to your build as described in Mockito's documentation: https://javadoc.io/doc/org.mockito/mockito-core/latest/org.mockito/org/mockito/Mockito.html#0.3
OpenJDK 64-Bit Server VM warning: Sharing is only supported for boot loader classes because bootstrap classpath has been appended
WARNING: A Java agent has been loaded dynamically (/Users/jin.kwon/.m2/repository/net/bytebuddy/byte-buddy-agent/1.17.7/byte-buddy-agent-1.17.7.jar)
WARNING: If a serviceability tool is in use, please run with -XX:+EnableDynamicAgentLoading to hide this warning
WARNING: If a serviceability tool is not in use, please run with -Djdk.instrument.traceUsage for more information
WARNING: Dynamic loading of agents will be disallowed by default in a future release
[INFO] Running com.github.jinahya.database.metadata.bind.MetadataType_Test$FieldTest
[ERROR] Tests run: 11, Failures: 1, Errors: 0, Skipped: 0, Time elapsed: 0.010 s <<< FAILURE! -- in com.github.jinahya.database.metadata.bind.MetadataType_Test$FieldTest
[ERROR] com.github.jinahya.database.metadata.bind.UDTTest.equals__ -- Time elapsed: 0.526 s <<< FAILURE!
java.lang.AssertionError: 
EqualsVerifier found a problem in class com.github.jinahya.database.metadata.bind.UDT.
-> Reflexivity: object does not equal an identical copy of itself:
  com.github.jinahya.database.metadata.bind.UDT@ef0841ed{unmappedColumns={one=java.lang.Object@61e0f9b9}}{typeCat=one,typeSchem=one,typeName=one,className=one,dataType=1000,remarks=one,baseType=1000}
If this is intentional, consider suppressing Warning.IDENTICAL_COPY.

For more information, go to: https://www.jqno.nl/equalsverifier/errormessages
(EqualsVerifier 4.0, JDK 25.0.1 running on classpath, on Mac OS X. Mockito: available.)
	at nl.jqno.equalsverifier.api.SingleTypeEqualsVerifierApi.verify(SingleTypeEqualsVerifierApi.java:389)
	at com.github.jinahya.database.metadata.bind.MetadataType_Test.equals__(MetadataType_Test.java:76)
	at java.base/java.lang.reflect.Method.invoke(Method.java:565)
	at java.base/java.util.ArrayList.forEach(ArrayList.java:1604)
	at java.base/java.util.ArrayList.forEach(ArrayList.java:1604)
Caused by: nl.jqno.equalsverifier.internal.exceptions.AssertionException
	at nl.jqno.equalsverifier.internal.util.Assert.assertEquals(Assert.java:25)
	at nl.jqno.equalsverifier.internal.checkers.fieldchecks.ReflexivityFieldCheck.checkReflexivityFor(ReflexivityFieldCheck.java:145)
	at nl.jqno.equalsverifier.internal.checkers.fieldchecks.ReflexivityFieldCheck.checkReferenceReflexivity(ReflexivityFieldCheck.java:56)
	at nl.jqno.equalsverifier.internal.checkers.fieldchecks.ReflexivityFieldCheck.execute(ReflexivityFieldCheck.java:48)
	at nl.jqno.equalsverifier.internal.checkers.FieldInspector.check(FieldInspector.java:20)
	at nl.jqno.equalsverifier.internal.checkers.FieldsChecker.check(FieldsChecker.java:63)
	at nl.jqno.equalsverifier.api.SingleTypeEqualsVerifierApi.verifyWithExamples(SingleTypeEqualsVerifierApi.java:498)
	at nl.jqno.equalsverifier.api.SingleTypeEqualsVerifierApi.performVerification(SingleTypeEqualsVerifierApi.java:459)
	at nl.jqno.equalsverifier.api.SingleTypeEqualsVerifierApi.verify(SingleTypeEqualsVerifierApi.java:386)
	... 4 more

[INFO] Tests run: 0, Failures: 0, Errors: 0, Skipped: 0, Time elapsed: 0.806 s -- in com.github.jinahya.database.metadata.bind.UDTTest
[INFO] Running com.github.jinahya.database.metadata.bind.Memory_Hsql_Test
Jan 26, 2026 2:30:05 PM com.github.jinahya.database.metadata.bind.Context bind
WARNING: unknown result; type: Table, label: COMMIT_ACTION, value: null
Jan 26, 2026 2:30:05 PM com.github.jinahya.database.metadata.bind.Context bind
WARNING: unknown result; type: Table, label: READ_ONLY, value: true
Jan 26, 2026 2:30:05 PM com.github.jinahya.database.metadata.bind.Context bind
WARNING: unknown result; type: Table, label: HSQLDB_TYPE, value: MEMORY
Jan 26, 2026 2:30:05 PM com.github.jinahya.database.metadata.bind.Context bind
WARNING: unknown result; type: Table, label: COMMIT_ACTION, value: null
Jan 26, 2026 2:30:05 PM com.github.jinahya.database.metadata.bind.Context bind
WARNING: unknown result; type: Table, label: READ_ONLY, value: true
Jan 26, 2026 2:30:05 PM com.github.jinahya.database.metadata.bind.Context bind
WARNING: unknown result; type: Table, label: HSQLDB_TYPE, value: MEMORY
Jan 26, 2026 2:30:05 PM com.github.jinahya.database.metadata.bind.Context bind
WARNING: unknown result; type: Table, label: COMMIT_ACTION, value: null
Jan 26, 2026 2:30:05 PM com.github.jinahya.database.metadata.bind.Context bind
WARNING: unknown result; type: Table, label: READ_ONLY, value: true
Jan 26, 2026 2:30:05 PM com.github.jinahya.database.metadata.bind.Context bind
WARNING: unknown result; type: Table, label: HSQLDB_TYPE, value: MEMORY
Jan 26, 2026 2:30:05 PM com.github.jinahya.database.metadata.bind.Context bind
WARNING: unknown result; type: Table, label: COMMIT_ACTION, value: null
Jan 26, 2026 2:30:05 PM com.github.jinahya.database.metadata.bind.Context bind
WARNING: unknown result; type: Table, label: READ_ONLY, value: true
Jan 26, 2026 2:30:05 PM com.github.jinahya.database.metadata.bind.Context bind
WARNING: unknown result; type: Table, label: HSQLDB_TYPE, value: MEMORY
Jan 26, 2026 2:30:05 PM com.github.jinahya.database.metadata.bind.Context bind
WARNING: unknown result; type: Table, label: COMMIT_ACTION, value: null
Jan 26, 2026 2:30:05 PM com.github.jinahya.database.metadata.bind.Context bind
WARNING: unknown result; type: Table, label: READ_ONLY, value: true
Jan 26, 2026 2:30:05 PM com.github.jinahya.database.metadata.bind.Context bind
WARNING: unknown result; type: Table, label: HSQLDB_TYPE, value: MEMORY
Jan 26, 2026 2:30:05 PM com.github.jinahya.database.metadata.bind.Context bind
WARNING: unknown result; type: Table, label: COMMIT_ACTION, value: null
Jan 26, 2026 2:30:05 PM com.github.jinahya.database.metadata.bind.Context bind
WARNING: unknown result; type: Table, label: READ_ONLY, value: true
Jan 26, 2026 2:30:05 PM com.github.jinahya.database.metadata.bind.Context bind
WARNING: unknown result; type: Table, label: HSQLDB_TYPE, value: MEMORY
Jan 26, 2026 2:30:05 PM com.github.jinahya.database.metadata.bind.Context bind
WARNING: unknown result; type: Table, label: COMMIT_ACTION, value: null
Jan 26, 2026 2:30:05 PM com.github.jinahya.database.metadata.bind.Context bind
WARNING: unknown result; type: Table, label: READ_ONLY, value: true
Jan 26, 2026 2:30:05 PM com.github.jinahya.database.metadata.bind.Context bind
WARNING: unknown result; type: Table, label: HSQLDB_TYPE, value: MEMORY
Jan 26, 2026 2:30:05 PM com.github.jinahya.database.metadata.bind.Context bind
WARNING: unknown result; type: Table, label: COMMIT_ACTION, value: null
Jan 26, 2026 2:30:05 PM com.github.jinahya.database.metadata.bind.Context bind
WARNING: unknown result; type: Table, label: READ_ONLY, value: true
Jan 26, 2026 2:30:05 PM com.github.jinahya.database.metadata.bind.Context bind
WARNING: unknown result; type: Table, label: HSQLDB_TYPE, value: MEMORY
Jan 26, 2026 2:30:05 PM com.github.jinahya.database.metadata.bind.Context bind
WARNING: unknown result; type: Table, label: COMMIT_ACTION, value: null
Jan 26, 2026 2:30:05 PM com.github.jinahya.database.metadata.bind.Context bind
WARNING: unknown result; type: Table, label: READ_ONLY, value: true
Jan 26, 2026 2:30:05 PM com.github.jinahya.database.metadata.bind.Context bind
WARNING: unknown result; type: Table, label: HSQLDB_TYPE, value: MEMORY
Jan 26, 2026 2:30:05 PM com.github.jinahya.database.metadata.bind.Context bind
WARNING: unknown result; type: Table, label: COMMIT_ACTION, value: null
Jan 26, 2026 2:30:05 PM com.github.jinahya.database.metadata.bind.Context bind
WARNING: unknown result; type: Table, label: READ_ONLY, value: true
Jan 26, 2026 2:30:05 PM com.github.jinahya.database.metadata.bind.Context bind
WARNING: unknown result; type: Table, label: HSQLDB_TYPE, value: MEMORY
Jan 26, 2026 2:30:05 PM com.github.jinahya.database.metadata.bind.Context bind
WARNING: unknown result; type: Table, label: COMMIT_ACTION, value: null
Jan 26, 2026 2:30:05 PM com.github.jinahya.database.metadata.bind.Context bind
WARNING: unknown result; type: Table, label: READ_ONLY, value: true
Jan 26, 2026 2:30:05 PM com.github.jinahya.database.metadata.bind.Context bind
WARNING: unknown result; type: Table, label: HSQLDB_TYPE, value: MEMORY
Jan 26, 2026 2:30:05 PM com.github.jinahya.database.metadata.bind.Context bind
WARNING: unknown result; type: Table, label: COMMIT_ACTION, value: null
Jan 26, 2026 2:30:05 PM com.github.jinahya.database.metadata.bind.Context bind
WARNING: unknown result; type: Table, label: READ_ONLY, value: true
Jan 26, 2026 2:30:05 PM com.github.jinahya.database.metadata.bind.Context bind
WARNING: unknown result; type: Table, label: HSQLDB_TYPE, value: MEMORY
Jan 26, 2026 2:30:05 PM com.github.jinahya.database.metadata.bind.Context bind
WARNING: unknown result; type: Table, label: COMMIT_ACTION, value: null
Jan 26, 2026 2:30:05 PM com.github.jinahya.database.metadata.bind.Context bind
WARNING: unknown result; type: Table, label: READ_ONLY, value: true
Jan 26, 2026 2:30:05 PM com.github.jinahya.database.metadata.bind.Context bind
WARNING: unknown result; type: Table, label: HSQLDB_TYPE, value: MEMORY
Jan 26, 2026 2:30:05 PM com.github.jinahya.database.metadata.bind.Context bind
WARNING: unknown result; type: Table, label: COMMIT_ACTION, value: null
Jan 26, 2026 2:30:05 PM com.github.jinahya.database.metadata.bind.Context bind
WARNING: unknown result; type: Table, label: READ_ONLY, value: true
Jan 26, 2026 2:30:05 PM com.github.jinahya.database.metadata.bind.Context bind
WARNING: unknown result; type: Table, label: HSQLDB_TYPE, value: MEMORY
Jan 26, 2026 2:30:05 PM com.github.jinahya.database.metadata.bind.Context bind
WARNING: unknown result; type: Table, label: COMMIT_ACTION, value: null
Jan 26, 2026 2:30:05 PM com.github.jinahya.database.metadata.bind.Context bind
WARNING: unknown result; type: Table, label: READ_ONLY, value: true
Jan 26, 2026 2:30:05 PM com.github.jinahya.database.metadata.bind.Context bind
WARNING: unknown result; type: Table, label: HSQLDB_TYPE, value: MEMORY
Jan 26, 2026 2:30:05 PM com.github.jinahya.database.metadata.bind.Context bind
WARNING: unknown result; type: Table, label: COMMIT_ACTION, value: null
Jan 26, 2026 2:30:05 PM com.github.jinahya.database.metadata.bind.Context bind
WARNING: unknown result; type: Table, label: READ_ONLY, value: true
Jan 26, 2026 2:30:05 PM com.github.jinahya.database.metadata.bind.Context bind
WARNING: unknown result; type: Table, label: HSQLDB_TYPE, value: MEMORY
Jan 26, 2026 2:30:05 PM com.github.jinahya.database.metadata.bind.Context bind
WARNING: unknown result; type: Table, label: COMMIT_ACTION, value: null
Jan 26, 2026 2:30:05 PM com.github.jinahya.database.metadata.bind.Context bind
WARNING: unknown result; type: Table, label: READ_ONLY, value: true
Jan 26, 2026 2:30:05 PM com.github.jinahya.database.metadata.bind.Context bind
WARNING: unknown result; type: Table, label: HSQLDB_TYPE, value: MEMORY
Jan 26, 2026 2:30:05 PM com.github.jinahya.database.metadata.bind.Context bind
WARNING: unknown result; type: Table, label: COMMIT_ACTION, value: null
Jan 26, 2026 2:30:05 PM com.github.jinahya.database.metadata.bind.Context bind
WARNING: unknown result; type: Table, label: READ_ONLY, value: true
Jan 26, 2026 2:30:05 PM com.github.jinahya.database.metadata.bind.Context bind
WARNING: unknown result; type: Table, label: HSQLDB_TYPE, value: MEMORY
Jan 26, 2026 2:30:05 PM com.github.jinahya.database.metadata.bind.Context bind
WARNING: unknown result; type: Table, label: COMMIT_ACTION, value: null
Jan 26, 2026 2:30:05 PM com.github.jinahya.database.metadata.bind.Context bind
WARNING: unknown result; type: Table, label: READ_ONLY, value: true
Jan 26, 2026 2:30:05 PM com.github.jinahya.database.metadata.bind.Context bind
WARNING: unknown result; type: Table, label: HSQLDB_TYPE, value: MEMORY
Jan 26, 2026 2:30:05 PM com.github.jinahya.database.metadata.bind.Context bind
WARNING: unknown result; type: Table, label: COMMIT_ACTION, value: null
Jan 26, 2026 2:30:05 PM com.github.jinahya.database.metadata.bind.Context bind
WARNING: unknown result; type: Table, label: READ_ONLY, value: true
Jan 26, 2026 2:30:05 PM com.github.jinahya.database.metadata.bind.Context bind
WARNING: unknown result; type: Table, label: HSQLDB_TYPE, value: MEMORY
Jan 26, 2026 2:30:05 PM com.github.jinahya.database.metadata.bind.Context bind
WARNING: unknown result; type: Table, label: COMMIT_ACTION, value: null
Jan 26, 2026 2:30:05 PM com.github.jinahya.database.metadata.bind.Context bind
WARNING: unknown result; type: Table, label: READ_ONLY, value: true
Jan 26, 2026 2:30:05 PM com.github.jinahya.database.metadata.bind.Context bind
WARNING: unknown result; type: Table, label: HSQLDB_TYPE, value: MEMORY
Jan 26, 2026 2:30:05 PM com.github.jinahya.database.metadata.bind.Context bind
WARNING: unknown result; type: Table, label: COMMIT_ACTION, value: null
Jan 26, 2026 2:30:05 PM com.github.jinahya.database.metadata.bind.Context bind
WARNING: unknown result; type: Table, label: READ_ONLY, value: true
Jan 26, 2026 2:30:05 PM com.github.jinahya.database.metadata.bind.Context bind
WARNING: unknown result; type: Table, label: HSQLDB_TYPE, value: MEMORY
Jan 26, 2026 2:30:05 PM com.github.jinahya.database.metadata.bind.Context bind
WARNING: unknown result; type: Table, label: COMMIT_ACTION, value: null
Jan 26, 2026 2:30:05 PM com.github.jinahya.database.metadata.bind.Context bind
WARNING: unknown result; type: Table, label: READ_ONLY, value: true
Jan 26, 2026 2:30:05 PM com.github.jinahya.database.metadata.bind.Context bind
WARNING: unknown result; type: Table, label: HSQLDB_TYPE, value: MEMORY
Jan 26, 2026 2:30:05 PM com.github.jinahya.database.metadata.bind.Context bind
WARNING: unknown result; type: Table, label: COMMIT_ACTION, value: null
Jan 26, 2026 2:30:05 PM com.github.jinahya.database.metadata.bind.Context bind
WARNING: unknown result; type: Table, label: READ_ONLY, value: true
Jan 26, 2026 2:30:05 PM com.github.jinahya.database.metadata.bind.Context bind
WARNING: unknown result; type: Table, label: HSQLDB_TYPE, value: MEMORY
Jan 26, 2026 2:30:05 PM com.github.jinahya.database.metadata.bind.Context bind
WARNING: unknown result; type: Table, label: COMMIT_ACTION, value: null
Jan 26, 2026 2:30:05 PM com.github.jinahya.database.metadata.bind.Context bind
WARNING: unknown result; type: Table, label: READ_ONLY, value: true
Jan 26, 2026 2:30:05 PM com.github.jinahya.database.metadata.bind.Context bind
WARNING: unknown result; type: Table, label: HSQLDB_TYPE, value: MEMORY
Jan 26, 2026 2:30:05 PM com.github.jinahya.database.metadata.bind.Context bind
WARNING: unknown result; type: Table, label: COMMIT_ACTION, value: null
Jan 26, 2026 2:30:05 PM com.github.jinahya.database.metadata.bind.Context bind
WARNING: unknown result; type: Table, label: READ_ONLY, value: true
Jan 26, 2026 2:30:05 PM com.github.jinahya.database.metadata.bind.Context bind
WARNING: unknown result; type: Table, label: HSQLDB_TYPE, value: MEMORY
Jan 26, 2026 2:30:05 PM com.github.jinahya.database.metadata.bind.Context bind
WARNING: unknown result; type: Table, label: COMMIT_ACTION, value: null
Jan 26, 2026 2:30:05 PM com.github.jinahya.database.metadata.bind.Context bind
WARNING: unknown result; type: Table, label: READ_ONLY, value: true
Jan 26, 2026 2:30:05 PM com.github.jinahya.database.metadata.bind.Context bind
WARNING: unknown result; type: Table, label: HSQLDB_TYPE, value: MEMORY
Jan 26, 2026 2:30:05 PM com.github.jinahya.database.metadata.bind.Context bind
WARNING: unknown result; type: Table, label: COMMIT_ACTION, value: null
Jan 26, 2026 2:30:05 PM com.github.jinahya.database.metadata.bind.Context bind
WARNING: unknown result; type: Table, label: READ_ONLY, value: true
Jan 26, 2026 2:30:05 PM com.github.jinahya.database.metadata.bind.Context bind
WARNING: unknown result; type: Table, label: HSQLDB_TYPE, value: MEMORY
Jan 26, 2026 2:30:05 PM com.github.jinahya.database.metadata.bind.Context bind
WARNING: unknown result; type: Table, label: COMMIT_ACTION, value: null
Jan 26, 2026 2:30:05 PM com.github.jinahya.database.metadata.bind.Context bind
WARNING: unknown result; type: Table, label: READ_ONLY, value: true
Jan 26, 2026 2:30:05 PM com.github.jinahya.database.metadata.bind.Context bind
WARNING: unknown result; type: Table, label: HSQLDB_TYPE, value: MEMORY
Jan 26, 2026 2:30:05 PM com.github.jinahya.database.metadata.bind.Context bind
WARNING: unknown result; type: Table, label: COMMIT_ACTION, value: null
Jan 26, 2026 2:30:05 PM com.github.jinahya.database.metadata.bind.Context bind
WARNING: unknown result; type: Table, label: READ_ONLY, value: true
Jan 26, 2026 2:30:05 PM com.github.jinahya.database.metadata.bind.Context bind
WARNING: unknown result; type: Table, label: HSQLDB_TYPE, value: MEMORY
Jan 26, 2026 2:30:05 PM com.github.jinahya.database.metadata.bind.Context bind
WARNING: unknown result; type: Table, label: COMMIT_ACTION, value: null
Jan 26, 2026 2:30:05 PM com.github.jinahya.database.metadata.bind.Context bind
WARNING: unknown result; type: Table, label: READ_ONLY, value: true
Jan 26, 2026 2:30:05 PM com.github.jinahya.database.metadata.bind.Context bind
WARNING: unknown result; type: Table, label: HSQLDB_TYPE, value: MEMORY
Jan 26, 2026 2:30:05 PM com.github.jinahya.database.metadata.bind.Context bind
WARNING: unknown result; type: Table, label: COMMIT_ACTION, value: null
Jan 26, 2026 2:30:05 PM com.github.jinahya.database.metadata.bind.Context bind
WARNING: unknown result; type: Table, label: READ_ONLY, value: true
Jan 26, 2026 2:30:05 PM com.github.jinahya.database.metadata.bind.Context bind
WARNING: unknown result; type: Table, label: HSQLDB_TYPE, value: MEMORY
Jan 26, 2026 2:30:05 PM com.github.jinahya.database.metadata.bind.Context bind
WARNING: unknown result; type: Table, label: COMMIT_ACTION, value: null
Jan 26, 2026 2:30:05 PM com.github.jinahya.database.metadata.bind.Context bind
WARNING: unknown result; type: Table, label: READ_ONLY, value: true
Jan 26, 2026 2:30:05 PM com.github.jinahya.database.metadata.bind.Context bind
WARNING: unknown result; type: Table, label: HSQLDB_TYPE, value: MEMORY
Jan 26, 2026 2:30:05 PM com.github.jinahya.database.metadata.bind.Context bind
WARNING: unknown result; type: Table, label: COMMIT_ACTION, value: null
Jan 26, 2026 2:30:05 PM com.github.jinahya.database.metadata.bind.Context bind
WARNING: unknown result; type: Table, label: READ_ONLY, value: true
Jan 26, 2026 2:30:05 PM com.github.jinahya.database.metadata.bind.Context bind
WARNING: unknown result; type: Table, label: HSQLDB_TYPE, value: MEMORY
Jan 26, 2026 2:30:05 PM com.github.jinahya.database.metadata.bind.Context bind
WARNING: unknown result; type: Table, label: COMMIT_ACTION, value: null
Jan 26, 2026 2:30:05 PM com.github.jinahya.database.metadata.bind.Context bind
WARNING: unknown result; type: Table, label: READ_ONLY, value: true
Jan 26, 2026 2:30:05 PM com.github.jinahya.database.metadata.bind.Context bind
WARNING: unknown result; type: Table, label: HSQLDB_TYPE, value: MEMORY
Jan 26, 2026 2:30:05 PM com.github.jinahya.database.metadata.bind.Context bind
WARNING: unknown result; type: Table, label: COMMIT_ACTION, value: null
Jan 26, 2026 2:30:05 PM com.github.jinahya.database.metadata.bind.Context bind
WARNING: unknown result; type: Table, label: READ_ONLY, value: true
Jan 26, 2026 2:30:05 PM com.github.jinahya.database.metadata.bind.Context bind
WARNING: unknown result; type: Table, label: HSQLDB_TYPE, value: MEMORY
Jan 26, 2026 2:30:05 PM com.github.jinahya.database.metadata.bind.Context bind
WARNING: unknown result; type: Table, label: COMMIT_ACTION, value: null
Jan 26, 2026 2:30:05 PM com.github.jinahya.database.metadata.bind.Context bind
WARNING: unknown result; type: Table, label: READ_ONLY, value: true
Jan 26, 2026 2:30:05 PM com.github.jinahya.database.metadata.bind.Context bind
WARNING: unknown result; type: Table, label: HSQLDB_TYPE, value: MEMORY
Jan 26, 2026 2:30:05 PM com.github.jinahya.database.metadata.bind.Context bind
WARNING: unknown result; type: Table, label: COMMIT_ACTION, value: null
Jan 26, 2026 2:30:05 PM com.github.jinahya.database.metadata.bind.Context bind
WARNING: unknown result; type: Table, label: READ_ONLY, value: true
Jan 26, 2026 2:30:05 PM com.github.jinahya.database.metadata.bind.Context bind
WARNING: unknown result; type: Table, label: HSQLDB_TYPE, value: MEMORY
Jan 26, 2026 2:30:05 PM com.github.jinahya.database.metadata.bind.Context bind
WARNING: unknown result; type: Table, label: COMMIT_ACTION, value: null
Jan 26, 2026 2:30:05 PM com.github.jinahya.database.metadata.bind.Context bind
WARNING: unknown result; type: Table, label: READ_ONLY, value: true
Jan 26, 2026 2:30:05 PM com.github.jinahya.database.metadata.bind.Context bind
WARNING: unknown result; type: Table, label: HSQLDB_TYPE, value: MEMORY
Jan 26, 2026 2:30:05 PM com.github.jinahya.database.metadata.bind.Context bind
WARNING: unknown result; type: Table, label: COMMIT_ACTION, value: null
Jan 26, 2026 2:30:05 PM com.github.jinahya.database.metadata.bind.Context bind
WARNING: unknown result; type: Table, label: READ_ONLY, value: true
Jan 26, 2026 2:30:05 PM com.github.jinahya.database.metadata.bind.Context bind
WARNING: unknown result; type: Table, label: HSQLDB_TYPE, value: MEMORY
Jan 26, 2026 2:30:05 PM com.github.jinahya.database.metadata.bind.Context bind
WARNING: unknown result; type: Table, label: COMMIT_ACTION, value: null
Jan 26, 2026 2:30:05 PM com.github.jinahya.database.metadata.bind.Context bind
WARNING: unknown result; type: Table, label: READ_ONLY, value: true
Jan 26, 2026 2:30:05 PM com.github.jinahya.database.metadata.bind.Context bind
WARNING: unknown result; type: Table, label: HSQLDB_TYPE, value: MEMORY
Jan 26, 2026 2:30:05 PM com.github.jinahya.database.metadata.bind.Context bind
WARNING: unknown result; type: Table, label: COMMIT_ACTION, value: null
Jan 26, 2026 2:30:05 PM com.github.jinahya.database.metadata.bind.Context bind
WARNING: unknown result; type: Table, label: READ_ONLY, value: true
Jan 26, 2026 2:30:05 PM com.github.jinahya.database.metadata.bind.Context bind
WARNING: unknown result; type: Table, label: HSQLDB_TYPE, value: MEMORY
Jan 26, 2026 2:30:05 PM com.github.jinahya.database.metadata.bind.Context bind
WARNING: unknown result; type: Table, label: COMMIT_ACTION, value: null
Jan 26, 2026 2:30:05 PM com.github.jinahya.database.metadata.bind.Context bind
WARNING: unknown result; type: Table, label: READ_ONLY, value: true
Jan 26, 2026 2:30:05 PM com.github.jinahya.database.metadata.bind.Context bind
WARNING: unknown result; type: Table, label: HSQLDB_TYPE, value: MEMORY
Jan 26, 2026 2:30:05 PM com.github.jinahya.database.metadata.bind.Context bind
WARNING: unknown result; type: Table, label: COMMIT_ACTION, value: null
Jan 26, 2026 2:30:05 PM com.github.jinahya.database.metadata.bind.Context bind
WARNING: unknown result; type: Table, label: READ_ONLY, value: true
Jan 26, 2026 2:30:05 PM com.github.jinahya.database.metadata.bind.Context bind
WARNING: unknown result; type: Table, label: HSQLDB_TYPE, value: MEMORY
Jan 26, 2026 2:30:05 PM com.github.jinahya.database.metadata.bind.Context bind
WARNING: unknown result; type: Table, label: COMMIT_ACTION, value: null
Jan 26, 2026 2:30:05 PM com.github.jinahya.database.metadata.bind.Context bind
WARNING: unknown result; type: Table, label: READ_ONLY, value: true
Jan 26, 2026 2:30:05 PM com.github.jinahya.database.metadata.bind.Context bind
WARNING: unknown result; type: Table, label: HSQLDB_TYPE, value: MEMORY
Jan 26, 2026 2:30:05 PM com.github.jinahya.database.metadata.bind.Context bind
WARNING: unknown result; type: Table, label: COMMIT_ACTION, value: null
Jan 26, 2026 2:30:05 PM com.github.jinahya.database.metadata.bind.Context bind
WARNING: unknown result; type: Table, label: READ_ONLY, value: true
Jan 26, 2026 2:30:05 PM com.github.jinahya.database.metadata.bind.Context bind
WARNING: unknown result; type: Table, label: HSQLDB_TYPE, value: MEMORY
Jan 26, 2026 2:30:05 PM com.github.jinahya.database.metadata.bind.Context bind
WARNING: unknown result; type: Table, label: COMMIT_ACTION, value: null
Jan 26, 2026 2:30:05 PM com.github.jinahya.database.metadata.bind.Context bind
WARNING: unknown result; type: Table, label: READ_ONLY, value: true
Jan 26, 2026 2:30:05 PM com.github.jinahya.database.metadata.bind.Context bind
WARNING: unknown result; type: Table, label: HSQLDB_TYPE, value: MEMORY
Jan 26, 2026 2:30:05 PM com.github.jinahya.database.metadata.bind.Context bind
WARNING: unknown result; type: Table, label: COMMIT_ACTION, value: null
Jan 26, 2026 2:30:05 PM com.github.jinahya.database.metadata.bind.Context bind
WARNING: unknown result; type: Table, label: READ_ONLY, value: true
Jan 26, 2026 2:30:05 PM com.github.jinahya.database.metadata.bind.Context bind
WARNING: unknown result; type: Table, label: HSQLDB_TYPE, value: MEMORY
Jan 26, 2026 2:30:05 PM com.github.jinahya.database.metadata.bind.Context bind
WARNING: unknown result; type: Table, label: COMMIT_ACTION, value: null
Jan 26, 2026 2:30:05 PM com.github.jinahya.database.metadata.bind.Context bind
WARNING: unknown result; type: Table, label: READ_ONLY, value: true
Jan 26, 2026 2:30:05 PM com.github.jinahya.database.metadata.bind.Context bind
WARNING: unknown result; type: Table, label: HSQLDB_TYPE, value: MEMORY
Jan 26, 2026 2:30:05 PM com.github.jinahya.database.metadata.bind.Context bind
WARNING: unknown result; type: Table, label: COMMIT_ACTION, value: null
Jan 26, 2026 2:30:05 PM com.github.jinahya.database.metadata.bind.Context bind
WARNING: unknown result; type: Table, label: READ_ONLY, value: true
Jan 26, 2026 2:30:05 PM com.github.jinahya.database.metadata.bind.Context bind
WARNING: unknown result; type: Table, label: HSQLDB_TYPE, value: MEMORY
Jan 26, 2026 2:30:05 PM com.github.jinahya.database.metadata.bind.Context bind
WARNING: unknown result; type: Table, label: COMMIT_ACTION, value: null
Jan 26, 2026 2:30:05 PM com.github.jinahya.database.metadata.bind.Context bind
WARNING: unknown result; type: Table, label: READ_ONLY, value: true
Jan 26, 2026 2:30:05 PM com.github.jinahya.database.metadata.bind.Context bind
WARNING: unknown result; type: Table, label: HSQLDB_TYPE, value: MEMORY
Jan 26, 2026 2:30:05 PM com.github.jinahya.database.metadata.bind.Context bind
WARNING: unknown result; type: Table, label: COMMIT_ACTION, value: null
Jan 26, 2026 2:30:05 PM com.github.jinahya.database.metadata.bind.Context bind
WARNING: unknown result; type: Table, label: READ_ONLY, value: true
Jan 26, 2026 2:30:05 PM com.github.jinahya.database.metadata.bind.Context bind
WARNING: unknown result; type: Table, label: HSQLDB_TYPE, value: MEMORY
Jan 26, 2026 2:30:05 PM com.github.jinahya.database.metadata.bind.Context bind
WARNING: unknown result; type: Table, label: COMMIT_ACTION, value: null
Jan 26, 2026 2:30:05 PM com.github.jinahya.database.metadata.bind.Context bind
WARNING: unknown result; type: Table, label: READ_ONLY, value: true
Jan 26, 2026 2:30:05 PM com.github.jinahya.database.metadata.bind.Context bind
WARNING: unknown result; type: Table, label: HSQLDB_TYPE, value: MEMORY
Jan 26, 2026 2:30:05 PM com.github.jinahya.database.metadata.bind.Context bind
WARNING: unknown result; type: Table, label: COMMIT_ACTION, value: null
Jan 26, 2026 2:30:05 PM com.github.jinahya.database.metadata.bind.Context bind
WARNING: unknown result; type: Table, label: READ_ONLY, value: true
Jan 26, 2026 2:30:05 PM com.github.jinahya.database.metadata.bind.Context bind
WARNING: unknown result; type: Table, label: HSQLDB_TYPE, value: MEMORY
Jan 26, 2026 2:30:05 PM com.github.jinahya.database.metadata.bind.Context bind
WARNING: unknown result; type: Table, label: COMMIT_ACTION, value: null
Jan 26, 2026 2:30:05 PM com.github.jinahya.database.metadata.bind.Context bind
WARNING: unknown result; type: Table, label: READ_ONLY, value: true
Jan 26, 2026 2:30:05 PM com.github.jinahya.database.metadata.bind.Context bind
WARNING: unknown result; type: Table, label: HSQLDB_TYPE, value: MEMORY
Jan 26, 2026 2:30:05 PM com.github.jinahya.database.metadata.bind.Context bind
WARNING: unknown result; type: Table, label: COMMIT_ACTION, value: null
Jan 26, 2026 2:30:05 PM com.github.jinahya.database.metadata.bind.Context bind
WARNING: unknown result; type: Table, label: READ_ONLY, value: true
Jan 26, 2026 2:30:05 PM com.github.jinahya.database.metadata.bind.Context bind
WARNING: unknown result; type: Table, label: HSQLDB_TYPE, value: MEMORY
Jan 26, 2026 2:30:05 PM com.github.jinahya.database.metadata.bind.Context bind
WARNING: unknown result; type: Table, label: COMMIT_ACTION, value: null
Jan 26, 2026 2:30:05 PM com.github.jinahya.database.metadata.bind.Context bind
WARNING: unknown result; type: Table, label: READ_ONLY, value: true
Jan 26, 2026 2:30:05 PM com.github.jinahya.database.metadata.bind.Context bind
WARNING: unknown result; type: Table, label: HSQLDB_TYPE, value: MEMORY
Jan 26, 2026 2:30:05 PM com.github.jinahya.database.metadata.bind.Context bind
WARNING: unknown result; type: Table, label: COMMIT_ACTION, value: null
Jan 26, 2026 2:30:05 PM com.github.jinahya.database.metadata.bind.Context bind
WARNING: unknown result; type: Table, label: READ_ONLY, value: true
Jan 26, 2026 2:30:05 PM com.github.jinahya.database.metadata.bind.Context bind
WARNING: unknown result; type: Table, label: HSQLDB_TYPE, value: MEMORY
Jan 26, 2026 2:30:05 PM com.github.jinahya.database.metadata.bind.Context bind
WARNING: unknown result; type: Table, label: COMMIT_ACTION, value: null
Jan 26, 2026 2:30:05 PM com.github.jinahya.database.metadata.bind.Context bind
WARNING: unknown result; type: Table, label: READ_ONLY, value: true
Jan 26, 2026 2:30:05 PM com.github.jinahya.database.metadata.bind.Context bind
WARNING: unknown result; type: Table, label: HSQLDB_TYPE, value: MEMORY
Jan 26, 2026 2:30:05 PM com.github.jinahya.database.metadata.bind.Context bind
WARNING: unknown result; type: Table, label: COMMIT_ACTION, value: null
Jan 26, 2026 2:30:05 PM com.github.jinahya.database.metadata.bind.Context bind
WARNING: unknown result; type: Table, label: READ_ONLY, value: true
Jan 26, 2026 2:30:05 PM com.github.jinahya.database.metadata.bind.Context bind
WARNING: unknown result; type: Table, label: HSQLDB_TYPE, value: MEMORY
Jan 26, 2026 2:30:05 PM com.github.jinahya.database.metadata.bind.Context bind
WARNING: unknown result; type: Table, label: COMMIT_ACTION, value: null
Jan 26, 2026 2:30:05 PM com.github.jinahya.database.metadata.bind.Context bind
WARNING: unknown result; type: Table, label: READ_ONLY, value: true
Jan 26, 2026 2:30:05 PM com.github.jinahya.database.metadata.bind.Context bind
WARNING: unknown result; type: Table, label: HSQLDB_TYPE, value: MEMORY
Jan 26, 2026 2:30:05 PM com.github.jinahya.database.metadata.bind.Context bind
WARNING: unknown result; type: Table, label: COMMIT_ACTION, value: null
Jan 26, 2026 2:30:05 PM com.github.jinahya.database.metadata.bind.Context bind
WARNING: unknown result; type: Table, label: READ_ONLY, value: true
Jan 26, 2026 2:30:05 PM com.github.jinahya.database.metadata.bind.Context bind
WARNING: unknown result; type: Table, label: HSQLDB_TYPE, value: MEMORY
Jan 26, 2026 2:30:05 PM com.github.jinahya.database.metadata.bind.Context bind
WARNING: unknown result; type: Table, label: COMMIT_ACTION, value: null
Jan 26, 2026 2:30:05 PM com.github.jinahya.database.metadata.bind.Context bind
WARNING: unknown result; type: Table, label: READ_ONLY, value: true
Jan 26, 2026 2:30:05 PM com.github.jinahya.database.metadata.bind.Context bind
WARNING: unknown result; type: Table, label: HSQLDB_TYPE, value: MEMORY
Jan 26, 2026 2:30:05 PM com.github.jinahya.database.metadata.bind.Context bind
WARNING: unknown result; type: Table, label: COMMIT_ACTION, value: null
Jan 26, 2026 2:30:05 PM com.github.jinahya.database.metadata.bind.Context bind
WARNING: unknown result; type: Table, label: READ_ONLY, value: true
Jan 26, 2026 2:30:05 PM com.github.jinahya.database.metadata.bind.Context bind
WARNING: unknown result; type: Table, label: HSQLDB_TYPE, value: MEMORY
Jan 26, 2026 2:30:05 PM com.github.jinahya.database.metadata.bind.Context bind
WARNING: unknown result; type: Table, label: COMMIT_ACTION, value: null
Jan 26, 2026 2:30:05 PM com.github.jinahya.database.metadata.bind.Context bind
WARNING: unknown result; type: Table, label: READ_ONLY, value: true
Jan 26, 2026 2:30:05 PM com.github.jinahya.database.metadata.bind.Context bind
WARNING: unknown result; type: Table, label: HSQLDB_TYPE, value: MEMORY
Jan 26, 2026 2:30:05 PM com.github.jinahya.database.metadata.bind.Context bind
WARNING: unknown result; type: Table, label: COMMIT_ACTION, value: null
Jan 26, 2026 2:30:05 PM com.github.jinahya.database.metadata.bind.Context bind
WARNING: unknown result; type: Table, label: READ_ONLY, value: true
Jan 26, 2026 2:30:05 PM com.github.jinahya.database.metadata.bind.Context bind
WARNING: unknown result; type: Table, label: HSQLDB_TYPE, value: MEMORY
Jan 26, 2026 2:30:05 PM com.github.jinahya.database.metadata.bind.Context bind
WARNING: unknown result; type: Table, label: COMMIT_ACTION, value: null
Jan 26, 2026 2:30:05 PM com.github.jinahya.database.metadata.bind.Context bind
WARNING: unknown result; type: Table, label: READ_ONLY, value: true
Jan 26, 2026 2:30:05 PM com.github.jinahya.database.metadata.bind.Context bind
WARNING: unknown result; type: Table, label: HSQLDB_TYPE, value: MEMORY
Jan 26, 2026 2:30:05 PM com.github.jinahya.database.metadata.bind.Context bind
WARNING: unknown result; type: Table, label: COMMIT_ACTION, value: null
Jan 26, 2026 2:30:05 PM com.github.jinahya.database.metadata.bind.Context bind
WARNING: unknown result; type: Table, label: READ_ONLY, value: true
Jan 26, 2026 2:30:05 PM com.github.jinahya.database.metadata.bind.Context bind
WARNING: unknown result; type: Table, label: HSQLDB_TYPE, value: MEMORY
Jan 26, 2026 2:30:05 PM com.github.jinahya.database.metadata.bind.Context bind
WARNING: unknown result; type: Table, label: COMMIT_ACTION, value: null
Jan 26, 2026 2:30:05 PM com.github.jinahya.database.metadata.bind.Context bind
WARNING: unknown result; type: Table, label: READ_ONLY, value: true
Jan 26, 2026 2:30:05 PM com.github.jinahya.database.metadata.bind.Context bind
WARNING: unknown result; type: Table, label: HSQLDB_TYPE, value: MEMORY
Jan 26, 2026 2:30:05 PM com.github.jinahya.database.metadata.bind.Context bind
WARNING: unknown result; type: Table, label: COMMIT_ACTION, value: null
Jan 26, 2026 2:30:05 PM com.github.jinahya.database.metadata.bind.Context bind
WARNING: unknown result; type: Table, label: READ_ONLY, value: true
Jan 26, 2026 2:30:05 PM com.github.jinahya.database.metadata.bind.Context bind
WARNING: unknown result; type: Table, label: HSQLDB_TYPE, value: MEMORY
Jan 26, 2026 2:30:05 PM com.github.jinahya.database.metadata.bind.Context bind
WARNING: unknown result; type: Table, label: COMMIT_ACTION, value: null
Jan 26, 2026 2:30:05 PM com.github.jinahya.database.metadata.bind.Context bind
WARNING: unknown result; type: Table, label: READ_ONLY, value: true
Jan 26, 2026 2:30:05 PM com.github.jinahya.database.metadata.bind.Context bind
WARNING: unknown result; type: Table, label: HSQLDB_TYPE, value: MEMORY
Jan 26, 2026 2:30:05 PM com.github.jinahya.database.metadata.bind.Context bind
WARNING: unknown result; type: Table, label: COMMIT_ACTION, value: null
Jan 26, 2026 2:30:05 PM com.github.jinahya.database.metadata.bind.Context bind
WARNING: unknown result; type: Table, label: READ_ONLY, value: true
Jan 26, 2026 2:30:05 PM com.github.jinahya.database.metadata.bind.Context bind
WARNING: unknown result; type: Table, label: HSQLDB_TYPE, value: MEMORY
Jan 26, 2026 2:30:05 PM com.github.jinahya.database.metadata.bind.Context bind
WARNING: unknown result; type: Table, label: COMMIT_ACTION, value: null
Jan 26, 2026 2:30:05 PM com.github.jinahya.database.metadata.bind.Context bind
WARNING: unknown result; type: Table, label: READ_ONLY, value: true
Jan 26, 2026 2:30:05 PM com.github.jinahya.database.metadata.bind.Context bind
WARNING: unknown result; type: Table, label: HSQLDB_TYPE, value: MEMORY
Jan 26, 2026 2:30:05 PM com.github.jinahya.database.metadata.bind.Context bind
WARNING: unknown result; type: Table, label: COMMIT_ACTION, value: null
Jan 26, 2026 2:30:05 PM com.github.jinahya.database.metadata.bind.Context bind
WARNING: unknown result; type: Table, label: READ_ONLY, value: true
Jan 26, 2026 2:30:05 PM com.github.jinahya.database.metadata.bind.Context bind
WARNING: unknown result; type: Table, label: HSQLDB_TYPE, value: MEMORY
Jan 26, 2026 2:30:05 PM com.github.jinahya.database.metadata.bind.Context bind
WARNING: unknown result; type: Table, label: COMMIT_ACTION, value: null
Jan 26, 2026 2:30:05 PM com.github.jinahya.database.metadata.bind.Context bind
WARNING: unknown result; type: Table, label: READ_ONLY, value: true
Jan 26, 2026 2:30:05 PM com.github.jinahya.database.metadata.bind.Context bind
WARNING: unknown result; type: Table, label: HSQLDB_TYPE, value: MEMORY
Jan 26, 2026 2:30:05 PM com.github.jinahya.database.metadata.bind.Context bind
WARNING: unknown result; type: Table, label: COMMIT_ACTION, value: null
Jan 26, 2026 2:30:05 PM com.github.jinahya.database.metadata.bind.Context bind
WARNING: unknown result; type: Table, label: READ_ONLY, value: true
Jan 26, 2026 2:30:05 PM com.github.jinahya.database.metadata.bind.Context bind
WARNING: unknown result; type: Table, label: HSQLDB_TYPE, value: MEMORY
Jan 26, 2026 2:30:05 PM com.github.jinahya.database.metadata.bind.Context bind
WARNING: unknown result; type: Table, label: COMMIT_ACTION, value: null
Jan 26, 2026 2:30:05 PM com.github.jinahya.database.metadata.bind.Context bind
WARNING: unknown result; type: Table, label: READ_ONLY, value: true
Jan 26, 2026 2:30:05 PM com.github.jinahya.database.metadata.bind.Context bind
WARNING: unknown result; type: Table, label: HSQLDB_TYPE, value: MEMORY
Jan 26, 2026 2:30:05 PM com.github.jinahya.database.metadata.bind.Context bind
WARNING: unknown result; type: Table, label: COMMIT_ACTION, value: null
Jan 26, 2026 2:30:05 PM com.github.jinahya.database.metadata.bind.Context bind
WARNING: unknown result; type: Table, label: READ_ONLY, value: true
Jan 26, 2026 2:30:05 PM com.github.jinahya.database.metadata.bind.Context bind
WARNING: unknown result; type: Table, label: HSQLDB_TYPE, value: MEMORY
Jan 26, 2026 2:30:05 PM com.github.jinahya.database.metadata.bind.Context bind
WARNING: unknown result; type: Table, label: COMMIT_ACTION, value: null
Jan 26, 2026 2:30:05 PM com.github.jinahya.database.metadata.bind.Context bind
WARNING: unknown result; type: Table, label: READ_ONLY, value: true
Jan 26, 2026 2:30:05 PM com.github.jinahya.database.metadata.bind.Context bind
WARNING: unknown result; type: Table, label: HSQLDB_TYPE, value: MEMORY
Jan 26, 2026 2:30:05 PM com.github.jinahya.database.metadata.bind.Context bind
WARNING: unknown result; type: Table, label: COMMIT_ACTION, value: null
Jan 26, 2026 2:30:05 PM com.github.jinahya.database.metadata.bind.Context bind
WARNING: unknown result; type: Table, label: READ_ONLY, value: true
Jan 26, 2026 2:30:05 PM com.github.jinahya.database.metadata.bind.Context bind
WARNING: unknown result; type: Table, label: HSQLDB_TYPE, value: MEMORY
Jan 26, 2026 2:30:05 PM com.github.jinahya.database.metadata.bind.Context bind
WARNING: unknown result; type: Table, label: COMMIT_ACTION, value: null
Jan 26, 2026 2:30:05 PM com.github.jinahya.database.metadata.bind.Context bind
WARNING: unknown result; type: Table, label: READ_ONLY, value: true
Jan 26, 2026 2:30:05 PM com.github.jinahya.database.metadata.bind.Context bind
WARNING: unknown result; type: Table, label: HSQLDB_TYPE, value: MEMORY
Jan 26, 2026 2:30:05 PM com.github.jinahya.database.metadata.bind.Context bind
WARNING: unknown result; type: Table, label: COMMIT_ACTION, value: null
Jan 26, 2026 2:30:05 PM com.github.jinahya.database.metadata.bind.Context bind
WARNING: unknown result; type: Table, label: READ_ONLY, value: true
Jan 26, 2026 2:30:05 PM com.github.jinahya.database.metadata.bind.Context bind
WARNING: unknown result; type: Table, label: HSQLDB_TYPE, value: MEMORY
Jan 26, 2026 2:30:05 PM com.github.jinahya.database.metadata.bind.Context bind
WARNING: unknown result; type: Table, label: COMMIT_ACTION, value: null
Jan 26, 2026 2:30:05 PM com.github.jinahya.database.metadata.bind.Context bind
WARNING: unknown result; type: Table, label: READ_ONLY, value: true
Jan 26, 2026 2:30:05 PM com.github.jinahya.database.metadata.bind.Context bind
WARNING: unknown result; type: Table, label: HSQLDB_TYPE, value: MEMORY
Jan 26, 2026 2:30:05 PM com.github.jinahya.database.metadata.bind.Context bind
WARNING: unknown result; type: Table, label: COMMIT_ACTION, value: null
Jan 26, 2026 2:30:05 PM com.github.jinahya.database.metadata.bind.Context bind
WARNING: unknown result; type: Table, label: READ_ONLY, value: true
Jan 26, 2026 2:30:05 PM com.github.jinahya.database.metadata.bind.Context bind
WARNING: unknown result; type: Table, label: HSQLDB_TYPE, value: MEMORY
Jan 26, 2026 2:30:05 PM com.github.jinahya.database.metadata.bind.Context bind
WARNING: unknown result; type: Table, label: COMMIT_ACTION, value: null
Jan 26, 2026 2:30:05 PM com.github.jinahya.database.metadata.bind.Context bind
WARNING: unknown result; type: Table, label: READ_ONLY, value: true
Jan 26, 2026 2:30:05 PM com.github.jinahya.database.metadata.bind.Context bind
WARNING: unknown result; type: Table, label: HSQLDB_TYPE, value: MEMORY
Jan 26, 2026 2:30:05 PM com.github.jinahya.database.metadata.bind.Context bind
WARNING: unknown result; type: Table, label: COMMIT_ACTION, value: null
Jan 26, 2026 2:30:05 PM com.github.jinahya.database.metadata.bind.Context bind
WARNING: unknown result; type: Table, label: READ_ONLY, value: true
Jan 26, 2026 2:30:05 PM com.github.jinahya.database.metadata.bind.Context bind
WARNING: unknown result; type: Table, label: HSQLDB_TYPE, value: MEMORY
Jan 26, 2026 2:30:05 PM com.github.jinahya.database.metadata.bind.Context bind
WARNING: unknown result; type: Table, label: COMMIT_ACTION, value: null
Jan 26, 2026 2:30:05 PM com.github.jinahya.database.metadata.bind.Context bind
WARNING: unknown result; type: Table, label: READ_ONLY, value: true
Jan 26, 2026 2:30:05 PM com.github.jinahya.database.metadata.bind.Context bind
WARNING: unknown result; type: Table, label: HSQLDB_TYPE, value: MEMORY
Jan 26, 2026 2:30:05 PM com.github.jinahya.database.metadata.bind.Context bind
WARNING: unknown result; type: Table, label: COMMIT_ACTION, value: null
Jan 26, 2026 2:30:05 PM com.github.jinahya.database.metadata.bind.Context bind
WARNING: unknown result; type: Table, label: READ_ONLY, value: true
Jan 26, 2026 2:30:05 PM com.github.jinahya.database.metadata.bind.Context bind
WARNING: unknown result; type: Table, label: HSQLDB_TYPE, value: MEMORY
Jan 26, 2026 2:30:05 PM com.github.jinahya.database.metadata.bind.Context bind
WARNING: unknown result; type: Table, label: COMMIT_ACTION, value: null
Jan 26, 2026 2:30:05 PM com.github.jinahya.database.metadata.bind.Context bind
WARNING: unknown result; type: Table, label: READ_ONLY, value: true
Jan 26, 2026 2:30:05 PM com.github.jinahya.database.metadata.bind.Context bind
WARNING: unknown result; type: Table, label: HSQLDB_TYPE, value: MEMORY
Jan 26, 2026 2:30:05 PM com.github.jinahya.database.metadata.bind.Context bind
WARNING: unknown result; type: Table, label: COMMIT_ACTION, value: null
Jan 26, 2026 2:30:05 PM com.github.jinahya.database.metadata.bind.Context bind
WARNING: unknown result; type: Table, label: READ_ONLY, value: true
Jan 26, 2026 2:30:05 PM com.github.jinahya.database.metadata.bind.Context bind
WARNING: unknown result; type: Table, label: HSQLDB_TYPE, value: MEMORY
Jan 26, 2026 2:30:05 PM com.github.jinahya.database.metadata.bind.Context bind
WARNING: unknown result; type: Table, label: COMMIT_ACTION, value: null
Jan 26, 2026 2:30:05 PM com.github.jinahya.database.metadata.bind.Context bind
WARNING: unknown result; type: Table, label: READ_ONLY, value: true
Jan 26, 2026 2:30:05 PM com.github.jinahya.database.metadata.bind.Context bind
WARNING: unknown result; type: Table, label: HSQLDB_TYPE, value: MEMORY
Jan 26, 2026 2:30:05 PM com.github.jinahya.database.metadata.bind.Context bind
WARNING: unknown result; type: Table, label: COMMIT_ACTION, value: null
Jan 26, 2026 2:30:05 PM com.github.jinahya.database.metadata.bind.Context bind
WARNING: unknown result; type: Table, label: READ_ONLY, value: true
Jan 26, 2026 2:30:05 PM com.github.jinahya.database.metadata.bind.Context bind
WARNING: unknown result; type: Table, label: HSQLDB_TYPE, value: MEMORY
Jan 26, 2026 2:30:05 PM com.github.jinahya.database.metadata.bind.Context bind
WARNING: unknown result; type: Table, label: COMMIT_ACTION, value: null
Jan 26, 2026 2:30:05 PM com.github.jinahya.database.metadata.bind.Context bind
WARNING: unknown result; type: Table, label: READ_ONLY, value: true
Jan 26, 2026 2:30:05 PM com.github.jinahya.database.metadata.bind.Context bind
WARNING: unknown result; type: Table, label: HSQLDB_TYPE, value: MEMORY
Jan 26, 2026 2:30:05 PM com.github.jinahya.database.metadata.bind.Context bind
WARNING: unknown result; type: Table, label: COMMIT_ACTION, value: null
Jan 26, 2026 2:30:05 PM com.github.jinahya.database.metadata.bind.Context bind
WARNING: unknown result; type: Table, label: READ_ONLY, value: true
Jan 26, 2026 2:30:05 PM com.github.jinahya.database.metadata.bind.Context bind
WARNING: unknown result; type: Table, label: HSQLDB_TYPE, value: MEMORY
Jan 26, 2026 2:30:05 PM com.github.jinahya.database.metadata.bind.Context bind
WARNING: unknown result; type: Table, label: COMMIT_ACTION, value: null
Jan 26, 2026 2:30:05 PM com.github.jinahya.database.metadata.bind.Context bind
WARNING: unknown result; type: Table, label: READ_ONLY, value: true
Jan 26, 2026 2:30:05 PM com.github.jinahya.database.metadata.bind.Context bind
WARNING: unknown result; type: Table, label: HSQLDB_TYPE, value: MEMORY
Jan 26, 2026 2:30:05 PM com.github.jinahya.database.metadata.bind.Context bind
WARNING: unknown result; type: Table, label: COMMIT_ACTION, value: null
Jan 26, 2026 2:30:05 PM com.github.jinahya.database.metadata.bind.Context bind
WARNING: unknown result; type: Table, label: READ_ONLY, value: true
Jan 26, 2026 2:30:05 PM com.github.jinahya.database.metadata.bind.Context bind
WARNING: unknown result; type: Table, label: HSQLDB_TYPE, value: MEMORY
Jan 26, 2026 2:30:05 PM com.github.jinahya.database.metadata.bind.Context bind
WARNING: unknown result; type: Table, label: COMMIT_ACTION, value: null
Jan 26, 2026 2:30:05 PM com.github.jinahya.database.metadata.bind.Context bind
WARNING: unknown result; type: Table, label: READ_ONLY, value: true
Jan 26, 2026 2:30:05 PM com.github.jinahya.database.metadata.bind.Context bind
WARNING: unknown result; type: Table, label: HSQLDB_TYPE, value: MEMORY
Jan 26, 2026 2:30:05 PM com.github.jinahya.database.metadata.bind.Context bind
WARNING: unknown result; type: Table, label: COMMIT_ACTION, value: null
Jan 26, 2026 2:30:05 PM com.github.jinahya.database.metadata.bind.Context bind
WARNING: unknown result; type: Table, label: READ_ONLY, value: true
Jan 26, 2026 2:30:05 PM com.github.jinahya.database.metadata.bind.Context bind
WARNING: unknown result; type: Table, label: HSQLDB_TYPE, value: MEMORY
Jan 26, 2026 2:30:05 PM com.github.jinahya.database.metadata.bind.Context bind
WARNING: unknown result; type: Table, label: COMMIT_ACTION, value: null
Jan 26, 2026 2:30:05 PM com.github.jinahya.database.metadata.bind.Context bind
WARNING: unknown result; type: Table, label: READ_ONLY, value: false
Jan 26, 2026 2:30:05 PM com.github.jinahya.database.metadata.bind.Context bind
WARNING: unknown result; type: Table, label: HSQLDB_TYPE, value: MEMORY
Jan 26, 2026 2:30:05 PM com.github.jinahya.database.metadata.bind.Context bind
WARNING: unknown result; type: Table, label: COMMIT_ACTION, value: null
Jan 26, 2026 2:30:05 PM com.github.jinahya.database.metadata.bind.Context bind
WARNING: unknown result; type: Table, label: READ_ONLY, value: false
Jan 26, 2026 2:30:05 PM com.github.jinahya.database.metadata.bind.Context bind
WARNING: unknown result; type: Table, label: HSQLDB_TYPE, value: MEMORY
Jan 26, 2026 2:30:05 PM com.github.jinahya.database.metadata.bind.Context bind
WARNING: unknown result; type: Table, label: COMMIT_ACTION, value: null
Jan 26, 2026 2:30:05 PM com.github.jinahya.database.metadata.bind.Context bind
WARNING: unknown result; type: Table, label: READ_ONLY, value: false
Jan 26, 2026 2:30:05 PM com.github.jinahya.database.metadata.bind.Context bind
WARNING: unknown result; type: Table, label: HSQLDB_TYPE, value: MEMORY
Jan 26, 2026 2:30:05 PM com.github.jinahya.database.metadata.bind.Context bind
WARNING: unknown result; type: Table, label: COMMIT_ACTION, value: null
Jan 26, 2026 2:30:05 PM com.github.jinahya.database.metadata.bind.Context bind
WARNING: unknown result; type: Table, label: READ_ONLY, value: false
Jan 26, 2026 2:30:05 PM com.github.jinahya.database.metadata.bind.Context bind
WARNING: unknown result; type: Table, label: HSQLDB_TYPE, value: MEMORY
1095 [main] DEBUG com.github.jinahya.database.metadata.bind.Memory_$_Test - com.github.jinahya.database.metadata.bind.Table@97c94249{unmappedColumns={COMMIT_ACTION=null, HSQLDB_TYPE=MEMORY, READ_ONLY=true}}{tableCat=PUBLIC,tableSchem=INFORMATION_SCHEMA,tableName=ADMINISTRABLE_ROLE_AUTHORIZATIONS,tableType=SYSTEM TABLE,remarks=one row for each role that can be granted,typeCat=null,typeSchem=null,typeName=null,selfReferencingColName=null,refGeneration=null}: [com.github.jinahya.database.metadata.bind.ColumnPrivilege@fcdfbb57{unmappedColumns={}}{tableCat=PUBLIC,tableSchem=INFORMATION_SCHEMA,tableName=ADMINISTRABLE_ROLE_AUTHORIZATIONS,columnName=GRANTEE,grantor=_SYSTEM,grantee=PUBLIC,privilege=SELECT,isGrantable=YES}, com.github.jinahya.database.metadata.bind.ColumnPrivilege@95c7e00f{unmappedColumns={}}{tableCat=PUBLIC,tableSchem=INFORMATION_SCHEMA,tableName=ADMINISTRABLE_ROLE_AUTHORIZATIONS,columnName=IS_GRANTABLE,grantor=_SYSTEM,grantee=PUBLIC,privilege=SELECT,isGrantable=YES}, com.github.jinahya.database.metadata.bind.ColumnPrivilege@16d77ec0{unmappedColumns={}}{tableCat=PUBLIC,tableSchem=INFORMATION_SCHEMA,tableName=ADMINISTRABLE_ROLE_AUTHORIZATIONS,columnName=ROLE_NAME,grantor=_SYSTEM,grantee=PUBLIC,privilege=SELECT,isGrantable=YES}]
1097 [main] DEBUG com.github.jinahya.database.metadata.bind.Memory_$_Test - com.github.jinahya.database.metadata.bind.Table@947118d1{unmappedColumns={COMMIT_ACTION=null, HSQLDB_TYPE=MEMORY, READ_ONLY=true}}{tableCat=PUBLIC,tableSchem=INFORMATION_SCHEMA,tableName=APPLICABLE_ROLES,tableType=SYSTEM TABLE,remarks=one row for each role granted to an authorization,typeCat=null,typeSchem=null,typeName=null,selfReferencingColName=null,refGeneration=null}: [com.github.jinahya.database.metadata.bind.ColumnPrivilege@e498dcf8{unmappedColumns={}}{tableCat=PUBLIC,tableSchem=INFORMATION_SCHEMA,tableName=APPLICABLE_ROLES,columnName=GRANTEE,grantor=_SYSTEM,grantee=PUBLIC,privilege=SELECT,isGrantable=YES}, com.github.jinahya.database.metadata.bind.ColumnPrivilege@eec78d99{unmappedColumns={}}{tableCat=PUBLIC,tableSchem=INFORMATION_SCHEMA,tableName=APPLICABLE_ROLES,columnName=IS_GRANTABLE,grantor=_SYSTEM,grantee=PUBLIC,privilege=SELECT,isGrantable=YES}, com.github.jinahya.database.metadata.bind.ColumnPrivilege@98dc43c3{unmappedColumns={}}{tableCat=PUBLIC,tableSchem=INFORMATION_SCHEMA,tableName=APPLICABLE_ROLES,columnName=ROLE_NAME,grantor=_SYSTEM,grantee=PUBLIC,privilege=SELECT,isGrantable=YES}]
1097 [main] DEBUG com.github.jinahya.database.metadata.bind.Memory_$_Test - com.github.jinahya.database.metadata.bind.Table@45bcc885{unmappedColumns={COMMIT_ACTION=null, HSQLDB_TYPE=MEMORY, READ_ONLY=true}}{tableCat=PUBLIC,tableSchem=INFORMATION_SCHEMA,tableName=ASSERTIONS,tableType=SYSTEM TABLE,remarks=one row for each assertion,typeCat=null,typeSchem=null,typeName=null,selfReferencingColName=null,refGeneration=null}: [com.github.jinahya.database.metadata.bind.ColumnPrivilege@5dfeb14a{unmappedColumns={}}{tableCat=PUBLIC,tableSchem=INFORMATION_SCHEMA,tableName=ASSERTIONS,columnName=CONSTRAINT_CATALOG,grantor=_SYSTEM,grantee=PUBLIC,privilege=SELECT,isGrantable=YES}, com.github.jinahya.database.metadata.bind.ColumnPrivilege@2ced0931{unmappedColumns={}}{tableCat=PUBLIC,tableSchem=INFORMATION_SCHEMA,tableName=ASSERTIONS,columnName=CONSTRAINT_NAME,grantor=_SYSTEM,grantee=PUBLIC,privilege=SELECT,isGrantable=YES}, com.github.jinahya.database.metadata.bind.ColumnPrivilege@4a403cf3{unmappedColumns={}}{tableCat=PUBLIC,tableSchem=INFORMATION_SCHEMA,tableName=ASSERTIONS,columnName=CONSTRAINT_SCHEMA,grantor=_SYSTEM,grantee=PUBLIC,privilege=SELECT,isGrantable=YES}, com.github.jinahya.database.metadata.bind.ColumnPrivilege@9417ca4b{unmappedColumns={}}{tableCat=PUBLIC,tableSchem=INFORMATION_SCHEMA,tableName=ASSERTIONS,columnName=INITIALLY_DEFERRED,grantor=_SYSTEM,grantee=PUBLIC,privilege=SELECT,isGrantable=YES}, com.github.jinahya.database.metadata.bind.ColumnPrivilege@6267ed1f{unmappedColumns={}}{tableCat=PUBLIC,tableSchem=INFORMATION_SCHEMA,tableName=ASSERTIONS,columnName=IS_DEFERRABLE,grantor=_SYSTEM,grantee=PUBLIC,privilege=SELECT,isGrantable=YES}]
1097 [main] DEBUG com.github.jinahya.database.metadata.bind.Memory_$_Test - com.github.jinahya.database.metadata.bind.Table@29ff25ee{unmappedColumns={COMMIT_ACTION=null, HSQLDB_TYPE=MEMORY, READ_ONLY=true}}{tableCat=PUBLIC,tableSchem=INFORMATION_SCHEMA,tableName=AUTHORIZATIONS,tableType=SYSTEM TABLE,remarks=one row for each user and one row for each role,typeCat=null,typeSchem=null,typeName=null,selfReferencingColName=null,refGeneration=null}: [com.github.jinahya.database.metadata.bind.ColumnPrivilege@f9b2ea67{unmappedColumns={}}{tableCat=PUBLIC,tableSchem=INFORMATION_SCHEMA,tableName=AUTHORIZATIONS,columnName=AUTHORIZATION_NAME,grantor=_SYSTEM,grantee=PUBLIC,privilege=SELECT,isGrantable=YES}, com.github.jinahya.database.metadata.bind.ColumnPrivilege@d5a7b5df{unmappedColumns={}}{tableCat=PUBLIC,tableSchem=INFORMATION_SCHEMA,tableName=AUTHORIZATIONS,columnName=AUTHORIZATION_TYPE,grantor=_SYSTEM,grantee=PUBLIC,privilege=SELECT,isGrantable=YES}]
1098 [main] DEBUG com.github.jinahya.database.metadata.bind.Memory_$_Test - com.github.jinahya.database.metadata.bind.Table@4138469b{unmappedColumns={COMMIT_ACTION=null, HSQLDB_TYPE=MEMORY, READ_ONLY=true}}{tableCat=PUBLIC,tableSchem=INFORMATION_SCHEMA,tableName=CHARACTER_SETS,tableType=SYSTEM TABLE,remarks=one row for each character set name,typeCat=null,typeSchem=null,typeName=null,selfReferencingColName=null,refGeneration=null}: [com.github.jinahya.database.metadata.bind.ColumnPrivilege@dae882d{unmappedColumns={}}{tableCat=PUBLIC,tableSchem=INFORMATION_SCHEMA,tableName=CHARACTER_SETS,columnName=CHARACTER_REPERTOIRE,grantor=_SYSTEM,grantee=PUBLIC,privilege=SELECT,isGrantable=YES}, com.github.jinahya.database.metadata.bind.ColumnPrivilege@f52d3ebc{unmappedColumns={}}{tableCat=PUBLIC,tableSchem=INFORMATION_SCHEMA,tableName=CHARACTER_SETS,columnName=CHARACTER_SET_CATALOG,grantor=_SYSTEM,grantee=PUBLIC,privilege=SELECT,isGrantable=YES}, com.github.jinahya.database.metadata.bind.ColumnPrivilege@3ea293f4{unmappedColumns={}}{tableCat=PUBLIC,tableSchem=INFORMATION_SCHEMA,tableName=CHARACTER_SETS,columnName=CHARACTER_SET_NAME,grantor=_SYSTEM,grantee=PUBLIC,privilege=SELECT,isGrantable=YES}, com.github.jinahya.database.metadata.bind.ColumnPrivilege@f9825691{unmappedColumns={}}{tableCat=PUBLIC,tableSchem=INFORMATION_SCHEMA,tableName=CHARACTER_SETS,columnName=CHARACTER_SET_SCHEMA,grantor=_SYSTEM,grantee=PUBLIC,privilege=SELECT,isGrantable=YES}, com.github.jinahya.database.metadata.bind.ColumnPrivilege@71a6ef7f{unmappedColumns={}}{tableCat=PUBLIC,tableSchem=INFORMATION_SCHEMA,tableName=CHARACTER_SETS,columnName=DEFAULT_COLLATE_CATALOG,grantor=_SYSTEM,grantee=PUBLIC,privilege=SELECT,isGrantable=YES}, com.github.jinahya.database.metadata.bind.ColumnPrivilege@a777f30{unmappedColumns={}}{tableCat=PUBLIC,tableSchem=INFORMATION_SCHEMA,tableName=CHARACTER_SETS,columnName=DEFAULT_COLLATE_NAME,grantor=_SYSTEM,grantee=PUBLIC,privilege=SELECT,isGrantable=YES}, com.github.jinahya.database.metadata.bind.ColumnPrivilege@c82e5bf2{unmappedColumns={}}{tableCat=PUBLIC,tableSchem=INFORMATION_SCHEMA,tableName=CHARACTER_SETS,columnName=DEFAULT_COLLATE_SCHEMA,grantor=_SYSTEM,grantee=PUBLIC,privilege=SELECT,isGrantable=YES}, com.github.jinahya.database.metadata.bind.ColumnPrivilege@4a70abb0{unmappedColumns={}}{tableCat=PUBLIC,tableSchem=INFORMATION_SCHEMA,tableName=CHARACTER_SETS,columnName=FORM_OF_USE,grantor=_SYSTEM,grantee=PUBLIC,privilege=SELECT,isGrantable=YES}]
1098 [main] DEBUG com.github.jinahya.database.metadata.bind.Memory_$_Test - com.github.jinahya.database.metadata.bind.Table@6ab17c13{unmappedColumns={COMMIT_ACTION=null, HSQLDB_TYPE=MEMORY, READ_ONLY=true}}{tableCat=PUBLIC,tableSchem=INFORMATION_SCHEMA,tableName=CHECK_CONSTRAINTS,tableType=SYSTEM TABLE,remarks=one row for each domain constraint, table check constraint, and assertion.,typeCat=null,typeSchem=null,typeName=null,selfReferencingColName=null,refGeneration=null}: [com.github.jinahya.database.metadata.bind.ColumnPrivilege@45e3b9f1{unmappedColumns={}}{tableCat=PUBLIC,tableSchem=INFORMATION_SCHEMA,tableName=CHECK_CONSTRAINTS,columnName=CHECK_CLAUSE,grantor=_SYSTEM,grantee=PUBLIC,privilege=SELECT,isGrantable=YES}, com.github.jinahya.database.metadata.bind.ColumnPrivilege@b81606db{unmappedColumns={}}{tableCat=PUBLIC,tableSchem=INFORMATION_SCHEMA,tableName=CHECK_CONSTRAINTS,columnName=CONSTRAINT_CATALOG,grantor=_SYSTEM,grantee=PUBLIC,privilege=SELECT,isGrantable=YES}, com.github.jinahya.database.metadata.bind.ColumnPrivilege@e03d561{unmappedColumns={}}{tableCat=PUBLIC,tableSchem=INFORMATION_SCHEMA,tableName=CHECK_CONSTRAINTS,columnName=CONSTRAINT_NAME,grantor=_SYSTEM,grantee=PUBLIC,privilege=SELECT,isGrantable=YES}, com.github.jinahya.database.metadata.bind.ColumnPrivilege@65d2c993{unmappedColumns={}}{tableCat=PUBLIC,tableSchem=INFORMATION_SCHEMA,tableName=CHECK_CONSTRAINTS,columnName=CONSTRAINT_SCHEMA,grantor=_SYSTEM,grantee=PUBLIC,privilege=SELECT,isGrantable=YES}]
1098 [main] DEBUG com.github.jinahya.database.metadata.bind.Memory_$_Test - com.github.jinahya.database.metadata.bind.Table@ecdc258f{unmappedColumns={COMMIT_ACTION=null, HSQLDB_TYPE=MEMORY, READ_ONLY=true}}{tableCat=PUBLIC,tableSchem=INFORMATION_SCHEMA,tableName=CHECK_CONSTRAINT_ROUTINE_USAGE,tableType=SYSTEM TABLE,remarks=one row for each SQL-invoked routine identified as the subject routine of either a <routine invocation>, a <method reference>, a  <method invocation>, or a <static method invocation>  contained in an <assertion definition>, a <domain constraint>, or a <table constraint definition>.,typeCat=null,typeSchem=null,typeName=null,selfReferencingColName=null,refGeneration=null}: [com.github.jinahya.database.metadata.bind.ColumnPrivilege@195c26d{unmappedColumns={}}{tableCat=PUBLIC,tableSchem=INFORMATION_SCHEMA,tableName=CHECK_CONSTRAINT_ROUTINE_USAGE,columnName=CONSTRAINT_CATALOG,grantor=_SYSTEM,grantee=PUBLIC,privilege=SELECT,isGrantable=YES}, com.github.jinahya.database.metadata.bind.ColumnPrivilege@ddeaaf4e{unmappedColumns={}}{tableCat=PUBLIC,tableSchem=INFORMATION_SCHEMA,tableName=CHECK_CONSTRAINT_ROUTINE_USAGE,columnName=CONSTRAINT_NAME,grantor=_SYSTEM,grantee=PUBLIC,privilege=SELECT,isGrantable=YES}, com.github.jinahya.database.metadata.bind.ColumnPrivilege@3f1d5f74{unmappedColumns={}}{tableCat=PUBLIC,tableSchem=INFORMATION_SCHEMA,tableName=CHECK_CONSTRAINT_ROUTINE_USAGE,columnName=CONSTRAINT_SCHEMA,grantor=_SYSTEM,grantee=PUBLIC,privilege=SELECT,isGrantable=YES}, com.github.jinahya.database.metadata.bind.ColumnPrivilege@1386b35c{unmappedColumns={}}{tableCat=PUBLIC,tableSchem=INFORMATION_SCHEMA,tableName=CHECK_CONSTRAINT_ROUTINE_USAGE,columnName=SPECIFIC_CATALOG,grantor=_SYSTEM,grantee=PUBLIC,privilege=SELECT,isGrantable=YES}, com.github.jinahya.database.metadata.bind.ColumnPrivilege@b23aca5b{unmappedColumns={}}{tableCat=PUBLIC,tableSchem=INFORMATION_SCHEMA,tableName=CHECK_CONSTRAINT_ROUTINE_USAGE,columnName=SPECIFIC_NAME,grantor=_SYSTEM,grantee=PUBLIC,privilege=SELECT,isGrantable=YES}, com.github.jinahya.database.metadata.bind.ColumnPrivilege@28ba31b8{unmappedColumns={}}{tableCat=PUBLIC,tableSchem=INFORMATION_SCHEMA,tableName=CHECK_CONSTRAINT_ROUTINE_USAGE,columnName=SPECIFIC_SCHEMA,grantor=_SYSTEM,grantee=PUBLIC,privilege=SELECT,isGrantable=YES}]
1099 [main] DEBUG com.github.jinahya.database.metadata.bind.Memory_$_Test - com.github.jinahya.database.metadata.bind.Table@5b5ef0de{unmappedColumns={COMMIT_ACTION=null, HSQLDB_TYPE=MEMORY, READ_ONLY=true}}{tableCat=PUBLIC,tableSchem=INFORMATION_SCHEMA,tableName=COLLATIONS,tableType=SYSTEM TABLE,remarks=one row for each character collation descriptor.,typeCat=null,typeSchem=null,typeName=null,selfReferencingColName=null,refGeneration=null}: [com.github.jinahya.database.metadata.bind.ColumnPrivilege@ea0852d{unmappedColumns={}}{tableCat=PUBLIC,tableSchem=INFORMATION_SCHEMA,tableName=COLLATIONS,columnName=COLLATION_CATALOG,grantor=_SYSTEM,grantee=PUBLIC,privilege=SELECT,isGrantable=YES}, com.github.jinahya.database.metadata.bind.ColumnPrivilege@b218d86c{unmappedColumns={}}{tableCat=PUBLIC,tableSchem=INFORMATION_SCHEMA,tableName=COLLATIONS,columnName=COLLATION_NAME,grantor=_SYSTEM,grantee=PUBLIC,privilege=SELECT,isGrantable=YES}, com.github.jinahya.database.metadata.bind.ColumnPrivilege@a1960ef5{unmappedColumns={}}{tableCat=PUBLIC,tableSchem=INFORMATION_SCHEMA,tableName=COLLATIONS,columnName=COLLATION_SCHEMA,grantor=_SYSTEM,grantee=PUBLIC,privilege=SELECT,isGrantable=YES}, com.github.jinahya.database.metadata.bind.ColumnPrivilege@5ac3216c{unmappedColumns={}}{tableCat=PUBLIC,tableSchem=INFORMATION_SCHEMA,tableName=COLLATIONS,columnName=PAD_ATTRIBUTE,grantor=_SYSTEM,grantee=PUBLIC,privilege=SELECT,isGrantable=YES}]
1099 [main] DEBUG com.github.jinahya.database.metadata.bind.Memory_$_Test - com.github.jinahya.database.metadata.bind.Table@f8f3691{unmappedColumns={COMMIT_ACTION=null, HSQLDB_TYPE=MEMORY, READ_ONLY=true}}{tableCat=PUBLIC,tableSchem=INFORMATION_SCHEMA,tableName=COLUMNS,tableType=SYSTEM TABLE,remarks=one row for each column of table of view,typeCat=null,typeSchem=null,typeName=null,selfReferencingColName=null,refGeneration=null}: [com.github.jinahya.database.metadata.bind.ColumnPrivilege@20f99722{unmappedColumns={}}{tableCat=PUBLIC,tableSchem=INFORMATION_SCHEMA,tableName=COLUMNS,columnName=CHARACTER_MAXIMUM_LENGTH,grantor=_SYSTEM,grantee=PUBLIC,privilege=SELECT,isGrantable=YES}, com.github.jinahya.database.metadata.bind.ColumnPrivilege@7e6c2b80{unmappedColumns={}}{tableCat=PUBLIC,tableSchem=INFORMATION_SCHEMA,tableName=COLUMNS,columnName=CHARACTER_OCTET_LENGTH,grantor=_SYSTEM,grantee=PUBLIC,privilege=SELECT,isGrantable=YES}, com.github.jinahya.database.metadata.bind.ColumnPrivilege@eb9dca7c{unmappedColumns={}}{tableCat=PUBLIC,tableSchem=INFORMATION_SCHEMA,tableName=COLUMNS,columnName=CHARACTER_SET_CATALOG,grantor=_SYSTEM,grantee=PUBLIC,privilege=SELECT,isGrantable=YES}, com.github.jinahya.database.metadata.bind.ColumnPrivilege@98e83f73{unmappedColumns={}}{tableCat=PUBLIC,tableSchem=INFORMATION_SCHEMA,tableName=COLUMNS,columnName=CHARACTER_SET_NAME,grantor=_SYSTEM,grantee=PUBLIC,privilege=SELECT,isGrantable=YES}, com.github.jinahya.database.metadata.bind.ColumnPrivilege@55dca3aa{unmappedColumns={}}{tableCat=PUBLIC,tableSchem=INFORMATION_SCHEMA,tableName=COLUMNS,columnName=CHARACTER_SET_SCHEMA,grantor=_SYSTEM,grantee=PUBLIC,privilege=SELECT,isGrantable=YES}, com.github.jinahya.database.metadata.bind.ColumnPrivilege@c83ef9f8{unmappedColumns={}}{tableCat=PUBLIC,tableSchem=INFORMATION_SCHEMA,tableName=COLUMNS,columnName=COLLATION_CATALOG,grantor=_SYSTEM,grantee=PUBLIC,privilege=SELECT,isGrantable=YES}, com.github.jinahya.database.metadata.bind.ColumnPrivilege@645946d4{unmappedColumns={}}{tableCat=PUBLIC,tableSchem=INFORMATION_SCHEMA,tableName=COLUMNS,columnName=COLLATION_NAME,grantor=_SYSTEM,grantee=PUBLIC,privilege=SELECT,isGrantable=YES}, com.github.jinahya.database.metadata.bind.ColumnPrivilege@5239eb57{unmappedColumns={}}{tableCat=PUBLIC,tableSchem=INFORMATION_SCHEMA,tableName=COLUMNS,columnName=COLLATION_SCHEMA,grantor=_SYSTEM,grantee=PUBLIC,privilege=SELECT,isGrantable=YES}, com.github.jinahya.database.metadata.bind.ColumnPrivilege@81827652{unmappedColumns={}}{tableCat=PUBLIC,tableSchem=INFORMATION_SCHEMA,tableName=COLUMNS,columnName=COLUMN_DEFAULT,grantor=_SYSTEM,grantee=PUBLIC,privilege=SELECT,isGrantable=YES}, com.github.jinahya.database.metadata.bind.ColumnPrivilege@d010dee{unmappedColumns={}}{tableCat=PUBLIC,tableSchem=INFORMATION_SCHEMA,tableName=COLUMNS,columnName=COLUMN_NAME,grantor=_SYSTEM,grantee=PUBLIC,privilege=SELECT,isGrantable=YES}, com.github.jinahya.database.metadata.bind.ColumnPrivilege@2d4f1c47{unmappedColumns={}}{tableCat=PUBLIC,tableSchem=INFORMATION_SCHEMA,tableName=COLUMNS,columnName=DATA_TYPE,grantor=_SYSTEM,grantee=PUBLIC,privilege=SELECT,isGrantable=YES}, com.github.jinahya.database.metadata.bind.ColumnPrivilege@c5a4806c{unmappedColumns={}}{tableCat=PUBLIC,tableSchem=INFORMATION_SCHEMA,tableName=COLUMNS,columnName=DATETIME_PRECISION,grantor=_SYSTEM,grantee=PUBLIC,privilege=SELECT,isGrantable=YES}, com.github.jinahya.database.metadata.bind.ColumnPrivilege@41a69ebf{unmappedColumns={}}{tableCat=PUBLIC,tableSchem=INFORMATION_SCHEMA,tableName=COLUMNS,columnName=DECLARED_DATA_TYPE,grantor=_SYSTEM,grantee=PUBLIC,privilege=SELECT,isGrantable=YES}, com.github.jinahya.database.metadata.bind.ColumnPrivilege@9dd2d979{unmappedColumns={}}{tableCat=PUBLIC,tableSchem=INFORMATION_SCHEMA,tableName=COLUMNS,columnName=DECLARED_NUMERIC_PRECISION,grantor=_SYSTEM,grantee=PUBLIC,privilege=SELECT,isGrantable=YES}, com.github.jinahya.database.metadata.bind.ColumnPrivilege@8029479e{unmappedColumns={}}{tableCat=PUBLIC,tableSchem=INFORMATION_SCHEMA,tableName=COLUMNS,columnName=DECLARED_NUMERIC_SCALE,grantor=_SYSTEM,grantee=PUBLIC,privilege=SELECT,isGrantable=YES}, com.github.jinahya.database.metadata.bind.ColumnPrivilege@dc76c86f{unmappedColumns={}}{tableCat=PUBLIC,tableSchem=INFORMATION_SCHEMA,tableName=COLUMNS,columnName=DOMAIN_CATALOG,grantor=_SYSTEM,grantee=PUBLIC,privilege=SELECT,isGrantable=YES}, com.github.jinahya.database.metadata.bind.ColumnPrivilege@6d6b151f{unmappedColumns={}}{tableCat=PUBLIC,tableSchem=INFORMATION_SCHEMA,tableName=COLUMNS,columnName=DOMAIN_NAME,grantor=_SYSTEM,grantee=PUBLIC,privilege=SELECT,isGrantable=YES}, com.github.jinahya.database.metadata.bind.ColumnPrivilege@633bb460{unmappedColumns={}}{tableCat=PUBLIC,tableSchem=INFORMATION_SCHEMA,tableName=COLUMNS,columnName=DOMAIN_SCHEMA,grantor=_SYSTEM,grantee=PUBLIC,privilege=SELECT,isGrantable=YES}, com.github.jinahya.database.metadata.bind.ColumnPrivilege@7110e877{unmappedColumns={}}{tableCat=PUBLIC,tableSchem=INFORMATION_SCHEMA,tableName=COLUMNS,columnName=DTD_IDENTIFIER,grantor=_SYSTEM,grantee=PUBLIC,privilege=SELECT,isGrantable=YES}, com.github.jinahya.database.metadata.bind.ColumnPrivilege@73e46031{unmappedColumns={}}{tableCat=PUBLIC,tableSchem=INFORMATION_SCHEMA,tableName=COLUMNS,columnName=GENERATION_EXPRESSION,grantor=_SYSTEM,grantee=PUBLIC,privilege=SELECT,isGrantable=YES}, com.github.jinahya.database.metadata.bind.ColumnPrivilege@3ee22ac0{unmappedColumns={}}{tableCat=PUBLIC,tableSchem=INFORMATION_SCHEMA,tableName=COLUMNS,columnName=IDENTITY_CYCLE,grantor=_SYSTEM,grantee=PUBLIC,privilege=SELECT,isGrantable=YES}, com.github.jinahya.database.metadata.bind.ColumnPrivilege@7785c42{unmappedColumns={}}{tableCat=PUBLIC,tableSchem=INFORMATION_SCHEMA,tableName=COLUMNS,columnName=IDENTITY_GENERATION,grantor=_SYSTEM,grantee=PUBLIC,privilege=SELECT,isGrantable=YES}, com.github.jinahya.database.metadata.bind.ColumnPrivilege@ce3e4fab{unmappedColumns={}}{tableCat=PUBLIC,tableSchem=INFORMATION_SCHEMA,tableName=COLUMNS,columnName=IDENTITY_INCREMENT,grantor=_SYSTEM,grantee=PUBLIC,privilege=SELECT,isGrantable=YES}, com.github.jinahya.database.metadata.bind.ColumnPrivilege@8c7e453e{unmappedColumns={}}{tableCat=PUBLIC,tableSchem=INFORMATION_SCHEMA,tableName=COLUMNS,columnName=IDENTITY_MAXIMUM,grantor=_SYSTEM,grantee=PUBLIC,privilege=SELECT,isGrantable=YES}, com.github.jinahya.database.metadata.bind.ColumnPrivilege@3e42ab07{unmappedColumns={}}{tableCat=PUBLIC,tableSchem=INFORMATION_SCHEMA,tableName=COLUMNS,columnName=IDENTITY_MINIMUM,grantor=_SYSTEM,grantee=PUBLIC,privilege=SELECT,isGrantable=YES}, com.github.jinahya.database.metadata.bind.ColumnPrivilege@48f5ab18{unmappedColumns={}}{tableCat=PUBLIC,tableSchem=INFORMATION_SCHEMA,tableName=COLUMNS,columnName=IDENTITY_START,grantor=_SYSTEM,grantee=PUBLIC,privilege=SELECT,isGrantable=YES}, com.github.jinahya.database.metadata.bind.ColumnPrivilege@9f2460ac{unmappedColumns={}}{tableCat=PUBLIC,tableSchem=INFORMATION_SCHEMA,tableName=COLUMNS,columnName=INTERVAL_PRECISION,grantor=_SYSTEM,grantee=PUBLIC,privilege=SELECT,isGrantable=YES}, com.github.jinahya.database.metadata.bind.ColumnPrivilege@752440c4{unmappedColumns={}}{tableCat=PUBLIC,tableSchem=INFORMATION_SCHEMA,tableName=COLUMNS,columnName=INTERVAL_TYPE,grantor=_SYSTEM,grantee=PUBLIC,privilege=SELECT,isGrantable=YES}, com.github.jinahya.database.metadata.bind.ColumnPrivilege@b9139f8c{unmappedColumns={}}{tableCat=PUBLIC,tableSchem=INFORMATION_SCHEMA,tableName=COLUMNS,columnName=IS_GENERATED,grantor=_SYSTEM,grantee=PUBLIC,privilege=SELECT,isGrantable=YES}, com.github.jinahya.database.metadata.bind.ColumnPrivilege@3e45a3dc{unmappedColumns={}}{tableCat=PUBLIC,tableSchem=INFORMATION_SCHEMA,tableName=COLUMNS,columnName=IS_IDENTITY,grantor=_SYSTEM,grantee=PUBLIC,privilege=SELECT,isGrantable=YES}, com.github.jinahya.database.metadata.bind.ColumnPrivilege@2b014d84{unmappedColumns={}}{tableCat=PUBLIC,tableSchem=INFORMATION_SCHEMA,tableName=COLUMNS,columnName=IS_NULLABLE,grantor=_SYSTEM,grantee=PUBLIC,privilege=SELECT,isGrantable=YES}, com.github.jinahya.database.metadata.bind.ColumnPrivilege@cd0f35e3{unmappedColumns={}}{tableCat=PUBLIC,tableSchem=INFORMATION_SCHEMA,tableName=COLUMNS,columnName=IS_SELF_REFERENCING,grantor=_SYSTEM,grantee=PUBLIC,privilege=SELECT,isGrantable=YES}, com.github.jinahya.database.metadata.bind.ColumnPrivilege@8b16e8f3{unmappedColumns={}}{tableCat=PUBLIC,tableSchem=INFORMATION_SCHEMA,tableName=COLUMNS,columnName=IS_SYSTEM_TIME_PERIOD_END,grantor=_SYSTEM,grantee=PUBLIC,privilege=SELECT,isGrantable=YES}, com.github.jinahya.database.metadata.bind.ColumnPrivilege@f0b0402d{unmappedColumns={}}{tableCat=PUBLIC,tableSchem=INFORMATION_SCHEMA,tableName=COLUMNS,columnName=IS_SYSTEM_TIME_PERIOD_START,grantor=_SYSTEM,grantee=PUBLIC,privilege=SELECT,isGrantable=YES}, com.github.jinahya.database.metadata.bind.ColumnPrivilege@1a8d544e{unmappedColumns={}}{tableCat=PUBLIC,tableSchem=INFORMATION_SCHEMA,tableName=COLUMNS,columnName=IS_UPDATABLE,grantor=_SYSTEM,grantee=PUBLIC,privilege=SELECT,isGrantable=YES}, com.github.jinahya.database.metadata.bind.ColumnPrivilege@7364e47{unmappedColumns={}}{tableCat=PUBLIC,tableSchem=INFORMATION_SCHEMA,tableName=COLUMNS,columnName=MAXIMUM_CARDINALITY,grantor=_SYSTEM,grantee=PUBLIC,privilege=SELECT,isGrantable=YES}, com.github.jinahya.database.metadata.bind.ColumnPrivilege@74e72c05{unmappedColumns={}}{tableCat=PUBLIC,tableSchem=INFORMATION_SCHEMA,tableName=COLUMNS,columnName=NUMERIC_PRECISION,grantor=_SYSTEM,grantee=PUBLIC,privilege=SELECT,isGrantable=YES}, com.github.jinahya.database.metadata.bind.ColumnPrivilege@7892d43f{unmappedColumns={}}{tableCat=PUBLIC,tableSchem=INFORMATION_SCHEMA,tableName=COLUMNS,columnName=NUMERIC_PRECISION_RADIX,grantor=_SYSTEM,grantee=PUBLIC,privilege=SELECT,isGrantable=YES}, com.github.jinahya.database.metadata.bind.ColumnPrivilege@ddc0505c{unmappedColumns={}}{tableCat=PUBLIC,tableSchem=INFORMATION_SCHEMA,tableName=COLUMNS,columnName=NUMERIC_SCALE,grantor=_SYSTEM,grantee=PUBLIC,privilege=SELECT,isGrantable=YES}, com.github.jinahya.database.metadata.bind.ColumnPrivilege@b9982634{unmappedColumns={}}{tableCat=PUBLIC,tableSchem=INFORMATION_SCHEMA,tableName=COLUMNS,columnName=ORDINAL_POSITION,grantor=_SYSTEM,grantee=PUBLIC,privilege=SELECT,isGrantable=YES}, com.github.jinahya.database.metadata.bind.ColumnPrivilege@7c7ae142{unmappedColumns={}}{tableCat=PUBLIC,tableSchem=INFORMATION_SCHEMA,tableName=COLUMNS,columnName=SCOPE_CATALOG,grantor=_SYSTEM,grantee=PUBLIC,privilege=SELECT,isGrantable=YES}, com.github.jinahya.database.metadata.bind.ColumnPrivilege@939171c8{unmappedColumns={}}{tableCat=PUBLIC,tableSchem=INFORMATION_SCHEMA,tableName=COLUMNS,columnName=SCOPE_NAME,grantor=_SYSTEM,grantee=PUBLIC,privilege=SELECT,isGrantable=YES}, com.github.jinahya.database.metadata.bind.ColumnPrivilege@4d247497{unmappedColumns={}}{tableCat=PUBLIC,tableSchem=INFORMATION_SCHEMA,tableName=COLUMNS,columnName=SCOPE_SCHEMA,grantor=_SYSTEM,grantee=PUBLIC,privilege=SELECT,isGrantable=YES}, com.github.jinahya.database.metadata.bind.ColumnPrivilege@44fe57e6{unmappedColumns={}}{tableCat=PUBLIC,tableSchem=INFORMATION_SCHEMA,tableName=COLUMNS,columnName=SYSTEM_TIME_PERIOD_TIMESTAMP_GENERATION,grantor=_SYSTEM,grantee=PUBLIC,privilege=SELECT,isGrantable=YES}, com.github.jinahya.database.metadata.bind.ColumnPrivilege@4b2df1b3{unmappedColumns={}}{tableCat=PUBLIC,tableSchem=INFORMATION_SCHEMA,tableName=COLUMNS,columnName=TABLE_CATALOG,grantor=_SYSTEM,grantee=PUBLIC,privilege=SELECT,isGrantable=YES}, com.github.jinahya.database.metadata.bind.ColumnPrivilege@7a2c1e87{unmappedColumns={}}{tableCat=PUBLIC,tableSchem=INFORMATION_SCHEMA,tableName=COLUMNS,columnName=TABLE_NAME,grantor=_SYSTEM,grantee=PUBLIC,privilege=SELECT,isGrantable=YES}, com.github.jinahya.database.metadata.bind.ColumnPrivilege@375f41c5{unmappedColumns={}}{tableCat=PUBLIC,tableSchem=INFORMATION_SCHEMA,tableName=COLUMNS,columnName=TABLE_SCHEMA,grantor=_SYSTEM,grantee=PUBLIC,privilege=SELECT,isGrantable=YES}, com.github.jinahya.database.metadata.bind.ColumnPrivilege@6e7259d2{unmappedColumns={}}{tableCat=PUBLIC,tableSchem=INFORMATION_SCHEMA,tableName=COLUMNS,columnName=UDT_CATALOG,grantor=_SYSTEM,grantee=PUBLIC,privilege=SELECT,isGrantable=YES}, com.github.jinahya.database.metadata.bind.ColumnPrivilege@8d7de0b{unmappedColumns={}}{tableCat=PUBLIC,tableSchem=INFORMATION_SCHEMA,tableName=COLUMNS,columnName=UDT_NAME,grantor=_SYSTEM,grantee=PUBLIC,privilege=SELECT,isGrantable=YES}, com.github.jinahya.database.metadata.bind.ColumnPrivilege@74c16feb{unmappedColumns={}}{tableCat=PUBLIC,tableSchem=INFORMATION_SCHEMA,tableName=COLUMNS,columnName=UDT_SCHEMA,grantor=_SYSTEM,grantee=PUBLIC,privilege=SELECT,isGrantable=YES}]
1100 [main] DEBUG com.github.jinahya.database.metadata.bind.Memory_$_Test - com.github.jinahya.database.metadata.bind.Table@163c2875{unmappedColumns={COMMIT_ACTION=null, HSQLDB_TYPE=MEMORY, READ_ONLY=true}}{tableCat=PUBLIC,tableSchem=INFORMATION_SCHEMA,tableName=COLUMN_COLUMN_USAGE,tableType=SYSTEM TABLE,remarks=one row for each usage of a column in a generated column definition,typeCat=null,typeSchem=null,typeName=null,selfReferencingColName=null,refGeneration=null}: [com.github.jinahya.database.metadata.bind.ColumnPrivilege@222bf947{unmappedColumns={}}{tableCat=PUBLIC,tableSchem=INFORMATION_SCHEMA,tableName=COLUMN_COLUMN_USAGE,columnName=COLUMN_NAME,grantor=_SYSTEM,grantee=PUBLIC,privilege=SELECT,isGrantable=YES}, com.github.jinahya.database.metadata.bind.ColumnPrivilege@2bff9571{unmappedColumns={}}{tableCat=PUBLIC,tableSchem=INFORMATION_SCHEMA,tableName=COLUMN_COLUMN_USAGE,columnName=DEPENDENT_COLUMN,grantor=_SYSTEM,grantee=PUBLIC,privilege=SELECT,isGrantable=YES}, com.github.jinahya.database.metadata.bind.ColumnPrivilege@e60d586a{unmappedColumns={}}{tableCat=PUBLIC,tableSchem=INFORMATION_SCHEMA,tableName=COLUMN_COLUMN_USAGE,columnName=TABLE_CATALOG,grantor=_SYSTEM,grantee=PUBLIC,privilege=SELECT,isGrantable=YES}, com.github.jinahya.database.metadata.bind.ColumnPrivilege@20f14d42{unmappedColumns={}}{tableCat=PUBLIC,tableSchem=INFORMATION_SCHEMA,tableName=COLUMN_COLUMN_USAGE,columnName=TABLE_NAME,grantor=_SYSTEM,grantee=PUBLIC,privilege=SELECT,isGrantable=YES}, com.github.jinahya.database.metadata.bind.ColumnPrivilege@3d3ba307{unmappedColumns={}}{tableCat=PUBLIC,tableSchem=INFORMATION_SCHEMA,tableName=COLUMN_COLUMN_USAGE,columnName=TABLE_SCHEMA,grantor=_SYSTEM,grantee=PUBLIC,privilege=SELECT,isGrantable=YES}]
1100 [main] DEBUG com.github.jinahya.database.metadata.bind.Memory_$_Test - com.github.jinahya.database.metadata.bind.Table@dd59df63{unmappedColumns={COMMIT_ACTION=null, HSQLDB_TYPE=MEMORY, READ_ONLY=true}}{tableCat=PUBLIC,tableSchem=INFORMATION_SCHEMA,tableName=COLUMN_DOMAIN_USAGE,tableType=SYSTEM TABLE,remarks=one row for each usage of a domain as the type of a column,typeCat=null,typeSchem=null,typeName=null,selfReferencingColName=null,refGeneration=null}: [com.github.jinahya.database.metadata.bind.ColumnPrivilege@86e5f9e{unmappedColumns={}}{tableCat=PUBLIC,tableSchem=INFORMATION_SCHEMA,tableName=COLUMN_DOMAIN_USAGE,columnName=COLUMN_NAME,grantor=_SYSTEM,grantee=PUBLIC,privilege=SELECT,isGrantable=YES}, com.github.jinahya.database.metadata.bind.ColumnPrivilege@182ad775{unmappedColumns={}}{tableCat=PUBLIC,tableSchem=INFORMATION_SCHEMA,tableName=COLUMN_DOMAIN_USAGE,columnName=DOMAIN_CATALOG,grantor=_SYSTEM,grantee=PUBLIC,privilege=SELECT,isGrantable=YES}, com.github.jinahya.database.metadata.bind.ColumnPrivilege@8bd75431{unmappedColumns={}}{tableCat=PUBLIC,tableSchem=INFORMATION_SCHEMA,tableName=COLUMN_DOMAIN_USAGE,columnName=DOMAIN_NAME,grantor=_SYSTEM,grantee=PUBLIC,privilege=SELECT,isGrantable=YES}, com.github.jinahya.database.metadata.bind.ColumnPrivilege@3bd8dc2b{unmappedColumns={}}{tableCat=PUBLIC,tableSchem=INFORMATION_SCHEMA,tableName=COLUMN_DOMAIN_USAGE,columnName=DOMAIN_SCHEMA,grantor=_SYSTEM,grantee=PUBLIC,privilege=SELECT,isGrantable=YES}, com.github.jinahya.database.metadata.bind.ColumnPrivilege@9e06d175{unmappedColumns={}}{tableCat=PUBLIC,tableSchem=INFORMATION_SCHEMA,tableName=COLUMN_DOMAIN_USAGE,columnName=TABLE_CATALOG,grantor=_SYSTEM,grantee=PUBLIC,privilege=SELECT,isGrantable=YES}, com.github.jinahya.database.metadata.bind.ColumnPrivilege@b58562f9{unmappedColumns={}}{tableCat=PUBLIC,tableSchem=INFORMATION_SCHEMA,tableName=COLUMN_DOMAIN_USAGE,columnName=TABLE_NAME,grantor=_SYSTEM,grantee=PUBLIC,privilege=SELECT,isGrantable=YES}, com.github.jinahya.database.metadata.bind.ColumnPrivilege@f94eb0ea{unmappedColumns={}}{tableCat=PUBLIC,tableSchem=INFORMATION_SCHEMA,tableName=COLUMN_DOMAIN_USAGE,columnName=TABLE_SCHEMA,grantor=_SYSTEM,grantee=PUBLIC,privilege=SELECT,isGrantable=YES}]
1101 [main] DEBUG com.github.jinahya.database.metadata.bind.Memory_$_Test - com.github.jinahya.database.metadata.bind.Table@211d9b3f{unmappedColumns={COMMIT_ACTION=null, HSQLDB_TYPE=MEMORY, READ_ONLY=true}}{tableCat=PUBLIC,tableSchem=INFORMATION_SCHEMA,tableName=COLUMN_PRIVILEGES,tableType=SYSTEM TABLE,remarks=the visible user level access permissions of each visible column of each accessible table defined within this database,typeCat=null,typeSchem=null,typeName=null,selfReferencingColName=null,refGeneration=null}: [com.github.jinahya.database.metadata.bind.ColumnPrivilege@cbfeff05{unmappedColumns={}}{tableCat=PUBLIC,tableSchem=INFORMATION_SCHEMA,tableName=COLUMN_PRIVILEGES,columnName=COLUMN_NAME,grantor=_SYSTEM,grantee=PUBLIC,privilege=SELECT,isGrantable=YES}, com.github.jinahya.database.metadata.bind.ColumnPrivilege@1fe70f63{unmappedColumns={}}{tableCat=PUBLIC,tableSchem=INFORMATION_SCHEMA,tableName=COLUMN_PRIVILEGES,columnName=GRANTEE,grantor=_SYSTEM,grantee=PUBLIC,privilege=SELECT,isGrantable=YES}, com.github.jinahya.database.metadata.bind.ColumnPrivilege@88644e8c{unmappedColumns={}}{tableCat=PUBLIC,tableSchem=INFORMATION_SCHEMA,tableName=COLUMN_PRIVILEGES,columnName=GRANTOR,grantor=_SYSTEM,grantee=PUBLIC,privilege=SELECT,isGrantable=YES}, com.github.jinahya.database.metadata.bind.ColumnPrivilege@9d2ed347{unmappedColumns={}}{tableCat=PUBLIC,tableSchem=INFORMATION_SCHEMA,tableName=COLUMN_PRIVILEGES,columnName=IS_GRANTABLE,grantor=_SYSTEM,grantee=PUBLIC,privilege=SELECT,isGrantable=YES}, com.github.jinahya.database.metadata.bind.ColumnPrivilege@209939e7{unmappedColumns={}}{tableCat=PUBLIC,tableSchem=INFORMATION_SCHEMA,tableName=COLUMN_PRIVILEGES,columnName=PRIVILEGE_TYPE,grantor=_SYSTEM,grantee=PUBLIC,privilege=SELECT,isGrantable=YES}, com.github.jinahya.database.metadata.bind.ColumnPrivilege@187d9379{unmappedColumns={}}{tableCat=PUBLIC,tableSchem=INFORMATION_SCHEMA,tableName=COLUMN_PRIVILEGES,columnName=TABLE_CATALOG,grantor=_SYSTEM,grantee=PUBLIC,privilege=SELECT,isGrantable=YES}, com.github.jinahya.database.metadata.bind.ColumnPrivilege@cfcd2865{unmappedColumns={}}{tableCat=PUBLIC,tableSchem=INFORMATION_SCHEMA,tableName=COLUMN_PRIVILEGES,columnName=TABLE_NAME,grantor=_SYSTEM,grantee=PUBLIC,privilege=SELECT,isGrantable=YES}, com.github.jinahya.database.metadata.bind.ColumnPrivilege@64064209{unmappedColumns={}}{tableCat=PUBLIC,tableSchem=INFORMATION_SCHEMA,tableName=COLUMN_PRIVILEGES,columnName=TABLE_SCHEMA,grantor=_SYSTEM,grantee=PUBLIC,privilege=SELECT,isGrantable=YES}]
1101 [main] DEBUG com.github.jinahya.database.metadata.bind.Memory_$_Test - com.github.jinahya.database.metadata.bind.Table@d9c74192{unmappedColumns={COMMIT_ACTION=null, HSQLDB_TYPE=MEMORY, READ_ONLY=true}}{tableCat=PUBLIC,tableSchem=INFORMATION_SCHEMA,tableName=COLUMN_UDT_USAGE,tableType=SYSTEM TABLE,remarks=one row for each usage of a user defined type as the type of a column,typeCat=null,typeSchem=null,typeName=null,selfReferencingColName=null,refGeneration=null}: [com.github.jinahya.database.metadata.bind.ColumnPrivilege@25517cd1{unmappedColumns={}}{tableCat=PUBLIC,tableSchem=INFORMATION_SCHEMA,tableName=COLUMN_UDT_USAGE,columnName=COLUMN_NAME,grantor=_SYSTEM,grantee=PUBLIC,privilege=SELECT,isGrantable=YES}, com.github.jinahya.database.metadata.bind.ColumnPrivilege@930be149{unmappedColumns={}}{tableCat=PUBLIC,tableSchem=INFORMATION_SCHEMA,tableName=COLUMN_UDT_USAGE,columnName=TABLE_CATALOG,grantor=_SYSTEM,grantee=PUBLIC,privilege=SELECT,isGrantable=YES}, com.github.jinahya.database.metadata.bind.ColumnPrivilege@4938794b{unmappedColumns={}}{tableCat=PUBLIC,tableSchem=INFORMATION_SCHEMA,tableName=COLUMN_UDT_USAGE,columnName=TABLE_NAME,grantor=_SYSTEM,grantee=PUBLIC,privilege=SELECT,isGrantable=YES}, com.github.jinahya.database.metadata.bind.ColumnPrivilege@8597cba9{unmappedColumns={}}{tableCat=PUBLIC,tableSchem=INFORMATION_SCHEMA,tableName=COLUMN_UDT_USAGE,columnName=TABLE_SCHEMA,grantor=_SYSTEM,grantee=PUBLIC,privilege=SELECT,isGrantable=YES}, com.github.jinahya.database.metadata.bind.ColumnPrivilege@177e1eb3{unmappedColumns={}}{tableCat=PUBLIC,tableSchem=INFORMATION_SCHEMA,tableName=COLUMN_UDT_USAGE,columnName=UDT_CATALOG,grantor=_SYSTEM,grantee=PUBLIC,privilege=SELECT,isGrantable=YES}, com.github.jinahya.database.metadata.bind.ColumnPrivilege@b6913ea2{unmappedColumns={}}{tableCat=PUBLIC,tableSchem=INFORMATION_SCHEMA,tableName=COLUMN_UDT_USAGE,columnName=UDT_NAME,grantor=_SYSTEM,grantee=PUBLIC,privilege=SELECT,isGrantable=YES}, com.github.jinahya.database.metadata.bind.ColumnPrivilege@7f249308{unmappedColumns={}}{tableCat=PUBLIC,tableSchem=INFORMATION_SCHEMA,tableName=COLUMN_UDT_USAGE,columnName=UDT_SCHEMA,grantor=_SYSTEM,grantee=PUBLIC,privilege=SELECT,isGrantable=YES}]
1101 [main] DEBUG com.github.jinahya.database.metadata.bind.Memory_$_Test - com.github.jinahya.database.metadata.bind.Table@8580814e{unmappedColumns={COMMIT_ACTION=null, HSQLDB_TYPE=MEMORY, READ_ONLY=true}}{tableCat=PUBLIC,tableSchem=INFORMATION_SCHEMA,tableName=CONSTRAINT_COLUMN_USAGE,tableType=SYSTEM TABLE,remarks=one row for each column identified by a <column reference> contained in the <search condition> of a check constraint, domain constraint, or assertion.,typeCat=null,typeSchem=null,typeName=null,selfReferencingColName=null,refGeneration=null}: [com.github.jinahya.database.metadata.bind.ColumnPrivilege@43632d4{unmappedColumns={}}{tableCat=PUBLIC,tableSchem=INFORMATION_SCHEMA,tableName=CONSTRAINT_COLUMN_USAGE,columnName=COLUMN_NAME,grantor=_SYSTEM,grantee=PUBLIC,privilege=SELECT,isGrantable=YES}, com.github.jinahya.database.metadata.bind.ColumnPrivilege@85285fe3{unmappedColumns={}}{tableCat=PUBLIC,tableSchem=INFORMATION_SCHEMA,tableName=CONSTRAINT_COLUMN_USAGE,columnName=CONSTRAINT_CATALOG,grantor=_SYSTEM,grantee=PUBLIC,privilege=SELECT,isGrantable=YES}, com.github.jinahya.database.metadata.bind.ColumnPrivilege@3b5bea95{unmappedColumns={}}{tableCat=PUBLIC,tableSchem=INFORMATION_SCHEMA,tableName=CONSTRAINT_COLUMN_USAGE,columnName=CONSTRAINT_NAME,grantor=_SYSTEM,grantee=PUBLIC,privilege=SELECT,isGrantable=YES}, com.github.jinahya.database.metadata.bind.ColumnPrivilege@9629736e{unmappedColumns={}}{tableCat=PUBLIC,tableSchem=INFORMATION_SCHEMA,tableName=CONSTRAINT_COLUMN_USAGE,columnName=CONSTRAINT_SCHEMA,grantor=_SYSTEM,grantee=PUBLIC,privilege=SELECT,isGrantable=YES}, com.github.jinahya.database.metadata.bind.ColumnPrivilege@e6abf665{unmappedColumns={}}{tableCat=PUBLIC,tableSchem=INFORMATION_SCHEMA,tableName=CONSTRAINT_COLUMN_USAGE,columnName=TABLE_CATALOG,grantor=_SYSTEM,grantee=PUBLIC,privilege=SELECT,isGrantable=YES}, com.github.jinahya.database.metadata.bind.ColumnPrivilege@8a7be331{unmappedColumns={}}{tableCat=PUBLIC,tableSchem=INFORMATION_SCHEMA,tableName=CONSTRAINT_COLUMN_USAGE,columnName=TABLE_NAME,grantor=_SYSTEM,grantee=PUBLIC,privilege=SELECT,isGrantable=YES}, com.github.jinahya.database.metadata.bind.ColumnPrivilege@1144948d{unmappedColumns={}}{tableCat=PUBLIC,tableSchem=INFORMATION_SCHEMA,tableName=CONSTRAINT_COLUMN_USAGE,columnName=TABLE_SCHEMA,grantor=_SYSTEM,grantee=PUBLIC,privilege=SELECT,isGrantable=YES}]
1101 [main] DEBUG com.github.jinahya.database.metadata.bind.Memory_$_Test - com.github.jinahya.database.metadata.bind.Table@9dde6779{unmappedColumns={COMMIT_ACTION=null, HSQLDB_TYPE=MEMORY, READ_ONLY=true}}{tableCat=PUBLIC,tableSchem=INFORMATION_SCHEMA,tableName=CONSTRAINT_PERIOD_USAGE,tableType=SYSTEM TABLE,remarks=one row for each usage of a period in a referential constraint,typeCat=null,typeSchem=null,typeName=null,selfReferencingColName=null,refGeneration=null}: [com.github.jinahya.database.metadata.bind.ColumnPrivilege@e9ef05a2{unmappedColumns={}}{tableCat=PUBLIC,tableSchem=INFORMATION_SCHEMA,tableName=CONSTRAINT_PERIOD_USAGE,columnName=CONSTRAINT_CATALOG,grantor=_SYSTEM,grantee=PUBLIC,privilege=SELECT,isGrantable=YES}, com.github.jinahya.database.metadata.bind.ColumnPrivilege@536c30b1{unmappedColumns={}}{tableCat=PUBLIC,tableSchem=INFORMATION_SCHEMA,tableName=CONSTRAINT_PERIOD_USAGE,columnName=CONSTRAINT_NAME,grantor=_SYSTEM,grantee=PUBLIC,privilege=SELECT,isGrantable=YES}, com.github.jinahya.database.metadata.bind.ColumnPrivilege@14cb041e{unmappedColumns={}}{tableCat=PUBLIC,tableSchem=INFORMATION_SCHEMA,tableName=CONSTRAINT_PERIOD_USAGE,columnName=CONSTRAINT_SCHEMA,grantor=_SYSTEM,grantee=PUBLIC,privilege=SELECT,isGrantable=YES}, com.github.jinahya.database.metadata.bind.ColumnPrivilege@16154b89{unmappedColumns={}}{tableCat=PUBLIC,tableSchem=INFORMATION_SCHEMA,tableName=CONSTRAINT_PERIOD_USAGE,columnName=PERIOD_NAME,grantor=_SYSTEM,grantee=PUBLIC,privilege=SELECT,isGrantable=YES}, com.github.jinahya.database.metadata.bind.ColumnPrivilege@bb397eb9{unmappedColumns={}}{tableCat=PUBLIC,tableSchem=INFORMATION_SCHEMA,tableName=CONSTRAINT_PERIOD_USAGE,columnName=TABLE_CATALOG,grantor=_SYSTEM,grantee=PUBLIC,privilege=SELECT,isGrantable=YES}, com.github.jinahya.database.metadata.bind.ColumnPrivilege@abf825fe{unmappedColumns={}}{tableCat=PUBLIC,tableSchem=INFORMATION_SCHEMA,tableName=CONSTRAINT_PERIOD_USAGE,columnName=TABLE_NAME,grantor=_SYSTEM,grantee=PUBLIC,privilege=SELECT,isGrantable=YES}, com.github.jinahya.database.metadata.bind.ColumnPrivilege@f59d33b8{unmappedColumns={}}{tableCat=PUBLIC,tableSchem=INFORMATION_SCHEMA,tableName=CONSTRAINT_PERIOD_USAGE,columnName=TABLE_SCHEMA,grantor=_SYSTEM,grantee=PUBLIC,privilege=SELECT,isGrantable=YES}]
1102 [main] DEBUG com.github.jinahya.database.metadata.bind.Memory_$_Test - com.github.jinahya.database.metadata.bind.Table@c75c122{unmappedColumns={COMMIT_ACTION=null, HSQLDB_TYPE=MEMORY, READ_ONLY=true}}{tableCat=PUBLIC,tableSchem=INFORMATION_SCHEMA,tableName=CONSTRAINT_TABLE_USAGE,tableType=SYSTEM TABLE,remarks=one row for each table identified by a <table name> simply contained in a <table reference> contained in the <search condition> of a check constraint, domain constraint, or assertion.,typeCat=null,typeSchem=null,typeName=null,selfReferencingColName=null,refGeneration=null}: [com.github.jinahya.database.metadata.bind.ColumnPrivilege@59f1fd67{unmappedColumns={}}{tableCat=PUBLIC,tableSchem=INFORMATION_SCHEMA,tableName=CONSTRAINT_TABLE_USAGE,columnName=CONSTRAINT_CATALOG,grantor=_SYSTEM,grantee=PUBLIC,privilege=SELECT,isGrantable=YES}, com.github.jinahya.database.metadata.bind.ColumnPrivilege@8778c3d{unmappedColumns={}}{tableCat=PUBLIC,tableSchem=INFORMATION_SCHEMA,tableName=CONSTRAINT_TABLE_USAGE,columnName=CONSTRAINT_NAME,grantor=_SYSTEM,grantee=PUBLIC,privilege=SELECT,isGrantable=YES}, com.github.jinahya.database.metadata.bind.ColumnPrivilege@2b8fb9{unmappedColumns={}}{tableCat=PUBLIC,tableSchem=INFORMATION_SCHEMA,tableName=CONSTRAINT_TABLE_USAGE,columnName=CONSTRAINT_SCHEMA,grantor=_SYSTEM,grantee=PUBLIC,privilege=SELECT,isGrantable=YES}, com.github.jinahya.database.metadata.bind.ColumnPrivilege@c2f7b7f3{unmappedColumns={}}{tableCat=PUBLIC,tableSchem=INFORMATION_SCHEMA,tableName=CONSTRAINT_TABLE_USAGE,columnName=TABLE_CATALOG,grantor=_SYSTEM,grantee=PUBLIC,privilege=SELECT,isGrantable=YES}, com.github.jinahya.database.metadata.bind.ColumnPrivilege@70716ffc{unmappedColumns={}}{tableCat=PUBLIC,tableSchem=INFORMATION_SCHEMA,tableName=CONSTRAINT_TABLE_USAGE,columnName=TABLE_NAME,grantor=_SYSTEM,grantee=PUBLIC,privilege=SELECT,isGrantable=YES}, com.github.jinahya.database.metadata.bind.ColumnPrivilege@b7b34f64{unmappedColumns={}}{tableCat=PUBLIC,tableSchem=INFORMATION_SCHEMA,tableName=CONSTRAINT_TABLE_USAGE,columnName=TABLE_SCHEMA,grantor=_SYSTEM,grantee=PUBLIC,privilege=SELECT,isGrantable=YES}]
1102 [main] DEBUG com.github.jinahya.database.metadata.bind.Memory_$_Test - com.github.jinahya.database.metadata.bind.Table@b4a26e46{unmappedColumns={COMMIT_ACTION=null, HSQLDB_TYPE=MEMORY, READ_ONLY=true}}{tableCat=PUBLIC,tableSchem=INFORMATION_SCHEMA,tableName=DATA_TYPE_PRIVILEGES,tableType=SYSTEM TABLE,remarks=one row for each usage privilege granted on a user defined type,typeCat=null,typeSchem=null,typeName=null,selfReferencingColName=null,refGeneration=null}: [com.github.jinahya.database.metadata.bind.ColumnPrivilege@80ea7e72{unmappedColumns={}}{tableCat=PUBLIC,tableSchem=INFORMATION_SCHEMA,tableName=DATA_TYPE_PRIVILEGES,columnName=DTD_IDENTIFIER,grantor=_SYSTEM,grantee=PUBLIC,privilege=SELECT,isGrantable=YES}, com.github.jinahya.database.metadata.bind.ColumnPrivilege@7d9cbdcb{unmappedColumns={}}{tableCat=PUBLIC,tableSchem=INFORMATION_SCHEMA,tableName=DATA_TYPE_PRIVILEGES,columnName=OBJECT_CATALOG,grantor=_SYSTEM,grantee=PUBLIC,privilege=SELECT,isGrantable=YES}, com.github.jinahya.database.metadata.bind.ColumnPrivilege@d178835{unmappedColumns={}}{tableCat=PUBLIC,tableSchem=INFORMATION_SCHEMA,tableName=DATA_TYPE_PRIVILEGES,columnName=OBJECT_NAME,grantor=_SYSTEM,grantee=PUBLIC,privilege=SELECT,isGrantable=YES}, com.github.jinahya.database.metadata.bind.ColumnPrivilege@e9f81ef0{unmappedColumns={}}{tableCat=PUBLIC,tableSchem=INFORMATION_SCHEMA,tableName=DATA_TYPE_PRIVILEGES,columnName=OBJECT_SCHEMA,grantor=_SYSTEM,grantee=PUBLIC,privilege=SELECT,isGrantable=YES}, com.github.jinahya.database.metadata.bind.ColumnPrivilege@f68f56c4{unmappedColumns={}}{tableCat=PUBLIC,tableSchem=INFORMATION_SCHEMA,tableName=DATA_TYPE_PRIVILEGES,columnName=OBJECT_TYPE,grantor=_SYSTEM,grantee=PUBLIC,privilege=SELECT,isGrantable=YES}]
1103 [main] DEBUG com.github.jinahya.database.metadata.bind.Memory_$_Test - com.github.jinahya.database.metadata.bind.Table@447a62e3{unmappedColumns={COMMIT_ACTION=null, HSQLDB_TYPE=MEMORY, READ_ONLY=true}}{tableCat=PUBLIC,tableSchem=INFORMATION_SCHEMA,tableName=DOMAINS,tableType=SYSTEM TABLE,remarks=one row for each domain identified,typeCat=null,typeSchem=null,typeName=null,selfReferencingColName=null,refGeneration=null}: [com.github.jinahya.database.metadata.bind.ColumnPrivilege@f0a3f1a2{unmappedColumns={}}{tableCat=PUBLIC,tableSchem=INFORMATION_SCHEMA,tableName=DOMAINS,columnName=CHARACTER_MAXIMUM_LENGTH,grantor=_SYSTEM,grantee=PUBLIC,privilege=SELECT,isGrantable=YES}, com.github.jinahya.database.metadata.bind.ColumnPrivilege@9767d8d5{unmappedColumns={}}{tableCat=PUBLIC,tableSchem=INFORMATION_SCHEMA,tableName=DOMAINS,columnName=CHARACTER_OCTET_LENGTH,grantor=_SYSTEM,grantee=PUBLIC,privilege=SELECT,isGrantable=YES}, com.github.jinahya.database.metadata.bind.ColumnPrivilege@a6e85731{unmappedColumns={}}{tableCat=PUBLIC,tableSchem=INFORMATION_SCHEMA,tableName=DOMAINS,columnName=CHARACTER_SET_CATALOG,grantor=_SYSTEM,grantee=PUBLIC,privilege=SELECT,isGrantable=YES}, com.github.jinahya.database.metadata.bind.ColumnPrivilege@33300376{unmappedColumns={}}{tableCat=PUBLIC,tableSchem=INFORMATION_SCHEMA,tableName=DOMAINS,columnName=CHARACTER_SET_NAME,grantor=_SYSTEM,grantee=PUBLIC,privilege=SELECT,isGrantable=YES}, com.github.jinahya.database.metadata.bind.ColumnPrivilege@57438d78{unmappedColumns={}}{tableCat=PUBLIC,tableSchem=INFORMATION_SCHEMA,tableName=DOMAINS,columnName=CHARACTER_SET_SCHEMA,grantor=_SYSTEM,grantee=PUBLIC,privilege=SELECT,isGrantable=YES}, com.github.jinahya.database.metadata.bind.ColumnPrivilege@7ba2ce66{unmappedColumns={}}{tableCat=PUBLIC,tableSchem=INFORMATION_SCHEMA,tableName=DOMAINS,columnName=COLLATION_CATALOG,grantor=_SYSTEM,grantee=PUBLIC,privilege=SELECT,isGrantable=YES}, com.github.jinahya.database.metadata.bind.ColumnPrivilege@6c898535{unmappedColumns={}}{tableCat=PUBLIC,tableSchem=INFORMATION_SCHEMA,tableName=DOMAINS,columnName=COLLATION_NAME,grantor=_SYSTEM,grantee=PUBLIC,privilege=SELECT,isGrantable=YES}, com.github.jinahya.database.metadata.bind.ColumnPrivilege@c02fd866{unmappedColumns={}}{tableCat=PUBLIC,tableSchem=INFORMATION_SCHEMA,tableName=DOMAINS,columnName=COLLATION_SCHEMA,grantor=_SYSTEM,grantee=PUBLIC,privilege=SELECT,isGrantable=YES}, com.github.jinahya.database.metadata.bind.ColumnPrivilege@20a49db3{unmappedColumns={}}{tableCat=PUBLIC,tableSchem=INFORMATION_SCHEMA,tableName=DOMAINS,columnName=DATA_TYPE,grantor=_SYSTEM,grantee=PUBLIC,privilege=SELECT,isGrantable=YES}, com.github.jinahya.database.metadata.bind.ColumnPrivilege@7ee3cc52{unmappedColumns={}}{tableCat=PUBLIC,tableSchem=INFORMATION_SCHEMA,tableName=DOMAINS,columnName=DATETIME_PRECISION,grantor=_SYSTEM,grantee=PUBLIC,privilege=SELECT,isGrantable=YES}, com.github.jinahya.database.metadata.bind.ColumnPrivilege@53a2a722{unmappedColumns={}}{tableCat=PUBLIC,tableSchem=INFORMATION_SCHEMA,tableName=DOMAINS,columnName=DECLARED_DATA_TYPE,grantor=_SYSTEM,grantee=PUBLIC,privilege=SELECT,isGrantable=YES}, com.github.jinahya.database.metadata.bind.ColumnPrivilege@83f0bfa7{unmappedColumns={}}{tableCat=PUBLIC,tableSchem=INFORMATION_SCHEMA,tableName=DOMAINS,columnName=DECLARED_NUMERIC_PRECISION,grantor=_SYSTEM,grantee=PUBLIC,privilege=SELECT,isGrantable=YES}, com.github.jinahya.database.metadata.bind.ColumnPrivilege@4bbd91cd{unmappedColumns={}}{tableCat=PUBLIC,tableSchem=INFORMATION_SCHEMA,tableName=DOMAINS,columnName=DECLARED_NUMERIC_SCALE,grantor=_SYSTEM,grantee=PUBLIC,privilege=SELECT,isGrantable=YES}, com.github.jinahya.database.metadata.bind.ColumnPrivilege@8dbe9634{unmappedColumns={}}{tableCat=PUBLIC,tableSchem=INFORMATION_SCHEMA,tableName=DOMAINS,columnName=DOMAIN_CATALOG,grantor=_SYSTEM,grantee=PUBLIC,privilege=SELECT,isGrantable=YES}, com.github.jinahya.database.metadata.bind.ColumnPrivilege@576d9e55{unmappedColumns={}}{tableCat=PUBLIC,tableSchem=INFORMATION_SCHEMA,tableName=DOMAINS,columnName=DOMAIN_DEFAULT,grantor=_SYSTEM,grantee=PUBLIC,privilege=SELECT,isGrantable=YES}, com.github.jinahya.database.metadata.bind.ColumnPrivilege@22d95132{unmappedColumns={}}{tableCat=PUBLIC,tableSchem=INFORMATION_SCHEMA,tableName=DOMAINS,columnName=DOMAIN_NAME,grantor=_SYSTEM,grantee=PUBLIC,privilege=SELECT,isGrantable=YES}, com.github.jinahya.database.metadata.bind.ColumnPrivilege@ac78d773{unmappedColumns={}}{tableCat=PUBLIC,tableSchem=INFORMATION_SCHEMA,tableName=DOMAINS,columnName=DOMAIN_SCHEMA,grantor=_SYSTEM,grantee=PUBLIC,privilege=SELECT,isGrantable=YES}, com.github.jinahya.database.metadata.bind.ColumnPrivilege@1fc9ddc7{unmappedColumns={}}{tableCat=PUBLIC,tableSchem=INFORMATION_SCHEMA,tableName=DOMAINS,columnName=DTD_IDENTIFIER,grantor=_SYSTEM,grantee=PUBLIC,privilege=SELECT,isGrantable=YES}, com.github.jinahya.database.metadata.bind.ColumnPrivilege@c48cbd00{unmappedColumns={}}{tableCat=PUBLIC,tableSchem=INFORMATION_SCHEMA,tableName=DOMAINS,columnName=INTERVAL_PRECISION,grantor=_SYSTEM,grantee=PUBLIC,privilege=SELECT,isGrantable=YES}, com.github.jinahya.database.metadata.bind.ColumnPrivilege@a4fcc184{unmappedColumns={}}{tableCat=PUBLIC,tableSchem=INFORMATION_SCHEMA,tableName=DOMAINS,columnName=INTERVAL_TYPE,grantor=_SYSTEM,grantee=PUBLIC,privilege=SELECT,isGrantable=YES}, com.github.jinahya.database.metadata.bind.ColumnPrivilege@8aa30396{unmappedColumns={}}{tableCat=PUBLIC,tableSchem=INFORMATION_SCHEMA,tableName=DOMAINS,columnName=MAXIMUM_CARDINALITY,grantor=_SYSTEM,grantee=PUBLIC,privilege=SELECT,isGrantable=YES}, com.github.jinahya.database.metadata.bind.ColumnPrivilege@d6489efe{unmappedColumns={}}{tableCat=PUBLIC,tableSchem=INFORMATION_SCHEMA,tableName=DOMAINS,columnName=NUMERIC_PRECISION,grantor=_SYSTEM,grantee=PUBLIC,privilege=SELECT,isGrantable=YES}, com.github.jinahya.database.metadata.bind.ColumnPrivilege@5ae7a30{unmappedColumns={}}{tableCat=PUBLIC,tableSchem=INFORMATION_SCHEMA,tableName=DOMAINS,columnName=NUMERIC_PRECISION_RADIX,grantor=_SYSTEM,grantee=PUBLIC,privilege=SELECT,isGrantable=YES}, com.github.jinahya.database.metadata.bind.ColumnPrivilege@840c1130{unmappedColumns={}}{tableCat=PUBLIC,tableSchem=INFORMATION_SCHEMA,tableName=DOMAINS,columnName=NUMERIC_SCALE,grantor=_SYSTEM,grantee=PUBLIC,privilege=SELECT,isGrantable=YES}]
1103 [main] DEBUG com.github.jinahya.database.metadata.bind.Memory_$_Test - com.github.jinahya.database.metadata.bind.Table@808f6def{unmappedColumns={COMMIT_ACTION=null, HSQLDB_TYPE=MEMORY, READ_ONLY=true}}{tableCat=PUBLIC,tableSchem=INFORMATION_SCHEMA,tableName=DOMAIN_CONSTRAINTS,tableType=SYSTEM TABLE,remarks=one row for each check constraint included in a domain definition,typeCat=null,typeSchem=null,typeName=null,selfReferencingColName=null,refGeneration=null}: [com.github.jinahya.database.metadata.bind.ColumnPrivilege@130026de{unmappedColumns={}}{tableCat=PUBLIC,tableSchem=INFORMATION_SCHEMA,tableName=DOMAIN_CONSTRAINTS,columnName=CONSTRAINT_CATALOG,grantor=_SYSTEM,grantee=PUBLIC,privilege=SELECT,isGrantable=YES}, com.github.jinahya.database.metadata.bind.ColumnPrivilege@6eb12893{unmappedColumns={}}{tableCat=PUBLIC,tableSchem=INFORMATION_SCHEMA,tableName=DOMAIN_CONSTRAINTS,columnName=CONSTRAINT_NAME,grantor=_SYSTEM,grantee=PUBLIC,privilege=SELECT,isGrantable=YES}, com.github.jinahya.database.metadata.bind.ColumnPrivilege@3ecb7e86{unmappedColumns={}}{tableCat=PUBLIC,tableSchem=INFORMATION_SCHEMA,tableName=DOMAIN_CONSTRAINTS,columnName=CONSTRAINT_SCHEMA,grantor=_SYSTEM,grantee=PUBLIC,privilege=SELECT,isGrantable=YES}, com.github.jinahya.database.metadata.bind.ColumnPrivilege@728a5b8f{unmappedColumns={}}{tableCat=PUBLIC,tableSchem=INFORMATION_SCHEMA,tableName=DOMAIN_CONSTRAINTS,columnName=DOMAIN_CATALOG,grantor=_SYSTEM,grantee=PUBLIC,privilege=SELECT,isGrantable=YES}, com.github.jinahya.database.metadata.bind.ColumnPrivilege@5027d1b3{unmappedColumns={}}{tableCat=PUBLIC,tableSchem=INFORMATION_SCHEMA,tableName=DOMAIN_CONSTRAINTS,columnName=DOMAIN_NAME,grantor=_SYSTEM,grantee=PUBLIC,privilege=SELECT,isGrantable=YES}, com.github.jinahya.database.metadata.bind.ColumnPrivilege@4ec36df0{unmappedColumns={}}{tableCat=PUBLIC,tableSchem=INFORMATION_SCHEMA,tableName=DOMAIN_CONSTRAINTS,columnName=DOMAIN_SCHEMA,grantor=_SYSTEM,grantee=PUBLIC,privilege=SELECT,isGrantable=YES}, com.github.jinahya.database.metadata.bind.ColumnPrivilege@439a3bd7{unmappedColumns={}}{tableCat=PUBLIC,tableSchem=INFORMATION_SCHEMA,tableName=DOMAIN_CONSTRAINTS,columnName=INITIALLY_DEFERRED,grantor=_SYSTEM,grantee=PUBLIC,privilege=SELECT,isGrantable=YES}, com.github.jinahya.database.metadata.bind.ColumnPrivilege@1ba03d20{unmappedColumns={}}{tableCat=PUBLIC,tableSchem=INFORMATION_SCHEMA,tableName=DOMAIN_CONSTRAINTS,columnName=IS_DEFERRABLE,grantor=_SYSTEM,grantee=PUBLIC,privilege=SELECT,isGrantable=YES}]
1104 [main] DEBUG com.github.jinahya.database.metadata.bind.Memory_$_Test - com.github.jinahya.database.metadata.bind.Table@796fec0a{unmappedColumns={COMMIT_ACTION=null, HSQLDB_TYPE=MEMORY, READ_ONLY=true}}{tableCat=PUBLIC,tableSchem=INFORMATION_SCHEMA,tableName=ELEMENT_TYPES,tableType=SYSTEM TABLE,remarks=one row for each array type in each table, domain, distinct type, or function return value ,typeCat=null,typeSchem=null,typeName=null,selfReferencingColName=null,refGeneration=null}: [com.github.jinahya.database.metadata.bind.ColumnPrivilege@130f58f2{unmappedColumns={}}{tableCat=PUBLIC,tableSchem=INFORMATION_SCHEMA,tableName=ELEMENT_TYPES,columnName=CHARACTER_MAXIMUM_LENGTH,grantor=_SYSTEM,grantee=PUBLIC,privilege=SELECT,isGrantable=YES}, com.github.jinahya.database.metadata.bind.ColumnPrivilege@a840e365{unmappedColumns={}}{tableCat=PUBLIC,tableSchem=INFORMATION_SCHEMA,tableName=ELEMENT_TYPES,columnName=CHARACTER_OCTET_LENGTH,grantor=_SYSTEM,grantee=PUBLIC,privilege=SELECT,isGrantable=YES}, com.github.jinahya.database.metadata.bind.ColumnPrivilege@8ee6eba4{unmappedColumns={}}{tableCat=PUBLIC,tableSchem=INFORMATION_SCHEMA,tableName=ELEMENT_TYPES,columnName=CHARACTER_SET_CATALOG,grantor=_SYSTEM,grantee=PUBLIC,privilege=SELECT,isGrantable=YES}, com.github.jinahya.database.metadata.bind.ColumnPrivilege@28d89ed1{unmappedColumns={}}{tableCat=PUBLIC,tableSchem=INFORMATION_SCHEMA,tableName=ELEMENT_TYPES,columnName=CHARACTER_SET_NAME,grantor=_SYSTEM,grantee=PUBLIC,privilege=SELECT,isGrantable=YES}, com.github.jinahya.database.metadata.bind.ColumnPrivilege@1bc10d64{unmappedColumns={}}{tableCat=PUBLIC,tableSchem=INFORMATION_SCHEMA,tableName=ELEMENT_TYPES,columnName=CHARACTER_SET_SCHEMA,grantor=_SYSTEM,grantee=PUBLIC,privilege=SELECT,isGrantable=YES}, com.github.jinahya.database.metadata.bind.ColumnPrivilege@9282065b{unmappedColumns={}}{tableCat=PUBLIC,tableSchem=INFORMATION_SCHEMA,tableName=ELEMENT_TYPES,columnName=COLLATION_CATALOG,grantor=_SYSTEM,grantee=PUBLIC,privilege=SELECT,isGrantable=YES}, com.github.jinahya.database.metadata.bind.ColumnPrivilege@60cf9fed{unmappedColumns={}}{tableCat=PUBLIC,tableSchem=INFORMATION_SCHEMA,tableName=ELEMENT_TYPES,columnName=COLLATION_NAME,grantor=_SYSTEM,grantee=PUBLIC,privilege=SELECT,isGrantable=YES}, com.github.jinahya.database.metadata.bind.ColumnPrivilege@b6af260{unmappedColumns={}}{tableCat=PUBLIC,tableSchem=INFORMATION_SCHEMA,tableName=ELEMENT_TYPES,columnName=COLLATION_SCHEMA,grantor=_SYSTEM,grantee=PUBLIC,privilege=SELECT,isGrantable=YES}, com.github.jinahya.database.metadata.bind.ColumnPrivilege@8434cdd4{unmappedColumns={}}{tableCat=PUBLIC,tableSchem=INFORMATION_SCHEMA,tableName=ELEMENT_TYPES,columnName=COLLECTION_TYPE_IDENTIFIER,grantor=_SYSTEM,grantee=PUBLIC,privilege=SELECT,isGrantable=YES}, com.github.jinahya.database.metadata.bind.ColumnPrivilege@cfa055ad{unmappedColumns={}}{tableCat=PUBLIC,tableSchem=INFORMATION_SCHEMA,tableName=ELEMENT_TYPES,columnName=DATA_TYPE,grantor=_SYSTEM,grantee=PUBLIC,privilege=SELECT,isGrantable=YES}, com.github.jinahya.database.metadata.bind.ColumnPrivilege@245ba9b6{unmappedColumns={}}{tableCat=PUBLIC,tableSchem=INFORMATION_SCHEMA,tableName=ELEMENT_TYPES,columnName=DATETIME_PRECISION,grantor=_SYSTEM,grantee=PUBLIC,privilege=SELECT,isGrantable=YES}, com.github.jinahya.database.metadata.bind.ColumnPrivilege@9944f30b{unmappedColumns={}}{tableCat=PUBLIC,tableSchem=INFORMATION_SCHEMA,tableName=ELEMENT_TYPES,columnName=DECLARED_DATA_TYPE,grantor=_SYSTEM,grantee=PUBLIC,privilege=SELECT,isGrantable=YES}, com.github.jinahya.database.metadata.bind.ColumnPrivilege@d8d25f53{unmappedColumns={}}{tableCat=PUBLIC,tableSchem=INFORMATION_SCHEMA,tableName=ELEMENT_TYPES,columnName=DECLARED_NUMERIC_PRECISION,grantor=_SYSTEM,grantee=PUBLIC,privilege=SELECT,isGrantable=YES}, com.github.jinahya.database.metadata.bind.ColumnPrivilege@9b636d58{unmappedColumns={}}{tableCat=PUBLIC,tableSchem=INFORMATION_SCHEMA,tableName=ELEMENT_TYPES,columnName=DECLARED_NUMERIC_SCALE,grantor=_SYSTEM,grantee=PUBLIC,privilege=SELECT,isGrantable=YES}, com.github.jinahya.database.metadata.bind.ColumnPrivilege@2733d3af{unmappedColumns={}}{tableCat=PUBLIC,tableSchem=INFORMATION_SCHEMA,tableName=ELEMENT_TYPES,columnName=DTD_IDENTIFIER,grantor=_SYSTEM,grantee=PUBLIC,privilege=SELECT,isGrantable=YES}, com.github.jinahya.database.metadata.bind.ColumnPrivilege@9e917820{unmappedColumns={}}{tableCat=PUBLIC,tableSchem=INFORMATION_SCHEMA,tableName=ELEMENT_TYPES,columnName=INTERVAL_PRECISION,grantor=_SYSTEM,grantee=PUBLIC,privilege=SELECT,isGrantable=YES}, com.github.jinahya.database.metadata.bind.ColumnPrivilege@4c027b3a{unmappedColumns={}}{tableCat=PUBLIC,tableSchem=INFORMATION_SCHEMA,tableName=ELEMENT_TYPES,columnName=INTERVAL_TYPE,grantor=_SYSTEM,grantee=PUBLIC,privilege=SELECT,isGrantable=YES}, com.github.jinahya.database.metadata.bind.ColumnPrivilege@7d855a70{unmappedColumns={}}{tableCat=PUBLIC,tableSchem=INFORMATION_SCHEMA,tableName=ELEMENT_TYPES,columnName=MAXIMUM_CARDINALITY,grantor=_SYSTEM,grantee=PUBLIC,privilege=SELECT,isGrantable=YES}, com.github.jinahya.database.metadata.bind.ColumnPrivilege@8344eb3{unmappedColumns={}}{tableCat=PUBLIC,tableSchem=INFORMATION_SCHEMA,tableName=ELEMENT_TYPES,columnName=NUMERIC_PRECISION,grantor=_SYSTEM,grantee=PUBLIC,privilege=SELECT,isGrantable=YES}, com.github.jinahya.database.metadata.bind.ColumnPrivilege@98483a1a{unmappedColumns={}}{tableCat=PUBLIC,tableSchem=INFORMATION_SCHEMA,tableName=ELEMENT_TYPES,columnName=NUMERIC_PRECISION_RADIX,grantor=_SYSTEM,grantee=PUBLIC,privilege=SELECT,isGrantable=YES}, com.github.jinahya.database.metadata.bind.ColumnPrivilege@ebdde53b{unmappedColumns={}}{tableCat=PUBLIC,tableSchem=INFORMATION_SCHEMA,tableName=ELEMENT_TYPES,columnName=NUMERIC_SCALE,grantor=_SYSTEM,grantee=PUBLIC,privilege=SELECT,isGrantable=YES}, com.github.jinahya.database.metadata.bind.ColumnPrivilege@13fc3441{unmappedColumns={}}{tableCat=PUBLIC,tableSchem=INFORMATION_SCHEMA,tableName=ELEMENT_TYPES,columnName=OBJECT_CATALOG,grantor=_SYSTEM,grantee=PUBLIC,privilege=SELECT,isGrantable=YES}, com.github.jinahya.database.metadata.bind.ColumnPrivilege@2e60b447{unmappedColumns={}}{tableCat=PUBLIC,tableSchem=INFORMATION_SCHEMA,tableName=ELEMENT_TYPES,columnName=OBJECT_NAME,grantor=_SYSTEM,grantee=PUBLIC,privilege=SELECT,isGrantable=YES}, com.github.jinahya.database.metadata.bind.ColumnPrivilege@7e162a31{unmappedColumns={}}{tableCat=PUBLIC,tableSchem=INFORMATION_SCHEMA,tableName=ELEMENT_TYPES,columnName=OBJECT_SCHEMA,grantor=_SYSTEM,grantee=PUBLIC,privilege=SELECT,isGrantable=YES}, com.github.jinahya.database.metadata.bind.ColumnPrivilege@cf96f7e1{unmappedColumns={}}{tableCat=PUBLIC,tableSchem=INFORMATION_SCHEMA,tableName=ELEMENT_TYPES,columnName=OBJECT_TYPE,grantor=_SYSTEM,grantee=PUBLIC,privilege=SELECT,isGrantable=YES}, com.github.jinahya.database.metadata.bind.ColumnPrivilege@885ba592{unmappedColumns={}}{tableCat=PUBLIC,tableSchem=INFORMATION_SCHEMA,tableName=ELEMENT_TYPES,columnName=SCOPE_CATALOG,grantor=_SYSTEM,grantee=PUBLIC,privilege=SELECT,isGrantable=YES}, com.github.jinahya.database.metadata.bind.ColumnPrivilege@a8d772f0{unmappedColumns={}}{tableCat=PUBLIC,tableSchem=INFORMATION_SCHEMA,tableName=ELEMENT_TYPES,columnName=SCOPE_NAME,grantor=_SYSTEM,grantee=PUBLIC,privilege=SELECT,isGrantable=YES}, com.github.jinahya.database.metadata.bind.ColumnPrivilege@98928efc{unmappedColumns={}}{tableCat=PUBLIC,tableSchem=INFORMATION_SCHEMA,tableName=ELEMENT_TYPES,columnName=SCOPE_SCHEMA,grantor=_SYSTEM,grantee=PUBLIC,privilege=SELECT,isGrantable=YES}, com.github.jinahya.database.metadata.bind.ColumnPrivilege@77e9eb99{unmappedColumns={}}{tableCat=PUBLIC,tableSchem=INFORMATION_SCHEMA,tableName=ELEMENT_TYPES,columnName=UDT_CATALOG,grantor=_SYSTEM,grantee=PUBLIC,privilege=SELECT,isGrantable=YES}, com.github.jinahya.database.metadata.bind.ColumnPrivilege@221b7c6d{unmappedColumns={}}{tableCat=PUBLIC,tableSchem=INFORMATION_SCHEMA,tableName=ELEMENT_TYPES,columnName=UDT_NAME,grantor=_SYSTEM,grantee=PUBLIC,privilege=SELECT,isGrantable=YES}, com.github.jinahya.database.metadata.bind.ColumnPrivilege@901c3516{unmappedColumns={}}{tableCat=PUBLIC,tableSchem=INFORMATION_SCHEMA,tableName=ELEMENT_TYPES,columnName=UDT_SCHEMA,grantor=_SYSTEM,grantee=PUBLIC,privilege=SELECT,isGrantable=YES}]
1104 [main] DEBUG com.github.jinahya.database.metadata.bind.Memory_$_Test - com.github.jinahya.database.metadata.bind.Table@ce8886d3{unmappedColumns={COMMIT_ACTION=null, HSQLDB_TYPE=MEMORY, READ_ONLY=true}}{tableCat=PUBLIC,tableSchem=INFORMATION_SCHEMA,tableName=ENABLED_ROLES,tableType=SYSTEM TABLE,remarks=one row for each role of the session user in the current session,typeCat=null,typeSchem=null,typeName=null,selfReferencingColName=null,refGeneration=null}: [com.github.jinahya.database.metadata.bind.ColumnPrivilege@53dc3e13{unmappedColumns={}}{tableCat=PUBLIC,tableSchem=INFORMATION_SCHEMA,tableName=ENABLED_ROLES,columnName=ROLE_NAME,grantor=_SYSTEM,grantee=PUBLIC,privilege=SELECT,isGrantable=YES}]
1104 [main] DEBUG com.github.jinahya.database.metadata.bind.Memory_$_Test - com.github.jinahya.database.metadata.bind.Table@dc952c10{unmappedColumns={COMMIT_ACTION=null, HSQLDB_TYPE=MEMORY, READ_ONLY=true}}{tableCat=PUBLIC,tableSchem=INFORMATION_SCHEMA,tableName=INFORMATION_SCHEMA_CATALOG_NAME,tableType=SYSTEM TABLE,remarks=the catalog defined within this database,typeCat=null,typeSchem=null,typeName=null,selfReferencingColName=null,refGeneration=null}: [com.github.jinahya.database.metadata.bind.ColumnPrivilege@d036bf42{unmappedColumns={}}{tableCat=PUBLIC,tableSchem=INFORMATION_SCHEMA,tableName=INFORMATION_SCHEMA_CATALOG_NAME,columnName=CATALOG_NAME,grantor=_SYSTEM,grantee=PUBLIC,privilege=SELECT,isGrantable=YES}]
1105 [main] DEBUG com.github.jinahya.database.metadata.bind.Memory_$_Test - com.github.jinahya.database.metadata.bind.Table@ac4ab48c{unmappedColumns={COMMIT_ACTION=null, HSQLDB_TYPE=MEMORY, READ_ONLY=true}}{tableCat=PUBLIC,tableSchem=INFORMATION_SCHEMA,tableName=JARS,tableType=SYSTEM TABLE,remarks=no data,typeCat=null,typeSchem=null,typeName=null,selfReferencingColName=null,refGeneration=null}: [com.github.jinahya.database.metadata.bind.ColumnPrivilege@14b4b634{unmappedColumns={}}{tableCat=PUBLIC,tableSchem=INFORMATION_SCHEMA,tableName=JARS,columnName=JAR_CATALOG,grantor=_SYSTEM,grantee=PUBLIC,privilege=SELECT,isGrantable=YES}, com.github.jinahya.database.metadata.bind.ColumnPrivilege@e06901c1{unmappedColumns={}}{tableCat=PUBLIC,tableSchem=INFORMATION_SCHEMA,tableName=JARS,columnName=JAR_NAME,grantor=_SYSTEM,grantee=PUBLIC,privilege=SELECT,isGrantable=YES}, com.github.jinahya.database.metadata.bind.ColumnPrivilege@7d3d47db{unmappedColumns={}}{tableCat=PUBLIC,tableSchem=INFORMATION_SCHEMA,tableName=JARS,columnName=JAR_PATH,grantor=_SYSTEM,grantee=PUBLIC,privilege=SELECT,isGrantable=YES}, com.github.jinahya.database.metadata.bind.ColumnPrivilege@2693794c{unmappedColumns={}}{tableCat=PUBLIC,tableSchem=INFORMATION_SCHEMA,tableName=JARS,columnName=JAR_SCHEMA,grantor=_SYSTEM,grantee=PUBLIC,privilege=SELECT,isGrantable=YES}]
1105 [main] DEBUG com.github.jinahya.database.metadata.bind.Memory_$_Test - com.github.jinahya.database.metadata.bind.Table@bf498bcd{unmappedColumns={COMMIT_ACTION=null, HSQLDB_TYPE=MEMORY, READ_ONLY=true}}{tableCat=PUBLIC,tableSchem=INFORMATION_SCHEMA,tableName=JAR_JAR_USAGE,tableType=SYSTEM TABLE,remarks=no data,typeCat=null,typeSchem=null,typeName=null,selfReferencingColName=null,refGeneration=null}: [com.github.jinahya.database.metadata.bind.ColumnPrivilege@f37bf347{unmappedColumns={}}{tableCat=PUBLIC,tableSchem=INFORMATION_SCHEMA,tableName=JAR_JAR_USAGE,columnName=JAR_CATALOG,grantor=_SYSTEM,grantee=PUBLIC,privilege=SELECT,isGrantable=YES}, com.github.jinahya.database.metadata.bind.ColumnPrivilege@c394e8fc{unmappedColumns={}}{tableCat=PUBLIC,tableSchem=INFORMATION_SCHEMA,tableName=JAR_JAR_USAGE,columnName=JAR_NAME,grantor=_SYSTEM,grantee=PUBLIC,privilege=SELECT,isGrantable=YES}, com.github.jinahya.database.metadata.bind.ColumnPrivilege@3bea760e{unmappedColumns={}}{tableCat=PUBLIC,tableSchem=INFORMATION_SCHEMA,tableName=JAR_JAR_USAGE,columnName=JAR_SCHEMA,grantor=_SYSTEM,grantee=PUBLIC,privilege=SELECT,isGrantable=YES}, com.github.jinahya.database.metadata.bind.ColumnPrivilege@73309d55{unmappedColumns={}}{tableCat=PUBLIC,tableSchem=INFORMATION_SCHEMA,tableName=JAR_JAR_USAGE,columnName=PATH_JAR_CATALOG,grantor=_SYSTEM,grantee=PUBLIC,privilege=SELECT,isGrantable=YES}, com.github.jinahya.database.metadata.bind.ColumnPrivilege@820f31be{unmappedColumns={}}{tableCat=PUBLIC,tableSchem=INFORMATION_SCHEMA,tableName=JAR_JAR_USAGE,columnName=PATH_JAR_NAME,grantor=_SYSTEM,grantee=PUBLIC,privilege=SELECT,isGrantable=YES}, com.github.jinahya.database.metadata.bind.ColumnPrivilege@3777e812{unmappedColumns={}}{tableCat=PUBLIC,tableSchem=INFORMATION_SCHEMA,tableName=JAR_JAR_USAGE,columnName=PATH_JAR_SCHAMA,grantor=_SYSTEM,grantee=PUBLIC,privilege=SELECT,isGrantable=YES}]
1105 [main] DEBUG com.github.jinahya.database.metadata.bind.Memory_$_Test - com.github.jinahya.database.metadata.bind.Table@bd2b902c{unmappedColumns={COMMIT_ACTION=null, HSQLDB_TYPE=MEMORY, READ_ONLY=true}}{tableCat=PUBLIC,tableSchem=INFORMATION_SCHEMA,tableName=KEY_COLUMN_USAGE,tableType=SYSTEM TABLE,remarks=one row for each column used in s primary key or unique constraint,typeCat=null,typeSchem=null,typeName=null,selfReferencingColName=null,refGeneration=null}: [com.github.jinahya.database.metadata.bind.ColumnPrivilege@6f572682{unmappedColumns={}}{tableCat=PUBLIC,tableSchem=INFORMATION_SCHEMA,tableName=KEY_COLUMN_USAGE,columnName=COLUMN_NAME,grantor=_SYSTEM,grantee=PUBLIC,privilege=SELECT,isGrantable=YES}, com.github.jinahya.database.metadata.bind.ColumnPrivilege@c71650ac{unmappedColumns={}}{tableCat=PUBLIC,tableSchem=INFORMATION_SCHEMA,tableName=KEY_COLUMN_USAGE,columnName=CONSTRAINT_CATALOG,grantor=_SYSTEM,grantee=PUBLIC,privilege=SELECT,isGrantable=YES}, com.github.jinahya.database.metadata.bind.ColumnPrivilege@46a3d0bf{unmappedColumns={}}{tableCat=PUBLIC,tableSchem=INFORMATION_SCHEMA,tableName=KEY_COLUMN_USAGE,columnName=CONSTRAINT_NAME,grantor=_SYSTEM,grantee=PUBLIC,privilege=SELECT,isGrantable=YES}, com.github.jinahya.database.metadata.bind.ColumnPrivilege@96883f56{unmappedColumns={}}{tableCat=PUBLIC,tableSchem=INFORMATION_SCHEMA,tableName=KEY_COLUMN_USAGE,columnName=CONSTRAINT_SCHEMA,grantor=_SYSTEM,grantee=PUBLIC,privilege=SELECT,isGrantable=YES}, com.github.jinahya.database.metadata.bind.ColumnPrivilege@28d4b86f{unmappedColumns={}}{tableCat=PUBLIC,tableSchem=INFORMATION_SCHEMA,tableName=KEY_COLUMN_USAGE,columnName=ORDINAL_POSITION,grantor=_SYSTEM,grantee=PUBLIC,privilege=SELECT,isGrantable=YES}, com.github.jinahya.database.metadata.bind.ColumnPrivilege@43cd184d{unmappedColumns={}}{tableCat=PUBLIC,tableSchem=INFORMATION_SCHEMA,tableName=KEY_COLUMN_USAGE,columnName=POSITION_IN_UNIQUE_CONSTRAINT,grantor=_SYSTEM,grantee=PUBLIC,privilege=SELECT,isGrantable=YES}, com.github.jinahya.database.metadata.bind.ColumnPrivilege@b2ce658d{unmappedColumns={}}{tableCat=PUBLIC,tableSchem=INFORMATION_SCHEMA,tableName=KEY_COLUMN_USAGE,columnName=TABLE_CATALOG,grantor=_SYSTEM,grantee=PUBLIC,privilege=SELECT,isGrantable=YES}, com.github.jinahya.database.metadata.bind.ColumnPrivilege@7d2080d3{unmappedColumns={}}{tableCat=PUBLIC,tableSchem=INFORMATION_SCHEMA,tableName=KEY_COLUMN_USAGE,columnName=TABLE_NAME,grantor=_SYSTEM,grantee=PUBLIC,privilege=SELECT,isGrantable=YES}, com.github.jinahya.database.metadata.bind.ColumnPrivilege@13c58198{unmappedColumns={}}{tableCat=PUBLIC,tableSchem=INFORMATION_SCHEMA,tableName=KEY_COLUMN_USAGE,columnName=TABLE_SCHEMA,grantor=_SYSTEM,grantee=PUBLIC,privilege=SELECT,isGrantable=YES}]
1105 [main] DEBUG com.github.jinahya.database.metadata.bind.Memory_$_Test - com.github.jinahya.database.metadata.bind.Table@d5897657{unmappedColumns={COMMIT_ACTION=null, HSQLDB_TYPE=MEMORY, READ_ONLY=true}}{tableCat=PUBLIC,tableSchem=INFORMATION_SCHEMA,tableName=KEY_PERIOD_USAGE,tableType=SYSTEM TABLE,remarks=one row for each period used in s primary key or unique constraint,typeCat=null,typeSchem=null,typeName=null,selfReferencingColName=null,refGeneration=null}: [com.github.jinahya.database.metadata.bind.ColumnPrivilege@4253f485{unmappedColumns={}}{tableCat=PUBLIC,tableSchem=INFORMATION_SCHEMA,tableName=KEY_PERIOD_USAGE,columnName=CONSTRAINT_CATALOG,grantor=_SYSTEM,grantee=PUBLIC,privilege=SELECT,isGrantable=YES}, com.github.jinahya.database.metadata.bind.ColumnPrivilege@3fcb446a{unmappedColumns={}}{tableCat=PUBLIC,tableSchem=INFORMATION_SCHEMA,tableName=KEY_PERIOD_USAGE,columnName=CONSTRAINT_NAME,grantor=_SYSTEM,grantee=PUBLIC,privilege=SELECT,isGrantable=YES}, com.github.jinahya.database.metadata.bind.ColumnPrivilege@f81e5c23{unmappedColumns={}}{tableCat=PUBLIC,tableSchem=INFORMATION_SCHEMA,tableName=KEY_PERIOD_USAGE,columnName=CONSTRAINT_SCHEMA,grantor=_SYSTEM,grantee=PUBLIC,privilege=SELECT,isGrantable=YES}, com.github.jinahya.database.metadata.bind.ColumnPrivilege@fa542c99{unmappedColumns={}}{tableCat=PUBLIC,tableSchem=INFORMATION_SCHEMA,tableName=KEY_PERIOD_USAGE,columnName=PERIOD_NAME,grantor=_SYSTEM,grantee=PUBLIC,privilege=SELECT,isGrantable=YES}, com.github.jinahya.database.metadata.bind.ColumnPrivilege@aefa7d1f{unmappedColumns={}}{tableCat=PUBLIC,tableSchem=INFORMATION_SCHEMA,tableName=KEY_PERIOD_USAGE,columnName=TABLE_CATALOG,grantor=_SYSTEM,grantee=PUBLIC,privilege=SELECT,isGrantable=YES}, com.github.jinahya.database.metadata.bind.ColumnPrivilege@8f8f5db7{unmappedColumns={}}{tableCat=PUBLIC,tableSchem=INFORMATION_SCHEMA,tableName=KEY_PERIOD_USAGE,columnName=TABLE_NAME,grantor=_SYSTEM,grantee=PUBLIC,privilege=SELECT,isGrantable=YES}, com.github.jinahya.database.metadata.bind.ColumnPrivilege@12b449b2{unmappedColumns={}}{tableCat=PUBLIC,tableSchem=INFORMATION_SCHEMA,tableName=KEY_PERIOD_USAGE,columnName=TABLE_SCHEMA,grantor=_SYSTEM,grantee=PUBLIC,privilege=SELECT,isGrantable=YES}]
1106 [main] DEBUG com.github.jinahya.database.metadata.bind.Memory_$_Test - com.github.jinahya.database.metadata.bind.Table@e469c0be{unmappedColumns={COMMIT_ACTION=null, HSQLDB_TYPE=MEMORY, READ_ONLY=true}}{tableCat=PUBLIC,tableSchem=INFORMATION_SCHEMA,tableName=PARAMETERS,tableType=SYSTEM TABLE,remarks=one row for each routine parameter,typeCat=null,typeSchem=null,typeName=null,selfReferencingColName=null,refGeneration=null}: [com.github.jinahya.database.metadata.bind.ColumnPrivilege@9c7ae3a4{unmappedColumns={}}{tableCat=PUBLIC,tableSchem=INFORMATION_SCHEMA,tableName=PARAMETERS,columnName=AS_LOCATOR,grantor=_SYSTEM,grantee=PUBLIC,privilege=SELECT,isGrantable=YES}, com.github.jinahya.database.metadata.bind.ColumnPrivilege@60c101ab{unmappedColumns={}}{tableCat=PUBLIC,tableSchem=INFORMATION_SCHEMA,tableName=PARAMETERS,columnName=CHARACTER_MAXIMUM_LENGTH,grantor=_SYSTEM,grantee=PUBLIC,privilege=SELECT,isGrantable=YES}, com.github.jinahya.database.metadata.bind.ColumnPrivilege@96790b20{unmappedColumns={}}{tableCat=PUBLIC,tableSchem=INFORMATION_SCHEMA,tableName=PARAMETERS,columnName=CHARACTER_OCTET_LENGTH,grantor=_SYSTEM,grantee=PUBLIC,privilege=SELECT,isGrantable=YES}, com.github.jinahya.database.metadata.bind.ColumnPrivilege@aa91762f{unmappedColumns={}}{tableCat=PUBLIC,tableSchem=INFORMATION_SCHEMA,tableName=PARAMETERS,columnName=CHARACTER_SET_CATALOG,grantor=_SYSTEM,grantee=PUBLIC,privilege=SELECT,isGrantable=YES}, com.github.jinahya.database.metadata.bind.ColumnPrivilege@c2747505{unmappedColumns={}}{tableCat=PUBLIC,tableSchem=INFORMATION_SCHEMA,tableName=PARAMETERS,columnName=CHARACTER_SET_NAME,grantor=_SYSTEM,grantee=PUBLIC,privilege=SELECT,isGrantable=YES}, com.github.jinahya.database.metadata.bind.ColumnPrivilege@3e0b9ad4{unmappedColumns={}}{tableCat=PUBLIC,tableSchem=INFORMATION_SCHEMA,tableName=PARAMETERS,columnName=CHARACTER_SET_SCHEMA,grantor=_SYSTEM,grantee=PUBLIC,privilege=SELECT,isGrantable=YES}, com.github.jinahya.database.metadata.bind.ColumnPrivilege@d9538f4e{unmappedColumns={}}{tableCat=PUBLIC,tableSchem=INFORMATION_SCHEMA,tableName=PARAMETERS,columnName=COLLATION_CATALOG,grantor=_SYSTEM,grantee=PUBLIC,privilege=SELECT,isGrantable=YES}, com.github.jinahya.database.metadata.bind.ColumnPrivilege@a1c9f6d{unmappedColumns={}}{tableCat=PUBLIC,tableSchem=INFORMATION_SCHEMA,tableName=PARAMETERS,columnName=COLLATION_NAME,grantor=_SYSTEM,grantee=PUBLIC,privilege=SELECT,isGrantable=YES}, com.github.jinahya.database.metadata.bind.ColumnPrivilege@728759b0{unmappedColumns={}}{tableCat=PUBLIC,tableSchem=INFORMATION_SCHEMA,tableName=PARAMETERS,columnName=COLLATION_SCHEMA,grantor=_SYSTEM,grantee=PUBLIC,privilege=SELECT,isGrantable=YES}, com.github.jinahya.database.metadata.bind.ColumnPrivilege@a3ee3fa3{unmappedColumns={}}{tableCat=PUBLIC,tableSchem=INFORMATION_SCHEMA,tableName=PARAMETERS,columnName=DATA_TYPE,grantor=_SYSTEM,grantee=PUBLIC,privilege=SELECT,isGrantable=YES}, com.github.jinahya.database.metadata.bind.ColumnPrivilege@fdec88bf{unmappedColumns={}}{tableCat=PUBLIC,tableSchem=INFORMATION_SCHEMA,tableName=PARAMETERS,columnName=DATETIME_PRECISION,grantor=_SYSTEM,grantee=PUBLIC,privilege=SELECT,isGrantable=YES}, com.github.jinahya.database.metadata.bind.ColumnPrivilege@3e12c2a0{unmappedColumns={}}{tableCat=PUBLIC,tableSchem=INFORMATION_SCHEMA,tableName=PARAMETERS,columnName=DECLARED_DATA_TYPE,grantor=_SYSTEM,grantee=PUBLIC,privilege=SELECT,isGrantable=YES}, com.github.jinahya.database.metadata.bind.ColumnPrivilege@45a14f6b{unmappedColumns={}}{tableCat=PUBLIC,tableSchem=INFORMATION_SCHEMA,tableName=PARAMETERS,columnName=DECLARED_NUMERIC_PRECISION,grantor=_SYSTEM,grantee=PUBLIC,privilege=SELECT,isGrantable=YES}, com.github.jinahya.database.metadata.bind.ColumnPrivilege@c7bea26f{unmappedColumns={}}{tableCat=PUBLIC,tableSchem=INFORMATION_SCHEMA,tableName=PARAMETERS,columnName=DECLARED_NUMERIC_SCALE,grantor=_SYSTEM,grantee=PUBLIC,privilege=SELECT,isGrantable=YES}, com.github.jinahya.database.metadata.bind.ColumnPrivilege@381af5ae{unmappedColumns={}}{tableCat=PUBLIC,tableSchem=INFORMATION_SCHEMA,tableName=PARAMETERS,columnName=DTD_IDENTIFIER,grantor=_SYSTEM,grantee=PUBLIC,privilege=SELECT,isGrantable=YES}, com.github.jinahya.database.metadata.bind.ColumnPrivilege@f97ba7c9{unmappedColumns={}}{tableCat=PUBLIC,tableSchem=INFORMATION_SCHEMA,tableName=PARAMETERS,columnName=FROM_SQL_SPECIFIC_CATALOG,grantor=_SYSTEM,grantee=PUBLIC,privilege=SELECT,isGrantable=YES}, com.github.jinahya.database.metadata.bind.ColumnPrivilege@f4268bac{unmappedColumns={}}{tableCat=PUBLIC,tableSchem=INFORMATION_SCHEMA,tableName=PARAMETERS,columnName=FROM_SQL_SPECIFIC_NAME,grantor=_SYSTEM,grantee=PUBLIC,privilege=SELECT,isGrantable=YES}, com.github.jinahya.database.metadata.bind.ColumnPrivilege@fb3c5b7f{unmappedColumns={}}{tableCat=PUBLIC,tableSchem=INFORMATION_SCHEMA,tableName=PARAMETERS,columnName=FROM_SQL_SPECIFIC_SCHEMA,grantor=_SYSTEM,grantee=PUBLIC,privilege=SELECT,isGrantable=YES}, com.github.jinahya.database.metadata.bind.ColumnPrivilege@4f9354{unmappedColumns={}}{tableCat=PUBLIC,tableSchem=INFORMATION_SCHEMA,tableName=PARAMETERS,columnName=INTERVAL_PRECISION,grantor=_SYSTEM,grantee=PUBLIC,privilege=SELECT,isGrantable=YES}, com.github.jinahya.database.metadata.bind.ColumnPrivilege@a1572180{unmappedColumns={}}{tableCat=PUBLIC,tableSchem=INFORMATION_SCHEMA,tableName=PARAMETERS,columnName=INTERVAL_TYPE,grantor=_SYSTEM,grantee=PUBLIC,privilege=SELECT,isGrantable=YES}, com.github.jinahya.database.metadata.bind.ColumnPrivilege@3e1681c3{unmappedColumns={}}{tableCat=PUBLIC,tableSchem=INFORMATION_SCHEMA,tableName=PARAMETERS,columnName=IS_RESULT,grantor=_SYSTEM,grantee=PUBLIC,privilege=SELECT,isGrantable=YES}, com.github.jinahya.database.metadata.bind.ColumnPrivilege@58738a6b{unmappedColumns={}}{tableCat=PUBLIC,tableSchem=INFORMATION_SCHEMA,tableName=PARAMETERS,columnName=MAXIMUM_CARDINALITY,grantor=_SYSTEM,grantee=PUBLIC,privilege=SELECT,isGrantable=YES}, com.github.jinahya.database.metadata.bind.ColumnPrivilege@36dd8298{unmappedColumns={}}{tableCat=PUBLIC,tableSchem=INFORMATION_SCHEMA,tableName=PARAMETERS,columnName=NUMERIC_PRECISION,grantor=_SYSTEM,grantee=PUBLIC,privilege=SELECT,isGrantable=YES}, com.github.jinahya.database.metadata.bind.ColumnPrivilege@821fe8e8{unmappedColumns={}}{tableCat=PUBLIC,tableSchem=INFORMATION_SCHEMA,tableName=PARAMETERS,columnName=NUMERIC_PRECISION_RADIX,grantor=_SYSTEM,grantee=PUBLIC,privilege=SELECT,isGrantable=YES}, com.github.jinahya.database.metadata.bind.ColumnPrivilege@f3103aa1{unmappedColumns={}}{tableCat=PUBLIC,tableSchem=INFORMATION_SCHEMA,tableName=PARAMETERS,columnName=NUMERIC_SCALE,grantor=_SYSTEM,grantee=PUBLIC,privilege=SELECT,isGrantable=YES}, com.github.jinahya.database.metadata.bind.ColumnPrivilege@73b4cc3d{unmappedColumns={}}{tableCat=PUBLIC,tableSchem=INFORMATION_SCHEMA,tableName=PARAMETERS,columnName=ORDINAL_POSITION,grantor=_SYSTEM,grantee=PUBLIC,privilege=SELECT,isGrantable=YES}, com.github.jinahya.database.metadata.bind.ColumnPrivilege@4b913137{unmappedColumns={}}{tableCat=PUBLIC,tableSchem=INFORMATION_SCHEMA,tableName=PARAMETERS,columnName=PARAMETER_MODE,grantor=_SYSTEM,grantee=PUBLIC,privilege=SELECT,isGrantable=YES}, com.github.jinahya.database.metadata.bind.ColumnPrivilege@84959b31{unmappedColumns={}}{tableCat=PUBLIC,tableSchem=INFORMATION_SCHEMA,tableName=PARAMETERS,columnName=PARAMETER_NAME,grantor=_SYSTEM,grantee=PUBLIC,privilege=SELECT,isGrantable=YES}, com.github.jinahya.database.metadata.bind.ColumnPrivilege@92cb724f{unmappedColumns={}}{tableCat=PUBLIC,tableSchem=INFORMATION_SCHEMA,tableName=PARAMETERS,columnName=SCOPE_CATALOG,grantor=_SYSTEM,grantee=PUBLIC,privilege=SELECT,isGrantable=YES}, com.github.jinahya.database.metadata.bind.ColumnPrivilege@60daec2a{unmappedColumns={}}{tableCat=PUBLIC,tableSchem=INFORMATION_SCHEMA,tableName=PARAMETERS,columnName=SCOPE_NAME,grantor=_SYSTEM,grantee=PUBLIC,privilege=SELECT,isGrantable=YES}, com.github.jinahya.database.metadata.bind.ColumnPrivilege@af3dcda6{unmappedColumns={}}{tableCat=PUBLIC,tableSchem=INFORMATION_SCHEMA,tableName=PARAMETERS,columnName=SCOPE_SCHEMA,grantor=_SYSTEM,grantee=PUBLIC,privilege=SELECT,isGrantable=YES}, com.github.jinahya.database.metadata.bind.ColumnPrivilege@22f5c99d{unmappedColumns={}}{tableCat=PUBLIC,tableSchem=INFORMATION_SCHEMA,tableName=PARAMETERS,columnName=SPECIFIC_CATALOG,grantor=_SYSTEM,grantee=PUBLIC,privilege=SELECT,isGrantable=YES}, com.github.jinahya.database.metadata.bind.ColumnPrivilege@2fe3028f{unmappedColumns={}}{tableCat=PUBLIC,tableSchem=INFORMATION_SCHEMA,tableName=PARAMETERS,columnName=SPECIFIC_NAME,grantor=_SYSTEM,grantee=PUBLIC,privilege=SELECT,isGrantable=YES}, com.github.jinahya.database.metadata.bind.ColumnPrivilege@22e80f2a{unmappedColumns={}}{tableCat=PUBLIC,tableSchem=INFORMATION_SCHEMA,tableName=PARAMETERS,columnName=SPECIFIC_SCHEMA,grantor=_SYSTEM,grantee=PUBLIC,privilege=SELECT,isGrantable=YES}, com.github.jinahya.database.metadata.bind.ColumnPrivilege@dadd850b{unmappedColumns={}}{tableCat=PUBLIC,tableSchem=INFORMATION_SCHEMA,tableName=PARAMETERS,columnName=TO_SQL_SPECIFIC_CATALOG,grantor=_SYSTEM,grantee=PUBLIC,privilege=SELECT,isGrantable=YES}, com.github.jinahya.database.metadata.bind.ColumnPrivilege@2a5aebae{unmappedColumns={}}{tableCat=PUBLIC,tableSchem=INFORMATION_SCHEMA,tableName=PARAMETERS,columnName=TO_SQL_SPECIFIC_NAME,grantor=_SYSTEM,grantee=PUBLIC,privilege=SELECT,isGrantable=YES}, com.github.jinahya.database.metadata.bind.ColumnPrivilege@782c4e90{unmappedColumns={}}{tableCat=PUBLIC,tableSchem=INFORMATION_SCHEMA,tableName=PARAMETERS,columnName=TO_SQL_SPECIFIC_SCHEMA,grantor=_SYSTEM,grantee=PUBLIC,privilege=SELECT,isGrantable=YES}, com.github.jinahya.database.metadata.bind.ColumnPrivilege@a9d4c759{unmappedColumns={}}{tableCat=PUBLIC,tableSchem=INFORMATION_SCHEMA,tableName=PARAMETERS,columnName=UDT_CATALOG,grantor=_SYSTEM,grantee=PUBLIC,privilege=SELECT,isGrantable=YES}, com.github.jinahya.database.metadata.bind.ColumnPrivilege@2bf5351e{unmappedColumns={}}{tableCat=PUBLIC,tableSchem=INFORMATION_SCHEMA,tableName=PARAMETERS,columnName=UDT_NAME,grantor=_SYSTEM,grantee=PUBLIC,privilege=SELECT,isGrantable=YES}, com.github.jinahya.database.metadata.bind.ColumnPrivilege@912cc9c8{unmappedColumns={}}{tableCat=PUBLIC,tableSchem=INFORMATION_SCHEMA,tableName=PARAMETERS,columnName=UDT_SCHEMA,grantor=_SYSTEM,grantee=PUBLIC,privilege=SELECT,isGrantable=YES}]
1106 [main] DEBUG com.github.jinahya.database.metadata.bind.Memory_$_Test - com.github.jinahya.database.metadata.bind.Table@ae7ee186{unmappedColumns={COMMIT_ACTION=null, HSQLDB_TYPE=MEMORY, READ_ONLY=true}}{tableCat=PUBLIC,tableSchem=INFORMATION_SCHEMA,tableName=PERIODS,tableType=SYSTEM TABLE,remarks=one row for each system time or application period,typeCat=null,typeSchem=null,typeName=null,selfReferencingColName=null,refGeneration=null}: [com.github.jinahya.database.metadata.bind.ColumnPrivilege@9a70cac2{unmappedColumns={}}{tableCat=PUBLIC,tableSchem=INFORMATION_SCHEMA,tableName=PERIODS,columnName=END_COLUMN_NAME,grantor=_SYSTEM,grantee=PUBLIC,privilege=SELECT,isGrantable=YES}, com.github.jinahya.database.metadata.bind.ColumnPrivilege@e9ba26b4{unmappedColumns={}}{tableCat=PUBLIC,tableSchem=INFORMATION_SCHEMA,tableName=PERIODS,columnName=PERIOD_NAME,grantor=_SYSTEM,grantee=PUBLIC,privilege=SELECT,isGrantable=YES}, com.github.jinahya.database.metadata.bind.ColumnPrivilege@b61b089b{unmappedColumns={}}{tableCat=PUBLIC,tableSchem=INFORMATION_SCHEMA,tableName=PERIODS,columnName=START_COLUMN_NAME,grantor=_SYSTEM,grantee=PUBLIC,privilege=SELECT,isGrantable=YES}, com.github.jinahya.database.metadata.bind.ColumnPrivilege@a46957af{unmappedColumns={}}{tableCat=PUBLIC,tableSchem=INFORMATION_SCHEMA,tableName=PERIODS,columnName=TABLE_CATALOG,grantor=_SYSTEM,grantee=PUBLIC,privilege=SELECT,isGrantable=YES}, com.github.jinahya.database.metadata.bind.ColumnPrivilege@733a2261{unmappedColumns={}}{tableCat=PUBLIC,tableSchem=INFORMATION_SCHEMA,tableName=PERIODS,columnName=TABLE_NAME,grantor=_SYSTEM,grantee=PUBLIC,privilege=SELECT,isGrantable=YES}, com.github.jinahya.database.metadata.bind.ColumnPrivilege@1de1d0a7{unmappedColumns={}}{tableCat=PUBLIC,tableSchem=INFORMATION_SCHEMA,tableName=PERIODS,columnName=TABLE_SCHEMA,grantor=_SYSTEM,grantee=PUBLIC,privilege=SELECT,isGrantable=YES}]
1107 [main] DEBUG com.github.jinahya.database.metadata.bind.Memory_$_Test - com.github.jinahya.database.metadata.bind.Table@c94f1794{unmappedColumns={COMMIT_ACTION=null, HSQLDB_TYPE=MEMORY, READ_ONLY=true}}{tableCat=PUBLIC,tableSchem=INFORMATION_SCHEMA,tableName=REFERENTIAL_CONSTRAINTS,tableType=SYSTEM TABLE,remarks=one row for each foreign key constraint,typeCat=null,typeSchem=null,typeName=null,selfReferencingColName=null,refGeneration=null}: [com.github.jinahya.database.metadata.bind.ColumnPrivilege@be755a3e{unmappedColumns={}}{tableCat=PUBLIC,tableSchem=INFORMATION_SCHEMA,tableName=REFERENTIAL_CONSTRAINTS,columnName=CONSTRAINT_CATALOG,grantor=_SYSTEM,grantee=PUBLIC,privilege=SELECT,isGrantable=YES}, com.github.jinahya.database.metadata.bind.ColumnPrivilege@91bc1c96{unmappedColumns={}}{tableCat=PUBLIC,tableSchem=INFORMATION_SCHEMA,tableName=REFERENTIAL_CONSTRAINTS,columnName=CONSTRAINT_NAME,grantor=_SYSTEM,grantee=PUBLIC,privilege=SELECT,isGrantable=YES}, com.github.jinahya.database.metadata.bind.ColumnPrivilege@192e595b{unmappedColumns={}}{tableCat=PUBLIC,tableSchem=INFORMATION_SCHEMA,tableName=REFERENTIAL_CONSTRAINTS,columnName=CONSTRAINT_SCHEMA,grantor=_SYSTEM,grantee=PUBLIC,privilege=SELECT,isGrantable=YES}, com.github.jinahya.database.metadata.bind.ColumnPrivilege@c88c841b{unmappedColumns={}}{tableCat=PUBLIC,tableSchem=INFORMATION_SCHEMA,tableName=REFERENTIAL_CONSTRAINTS,columnName=DELETE_RULE,grantor=_SYSTEM,grantee=PUBLIC,privilege=SELECT,isGrantable=YES}, com.github.jinahya.database.metadata.bind.ColumnPrivilege@cd561a73{unmappedColumns={}}{tableCat=PUBLIC,tableSchem=INFORMATION_SCHEMA,tableName=REFERENTIAL_CONSTRAINTS,columnName=MATCH_OPTION,grantor=_SYSTEM,grantee=PUBLIC,privilege=SELECT,isGrantable=YES}, com.github.jinahya.database.metadata.bind.ColumnPrivilege@9793e7f5{unmappedColumns={}}{tableCat=PUBLIC,tableSchem=INFORMATION_SCHEMA,tableName=REFERENTIAL_CONSTRAINTS,columnName=UNIQUE_CONSTRAINT_CATALOG,grantor=_SYSTEM,grantee=PUBLIC,privilege=SELECT,isGrantable=YES}, com.github.jinahya.database.metadata.bind.ColumnPrivilege@a95f0717{unmappedColumns={}}{tableCat=PUBLIC,tableSchem=INFORMATION_SCHEMA,tableName=REFERENTIAL_CONSTRAINTS,columnName=UNIQUE_CONSTRAINT_NAME,grantor=_SYSTEM,grantee=PUBLIC,privilege=SELECT,isGrantable=YES}, com.github.jinahya.database.metadata.bind.ColumnPrivilege@ead1585{unmappedColumns={}}{tableCat=PUBLIC,tableSchem=INFORMATION_SCHEMA,tableName=REFERENTIAL_CONSTRAINTS,columnName=UNIQUE_CONSTRAINT_SCHEMA,grantor=_SYSTEM,grantee=PUBLIC,privilege=SELECT,isGrantable=YES}, com.github.jinahya.database.metadata.bind.ColumnPrivilege@3ecbabdc{unmappedColumns={}}{tableCat=PUBLIC,tableSchem=INFORMATION_SCHEMA,tableName=REFERENTIAL_CONSTRAINTS,columnName=UPDATE_RULE,grantor=_SYSTEM,grantee=PUBLIC,privilege=SELECT,isGrantable=YES}]
1107 [main] DEBUG com.github.jinahya.database.metadata.bind.Memory_$_Test - com.github.jinahya.database.metadata.bind.Table@f6a2e429{unmappedColumns={COMMIT_ACTION=null, HSQLDB_TYPE=MEMORY, READ_ONLY=true}}{tableCat=PUBLIC,tableSchem=INFORMATION_SCHEMA,tableName=ROLE_AUTHORIZATION_DESCRIPTORS,tableType=SYSTEM TABLE,remarks=one row for each role granted directly to a grantee,typeCat=null,typeSchem=null,typeName=null,selfReferencingColName=null,refGeneration=null}: [com.github.jinahya.database.metadata.bind.ColumnPrivilege@c2227d3e{unmappedColumns={}}{tableCat=PUBLIC,tableSchem=INFORMATION_SCHEMA,tableName=ROLE_AUTHORIZATION_DESCRIPTORS,columnName=GRANTEE,grantor=_SYSTEM,grantee=PUBLIC,privilege=SELECT,isGrantable=YES}, com.github.jinahya.database.metadata.bind.ColumnPrivilege@719a9780{unmappedColumns={}}{tableCat=PUBLIC,tableSchem=INFORMATION_SCHEMA,tableName=ROLE_AUTHORIZATION_DESCRIPTORS,columnName=GRANTOR,grantor=_SYSTEM,grantee=PUBLIC,privilege=SELECT,isGrantable=YES}, com.github.jinahya.database.metadata.bind.ColumnPrivilege@79ca918d{unmappedColumns={}}{tableCat=PUBLIC,tableSchem=INFORMATION_SCHEMA,tableName=ROLE_AUTHORIZATION_DESCRIPTORS,columnName=IS_GRANTABLE,grantor=_SYSTEM,grantee=PUBLIC,privilege=SELECT,isGrantable=YES}, com.github.jinahya.database.metadata.bind.ColumnPrivilege@992cb69e{unmappedColumns={}}{tableCat=PUBLIC,tableSchem=INFORMATION_SCHEMA,tableName=ROLE_AUTHORIZATION_DESCRIPTORS,columnName=ROLE_NAME,grantor=_SYSTEM,grantee=PUBLIC,privilege=SELECT,isGrantable=YES}]
1107 [main] DEBUG com.github.jinahya.database.metadata.bind.Memory_$_Test - com.github.jinahya.database.metadata.bind.Table@2dd16ab{unmappedColumns={COMMIT_ACTION=null, HSQLDB_TYPE=MEMORY, READ_ONLY=true}}{tableCat=PUBLIC,tableSchem=INFORMATION_SCHEMA,tableName=ROLE_COLUMN_GRANTS,tableType=SYSTEM TABLE,remarks=one row for each privilege on a column granted to a role,typeCat=null,typeSchem=null,typeName=null,selfReferencingColName=null,refGeneration=null}: [com.github.jinahya.database.metadata.bind.ColumnPrivilege@d914a9f{unmappedColumns={}}{tableCat=PUBLIC,tableSchem=INFORMATION_SCHEMA,tableName=ROLE_COLUMN_GRANTS,columnName=COLUMN_NAME,grantor=_SYSTEM,grantee=PUBLIC,privilege=SELECT,isGrantable=YES}, com.github.jinahya.database.metadata.bind.ColumnPrivilege@60b378dd{unmappedColumns={}}{tableCat=PUBLIC,tableSchem=INFORMATION_SCHEMA,tableName=ROLE_COLUMN_GRANTS,columnName=GRANTEE,grantor=_SYSTEM,grantee=PUBLIC,privilege=SELECT,isGrantable=YES}, com.github.jinahya.database.metadata.bind.ColumnPrivilege@a522751{unmappedColumns={}}{tableCat=PUBLIC,tableSchem=INFORMATION_SCHEMA,tableName=ROLE_COLUMN_GRANTS,columnName=GRANTOR,grantor=_SYSTEM,grantee=PUBLIC,privilege=SELECT,isGrantable=YES}, com.github.jinahya.database.metadata.bind.ColumnPrivilege@59c6c427{unmappedColumns={}}{tableCat=PUBLIC,tableSchem=INFORMATION_SCHEMA,tableName=ROLE_COLUMN_GRANTS,columnName=IS_GRANTABLE,grantor=_SYSTEM,grantee=PUBLIC,privilege=SELECT,isGrantable=YES}, com.github.jinahya.database.metadata.bind.ColumnPrivilege@c5502b6f{unmappedColumns={}}{tableCat=PUBLIC,tableSchem=INFORMATION_SCHEMA,tableName=ROLE_COLUMN_GRANTS,columnName=PRIVILEGE_TYPE,grantor=_SYSTEM,grantee=PUBLIC,privilege=SELECT,isGrantable=YES}, com.github.jinahya.database.metadata.bind.ColumnPrivilege@1a8b12e2{unmappedColumns={}}{tableCat=PUBLIC,tableSchem=INFORMATION_SCHEMA,tableName=ROLE_COLUMN_GRANTS,columnName=TABLE_CATALOG,grantor=_SYSTEM,grantee=PUBLIC,privilege=SELECT,isGrantable=YES}, com.github.jinahya.database.metadata.bind.ColumnPrivilege@130b6683{unmappedColumns={}}{tableCat=PUBLIC,tableSchem=INFORMATION_SCHEMA,tableName=ROLE_COLUMN_GRANTS,columnName=TABLE_NAME,grantor=_SYSTEM,grantee=PUBLIC,privilege=SELECT,isGrantable=YES}, com.github.jinahya.database.metadata.bind.ColumnPrivilege@9646b9b8{unmappedColumns={}}{tableCat=PUBLIC,tableSchem=INFORMATION_SCHEMA,tableName=ROLE_COLUMN_GRANTS,columnName=TABLE_SCHEMA,grantor=_SYSTEM,grantee=PUBLIC,privilege=SELECT,isGrantable=YES}]
1107 [main] DEBUG com.github.jinahya.database.metadata.bind.Memory_$_Test - com.github.jinahya.database.metadata.bind.Table@9e21f48f{unmappedColumns={COMMIT_ACTION=null, HSQLDB_TYPE=MEMORY, READ_ONLY=true}}{tableCat=PUBLIC,tableSchem=INFORMATION_SCHEMA,tableName=ROLE_ROUTINE_GRANTS,tableType=SYSTEM TABLE,remarks=one row for each usage grant on a routine to a role,typeCat=null,typeSchem=null,typeName=null,selfReferencingColName=null,refGeneration=null}: [com.github.jinahya.database.metadata.bind.ColumnPrivilege@6b469e05{unmappedColumns={}}{tableCat=PUBLIC,tableSchem=INFORMATION_SCHEMA,tableName=ROLE_ROUTINE_GRANTS,columnName=GRANTEE,grantor=_SYSTEM,grantee=PUBLIC,privilege=SELECT,isGrantable=YES}, com.github.jinahya.database.metadata.bind.ColumnPrivilege@5321ab13{unmappedColumns={}}{tableCat=PUBLIC,tableSchem=INFORMATION_SCHEMA,tableName=ROLE_ROUTINE_GRANTS,columnName=GRANTOR,grantor=_SYSTEM,grantee=PUBLIC,privilege=SELECT,isGrantable=YES}, com.github.jinahya.database.metadata.bind.ColumnPrivilege@50ff194f{unmappedColumns={}}{tableCat=PUBLIC,tableSchem=INFORMATION_SCHEMA,tableName=ROLE_ROUTINE_GRANTS,columnName=IS_GRANTABLE,grantor=_SYSTEM,grantee=PUBLIC,privilege=SELECT,isGrantable=YES}, com.github.jinahya.database.metadata.bind.ColumnPrivilege@9173ede7{unmappedColumns={}}{tableCat=PUBLIC,tableSchem=INFORMATION_SCHEMA,tableName=ROLE_ROUTINE_GRANTS,columnName=PRIVILEGE_TYPE,grantor=_SYSTEM,grantee=PUBLIC,privilege=SELECT,isGrantable=YES}, com.github.jinahya.database.metadata.bind.ColumnPrivilege@8a82ade3{unmappedColumns={}}{tableCat=PUBLIC,tableSchem=INFORMATION_SCHEMA,tableName=ROLE_ROUTINE_GRANTS,columnName=ROUTINE_CATALOG,grantor=_SYSTEM,grantee=PUBLIC,privilege=SELECT,isGrantable=YES}, com.github.jinahya.database.metadata.bind.ColumnPrivilege@4d31a64{unmappedColumns={}}{tableCat=PUBLIC,tableSchem=INFORMATION_SCHEMA,tableName=ROLE_ROUTINE_GRANTS,columnName=ROUTINE_NAME,grantor=_SYSTEM,grantee=PUBLIC,privilege=SELECT,isGrantable=YES}, com.github.jinahya.database.metadata.bind.ColumnPrivilege@96124a96{unmappedColumns={}}{tableCat=PUBLIC,tableSchem=INFORMATION_SCHEMA,tableName=ROLE_ROUTINE_GRANTS,columnName=ROUTINE_SCHEMA,grantor=_SYSTEM,grantee=PUBLIC,privilege=SELECT,isGrantable=YES}, com.github.jinahya.database.metadata.bind.ColumnPrivilege@3d41bfc2{unmappedColumns={}}{tableCat=PUBLIC,tableSchem=INFORMATION_SCHEMA,tableName=ROLE_ROUTINE_GRANTS,columnName=SPECIFIC_CATALOG,grantor=_SYSTEM,grantee=PUBLIC,privilege=SELECT,isGrantable=YES}, com.github.jinahya.database.metadata.bind.ColumnPrivilege@1b736eed{unmappedColumns={}}{tableCat=PUBLIC,tableSchem=INFORMATION_SCHEMA,tableName=ROLE_ROUTINE_GRANTS,columnName=SPECIFIC_NAME,grantor=_SYSTEM,grantee=PUBLIC,privilege=SELECT,isGrantable=YES}, com.github.jinahya.database.metadata.bind.ColumnPrivilege@59adb67f{unmappedColumns={}}{tableCat=PUBLIC,tableSchem=INFORMATION_SCHEMA,tableName=ROLE_ROUTINE_GRANTS,columnName=SPECIFIC_SCHEMA,grantor=_SYSTEM,grantee=PUBLIC,privilege=SELECT,isGrantable=YES}]
1108 [main] DEBUG com.github.jinahya.database.metadata.bind.Memory_$_Test - com.github.jinahya.database.metadata.bind.Table@a1a62485{unmappedColumns={COMMIT_ACTION=null, HSQLDB_TYPE=MEMORY, READ_ONLY=true}}{tableCat=PUBLIC,tableSchem=INFORMATION_SCHEMA,tableName=ROLE_TABLE_GRANTS,tableType=SYSTEM TABLE,remarks=one row for each privilege grant on a table to a role,typeCat=null,typeSchem=null,typeName=null,selfReferencingColName=null,refGeneration=null}: [com.github.jinahya.database.metadata.bind.ColumnPrivilege@3819b993{unmappedColumns={}}{tableCat=PUBLIC,tableSchem=INFORMATION_SCHEMA,tableName=ROLE_TABLE_GRANTS,columnName=GRANTEE,grantor=_SYSTEM,grantee=PUBLIC,privilege=SELECT,isGrantable=YES}, com.github.jinahya.database.metadata.bind.ColumnPrivilege@10608602{unmappedColumns={}}{tableCat=PUBLIC,tableSchem=INFORMATION_SCHEMA,tableName=ROLE_TABLE_GRANTS,columnName=GRANTOR,grantor=_SYSTEM,grantee=PUBLIC,privilege=SELECT,isGrantable=YES}, com.github.jinahya.database.metadata.bind.ColumnPrivilege@ab21b498{unmappedColumns={}}{tableCat=PUBLIC,tableSchem=INFORMATION_SCHEMA,tableName=ROLE_TABLE_GRANTS,columnName=IS_GRANTABLE,grantor=_SYSTEM,grantee=PUBLIC,privilege=SELECT,isGrantable=YES}, com.github.jinahya.database.metadata.bind.ColumnPrivilege@7bf809f8{unmappedColumns={}}{tableCat=PUBLIC,tableSchem=INFORMATION_SCHEMA,tableName=ROLE_TABLE_GRANTS,columnName=PRIVILEGE_TYPE,grantor=_SYSTEM,grantee=PUBLIC,privilege=SELECT,isGrantable=YES}, com.github.jinahya.database.metadata.bind.ColumnPrivilege@fe73f097{unmappedColumns={}}{tableCat=PUBLIC,tableSchem=INFORMATION_SCHEMA,tableName=ROLE_TABLE_GRANTS,columnName=TABLE_CATALOG,grantor=_SYSTEM,grantee=PUBLIC,privilege=SELECT,isGrantable=YES}, com.github.jinahya.database.metadata.bind.ColumnPrivilege@debfa18c{unmappedColumns={}}{tableCat=PUBLIC,tableSchem=INFORMATION_SCHEMA,tableName=ROLE_TABLE_GRANTS,columnName=TABLE_NAME,grantor=_SYSTEM,grantee=PUBLIC,privilege=SELECT,isGrantable=YES}, com.github.jinahya.database.metadata.bind.ColumnPrivilege@746fc983{unmappedColumns={}}{tableCat=PUBLIC,tableSchem=INFORMATION_SCHEMA,tableName=ROLE_TABLE_GRANTS,columnName=TABLE_SCHEMA,grantor=_SYSTEM,grantee=PUBLIC,privilege=SELECT,isGrantable=YES}, com.github.jinahya.database.metadata.bind.ColumnPrivilege@5ea66363{unmappedColumns={}}{tableCat=PUBLIC,tableSchem=INFORMATION_SCHEMA,tableName=ROLE_TABLE_GRANTS,columnName=WITH_HIERARCHY,grantor=_SYSTEM,grantee=PUBLIC,privilege=SELECT,isGrantable=YES}]
1108 [main] DEBUG com.github.jinahya.database.metadata.bind.Memory_$_Test - com.github.jinahya.database.metadata.bind.Table@fe3442ee{unmappedColumns={COMMIT_ACTION=null, HSQLDB_TYPE=MEMORY, READ_ONLY=true}}{tableCat=PUBLIC,tableSchem=INFORMATION_SCHEMA,tableName=ROLE_UDT_GRANTS,tableType=SYSTEM TABLE,remarks=one row for each usage grant on a user defined type to a role,typeCat=null,typeSchem=null,typeName=null,selfReferencingColName=null,refGeneration=null}: [com.github.jinahya.database.metadata.bind.ColumnPrivilege@80500a6e{unmappedColumns={}}{tableCat=PUBLIC,tableSchem=INFORMATION_SCHEMA,tableName=ROLE_UDT_GRANTS,columnName=GRANTEE,grantor=_SYSTEM,grantee=PUBLIC,privilege=SELECT,isGrantable=YES}, com.github.jinahya.database.metadata.bind.ColumnPrivilege@4f449592{unmappedColumns={}}{tableCat=PUBLIC,tableSchem=INFORMATION_SCHEMA,tableName=ROLE_UDT_GRANTS,columnName=GRANTOR,grantor=_SYSTEM,grantee=PUBLIC,privilege=SELECT,isGrantable=YES}, com.github.jinahya.database.metadata.bind.ColumnPrivilege@f7c15c73{unmappedColumns={}}{tableCat=PUBLIC,tableSchem=INFORMATION_SCHEMA,tableName=ROLE_UDT_GRANTS,columnName=IS_GRANTABLE,grantor=_SYSTEM,grantee=PUBLIC,privilege=SELECT,isGrantable=YES}, com.github.jinahya.database.metadata.bind.ColumnPrivilege@38b2eb9f{unmappedColumns={}}{tableCat=PUBLIC,tableSchem=INFORMATION_SCHEMA,tableName=ROLE_UDT_GRANTS,columnName=PRIVILEGE_TYPE,grantor=_SYSTEM,grantee=PUBLIC,privilege=SELECT,isGrantable=YES}, com.github.jinahya.database.metadata.bind.ColumnPrivilege@dc9e1b46{unmappedColumns={}}{tableCat=PUBLIC,tableSchem=INFORMATION_SCHEMA,tableName=ROLE_UDT_GRANTS,columnName=UDT_CATALOG,grantor=_SYSTEM,grantee=PUBLIC,privilege=SELECT,isGrantable=YES}, com.github.jinahya.database.metadata.bind.ColumnPrivilege@821fc08b{unmappedColumns={}}{tableCat=PUBLIC,tableSchem=INFORMATION_SCHEMA,tableName=ROLE_UDT_GRANTS,columnName=UDT_NAME,grantor=_SYSTEM,grantee=PUBLIC,privilege=SELECT,isGrantable=YES}, com.github.jinahya.database.metadata.bind.ColumnPrivilege@79211d18{unmappedColumns={}}{tableCat=PUBLIC,tableSchem=INFORMATION_SCHEMA,tableName=ROLE_UDT_GRANTS,columnName=UDT_SCHEMA,grantor=_SYSTEM,grantee=PUBLIC,privilege=SELECT,isGrantable=YES}]
1108 [main] DEBUG com.github.jinahya.database.metadata.bind.Memory_$_Test - com.github.jinahya.database.metadata.bind.Table@47ccbf52{unmappedColumns={COMMIT_ACTION=null, HSQLDB_TYPE=MEMORY, READ_ONLY=true}}{tableCat=PUBLIC,tableSchem=INFORMATION_SCHEMA,tableName=ROLE_USAGE_GRANTS,tableType=SYSTEM TABLE,remarks=one row for each usage grant to a role,typeCat=null,typeSchem=null,typeName=null,selfReferencingColName=null,refGeneration=null}: [com.github.jinahya.database.metadata.bind.ColumnPrivilege@56f7d6a5{unmappedColumns={}}{tableCat=PUBLIC,tableSchem=INFORMATION_SCHEMA,tableName=ROLE_USAGE_GRANTS,columnName=GRANTEE,grantor=_SYSTEM,grantee=PUBLIC,privilege=SELECT,isGrantable=YES}, com.github.jinahya.database.metadata.bind.ColumnPrivilege@69111831{unmappedColumns={}}{tableCat=PUBLIC,tableSchem=INFORMATION_SCHEMA,tableName=ROLE_USAGE_GRANTS,columnName=GRANTOR,grantor=_SYSTEM,grantee=PUBLIC,privilege=SELECT,isGrantable=YES}, com.github.jinahya.database.metadata.bind.ColumnPrivilege@51a8f647{unmappedColumns={}}{tableCat=PUBLIC,tableSchem=INFORMATION_SCHEMA,tableName=ROLE_USAGE_GRANTS,columnName=IS_GRANTABLE,grantor=_SYSTEM,grantee=PUBLIC,privilege=SELECT,isGrantable=YES}, com.github.jinahya.database.metadata.bind.ColumnPrivilege@c8964179{unmappedColumns={}}{tableCat=PUBLIC,tableSchem=INFORMATION_SCHEMA,tableName=ROLE_USAGE_GRANTS,columnName=OBJECT_CATALOG,grantor=_SYSTEM,grantee=PUBLIC,privilege=SELECT,isGrantable=YES}, com.github.jinahya.database.metadata.bind.ColumnPrivilege@ac9e98ce{unmappedColumns={}}{tableCat=PUBLIC,tableSchem=INFORMATION_SCHEMA,tableName=ROLE_USAGE_GRANTS,columnName=OBJECT_NAME,grantor=_SYSTEM,grantee=PUBLIC,privilege=SELECT,isGrantable=YES}, com.github.jinahya.database.metadata.bind.ColumnPrivilege@16b350b9{unmappedColumns={}}{tableCat=PUBLIC,tableSchem=INFORMATION_SCHEMA,tableName=ROLE_USAGE_GRANTS,columnName=OBJECT_SCHEMA,grantor=_SYSTEM,grantee=PUBLIC,privilege=SELECT,isGrantable=YES}, com.github.jinahya.database.metadata.bind.ColumnPrivilege@e6b526ac{unmappedColumns={}}{tableCat=PUBLIC,tableSchem=INFORMATION_SCHEMA,tableName=ROLE_USAGE_GRANTS,columnName=OBJECT_TYPE,grantor=_SYSTEM,grantee=PUBLIC,privilege=SELECT,isGrantable=YES}, com.github.jinahya.database.metadata.bind.ColumnPrivilege@a0ff88d{unmappedColumns={}}{tableCat=PUBLIC,tableSchem=INFORMATION_SCHEMA,tableName=ROLE_USAGE_GRANTS,columnName=PRIVILEGE_TYPE,grantor=_SYSTEM,grantee=PUBLIC,privilege=SELECT,isGrantable=YES}]
1109 [main] DEBUG com.github.jinahya.database.metadata.bind.Memory_$_Test - com.github.jinahya.database.metadata.bind.Table@db22bb03{unmappedColumns={COMMIT_ACTION=null, HSQLDB_TYPE=MEMORY, READ_ONLY=true}}{tableCat=PUBLIC,tableSchem=INFORMATION_SCHEMA,tableName=ROUTINES,tableType=SYSTEM TABLE,remarks=one row for each routine,typeCat=null,typeSchem=null,typeName=null,selfReferencingColName=null,refGeneration=null}: [com.github.jinahya.database.metadata.bind.ColumnPrivilege@4d085e6d{unmappedColumns={}}{tableCat=PUBLIC,tableSchem=INFORMATION_SCHEMA,tableName=ROUTINES,columnName=AS_LOCATOR,grantor=_SYSTEM,grantee=PUBLIC,privilege=SELECT,isGrantable=YES}, com.github.jinahya.database.metadata.bind.ColumnPrivilege@e96ea89b{unmappedColumns={}}{tableCat=PUBLIC,tableSchem=INFORMATION_SCHEMA,tableName=ROUTINES,columnName=CHARACTER_MAXIMUM_LENGTH,grantor=_SYSTEM,grantee=PUBLIC,privilege=SELECT,isGrantable=YES}, com.github.jinahya.database.metadata.bind.ColumnPrivilege@c79ed2f6{unmappedColumns={}}{tableCat=PUBLIC,tableSchem=INFORMATION_SCHEMA,tableName=ROUTINES,columnName=CHARACTER_OCTET_LENGTH,grantor=_SYSTEM,grantee=PUBLIC,privilege=SELECT,isGrantable=YES}, com.github.jinahya.database.metadata.bind.ColumnPrivilege@6c924645{unmappedColumns={}}{tableCat=PUBLIC,tableSchem=INFORMATION_SCHEMA,tableName=ROUTINES,columnName=CHARACTER_SET_CATALOG,grantor=_SYSTEM,grantee=PUBLIC,privilege=SELECT,isGrantable=YES}, com.github.jinahya.database.metadata.bind.ColumnPrivilege@3439ea23{unmappedColumns={}}{tableCat=PUBLIC,tableSchem=INFORMATION_SCHEMA,tableName=ROUTINES,columnName=CHARACTER_SET_NAME,grantor=_SYSTEM,grantee=PUBLIC,privilege=SELECT,isGrantable=YES}, com.github.jinahya.database.metadata.bind.ColumnPrivilege@9d49449f{unmappedColumns={}}{tableCat=PUBLIC,tableSchem=INFORMATION_SCHEMA,tableName=ROUTINES,columnName=CHARACTER_SET_SCHEMA,grantor=_SYSTEM,grantee=PUBLIC,privilege=SELECT,isGrantable=YES}, com.github.jinahya.database.metadata.bind.ColumnPrivilege@c368e4f1{unmappedColumns={}}{tableCat=PUBLIC,tableSchem=INFORMATION_SCHEMA,tableName=ROUTINES,columnName=COLLATION_CATALOG,grantor=_SYSTEM,grantee=PUBLIC,privilege=SELECT,isGrantable=YES}, com.github.jinahya.database.metadata.bind.ColumnPrivilege@a2daeff0{unmappedColumns={}}{tableCat=PUBLIC,tableSchem=INFORMATION_SCHEMA,tableName=ROUTINES,columnName=COLLATION_NAME,grantor=_SYSTEM,grantee=PUBLIC,privilege=SELECT,isGrantable=YES}, com.github.jinahya.database.metadata.bind.ColumnPrivilege@1c0f3060{unmappedColumns={}}{tableCat=PUBLIC,tableSchem=INFORMATION_SCHEMA,tableName=ROUTINES,columnName=COLLATION_SCHEMA,grantor=_SYSTEM,grantee=PUBLIC,privilege=SELECT,isGrantable=YES}, com.github.jinahya.database.metadata.bind.ColumnPrivilege@66f4418a{unmappedColumns={}}{tableCat=PUBLIC,tableSchem=INFORMATION_SCHEMA,tableName=ROUTINES,columnName=CREATED,grantor=_SYSTEM,grantee=PUBLIC,privilege=SELECT,isGrantable=YES}, com.github.jinahya.database.metadata.bind.ColumnPrivilege@3fd6442e{unmappedColumns={}}{tableCat=PUBLIC,tableSchem=INFORMATION_SCHEMA,tableName=ROUTINES,columnName=DATA_TYPE,grantor=_SYSTEM,grantee=PUBLIC,privilege=SELECT,isGrantable=YES}, com.github.jinahya.database.metadata.bind.ColumnPrivilege@38fe00f2{unmappedColumns={}}{tableCat=PUBLIC,tableSchem=INFORMATION_SCHEMA,tableName=ROUTINES,columnName=DATETIME_PRECISION,grantor=_SYSTEM,grantee=PUBLIC,privilege=SELECT,isGrantable=YES}, com.github.jinahya.database.metadata.bind.ColumnPrivilege@3ea1c763{unmappedColumns={}}{tableCat=PUBLIC,tableSchem=INFORMATION_SCHEMA,tableName=ROUTINES,columnName=DECLARED_DATA_TYPE,grantor=_SYSTEM,grantee=PUBLIC,privilege=SELECT,isGrantable=YES}, com.github.jinahya.database.metadata.bind.ColumnPrivilege@5593716{unmappedColumns={}}{tableCat=PUBLIC,tableSchem=INFORMATION_SCHEMA,tableName=ROUTINES,columnName=DECLARED_NUMERIC_PRECISION,grantor=_SYSTEM,grantee=PUBLIC,privilege=SELECT,isGrantable=YES}, com.github.jinahya.database.metadata.bind.ColumnPrivilege@5cf3deb7{unmappedColumns={}}{tableCat=PUBLIC,tableSchem=INFORMATION_SCHEMA,tableName=ROUTINES,columnName=DECLARED_NUMERIC_SCALE,grantor=_SYSTEM,grantee=PUBLIC,privilege=SELECT,isGrantable=YES}, com.github.jinahya.database.metadata.bind.ColumnPrivilege@34f2c820{unmappedColumns={}}{tableCat=PUBLIC,tableSchem=INFORMATION_SCHEMA,tableName=ROUTINES,columnName=DTD_IDENTIFIER,grantor=_SYSTEM,grantee=PUBLIC,privilege=SELECT,isGrantable=YES}, com.github.jinahya.database.metadata.bind.ColumnPrivilege@521d37ce{unmappedColumns={}}{tableCat=PUBLIC,tableSchem=INFORMATION_SCHEMA,tableName=ROUTINES,columnName=EXTERNAL_LANGUAGE,grantor=_SYSTEM,grantee=PUBLIC,privilege=SELECT,isGrantable=YES}, com.github.jinahya.database.metadata.bind.ColumnPrivilege@2126895e{unmappedColumns={}}{tableCat=PUBLIC,tableSchem=INFORMATION_SCHEMA,tableName=ROUTINES,columnName=EXTERNAL_NAME,grantor=_SYSTEM,grantee=PUBLIC,privilege=SELECT,isGrantable=YES}, com.github.jinahya.database.metadata.bind.ColumnPrivilege@9eec7630{unmappedColumns={}}{tableCat=PUBLIC,tableSchem=INFORMATION_SCHEMA,tableName=ROUTINES,columnName=INTERVAL_PRECISION,grantor=_SYSTEM,grantee=PUBLIC,privilege=SELECT,isGrantable=YES}, com.github.jinahya.database.metadata.bind.ColumnPrivilege@66651b38{unmappedColumns={}}{tableCat=PUBLIC,tableSchem=INFORMATION_SCHEMA,tableName=ROUTINES,columnName=INTERVAL_TYPE,grantor=_SYSTEM,grantee=PUBLIC,privilege=SELECT,isGrantable=YES}, com.github.jinahya.database.metadata.bind.ColumnPrivilege@2b7d565c{unmappedColumns={}}{tableCat=PUBLIC,tableSchem=INFORMATION_SCHEMA,tableName=ROUTINES,columnName=IS_DETERMINISTIC,grantor=_SYSTEM,grantee=PUBLIC,privilege=SELECT,isGrantable=YES}, com.github.jinahya.database.metadata.bind.ColumnPrivilege@f63d5cc7{unmappedColumns={}}{tableCat=PUBLIC,tableSchem=INFORMATION_SCHEMA,tableName=ROUTINES,columnName=IS_IMPLICITLY_INVOCABLE,grantor=_SYSTEM,grantee=PUBLIC,privilege=SELECT,isGrantable=YES}, com.github.jinahya.database.metadata.bind.ColumnPrivilege@ef847855{unmappedColumns={}}{tableCat=PUBLIC,tableSchem=INFORMATION_SCHEMA,tableName=ROUTINES,columnName=IS_NULL_CALL,grantor=_SYSTEM,grantee=PUBLIC,privilege=SELECT,isGrantable=YES}, com.github.jinahya.database.metadata.bind.ColumnPrivilege@55606271{unmappedColumns={}}{tableCat=PUBLIC,tableSchem=INFORMATION_SCHEMA,tableName=ROUTINES,columnName=IS_UDT_DEPENDENT,grantor=_SYSTEM,grantee=PUBLIC,privilege=SELECT,isGrantable=YES}, com.github.jinahya.database.metadata.bind.ColumnPrivilege@88b7eace{unmappedColumns={}}{tableCat=PUBLIC,tableSchem=INFORMATION_SCHEMA,tableName=ROUTINES,columnName=IS_USER_DEFINED_CAST,grantor=_SYSTEM,grantee=PUBLIC,privilege=SELECT,isGrantable=YES}, com.github.jinahya.database.metadata.bind.ColumnPrivilege@c880c138{unmappedColumns={}}{tableCat=PUBLIC,tableSchem=INFORMATION_SCHEMA,tableName=ROUTINES,columnName=LAST_ALTERED,grantor=_SYSTEM,grantee=PUBLIC,privilege=SELECT,isGrantable=YES}, com.github.jinahya.database.metadata.bind.ColumnPrivilege@e981972{unmappedColumns={}}{tableCat=PUBLIC,tableSchem=INFORMATION_SCHEMA,tableName=ROUTINES,columnName=MAXIMUM_CARDINALITY,grantor=_SYSTEM,grantee=PUBLIC,privilege=SELECT,isGrantable=YES}, com.github.jinahya.database.metadata.bind.ColumnPrivilege@fc9daa89{unmappedColumns={}}{tableCat=PUBLIC,tableSchem=INFORMATION_SCHEMA,tableName=ROUTINES,columnName=MAX_DYNAMIC_RESULT_SETS,grantor=_SYSTEM,grantee=PUBLIC,privilege=SELECT,isGrantable=YES}, com.github.jinahya.database.metadata.bind.ColumnPrivilege@11870566{unmappedColumns={}}{tableCat=PUBLIC,tableSchem=INFORMATION_SCHEMA,tableName=ROUTINES,columnName=MODULE_CATALOG,grantor=_SYSTEM,grantee=PUBLIC,privilege=SELECT,isGrantable=YES}, com.github.jinahya.database.metadata.bind.ColumnPrivilege@7958612f{unmappedColumns={}}{tableCat=PUBLIC,tableSchem=INFORMATION_SCHEMA,tableName=ROUTINES,columnName=MODULE_NAME,grantor=_SYSTEM,grantee=PUBLIC,privilege=SELECT,isGrantable=YES}, com.github.jinahya.database.metadata.bind.ColumnPrivilege@da4414d2{unmappedColumns={}}{tableCat=PUBLIC,tableSchem=INFORMATION_SCHEMA,tableName=ROUTINES,columnName=MODULE_SCHEMA,grantor=_SYSTEM,grantee=PUBLIC,privilege=SELECT,isGrantable=YES}, com.github.jinahya.database.metadata.bind.ColumnPrivilege@eab6e71b{unmappedColumns={}}{tableCat=PUBLIC,tableSchem=INFORMATION_SCHEMA,tableName=ROUTINES,columnName=NEW_SAVEPOINT_LEVEL,grantor=_SYSTEM,grantee=PUBLIC,privilege=SELECT,isGrantable=YES}, com.github.jinahya.database.metadata.bind.ColumnPrivilege@9c468a8d{unmappedColumns={}}{tableCat=PUBLIC,tableSchem=INFORMATION_SCHEMA,tableName=ROUTINES,columnName=NUMERIC_PRECISION,grantor=_SYSTEM,grantee=PUBLIC,privilege=SELECT,isGrantable=YES}, com.github.jinahya.database.metadata.bind.ColumnPrivilege@ba1e69d1{unmappedColumns={}}{tableCat=PUBLIC,tableSchem=INFORMATION_SCHEMA,tableName=ROUTINES,columnName=NUMERIC_PRECISION_RADIX,grantor=_SYSTEM,grantee=PUBLIC,privilege=SELECT,isGrantable=YES}, com.github.jinahya.database.metadata.bind.ColumnPrivilege@a027ff66{unmappedColumns={}}{tableCat=PUBLIC,tableSchem=INFORMATION_SCHEMA,tableName=ROUTINES,columnName=NUMERIC_SCALE,grantor=_SYSTEM,grantee=PUBLIC,privilege=SELECT,isGrantable=YES}, com.github.jinahya.database.metadata.bind.ColumnPrivilege@7e2d7f69{unmappedColumns={}}{tableCat=PUBLIC,tableSchem=INFORMATION_SCHEMA,tableName=ROUTINES,columnName=PARAMETER_STYLE,grantor=_SYSTEM,grantee=PUBLIC,privilege=SELECT,isGrantable=YES}, com.github.jinahya.database.metadata.bind.ColumnPrivilege@acce492b{unmappedColumns={}}{tableCat=PUBLIC,tableSchem=INFORMATION_SCHEMA,tableName=ROUTINES,columnName=RESULT_CAST_AS_LOCATOR,grantor=_SYSTEM,grantee=PUBLIC,privilege=SELECT,isGrantable=YES}, com.github.jinahya.database.metadata.bind.ColumnPrivilege@36090e93{unmappedColumns={}}{tableCat=PUBLIC,tableSchem=INFORMATION_SCHEMA,tableName=ROUTINES,columnName=RESULT_CAST_CHARACTER_SET_NAME,grantor=_SYSTEM,grantee=PUBLIC,privilege=SELECT,isGrantable=YES}, com.github.jinahya.database.metadata.bind.ColumnPrivilege@4ea10274{unmappedColumns={}}{tableCat=PUBLIC,tableSchem=INFORMATION_SCHEMA,tableName=ROUTINES,columnName=RESULT_CAST_CHAR_MAX_LENGTH,grantor=_SYSTEM,grantee=PUBLIC,privilege=SELECT,isGrantable=YES}, com.github.jinahya.database.metadata.bind.ColumnPrivilege@21c3bd3a{unmappedColumns={}}{tableCat=PUBLIC,tableSchem=INFORMATION_SCHEMA,tableName=ROUTINES,columnName=RESULT_CAST_CHAR_OCTET_LENGTH,grantor=_SYSTEM,grantee=PUBLIC,privilege=SELECT,isGrantable=YES}, com.github.jinahya.database.metadata.bind.ColumnPrivilege@4fb061e2{unmappedColumns={}}{tableCat=PUBLIC,tableSchem=INFORMATION_SCHEMA,tableName=ROUTINES,columnName=RESULT_CAST_CHAR_SET_CATALOG,grantor=_SYSTEM,grantee=PUBLIC,privilege=SELECT,isGrantable=YES}, com.github.jinahya.database.metadata.bind.ColumnPrivilege@1304bf8d{unmappedColumns={}}{tableCat=PUBLIC,tableSchem=INFORMATION_SCHEMA,tableName=ROUTINES,columnName=RESULT_CAST_CHAR_SET_SCHEMA,grantor=_SYSTEM,grantee=PUBLIC,privilege=SELECT,isGrantable=YES}, com.github.jinahya.database.metadata.bind.ColumnPrivilege@670c02c4{unmappedColumns={}}{tableCat=PUBLIC,tableSchem=INFORMATION_SCHEMA,tableName=ROUTINES,columnName=RESULT_CAST_COLLATION_CATALOG,grantor=_SYSTEM,grantee=PUBLIC,privilege=SELECT,isGrantable=YES}, com.github.jinahya.database.metadata.bind.ColumnPrivilege@3de7f250{unmappedColumns={}}{tableCat=PUBLIC,tableSchem=INFORMATION_SCHEMA,tableName=ROUTINES,columnName=RESULT_CAST_COLLATION_NAME,grantor=_SYSTEM,grantee=PUBLIC,privilege=SELECT,isGrantable=YES}, com.github.jinahya.database.metadata.bind.ColumnPrivilege@37d107a7{unmappedColumns={}}{tableCat=PUBLIC,tableSchem=INFORMATION_SCHEMA,tableName=ROUTINES,columnName=RESULT_CAST_COLLATION_SCHEMA,grantor=_SYSTEM,grantee=PUBLIC,privilege=SELECT,isGrantable=YES}, com.github.jinahya.database.metadata.bind.ColumnPrivilege@92ff5940{unmappedColumns={}}{tableCat=PUBLIC,tableSchem=INFORMATION_SCHEMA,tableName=ROUTINES,columnName=RESULT_CAST_DATETIME_PRECISION,grantor=_SYSTEM,grantee=PUBLIC,privilege=SELECT,isGrantable=YES}, com.github.jinahya.database.metadata.bind.ColumnPrivilege@c66a1061{unmappedColumns={}}{tableCat=PUBLIC,tableSchem=INFORMATION_SCHEMA,tableName=ROUTINES,columnName=RESULT_CAST_DECLARED_NUMERIC_PRECISION,grantor=_SYSTEM,grantee=PUBLIC,privilege=SELECT,isGrantable=YES}, com.github.jinahya.database.metadata.bind.ColumnPrivilege@44dfa405{unmappedColumns={}}{tableCat=PUBLIC,tableSchem=INFORMATION_SCHEMA,tableName=ROUTINES,columnName=RESULT_CAST_DECLARED_NUMERIC_SCALE,grantor=_SYSTEM,grantee=PUBLIC,privilege=SELECT,isGrantable=YES}, com.github.jinahya.database.metadata.bind.ColumnPrivilege@8c4630eb{unmappedColumns={}}{tableCat=PUBLIC,tableSchem=INFORMATION_SCHEMA,tableName=ROUTINES,columnName=RESULT_CAST_DTD_IDENTIFIER,grantor=_SYSTEM,grantee=PUBLIC,privilege=SELECT,isGrantable=YES}, com.github.jinahya.database.metadata.bind.ColumnPrivilege@9df5095d{unmappedColumns={}}{tableCat=PUBLIC,tableSchem=INFORMATION_SCHEMA,tableName=ROUTINES,columnName=RESULT_CAST_FROM_DATA_TYPE,grantor=_SYSTEM,grantee=PUBLIC,privilege=SELECT,isGrantable=YES}, com.github.jinahya.database.metadata.bind.ColumnPrivilege@3bffaeb6{unmappedColumns={}}{tableCat=PUBLIC,tableSchem=INFORMATION_SCHEMA,tableName=ROUTINES,columnName=RESULT_CAST_FROM_DECLARED_DATA_TYPE,grantor=_SYSTEM,grantee=PUBLIC,privilege=SELECT,isGrantable=YES}, com.github.jinahya.database.metadata.bind.ColumnPrivilege@6fe9d7e3{unmappedColumns={}}{tableCat=PUBLIC,tableSchem=INFORMATION_SCHEMA,tableName=ROUTINES,columnName=RESULT_CAST_INTERVAL_PRECISION,grantor=_SYSTEM,grantee=PUBLIC,privilege=SELECT,isGrantable=YES}, com.github.jinahya.database.metadata.bind.ColumnPrivilege@96386c28{unmappedColumns={}}{tableCat=PUBLIC,tableSchem=INFORMATION_SCHEMA,tableName=ROUTINES,columnName=RESULT_CAST_INTERVAL_TYPE,grantor=_SYSTEM,grantee=PUBLIC,privilege=SELECT,isGrantable=YES}, com.github.jinahya.database.metadata.bind.ColumnPrivilege@85ea4298{unmappedColumns={}}{tableCat=PUBLIC,tableSchem=INFORMATION_SCHEMA,tableName=ROUTINES,columnName=RESULT_CAST_MAX_CARDINALITY,grantor=_SYSTEM,grantee=PUBLIC,privilege=SELECT,isGrantable=YES}, com.github.jinahya.database.metadata.bind.ColumnPrivilege@f53f8dfa{unmappedColumns={}}{tableCat=PUBLIC,tableSchem=INFORMATION_SCHEMA,tableName=ROUTINES,columnName=RESULT_CAST_NUMERIC_PRECISION,grantor=_SYSTEM,grantee=PUBLIC,privilege=SELECT,isGrantable=YES}, com.github.jinahya.database.metadata.bind.ColumnPrivilege@6642bb08{unmappedColumns={}}{tableCat=PUBLIC,tableSchem=INFORMATION_SCHEMA,tableName=ROUTINES,columnName=RESULT_CAST_NUMERIC_RADIX,grantor=_SYSTEM,grantee=PUBLIC,privilege=SELECT,isGrantable=YES}, com.github.jinahya.database.metadata.bind.ColumnPrivilege@ead79373{unmappedColumns={}}{tableCat=PUBLIC,tableSchem=INFORMATION_SCHEMA,tableName=ROUTINES,columnName=RESULT_CAST_NUMERIC_SCALE,grantor=_SYSTEM,grantee=PUBLIC,privilege=SELECT,isGrantable=YES}, com.github.jinahya.database.metadata.bind.ColumnPrivilege@2dc529bc{unmappedColumns={}}{tableCat=PUBLIC,tableSchem=INFORMATION_SCHEMA,tableName=ROUTINES,columnName=RESULT_CAST_SCOPE_CATALOG,grantor=_SYSTEM,grantee=PUBLIC,privilege=SELECT,isGrantable=YES}, com.github.jinahya.database.metadata.bind.ColumnPrivilege@cdd6ff11{unmappedColumns={}}{tableCat=PUBLIC,tableSchem=INFORMATION_SCHEMA,tableName=ROUTINES,columnName=RESULT_CAST_SCOPE_NAME,grantor=_SYSTEM,grantee=PUBLIC,privilege=SELECT,isGrantable=YES}, com.github.jinahya.database.metadata.bind.ColumnPrivilege@fadb1e1a{unmappedColumns={}}{tableCat=PUBLIC,tableSchem=INFORMATION_SCHEMA,tableName=ROUTINES,columnName=RESULT_CAST_SCOPE_SCHEMA,grantor=_SYSTEM,grantee=PUBLIC,privilege=SELECT,isGrantable=YES}, com.github.jinahya.database.metadata.bind.ColumnPrivilege@1cafa120{unmappedColumns={}}{tableCat=PUBLIC,tableSchem=INFORMATION_SCHEMA,tableName=ROUTINES,columnName=RESULT_CAST_TYPE_UDT_CATALOG,grantor=_SYSTEM,grantee=PUBLIC,privilege=SELECT,isGrantable=YES}, com.github.jinahya.database.metadata.bind.ColumnPrivilege@1f201853{unmappedColumns={}}{tableCat=PUBLIC,tableSchem=INFORMATION_SCHEMA,tableName=ROUTINES,columnName=RESULT_CAST_TYPE_UDT_NAME,grantor=_SYSTEM,grantee=PUBLIC,privilege=SELECT,isGrantable=YES}, com.github.jinahya.database.metadata.bind.ColumnPrivilege@30cfb710{unmappedColumns={}}{tableCat=PUBLIC,tableSchem=INFORMATION_SCHEMA,tableName=ROUTINES,columnName=RESULT_CAST_TYPE_UDT_SCHEMA,grantor=_SYSTEM,grantee=PUBLIC,privilege=SELECT,isGrantable=YES}, com.github.jinahya.database.metadata.bind.ColumnPrivilege@5803aea1{unmappedColumns={}}{tableCat=PUBLIC,tableSchem=INFORMATION_SCHEMA,tableName=ROUTINES,columnName=ROUTINE_BODY,grantor=_SYSTEM,grantee=PUBLIC,privilege=SELECT,isGrantable=YES}, com.github.jinahya.database.metadata.bind.ColumnPrivilege@2aa8453a{unmappedColumns={}}{tableCat=PUBLIC,tableSchem=INFORMATION_SCHEMA,tableName=ROUTINES,columnName=ROUTINE_CATALOG,grantor=_SYSTEM,grantee=PUBLIC,privilege=SELECT,isGrantable=YES}, com.github.jinahya.database.metadata.bind.ColumnPrivilege@209cb111{unmappedColumns={}}{tableCat=PUBLIC,tableSchem=INFORMATION_SCHEMA,tableName=ROUTINES,columnName=ROUTINE_DEFINITION,grantor=_SYSTEM,grantee=PUBLIC,privilege=SELECT,isGrantable=YES}, com.github.jinahya.database.metadata.bind.ColumnPrivilege@3b056725{unmappedColumns={}}{tableCat=PUBLIC,tableSchem=INFORMATION_SCHEMA,tableName=ROUTINES,columnName=ROUTINE_NAME,grantor=_SYSTEM,grantee=PUBLIC,privilege=SELECT,isGrantable=YES}, com.github.jinahya.database.metadata.bind.ColumnPrivilege@e84f5988{unmappedColumns={}}{tableCat=PUBLIC,tableSchem=INFORMATION_SCHEMA,tableName=ROUTINES,columnName=ROUTINE_SCHEMA,grantor=_SYSTEM,grantee=PUBLIC,privilege=SELECT,isGrantable=YES}, com.github.jinahya.database.metadata.bind.ColumnPrivilege@7de0cb1f{unmappedColumns={}}{tableCat=PUBLIC,tableSchem=INFORMATION_SCHEMA,tableName=ROUTINES,columnName=ROUTINE_TYPE,grantor=_SYSTEM,grantee=PUBLIC,privilege=SELECT,isGrantable=YES}, com.github.jinahya.database.metadata.bind.ColumnPrivilege@ae952d65{unmappedColumns={}}{tableCat=PUBLIC,tableSchem=INFORMATION_SCHEMA,tableName=ROUTINES,columnName=SCHEMA_LEVEL_ROUTINE,grantor=_SYSTEM,grantee=PUBLIC,privilege=SELECT,isGrantable=YES}, com.github.jinahya.database.metadata.bind.ColumnPrivilege@95b05bc7{unmappedColumns={}}{tableCat=PUBLIC,tableSchem=INFORMATION_SCHEMA,tableName=ROUTINES,columnName=SCOPE_CATALOG,grantor=_SYSTEM,grantee=PUBLIC,privilege=SELECT,isGrantable=YES}, com.github.jinahya.database.metadata.bind.ColumnPrivilege@1be04988{unmappedColumns={}}{tableCat=PUBLIC,tableSchem=INFORMATION_SCHEMA,tableName=ROUTINES,columnName=SCOPE_NAME,grantor=_SYSTEM,grantee=PUBLIC,privilege=SELECT,isGrantable=YES}, com.github.jinahya.database.metadata.bind.ColumnPrivilege@8a5964c1{unmappedColumns={}}{tableCat=PUBLIC,tableSchem=INFORMATION_SCHEMA,tableName=ROUTINES,columnName=SCOPE_SCHEMA,grantor=_SYSTEM,grantee=PUBLIC,privilege=SELECT,isGrantable=YES}, com.github.jinahya.database.metadata.bind.ColumnPrivilege@fdfbf365{unmappedColumns={}}{tableCat=PUBLIC,tableSchem=INFORMATION_SCHEMA,tableName=ROUTINES,columnName=SECURITY_TYPE,grantor=_SYSTEM,grantee=PUBLIC,privilege=SELECT,isGrantable=YES}, com.github.jinahya.database.metadata.bind.ColumnPrivilege@113652a7{unmappedColumns={}}{tableCat=PUBLIC,tableSchem=INFORMATION_SCHEMA,tableName=ROUTINES,columnName=SPECIFIC_CATALOG,grantor=_SYSTEM,grantee=PUBLIC,privilege=SELECT,isGrantable=YES}, com.github.jinahya.database.metadata.bind.ColumnPrivilege@1613a5c8{unmappedColumns={}}{tableCat=PUBLIC,tableSchem=INFORMATION_SCHEMA,tableName=ROUTINES,columnName=SPECIFIC_NAME,grantor=_SYSTEM,grantee=PUBLIC,privilege=SELECT,isGrantable=YES}, com.github.jinahya.database.metadata.bind.ColumnPrivilege@68f33dc5{unmappedColumns={}}{tableCat=PUBLIC,tableSchem=INFORMATION_SCHEMA,tableName=ROUTINES,columnName=SPECIFIC_SCHEMA,grantor=_SYSTEM,grantee=PUBLIC,privilege=SELECT,isGrantable=YES}, com.github.jinahya.database.metadata.bind.ColumnPrivilege@a0bbd6ff{unmappedColumns={}}{tableCat=PUBLIC,tableSchem=INFORMATION_SCHEMA,tableName=ROUTINES,columnName=SQL_DATA_ACCESS,grantor=_SYSTEM,grantee=PUBLIC,privilege=SELECT,isGrantable=YES}, com.github.jinahya.database.metadata.bind.ColumnPrivilege@bd74cf5d{unmappedColumns={}}{tableCat=PUBLIC,tableSchem=INFORMATION_SCHEMA,tableName=ROUTINES,columnName=SQL_PATH,grantor=_SYSTEM,grantee=PUBLIC,privilege=SELECT,isGrantable=YES}, com.github.jinahya.database.metadata.bind.ColumnPrivilege@cdff7f66{unmappedColumns={}}{tableCat=PUBLIC,tableSchem=INFORMATION_SCHEMA,tableName=ROUTINES,columnName=TO_SQL_SPECIFIC_CATALOG,grantor=_SYSTEM,grantee=PUBLIC,privilege=SELECT,isGrantable=YES}, com.github.jinahya.database.metadata.bind.ColumnPrivilege@e626971c{unmappedColumns={}}{tableCat=PUBLIC,tableSchem=INFORMATION_SCHEMA,tableName=ROUTINES,columnName=TO_SQL_SPECIFIC_NAME,grantor=_SYSTEM,grantee=PUBLIC,privilege=SELECT,isGrantable=YES}, com.github.jinahya.database.metadata.bind.ColumnPrivilege@69146dc0{unmappedColumns={}}{tableCat=PUBLIC,tableSchem=INFORMATION_SCHEMA,tableName=ROUTINES,columnName=TO_SQL_SPECIFIC_SCHEMA,grantor=_SYSTEM,grantee=PUBLIC,privilege=SELECT,isGrantable=YES}, com.github.jinahya.database.metadata.bind.ColumnPrivilege@930d74cd{unmappedColumns={}}{tableCat=PUBLIC,tableSchem=INFORMATION_SCHEMA,tableName=ROUTINES,columnName=TYPE_UDT_CATALOG,grantor=_SYSTEM,grantee=PUBLIC,privilege=SELECT,isGrantable=YES}, com.github.jinahya.database.metadata.bind.ColumnPrivilege@a13f3307{unmappedColumns={}}{tableCat=PUBLIC,tableSchem=INFORMATION_SCHEMA,tableName=ROUTINES,columnName=TYPE_UDT_NAME,grantor=_SYSTEM,grantee=PUBLIC,privilege=SELECT,isGrantable=YES}, com.github.jinahya.database.metadata.bind.ColumnPrivilege@ffa4be6b{unmappedColumns={}}{tableCat=PUBLIC,tableSchem=INFORMATION_SCHEMA,tableName=ROUTINES,columnName=TYPE_UDT_SCHEMA,grantor=_SYSTEM,grantee=PUBLIC,privilege=SELECT,isGrantable=YES}, com.github.jinahya.database.metadata.bind.ColumnPrivilege@99e329b8{unmappedColumns={}}{tableCat=PUBLIC,tableSchem=INFORMATION_SCHEMA,tableName=ROUTINES,columnName=UDT_CATALOG,grantor=_SYSTEM,grantee=PUBLIC,privilege=SELECT,isGrantable=YES}, com.github.jinahya.database.metadata.bind.ColumnPrivilege@76180740{unmappedColumns={}}{tableCat=PUBLIC,tableSchem=INFORMATION_SCHEMA,tableName=ROUTINES,columnName=UDT_NAME,grantor=_SYSTEM,grantee=PUBLIC,privilege=SELECT,isGrantable=YES}, com.github.jinahya.database.metadata.bind.ColumnPrivilege@a2633d2{unmappedColumns={}}{tableCat=PUBLIC,tableSchem=INFORMATION_SCHEMA,tableName=ROUTINES,columnName=UDT_SCHEMA,grantor=_SYSTEM,grantee=PUBLIC,privilege=SELECT,isGrantable=YES}]
1109 [main] DEBUG com.github.jinahya.database.metadata.bind.Memory_$_Test - com.github.jinahya.database.metadata.bind.Table@e30291e7{unmappedColumns={COMMIT_ACTION=null, HSQLDB_TYPE=MEMORY, READ_ONLY=true}}{tableCat=PUBLIC,tableSchem=INFORMATION_SCHEMA,tableName=ROUTINE_COLUMN_USAGE,tableType=SYSTEM TABLE,remarks=one row for each table column usage in a routine,typeCat=null,typeSchem=null,typeName=null,selfReferencingColName=null,refGeneration=null}: [com.github.jinahya.database.metadata.bind.ColumnPrivilege@2e2762c7{unmappedColumns={}}{tableCat=PUBLIC,tableSchem=INFORMATION_SCHEMA,tableName=ROUTINE_COLUMN_USAGE,columnName=COLUMN_NAME,grantor=_SYSTEM,grantee=PUBLIC,privilege=SELECT,isGrantable=YES}, com.github.jinahya.database.metadata.bind.ColumnPrivilege@ae799adc{unmappedColumns={}}{tableCat=PUBLIC,tableSchem=INFORMATION_SCHEMA,tableName=ROUTINE_COLUMN_USAGE,columnName=ROUTINE_CATALOG,grantor=_SYSTEM,grantee=PUBLIC,privilege=SELECT,isGrantable=YES}, com.github.jinahya.database.metadata.bind.ColumnPrivilege@8ee69b2d{unmappedColumns={}}{tableCat=PUBLIC,tableSchem=INFORMATION_SCHEMA,tableName=ROUTINE_COLUMN_USAGE,columnName=ROUTINE_NAME,grantor=_SYSTEM,grantee=PUBLIC,privilege=SELECT,isGrantable=YES}, com.github.jinahya.database.metadata.bind.ColumnPrivilege@c806687{unmappedColumns={}}{tableCat=PUBLIC,tableSchem=INFORMATION_SCHEMA,tableName=ROUTINE_COLUMN_USAGE,columnName=ROUTINE_SCHEMA,grantor=_SYSTEM,grantee=PUBLIC,privilege=SELECT,isGrantable=YES}, com.github.jinahya.database.metadata.bind.ColumnPrivilege@5a13dbc9{unmappedColumns={}}{tableCat=PUBLIC,tableSchem=INFORMATION_SCHEMA,tableName=ROUTINE_COLUMN_USAGE,columnName=SPECIFIC_CATALOG,grantor=_SYSTEM,grantee=PUBLIC,privilege=SELECT,isGrantable=YES}, com.github.jinahya.database.metadata.bind.ColumnPrivilege@5385cf10{unmappedColumns={}}{tableCat=PUBLIC,tableSchem=INFORMATION_SCHEMA,tableName=ROUTINE_COLUMN_USAGE,columnName=SPECIFIC_NAME,grantor=_SYSTEM,grantee=PUBLIC,privilege=SELECT,isGrantable=YES}, com.github.jinahya.database.metadata.bind.ColumnPrivilege@c6d4b6d5{unmappedColumns={}}{tableCat=PUBLIC,tableSchem=INFORMATION_SCHEMA,tableName=ROUTINE_COLUMN_USAGE,columnName=SPECIFIC_SCHEMA,grantor=_SYSTEM,grantee=PUBLIC,privilege=SELECT,isGrantable=YES}, com.github.jinahya.database.metadata.bind.ColumnPrivilege@33dba40{unmappedColumns={}}{tableCat=PUBLIC,tableSchem=INFORMATION_SCHEMA,tableName=ROUTINE_COLUMN_USAGE,columnName=TABLE_CATALOG,grantor=_SYSTEM,grantee=PUBLIC,privilege=SELECT,isGrantable=YES}, com.github.jinahya.database.metadata.bind.ColumnPrivilege@7737ce99{unmappedColumns={}}{tableCat=PUBLIC,tableSchem=INFORMATION_SCHEMA,tableName=ROUTINE_COLUMN_USAGE,columnName=TABLE_NAME,grantor=_SYSTEM,grantee=PUBLIC,privilege=SELECT,isGrantable=YES}, com.github.jinahya.database.metadata.bind.ColumnPrivilege@695b19e9{unmappedColumns={}}{tableCat=PUBLIC,tableSchem=INFORMATION_SCHEMA,tableName=ROUTINE_COLUMN_USAGE,columnName=TABLE_SCHEMA,grantor=_SYSTEM,grantee=PUBLIC,privilege=SELECT,isGrantable=YES}]
1110 [main] DEBUG com.github.jinahya.database.metadata.bind.Memory_$_Test - com.github.jinahya.database.metadata.bind.Table@a3bdb36{unmappedColumns={COMMIT_ACTION=null, HSQLDB_TYPE=MEMORY, READ_ONLY=true}}{tableCat=PUBLIC,tableSchem=INFORMATION_SCHEMA,tableName=ROUTINE_JAR_USAGE,tableType=SYSTEM TABLE,remarks=one row for each SQL/JRT routine,typeCat=null,typeSchem=null,typeName=null,selfReferencingColName=null,refGeneration=null}: [com.github.jinahya.database.metadata.bind.ColumnPrivilege@862121dc{unmappedColumns={}}{tableCat=PUBLIC,tableSchem=INFORMATION_SCHEMA,tableName=ROUTINE_JAR_USAGE,columnName=JAR_CATALOG,grantor=_SYSTEM,grantee=PUBLIC,privilege=SELECT,isGrantable=YES}, com.github.jinahya.database.metadata.bind.ColumnPrivilege@c4c11f2{unmappedColumns={}}{tableCat=PUBLIC,tableSchem=INFORMATION_SCHEMA,tableName=ROUTINE_JAR_USAGE,columnName=JAR_NAME,grantor=_SYSTEM,grantee=PUBLIC,privilege=SELECT,isGrantable=YES}, com.github.jinahya.database.metadata.bind.ColumnPrivilege@42da83fe{unmappedColumns={}}{tableCat=PUBLIC,tableSchem=INFORMATION_SCHEMA,tableName=ROUTINE_JAR_USAGE,columnName=JAR_SCHEMA,grantor=_SYSTEM,grantee=PUBLIC,privilege=SELECT,isGrantable=YES}, com.github.jinahya.database.metadata.bind.ColumnPrivilege@bb8b3cf5{unmappedColumns={}}{tableCat=PUBLIC,tableSchem=INFORMATION_SCHEMA,tableName=ROUTINE_JAR_USAGE,columnName=SPECIFIC_CATALOG,grantor=_SYSTEM,grantee=PUBLIC,privilege=SELECT,isGrantable=YES}, com.github.jinahya.database.metadata.bind.ColumnPrivilege@657a681f{unmappedColumns={}}{tableCat=PUBLIC,tableSchem=INFORMATION_SCHEMA,tableName=ROUTINE_JAR_USAGE,columnName=SPECIFIC_NAME,grantor=_SYSTEM,grantee=PUBLIC,privilege=SELECT,isGrantable=YES}, com.github.jinahya.database.metadata.bind.ColumnPrivilege@d9a1d877{unmappedColumns={}}{tableCat=PUBLIC,tableSchem=INFORMATION_SCHEMA,tableName=ROUTINE_JAR_USAGE,columnName=SPECIFIC_SCHEMA,grantor=_SYSTEM,grantee=PUBLIC,privilege=SELECT,isGrantable=YES}]
1110 [main] DEBUG com.github.jinahya.database.metadata.bind.Memory_$_Test - com.github.jinahya.database.metadata.bind.Table@fb607812{unmappedColumns={COMMIT_ACTION=null, HSQLDB_TYPE=MEMORY, READ_ONLY=true}}{tableCat=PUBLIC,tableSchem=INFORMATION_SCHEMA,tableName=ROUTINE_PERIOD_USAGE,tableType=SYSTEM TABLE,remarks=one row for each usage of a period in a routine,typeCat=null,typeSchem=null,typeName=null,selfReferencingColName=null,refGeneration=null}: [com.github.jinahya.database.metadata.bind.ColumnPrivilege@98de08b1{unmappedColumns={}}{tableCat=PUBLIC,tableSchem=INFORMATION_SCHEMA,tableName=ROUTINE_PERIOD_USAGE,columnName=PERIOD_NAME,grantor=_SYSTEM,grantee=PUBLIC,privilege=SELECT,isGrantable=YES}, com.github.jinahya.database.metadata.bind.ColumnPrivilege@a96210bd{unmappedColumns={}}{tableCat=PUBLIC,tableSchem=INFORMATION_SCHEMA,tableName=ROUTINE_PERIOD_USAGE,columnName=ROUTINE_CATALOG,grantor=_SYSTEM,grantee=PUBLIC,privilege=SELECT,isGrantable=YES}, com.github.jinahya.database.metadata.bind.ColumnPrivilege@ad1c5e9a{unmappedColumns={}}{tableCat=PUBLIC,tableSchem=INFORMATION_SCHEMA,tableName=ROUTINE_PERIOD_USAGE,columnName=ROUTINE_NAME,grantor=_SYSTEM,grantee=PUBLIC,privilege=SELECT,isGrantable=YES}, com.github.jinahya.database.metadata.bind.ColumnPrivilege@c4362368{unmappedColumns={}}{tableCat=PUBLIC,tableSchem=INFORMATION_SCHEMA,tableName=ROUTINE_PERIOD_USAGE,columnName=ROUTINE_SCHEMA,grantor=_SYSTEM,grantee=PUBLIC,privilege=SELECT,isGrantable=YES}, com.github.jinahya.database.metadata.bind.ColumnPrivilege@1ac60318{unmappedColumns={}}{tableCat=PUBLIC,tableSchem=INFORMATION_SCHEMA,tableName=ROUTINE_PERIOD_USAGE,columnName=SPECIFIC_CATALOG,grantor=_SYSTEM,grantee=PUBLIC,privilege=SELECT,isGrantable=YES}, com.github.jinahya.database.metadata.bind.ColumnPrivilege@865b20d5{unmappedColumns={}}{tableCat=PUBLIC,tableSchem=INFORMATION_SCHEMA,tableName=ROUTINE_PERIOD_USAGE,columnName=SPECIFIC_NAME,grantor=_SYSTEM,grantee=PUBLIC,privilege=SELECT,isGrantable=YES}, com.github.jinahya.database.metadata.bind.ColumnPrivilege@1ab951fb{unmappedColumns={}}{tableCat=PUBLIC,tableSchem=INFORMATION_SCHEMA,tableName=ROUTINE_PERIOD_USAGE,columnName=SPECIFIC_SCHEMA,grantor=_SYSTEM,grantee=PUBLIC,privilege=SELECT,isGrantable=YES}, com.github.jinahya.database.metadata.bind.ColumnPrivilege@653810a8{unmappedColumns={}}{tableCat=PUBLIC,tableSchem=INFORMATION_SCHEMA,tableName=ROUTINE_PERIOD_USAGE,columnName=TABLE_CATALOG,grantor=_SYSTEM,grantee=PUBLIC,privilege=SELECT,isGrantable=YES}, com.github.jinahya.database.metadata.bind.ColumnPrivilege@c79d3da7{unmappedColumns={}}{tableCat=PUBLIC,tableSchem=INFORMATION_SCHEMA,tableName=ROUTINE_PERIOD_USAGE,columnName=TABLE_NAME,grantor=_SYSTEM,grantee=PUBLIC,privilege=SELECT,isGrantable=YES}, com.github.jinahya.database.metadata.bind.ColumnPrivilege@246d0bf3{unmappedColumns={}}{tableCat=PUBLIC,tableSchem=INFORMATION_SCHEMA,tableName=ROUTINE_PERIOD_USAGE,columnName=TABLE_SCHEMA,grantor=_SYSTEM,grantee=PUBLIC,privilege=SELECT,isGrantable=YES}]
1110 [main] DEBUG com.github.jinahya.database.metadata.bind.Memory_$_Test - com.github.jinahya.database.metadata.bind.Table@af3b931{unmappedColumns={COMMIT_ACTION=null, HSQLDB_TYPE=MEMORY, READ_ONLY=true}}{tableCat=PUBLIC,tableSchem=INFORMATION_SCHEMA,tableName=ROUTINE_PRIVILEGES,tableType=SYSTEM TABLE,remarks=one row for each usage privilege on a routine,typeCat=null,typeSchem=null,typeName=null,selfReferencingColName=null,refGeneration=null}: [com.github.jinahya.database.metadata.bind.ColumnPrivilege@968ee510{unmappedColumns={}}{tableCat=PUBLIC,tableSchem=INFORMATION_SCHEMA,tableName=ROUTINE_PRIVILEGES,columnName=GRANTEE,grantor=_SYSTEM,grantee=PUBLIC,privilege=SELECT,isGrantable=YES}, com.github.jinahya.database.metadata.bind.ColumnPrivilege@539d9777{unmappedColumns={}}{tableCat=PUBLIC,tableSchem=INFORMATION_SCHEMA,tableName=ROUTINE_PRIVILEGES,columnName=GRANTOR,grantor=_SYSTEM,grantee=PUBLIC,privilege=SELECT,isGrantable=YES}, com.github.jinahya.database.metadata.bind.ColumnPrivilege@dbfa08ce{unmappedColumns={}}{tableCat=PUBLIC,tableSchem=INFORMATION_SCHEMA,tableName=ROUTINE_PRIVILEGES,columnName=IS_GRANTABLE,grantor=_SYSTEM,grantee=PUBLIC,privilege=SELECT,isGrantable=YES}, com.github.jinahya.database.metadata.bind.ColumnPrivilege@f7dc083c{unmappedColumns={}}{tableCat=PUBLIC,tableSchem=INFORMATION_SCHEMA,tableName=ROUTINE_PRIVILEGES,columnName=PRIVILEGE_TYPE,grantor=_SYSTEM,grantee=PUBLIC,privilege=SELECT,isGrantable=YES}, com.github.jinahya.database.metadata.bind.ColumnPrivilege@82b3462f{unmappedColumns={}}{tableCat=PUBLIC,tableSchem=INFORMATION_SCHEMA,tableName=ROUTINE_PRIVILEGES,columnName=ROUTINE_CATALOG,grantor=_SYSTEM,grantee=PUBLIC,privilege=SELECT,isGrantable=YES}, com.github.jinahya.database.metadata.bind.ColumnPrivilege@a2a8feb5{unmappedColumns={}}{tableCat=PUBLIC,tableSchem=INFORMATION_SCHEMA,tableName=ROUTINE_PRIVILEGES,columnName=ROUTINE_NAME,grantor=_SYSTEM,grantee=PUBLIC,privilege=SELECT,isGrantable=YES}, com.github.jinahya.database.metadata.bind.ColumnPrivilege@4043c05b{unmappedColumns={}}{tableCat=PUBLIC,tableSchem=INFORMATION_SCHEMA,tableName=ROUTINE_PRIVILEGES,columnName=ROUTINE_SCHEMA,grantor=_SYSTEM,grantee=PUBLIC,privilege=SELECT,isGrantable=YES}, com.github.jinahya.database.metadata.bind.ColumnPrivilege@abed4eb6{unmappedColumns={}}{tableCat=PUBLIC,tableSchem=INFORMATION_SCHEMA,tableName=ROUTINE_PRIVILEGES,columnName=SPECIFIC_CATALOG,grantor=_SYSTEM,grantee=PUBLIC,privilege=SELECT,isGrantable=YES}, com.github.jinahya.database.metadata.bind.ColumnPrivilege@15ab1f82{unmappedColumns={}}{tableCat=PUBLIC,tableSchem=INFORMATION_SCHEMA,tableName=ROUTINE_PRIVILEGES,columnName=SPECIFIC_NAME,grantor=_SYSTEM,grantee=PUBLIC,privilege=SELECT,isGrantable=YES}, com.github.jinahya.database.metadata.bind.ColumnPrivilege@31838562{unmappedColumns={}}{tableCat=PUBLIC,tableSchem=INFORMATION_SCHEMA,tableName=ROUTINE_PRIVILEGES,columnName=SPECIFIC_SCHEMA,grantor=_SYSTEM,grantee=PUBLIC,privilege=SELECT,isGrantable=YES}]
1110 [main] DEBUG com.github.jinahya.database.metadata.bind.Memory_$_Test - com.github.jinahya.database.metadata.bind.Table@f2ccac9f{unmappedColumns={COMMIT_ACTION=null, HSQLDB_TYPE=MEMORY, READ_ONLY=true}}{tableCat=PUBLIC,tableSchem=INFORMATION_SCHEMA,tableName=ROUTINE_ROUTINE_USAGE,tableType=SYSTEM TABLE,remarks=one row for each usage of a routine in a routine,typeCat=null,typeSchem=null,typeName=null,selfReferencingColName=null,refGeneration=null}: [com.github.jinahya.database.metadata.bind.ColumnPrivilege@9d8f3073{unmappedColumns={}}{tableCat=PUBLIC,tableSchem=INFORMATION_SCHEMA,tableName=ROUTINE_ROUTINE_USAGE,columnName=ROUTINE_CATALOG,grantor=_SYSTEM,grantee=PUBLIC,privilege=SELECT,isGrantable=YES}, com.github.jinahya.database.metadata.bind.ColumnPrivilege@beca2795{unmappedColumns={}}{tableCat=PUBLIC,tableSchem=INFORMATION_SCHEMA,tableName=ROUTINE_ROUTINE_USAGE,columnName=ROUTINE_NAME,grantor=_SYSTEM,grantee=PUBLIC,privilege=SELECT,isGrantable=YES}, com.github.jinahya.database.metadata.bind.ColumnPrivilege@97c6332{unmappedColumns={}}{tableCat=PUBLIC,tableSchem=INFORMATION_SCHEMA,tableName=ROUTINE_ROUTINE_USAGE,columnName=ROUTINE_SCHEMA,grantor=_SYSTEM,grantee=PUBLIC,privilege=SELECT,isGrantable=YES}, com.github.jinahya.database.metadata.bind.ColumnPrivilege@693bd33b{unmappedColumns={}}{tableCat=PUBLIC,tableSchem=INFORMATION_SCHEMA,tableName=ROUTINE_ROUTINE_USAGE,columnName=SPECIFIC_CATALOG,grantor=_SYSTEM,grantee=PUBLIC,privilege=SELECT,isGrantable=YES}, com.github.jinahya.database.metadata.bind.ColumnPrivilege@b25b9d04{unmappedColumns={}}{tableCat=PUBLIC,tableSchem=INFORMATION_SCHEMA,tableName=ROUTINE_ROUTINE_USAGE,columnName=SPECIFIC_NAME,grantor=_SYSTEM,grantee=PUBLIC,privilege=SELECT,isGrantable=YES}, com.github.jinahya.database.metadata.bind.ColumnPrivilege@5d3ab044{unmappedColumns={}}{tableCat=PUBLIC,tableSchem=INFORMATION_SCHEMA,tableName=ROUTINE_ROUTINE_USAGE,columnName=SPECIFIC_SCHEMA,grantor=_SYSTEM,grantee=PUBLIC,privilege=SELECT,isGrantable=YES}]
1110 [main] DEBUG com.github.jinahya.database.metadata.bind.Memory_$_Test - com.github.jinahya.database.metadata.bind.Table@51def352{unmappedColumns={COMMIT_ACTION=null, HSQLDB_TYPE=MEMORY, READ_ONLY=true}}{tableCat=PUBLIC,tableSchem=INFORMATION_SCHEMA,tableName=ROUTINE_SEQUENCE_USAGE,tableType=SYSTEM TABLE,remarks=one row for each usage of a sequence in a routine,typeCat=null,typeSchem=null,typeName=null,selfReferencingColName=null,refGeneration=null}: [com.github.jinahya.database.metadata.bind.ColumnPrivilege@f1c783df{unmappedColumns={}}{tableCat=PUBLIC,tableSchem=INFORMATION_SCHEMA,tableName=ROUTINE_SEQUENCE_USAGE,columnName=SEQUENCE_CATALOG,grantor=_SYSTEM,grantee=PUBLIC,privilege=SELECT,isGrantable=YES}, com.github.jinahya.database.metadata.bind.ColumnPrivilege@c5f2651e{unmappedColumns={}}{tableCat=PUBLIC,tableSchem=INFORMATION_SCHEMA,tableName=ROUTINE_SEQUENCE_USAGE,columnName=SEQUENCE_NAME,grantor=_SYSTEM,grantee=PUBLIC,privilege=SELECT,isGrantable=YES}, com.github.jinahya.database.metadata.bind.ColumnPrivilege@abd59ada{unmappedColumns={}}{tableCat=PUBLIC,tableSchem=INFORMATION_SCHEMA,tableName=ROUTINE_SEQUENCE_USAGE,columnName=SEQUENCE_SCHEMA,grantor=_SYSTEM,grantee=PUBLIC,privilege=SELECT,isGrantable=YES}, com.github.jinahya.database.metadata.bind.ColumnPrivilege@4a05b53e{unmappedColumns={}}{tableCat=PUBLIC,tableSchem=INFORMATION_SCHEMA,tableName=ROUTINE_SEQUENCE_USAGE,columnName=SPECIFIC_CATALOG,grantor=_SYSTEM,grantee=PUBLIC,privilege=SELECT,isGrantable=YES}, com.github.jinahya.database.metadata.bind.ColumnPrivilege@2d2ce5ab{unmappedColumns={}}{tableCat=PUBLIC,tableSchem=INFORMATION_SCHEMA,tableName=ROUTINE_SEQUENCE_USAGE,columnName=SPECIFIC_NAME,grantor=_SYSTEM,grantee=PUBLIC,privilege=SELECT,isGrantable=YES}, com.github.jinahya.database.metadata.bind.ColumnPrivilege@22d1aa3d{unmappedColumns={}}{tableCat=PUBLIC,tableSchem=INFORMATION_SCHEMA,tableName=ROUTINE_SEQUENCE_USAGE,columnName=SPECIFIC_SCHEMA,grantor=_SYSTEM,grantee=PUBLIC,privilege=SELECT,isGrantable=YES}]
1111 [main] DEBUG com.github.jinahya.database.metadata.bind.Memory_$_Test - com.github.jinahya.database.metadata.bind.Table@7292b969{unmappedColumns={COMMIT_ACTION=null, HSQLDB_TYPE=MEMORY, READ_ONLY=true}}{tableCat=PUBLIC,tableSchem=INFORMATION_SCHEMA,tableName=ROUTINE_TABLE_USAGE,tableType=SYSTEM TABLE,remarks=one row for each usage of a table in a routine,typeCat=null,typeSchem=null,typeName=null,selfReferencingColName=null,refGeneration=null}: [com.github.jinahya.database.metadata.bind.ColumnPrivilege@da9390ff{unmappedColumns={}}{tableCat=PUBLIC,tableSchem=INFORMATION_SCHEMA,tableName=ROUTINE_TABLE_USAGE,columnName=ROUTINE_CATALOG,grantor=_SYSTEM,grantee=PUBLIC,privilege=SELECT,isGrantable=YES}, com.github.jinahya.database.metadata.bind.ColumnPrivilege@dd5190d{unmappedColumns={}}{tableCat=PUBLIC,tableSchem=INFORMATION_SCHEMA,tableName=ROUTINE_TABLE_USAGE,columnName=ROUTINE_NAME,grantor=_SYSTEM,grantee=PUBLIC,privilege=SELECT,isGrantable=YES}, com.github.jinahya.database.metadata.bind.ColumnPrivilege@9e564d34{unmappedColumns={}}{tableCat=PUBLIC,tableSchem=INFORMATION_SCHEMA,tableName=ROUTINE_TABLE_USAGE,columnName=ROUTINE_SCHEMA,grantor=_SYSTEM,grantee=PUBLIC,privilege=SELECT,isGrantable=YES}, com.github.jinahya.database.metadata.bind.ColumnPrivilege@8fb538d4{unmappedColumns={}}{tableCat=PUBLIC,tableSchem=INFORMATION_SCHEMA,tableName=ROUTINE_TABLE_USAGE,columnName=SPECIFIC_CATALOG,grantor=_SYSTEM,grantee=PUBLIC,privilege=SELECT,isGrantable=YES}, com.github.jinahya.database.metadata.bind.ColumnPrivilege@1d5277a3{unmappedColumns={}}{tableCat=PUBLIC,tableSchem=INFORMATION_SCHEMA,tableName=ROUTINE_TABLE_USAGE,columnName=SPECIFIC_NAME,grantor=_SYSTEM,grantee=PUBLIC,privilege=SELECT,isGrantable=YES}, com.github.jinahya.database.metadata.bind.ColumnPrivilege@553ec384{unmappedColumns={}}{tableCat=PUBLIC,tableSchem=INFORMATION_SCHEMA,tableName=ROUTINE_TABLE_USAGE,columnName=SPECIFIC_SCHEMA,grantor=_SYSTEM,grantee=PUBLIC,privilege=SELECT,isGrantable=YES}, com.github.jinahya.database.metadata.bind.ColumnPrivilege@f5eff764{unmappedColumns={}}{tableCat=PUBLIC,tableSchem=INFORMATION_SCHEMA,tableName=ROUTINE_TABLE_USAGE,columnName=TABLE_CATALOG,grantor=_SYSTEM,grantee=PUBLIC,privilege=SELECT,isGrantable=YES}, com.github.jinahya.database.metadata.bind.ColumnPrivilege@2acd1d11{unmappedColumns={}}{tableCat=PUBLIC,tableSchem=INFORMATION_SCHEMA,tableName=ROUTINE_TABLE_USAGE,columnName=TABLE_NAME,grantor=_SYSTEM,grantee=PUBLIC,privilege=SELECT,isGrantable=YES}, com.github.jinahya.database.metadata.bind.ColumnPrivilege@60db0b38{unmappedColumns={}}{tableCat=PUBLIC,tableSchem=INFORMATION_SCHEMA,tableName=ROUTINE_TABLE_USAGE,columnName=TABLE_SCHEMA,grantor=_SYSTEM,grantee=PUBLIC,privilege=SELECT,isGrantable=YES}]
1111 [main] DEBUG com.github.jinahya.database.metadata.bind.Memory_$_Test - com.github.jinahya.database.metadata.bind.Table@b13862a2{unmappedColumns={COMMIT_ACTION=null, HSQLDB_TYPE=MEMORY, READ_ONLY=true}}{tableCat=PUBLIC,tableSchem=INFORMATION_SCHEMA,tableName=SCHEMATA,tableType=SYSTEM TABLE,remarks=one row for each schema,typeCat=null,typeSchem=null,typeName=null,selfReferencingColName=null,refGeneration=null}: [com.github.jinahya.database.metadata.bind.ColumnPrivilege@b877e2e4{unmappedColumns={}}{tableCat=PUBLIC,tableSchem=INFORMATION_SCHEMA,tableName=SCHEMATA,columnName=CATALOG_NAME,grantor=_SYSTEM,grantee=PUBLIC,privilege=SELECT,isGrantable=YES}, com.github.jinahya.database.metadata.bind.ColumnPrivilege@b71e61c9{unmappedColumns={}}{tableCat=PUBLIC,tableSchem=INFORMATION_SCHEMA,tableName=SCHEMATA,columnName=DEFAULT_CHARACTER_SET_CATALOG,grantor=_SYSTEM,grantee=PUBLIC,privilege=SELECT,isGrantable=YES}, com.github.jinahya.database.metadata.bind.ColumnPrivilege@d0011f37{unmappedColumns={}}{tableCat=PUBLIC,tableSchem=INFORMATION_SCHEMA,tableName=SCHEMATA,columnName=DEFAULT_CHARACTER_SET_NAME,grantor=_SYSTEM,grantee=PUBLIC,privilege=SELECT,isGrantable=YES}, com.github.jinahya.database.metadata.bind.ColumnPrivilege@9ce3cb2d{unmappedColumns={}}{tableCat=PUBLIC,tableSchem=INFORMATION_SCHEMA,tableName=SCHEMATA,columnName=DEFAULT_CHARACTER_SET_SCHEMA,grantor=_SYSTEM,grantee=PUBLIC,privilege=SELECT,isGrantable=YES}, com.github.jinahya.database.metadata.bind.ColumnPrivilege@ebe5c835{unmappedColumns={}}{tableCat=PUBLIC,tableSchem=INFORMATION_SCHEMA,tableName=SCHEMATA,columnName=SCHEMA_NAME,grantor=_SYSTEM,grantee=PUBLIC,privilege=SELECT,isGrantable=YES}, com.github.jinahya.database.metadata.bind.ColumnPrivilege@6d63f325{unmappedColumns={}}{tableCat=PUBLIC,tableSchem=INFORMATION_SCHEMA,tableName=SCHEMATA,columnName=SCHEMA_OWNER,grantor=_SYSTEM,grantee=PUBLIC,privilege=SELECT,isGrantable=YES}, com.github.jinahya.database.metadata.bind.ColumnPrivilege@36d2ef62{unmappedColumns={}}{tableCat=PUBLIC,tableSchem=INFORMATION_SCHEMA,tableName=SCHEMATA,columnName=SQL_PATH,grantor=_SYSTEM,grantee=PUBLIC,privilege=SELECT,isGrantable=YES}]
1111 [main] DEBUG com.github.jinahya.database.metadata.bind.Memory_$_Test - com.github.jinahya.database.metadata.bind.Table@fdea386{unmappedColumns={COMMIT_ACTION=null, HSQLDB_TYPE=MEMORY, READ_ONLY=true}}{tableCat=PUBLIC,tableSchem=INFORMATION_SCHEMA,tableName=SEQUENCES,tableType=SYSTEM TABLE,remarks=one row for each external sequence generator,typeCat=null,typeSchem=null,typeName=null,selfReferencingColName=null,refGeneration=null}: [com.github.jinahya.database.metadata.bind.ColumnPrivilege@558418b4{unmappedColumns={}}{tableCat=PUBLIC,tableSchem=INFORMATION_SCHEMA,tableName=SEQUENCES,columnName=CYCLE_OPTION,grantor=_SYSTEM,grantee=PUBLIC,privilege=SELECT,isGrantable=YES}, com.github.jinahya.database.metadata.bind.ColumnPrivilege@18ef0384{unmappedColumns={}}{tableCat=PUBLIC,tableSchem=INFORMATION_SCHEMA,tableName=SEQUENCES,columnName=DATA_TYPE,grantor=_SYSTEM,grantee=PUBLIC,privilege=SELECT,isGrantable=YES}, com.github.jinahya.database.metadata.bind.ColumnPrivilege@b69aa008{unmappedColumns={}}{tableCat=PUBLIC,tableSchem=INFORMATION_SCHEMA,tableName=SEQUENCES,columnName=DECLARED_DATA_TYPE,grantor=_SYSTEM,grantee=PUBLIC,privilege=SELECT,isGrantable=YES}, com.github.jinahya.database.metadata.bind.ColumnPrivilege@3341c9d1{unmappedColumns={}}{tableCat=PUBLIC,tableSchem=INFORMATION_SCHEMA,tableName=SEQUENCES,columnName=DECLARED_NUMERIC_PRECISION,grantor=_SYSTEM,grantee=PUBLIC,privilege=SELECT,isGrantable=YES}, com.github.jinahya.database.metadata.bind.ColumnPrivilege@e2feda7e{unmappedColumns={}}{tableCat=PUBLIC,tableSchem=INFORMATION_SCHEMA,tableName=SEQUENCES,columnName=DECLARED_NUMERIC_SCALE,grantor=_SYSTEM,grantee=PUBLIC,privilege=SELECT,isGrantable=YES}, com.github.jinahya.database.metadata.bind.ColumnPrivilege@a0bfe400{unmappedColumns={}}{tableCat=PUBLIC,tableSchem=INFORMATION_SCHEMA,tableName=SEQUENCES,columnName=INCREMENT,grantor=_SYSTEM,grantee=PUBLIC,privilege=SELECT,isGrantable=YES}, com.github.jinahya.database.metadata.bind.ColumnPrivilege@c041d783{unmappedColumns={}}{tableCat=PUBLIC,tableSchem=INFORMATION_SCHEMA,tableName=SEQUENCES,columnName=MAXIMUM_VALUE,grantor=_SYSTEM,grantee=PUBLIC,privilege=SELECT,isGrantable=YES}, com.github.jinahya.database.metadata.bind.ColumnPrivilege@5a6cd728{unmappedColumns={}}{tableCat=PUBLIC,tableSchem=INFORMATION_SCHEMA,tableName=SEQUENCES,columnName=MINIMUM_VALUE,grantor=_SYSTEM,grantee=PUBLIC,privilege=SELECT,isGrantable=YES}, com.github.jinahya.database.metadata.bind.ColumnPrivilege@300a8449{unmappedColumns={}}{tableCat=PUBLIC,tableSchem=INFORMATION_SCHEMA,tableName=SEQUENCES,columnName=NEXT_VALUE,grantor=_SYSTEM,grantee=PUBLIC,privilege=SELECT,isGrantable=YES}, com.github.jinahya.database.metadata.bind.ColumnPrivilege@e4372661{unmappedColumns={}}{tableCat=PUBLIC,tableSchem=INFORMATION_SCHEMA,tableName=SEQUENCES,columnName=NUMERIC_PRECISION,grantor=_SYSTEM,grantee=PUBLIC,privilege=SELECT,isGrantable=YES}, com.github.jinahya.database.metadata.bind.ColumnPrivilege@a6445e55{unmappedColumns={}}{tableCat=PUBLIC,tableSchem=INFORMATION_SCHEMA,tableName=SEQUENCES,columnName=NUMERIC_PRECISION_RADIX,grantor=_SYSTEM,grantee=PUBLIC,privilege=SELECT,isGrantable=YES}, com.github.jinahya.database.metadata.bind.ColumnPrivilege@a209edbc{unmappedColumns={}}{tableCat=PUBLIC,tableSchem=INFORMATION_SCHEMA,tableName=SEQUENCES,columnName=NUMERIC_SCALE,grantor=_SYSTEM,grantee=PUBLIC,privilege=SELECT,isGrantable=YES}, com.github.jinahya.database.metadata.bind.ColumnPrivilege@fcdc79e2{unmappedColumns={}}{tableCat=PUBLIC,tableSchem=INFORMATION_SCHEMA,tableName=SEQUENCES,columnName=SEQUENCE_CATALOG,grantor=_SYSTEM,grantee=PUBLIC,privilege=SELECT,isGrantable=YES}, com.github.jinahya.database.metadata.bind.ColumnPrivilege@927bf14d{unmappedColumns={}}{tableCat=PUBLIC,tableSchem=INFORMATION_SCHEMA,tableName=SEQUENCES,columnName=SEQUENCE_NAME,grantor=_SYSTEM,grantee=PUBLIC,privilege=SELECT,isGrantable=YES}, com.github.jinahya.database.metadata.bind.ColumnPrivilege@25bffb44{unmappedColumns={}}{tableCat=PUBLIC,tableSchem=INFORMATION_SCHEMA,tableName=SEQUENCES,columnName=SEQUENCE_SCHEMA,grantor=_SYSTEM,grantee=PUBLIC,privilege=SELECT,isGrantable=YES}, com.github.jinahya.database.metadata.bind.ColumnPrivilege@fcfe9396{unmappedColumns={}}{tableCat=PUBLIC,tableSchem=INFORMATION_SCHEMA,tableName=SEQUENCES,columnName=START_VALUE,grantor=_SYSTEM,grantee=PUBLIC,privilege=SELECT,isGrantable=YES}, com.github.jinahya.database.metadata.bind.ColumnPrivilege@c7bcd496{unmappedColumns={}}{tableCat=PUBLIC,tableSchem=INFORMATION_SCHEMA,tableName=SEQUENCES,columnName=START_WITH,grantor=_SYSTEM,grantee=PUBLIC,privilege=SELECT,isGrantable=YES}]
1112 [main] DEBUG com.github.jinahya.database.metadata.bind.Memory_$_Test - com.github.jinahya.database.metadata.bind.Table@efa2da82{unmappedColumns={COMMIT_ACTION=null, HSQLDB_TYPE=MEMORY, READ_ONLY=true}}{tableCat=PUBLIC,tableSchem=INFORMATION_SCHEMA,tableName=SQL_FEATURES,tableType=SYSTEM TABLE,remarks=list of supported SQL Standard features,typeCat=null,typeSchem=null,typeName=null,selfReferencingColName=null,refGeneration=null}: [com.github.jinahya.database.metadata.bind.ColumnPrivilege@194fcc80{unmappedColumns={}}{tableCat=PUBLIC,tableSchem=INFORMATION_SCHEMA,tableName=SQL_FEATURES,columnName=COMMENTS,grantor=_SYSTEM,grantee=PUBLIC,privilege=SELECT,isGrantable=YES}, com.github.jinahya.database.metadata.bind.ColumnPrivilege@323a48f1{unmappedColumns={}}{tableCat=PUBLIC,tableSchem=INFORMATION_SCHEMA,tableName=SQL_FEATURES,columnName=FEATURE_ID,grantor=_SYSTEM,grantee=PUBLIC,privilege=SELECT,isGrantable=YES}, com.github.jinahya.database.metadata.bind.ColumnPrivilege@6cd980ba{unmappedColumns={}}{tableCat=PUBLIC,tableSchem=INFORMATION_SCHEMA,tableName=SQL_FEATURES,columnName=FEATURE_NAME,grantor=_SYSTEM,grantee=PUBLIC,privilege=SELECT,isGrantable=YES}, com.github.jinahya.database.metadata.bind.ColumnPrivilege@8ddc0f98{unmappedColumns={}}{tableCat=PUBLIC,tableSchem=INFORMATION_SCHEMA,tableName=SQL_FEATURES,columnName=IS_SUPPORTED,grantor=_SYSTEM,grantee=PUBLIC,privilege=SELECT,isGrantable=YES}, com.github.jinahya.database.metadata.bind.ColumnPrivilege@fc7ec107{unmappedColumns={}}{tableCat=PUBLIC,tableSchem=INFORMATION_SCHEMA,tableName=SQL_FEATURES,columnName=IS_VERIFIED_BY,grantor=_SYSTEM,grantee=PUBLIC,privilege=SELECT,isGrantable=YES}, com.github.jinahya.database.metadata.bind.ColumnPrivilege@82174d73{unmappedColumns={}}{tableCat=PUBLIC,tableSchem=INFORMATION_SCHEMA,tableName=SQL_FEATURES,columnName=SUB_FEATURE_ID,grantor=_SYSTEM,grantee=PUBLIC,privilege=SELECT,isGrantable=YES}, com.github.jinahya.database.metadata.bind.ColumnPrivilege@71a17b0c{unmappedColumns={}}{tableCat=PUBLIC,tableSchem=INFORMATION_SCHEMA,tableName=SQL_FEATURES,columnName=SUB_FEATURE_NAME,grantor=_SYSTEM,grantee=PUBLIC,privilege=SELECT,isGrantable=YES}]
1112 [main] DEBUG com.github.jinahya.database.metadata.bind.Memory_$_Test - com.github.jinahya.database.metadata.bind.Table@bd06c3de{unmappedColumns={COMMIT_ACTION=null, HSQLDB_TYPE=MEMORY, READ_ONLY=true}}{tableCat=PUBLIC,tableSchem=INFORMATION_SCHEMA,tableName=SQL_IMPLEMENTATION_INFO,tableType=SYSTEM TABLE,remarks=list of implementation specific limits,typeCat=null,typeSchem=null,typeName=null,selfReferencingColName=null,refGeneration=null}: [com.github.jinahya.database.metadata.bind.ColumnPrivilege@9bcc4460{unmappedColumns={}}{tableCat=PUBLIC,tableSchem=INFORMATION_SCHEMA,tableName=SQL_IMPLEMENTATION_INFO,columnName=CHARACTER_VALUE,grantor=_SYSTEM,grantee=PUBLIC,privilege=SELECT,isGrantable=YES}, com.github.jinahya.database.metadata.bind.ColumnPrivilege@eb400085{unmappedColumns={}}{tableCat=PUBLIC,tableSchem=INFORMATION_SCHEMA,tableName=SQL_IMPLEMENTATION_INFO,columnName=COMMENTS,grantor=_SYSTEM,grantee=PUBLIC,privilege=SELECT,isGrantable=YES}, com.github.jinahya.database.metadata.bind.ColumnPrivilege@91e8631c{unmappedColumns={}}{tableCat=PUBLIC,tableSchem=INFORMATION_SCHEMA,tableName=SQL_IMPLEMENTATION_INFO,columnName=IMPLEMENTATION_INFO_ID,grantor=_SYSTEM,grantee=PUBLIC,privilege=SELECT,isGrantable=YES}, com.github.jinahya.database.metadata.bind.ColumnPrivilege@1ede3c84{unmappedColumns={}}{tableCat=PUBLIC,tableSchem=INFORMATION_SCHEMA,tableName=SQL_IMPLEMENTATION_INFO,columnName=IMPLEMENTATION_INFO_NAME,grantor=_SYSTEM,grantee=PUBLIC,privilege=SELECT,isGrantable=YES}, com.github.jinahya.database.metadata.bind.ColumnPrivilege@23c0ff7c{unmappedColumns={}}{tableCat=PUBLIC,tableSchem=INFORMATION_SCHEMA,tableName=SQL_IMPLEMENTATION_INFO,columnName=INTEGER_VALUE,grantor=_SYSTEM,grantee=PUBLIC,privilege=SELECT,isGrantable=YES}]
1112 [main] DEBUG com.github.jinahya.database.metadata.bind.Memory_$_Test - com.github.jinahya.database.metadata.bind.Table@2db74b32{unmappedColumns={COMMIT_ACTION=null, HSQLDB_TYPE=MEMORY, READ_ONLY=true}}{tableCat=PUBLIC,tableSchem=INFORMATION_SCHEMA,tableName=SQL_PACKAGES,tableType=SYSTEM TABLE,remarks=list of supported SQL Standard packages,typeCat=null,typeSchem=null,typeName=null,selfReferencingColName=null,refGeneration=null}: [com.github.jinahya.database.metadata.bind.ColumnPrivilege@32d62a29{unmappedColumns={}}{tableCat=PUBLIC,tableSchem=INFORMATION_SCHEMA,tableName=SQL_PACKAGES,columnName=COMMENTS,grantor=_SYSTEM,grantee=PUBLIC,privilege=SELECT,isGrantable=YES}, com.github.jinahya.database.metadata.bind.ColumnPrivilege@77bfefb0{unmappedColumns={}}{tableCat=PUBLIC,tableSchem=INFORMATION_SCHEMA,tableName=SQL_PACKAGES,columnName=ID,grantor=_SYSTEM,grantee=PUBLIC,privilege=SELECT,isGrantable=YES}, com.github.jinahya.database.metadata.bind.ColumnPrivilege@dfe7331c{unmappedColumns={}}{tableCat=PUBLIC,tableSchem=INFORMATION_SCHEMA,tableName=SQL_PACKAGES,columnName=IS_SUPPORTED,grantor=_SYSTEM,grantee=PUBLIC,privilege=SELECT,isGrantable=YES}, com.github.jinahya.database.metadata.bind.ColumnPrivilege@2879cccd{unmappedColumns={}}{tableCat=PUBLIC,tableSchem=INFORMATION_SCHEMA,tableName=SQL_PACKAGES,columnName=IS_VERIFIED_BY,grantor=_SYSTEM,grantee=PUBLIC,privilege=SELECT,isGrantable=YES}, com.github.jinahya.database.metadata.bind.ColumnPrivilege@9d57905a{unmappedColumns={}}{tableCat=PUBLIC,tableSchem=INFORMATION_SCHEMA,tableName=SQL_PACKAGES,columnName=NAME,grantor=_SYSTEM,grantee=PUBLIC,privilege=SELECT,isGrantable=YES}]
1112 [main] DEBUG com.github.jinahya.database.metadata.bind.Memory_$_Test - com.github.jinahya.database.metadata.bind.Table@f7935fc3{unmappedColumns={COMMIT_ACTION=null, HSQLDB_TYPE=MEMORY, READ_ONLY=true}}{tableCat=PUBLIC,tableSchem=INFORMATION_SCHEMA,tableName=SQL_PARTS,tableType=SYSTEM TABLE,remarks=list of supported SQL Standard parts,typeCat=null,typeSchem=null,typeName=null,selfReferencingColName=null,refGeneration=null}: [com.github.jinahya.database.metadata.bind.ColumnPrivilege@dbfb2b63{unmappedColumns={}}{tableCat=PUBLIC,tableSchem=INFORMATION_SCHEMA,tableName=SQL_PARTS,columnName=COMMENTS,grantor=_SYSTEM,grantee=PUBLIC,privilege=SELECT,isGrantable=YES}, com.github.jinahya.database.metadata.bind.ColumnPrivilege@250bb6b6{unmappedColumns={}}{tableCat=PUBLIC,tableSchem=INFORMATION_SCHEMA,tableName=SQL_PARTS,columnName=IS_SUPPORTED,grantor=_SYSTEM,grantee=PUBLIC,privilege=SELECT,isGrantable=YES}, com.github.jinahya.database.metadata.bind.ColumnPrivilege@880f21ac{unmappedColumns={}}{tableCat=PUBLIC,tableSchem=INFORMATION_SCHEMA,tableName=SQL_PARTS,columnName=IS_VERIFIED_BY,grantor=_SYSTEM,grantee=PUBLIC,privilege=SELECT,isGrantable=YES}, com.github.jinahya.database.metadata.bind.ColumnPrivilege@4da4817d{unmappedColumns={}}{tableCat=PUBLIC,tableSchem=INFORMATION_SCHEMA,tableName=SQL_PARTS,columnName=NAME,grantor=_SYSTEM,grantee=PUBLIC,privilege=SELECT,isGrantable=YES}, com.github.jinahya.database.metadata.bind.ColumnPrivilege@a09de27a{unmappedColumns={}}{tableCat=PUBLIC,tableSchem=INFORMATION_SCHEMA,tableName=SQL_PARTS,columnName=PART,grantor=_SYSTEM,grantee=PUBLIC,privilege=SELECT,isGrantable=YES}]
1113 [main] DEBUG com.github.jinahya.database.metadata.bind.Memory_$_Test - com.github.jinahya.database.metadata.bind.Table@d3b92303{unmappedColumns={COMMIT_ACTION=null, HSQLDB_TYPE=MEMORY, READ_ONLY=true}}{tableCat=PUBLIC,tableSchem=INFORMATION_SCHEMA,tableName=SQL_SIZING,tableType=SYSTEM TABLE,remarks=list of size limits for names and database objects,typeCat=null,typeSchem=null,typeName=null,selfReferencingColName=null,refGeneration=null}: [com.github.jinahya.database.metadata.bind.ColumnPrivilege@c13ab15{unmappedColumns={}}{tableCat=PUBLIC,tableSchem=INFORMATION_SCHEMA,tableName=SQL_SIZING,columnName=COMMENTS,grantor=_SYSTEM,grantee=PUBLIC,privilege=SELECT,isGrantable=YES}, com.github.jinahya.database.metadata.bind.ColumnPrivilege@224a807d{unmappedColumns={}}{tableCat=PUBLIC,tableSchem=INFORMATION_SCHEMA,tableName=SQL_SIZING,columnName=SIZING_ID,grantor=_SYSTEM,grantee=PUBLIC,privilege=SELECT,isGrantable=YES}, com.github.jinahya.database.metadata.bind.ColumnPrivilege@d8f975d4{unmappedColumns={}}{tableCat=PUBLIC,tableSchem=INFORMATION_SCHEMA,tableName=SQL_SIZING,columnName=SIZING_NAME,grantor=_SYSTEM,grantee=PUBLIC,privilege=SELECT,isGrantable=YES}, com.github.jinahya.database.metadata.bind.ColumnPrivilege@99a32b1b{unmappedColumns={}}{tableCat=PUBLIC,tableSchem=INFORMATION_SCHEMA,tableName=SQL_SIZING,columnName=SUPPORTED_VALUE,grantor=_SYSTEM,grantee=PUBLIC,privilege=SELECT,isGrantable=YES}]
1113 [main] DEBUG com.github.jinahya.database.metadata.bind.Memory_$_Test - com.github.jinahya.database.metadata.bind.Table@e09294ce{unmappedColumns={COMMIT_ACTION=null, HSQLDB_TYPE=MEMORY, READ_ONLY=true}}{tableCat=PUBLIC,tableSchem=INFORMATION_SCHEMA,tableName=SQL_SIZING_PROFILES,tableType=SYSTEM TABLE,remarks=list of supported SQL Standard packages,typeCat=null,typeSchem=null,typeName=null,selfReferencingColName=null,refGeneration=null}: [com.github.jinahya.database.metadata.bind.ColumnPrivilege@8426e963{unmappedColumns={}}{tableCat=PUBLIC,tableSchem=INFORMATION_SCHEMA,tableName=SQL_SIZING_PROFILES,columnName=COMMENTS,grantor=_SYSTEM,grantee=PUBLIC,privilege=SELECT,isGrantable=YES}, com.github.jinahya.database.metadata.bind.ColumnPrivilege@217ea54f{unmappedColumns={}}{tableCat=PUBLIC,tableSchem=INFORMATION_SCHEMA,tableName=SQL_SIZING_PROFILES,columnName=PROFILE_ID,grantor=_SYSTEM,grantee=PUBLIC,privilege=SELECT,isGrantable=YES}, com.github.jinahya.database.metadata.bind.ColumnPrivilege@ac8fce68{unmappedColumns={}}{tableCat=PUBLIC,tableSchem=INFORMATION_SCHEMA,tableName=SQL_SIZING_PROFILES,columnName=PROFILE_NAME,grantor=_SYSTEM,grantee=PUBLIC,privilege=SELECT,isGrantable=YES}, com.github.jinahya.database.metadata.bind.ColumnPrivilege@6291ec2f{unmappedColumns={}}{tableCat=PUBLIC,tableSchem=INFORMATION_SCHEMA,tableName=SQL_SIZING_PROFILES,columnName=REQUIRED_VALUE,grantor=_SYSTEM,grantee=PUBLIC,privilege=SELECT,isGrantable=YES}, com.github.jinahya.database.metadata.bind.ColumnPrivilege@f3f227a7{unmappedColumns={}}{tableCat=PUBLIC,tableSchem=INFORMATION_SCHEMA,tableName=SQL_SIZING_PROFILES,columnName=SIZING_ID,grantor=_SYSTEM,grantee=PUBLIC,privilege=SELECT,isGrantable=YES}, com.github.jinahya.database.metadata.bind.ColumnPrivilege@985dc500{unmappedColumns={}}{tableCat=PUBLIC,tableSchem=INFORMATION_SCHEMA,tableName=SQL_SIZING_PROFILES,columnName=SIZING_NAME,grantor=_SYSTEM,grantee=PUBLIC,privilege=SELECT,isGrantable=YES}]
1113 [main] DEBUG com.github.jinahya.database.metadata.bind.Memory_$_Test - com.github.jinahya.database.metadata.bind.Table@1b6fef43{unmappedColumns={COMMIT_ACTION=null, HSQLDB_TYPE=MEMORY, READ_ONLY=true}}{tableCat=PUBLIC,tableSchem=INFORMATION_SCHEMA,tableName=SYSTEM_BESTROWIDENTIFIER,tableType=SYSTEM TABLE,remarks=for each accessible table defined within this database, the optimal set of visible columns that uniquely identifies a row,typeCat=null,typeSchem=null,typeName=null,selfReferencingColName=null,refGeneration=null}: [com.github.jinahya.database.metadata.bind.ColumnPrivilege@677dc92b{unmappedColumns={}}{tableCat=PUBLIC,tableSchem=INFORMATION_SCHEMA,tableName=SYSTEM_BESTROWIDENTIFIER,columnName=BUFFER_LENGTH,grantor=_SYSTEM,grantee=PUBLIC,privilege=SELECT,isGrantable=YES}, com.github.jinahya.database.metadata.bind.ColumnPrivilege@a8206e71{unmappedColumns={}}{tableCat=PUBLIC,tableSchem=INFORMATION_SCHEMA,tableName=SYSTEM_BESTROWIDENTIFIER,columnName=COLUMN_NAME,grantor=_SYSTEM,grantee=PUBLIC,privilege=SELECT,isGrantable=YES}, com.github.jinahya.database.metadata.bind.ColumnPrivilege@a6285207{unmappedColumns={}}{tableCat=PUBLIC,tableSchem=INFORMATION_SCHEMA,tableName=SYSTEM_BESTROWIDENTIFIER,columnName=COLUMN_SIZE,grantor=_SYSTEM,grantee=PUBLIC,privilege=SELECT,isGrantable=YES}, com.github.jinahya.database.metadata.bind.ColumnPrivilege@daaf11c0{unmappedColumns={}}{tableCat=PUBLIC,tableSchem=INFORMATION_SCHEMA,tableName=SYSTEM_BESTROWIDENTIFIER,columnName=DATA_TYPE,grantor=_SYSTEM,grantee=PUBLIC,privilege=SELECT,isGrantable=YES}, com.github.jinahya.database.metadata.bind.ColumnPrivilege@4c6bf055{unmappedColumns={}}{tableCat=PUBLIC,tableSchem=INFORMATION_SCHEMA,tableName=SYSTEM_BESTROWIDENTIFIER,columnName=DECIMAL_DIGITS,grantor=_SYSTEM,grantee=PUBLIC,privilege=SELECT,isGrantable=YES}, com.github.jinahya.database.metadata.bind.ColumnPrivilege@aa3162a2{unmappedColumns={}}{tableCat=PUBLIC,tableSchem=INFORMATION_SCHEMA,tableName=SYSTEM_BESTROWIDENTIFIER,columnName=IN_KEY,grantor=_SYSTEM,grantee=PUBLIC,privilege=SELECT,isGrantable=YES}, com.github.jinahya.database.metadata.bind.ColumnPrivilege@a3646e3f{unmappedColumns={}}{tableCat=PUBLIC,tableSchem=INFORMATION_SCHEMA,tableName=SYSTEM_BESTROWIDENTIFIER,columnName=NULLABLE,grantor=_SYSTEM,grantee=PUBLIC,privilege=SELECT,isGrantable=YES}, com.github.jinahya.database.metadata.bind.ColumnPrivilege@108a905e{unmappedColumns={}}{tableCat=PUBLIC,tableSchem=INFORMATION_SCHEMA,tableName=SYSTEM_BESTROWIDENTIFIER,columnName=PSEUDO_COLUMN,grantor=_SYSTEM,grantee=PUBLIC,privilege=SELECT,isGrantable=YES}, com.github.jinahya.database.metadata.bind.ColumnPrivilege@adefd0db{unmappedColumns={}}{tableCat=PUBLIC,tableSchem=INFORMATION_SCHEMA,tableName=SYSTEM_BESTROWIDENTIFIER,columnName=SCOPE,grantor=_SYSTEM,grantee=PUBLIC,privilege=SELECT,isGrantable=YES}, com.github.jinahya.database.metadata.bind.ColumnPrivilege@a0b35f8e{unmappedColumns={}}{tableCat=PUBLIC,tableSchem=INFORMATION_SCHEMA,tableName=SYSTEM_BESTROWIDENTIFIER,columnName=TABLE_CAT,grantor=_SYSTEM,grantee=PUBLIC,privilege=SELECT,isGrantable=YES}, com.github.jinahya.database.metadata.bind.ColumnPrivilege@b4fedf01{unmappedColumns={}}{tableCat=PUBLIC,tableSchem=INFORMATION_SCHEMA,tableName=SYSTEM_BESTROWIDENTIFIER,columnName=TABLE_NAME,grantor=_SYSTEM,grantee=PUBLIC,privilege=SELECT,isGrantable=YES}, com.github.jinahya.database.metadata.bind.ColumnPrivilege@e74033eb{unmappedColumns={}}{tableCat=PUBLIC,tableSchem=INFORMATION_SCHEMA,tableName=SYSTEM_BESTROWIDENTIFIER,columnName=TABLE_SCHEM,grantor=_SYSTEM,grantee=PUBLIC,privilege=SELECT,isGrantable=YES}, com.github.jinahya.database.metadata.bind.ColumnPrivilege@9f4bb822{unmappedColumns={}}{tableCat=PUBLIC,tableSchem=INFORMATION_SCHEMA,tableName=SYSTEM_BESTROWIDENTIFIER,columnName=TYPE_NAME,grantor=_SYSTEM,grantee=PUBLIC,privilege=SELECT,isGrantable=YES}]
1114 [main] DEBUG com.github.jinahya.database.metadata.bind.Memory_$_Test - com.github.jinahya.database.metadata.bind.Table@91b057d4{unmappedColumns={COMMIT_ACTION=null, HSQLDB_TYPE=MEMORY, READ_ONLY=true}}{tableCat=PUBLIC,tableSchem=INFORMATION_SCHEMA,tableName=SYSTEM_CACHEINFO,tableType=SYSTEM TABLE,remarks=the current state of the system row caching mechanism,typeCat=null,typeSchem=null,typeName=null,selfReferencingColName=null,refGeneration=null}: [com.github.jinahya.database.metadata.bind.ColumnPrivilege@1acc4b09{unmappedColumns={}}{tableCat=PUBLIC,tableSchem=INFORMATION_SCHEMA,tableName=SYSTEM_CACHEINFO,columnName=CACHE_BYTES,grantor=_SYSTEM,grantee=PUBLIC,privilege=SELECT,isGrantable=YES}, com.github.jinahya.database.metadata.bind.ColumnPrivilege@499bbfac{unmappedColumns={}}{tableCat=PUBLIC,tableSchem=INFORMATION_SCHEMA,tableName=SYSTEM_CACHEINFO,columnName=CACHE_FILE,grantor=_SYSTEM,grantee=PUBLIC,privilege=SELECT,isGrantable=YES}, com.github.jinahya.database.metadata.bind.ColumnPrivilege@76a67c44{unmappedColumns={}}{tableCat=PUBLIC,tableSchem=INFORMATION_SCHEMA,tableName=SYSTEM_CACHEINFO,columnName=CACHE_SIZE,grantor=_SYSTEM,grantee=PUBLIC,privilege=SELECT,isGrantable=YES}, com.github.jinahya.database.metadata.bind.ColumnPrivilege@396481df{unmappedColumns={}}{tableCat=PUBLIC,tableSchem=INFORMATION_SCHEMA,tableName=SYSTEM_CACHEINFO,columnName=FILE_FREE_POS,grantor=_SYSTEM,grantee=PUBLIC,privilege=SELECT,isGrantable=YES}, com.github.jinahya.database.metadata.bind.ColumnPrivilege@162cc404{unmappedColumns={}}{tableCat=PUBLIC,tableSchem=INFORMATION_SCHEMA,tableName=SYSTEM_CACHEINFO,columnName=FILE_LOST_BYTES,grantor=_SYSTEM,grantee=PUBLIC,privilege=SELECT,isGrantable=YES}, com.github.jinahya.database.metadata.bind.ColumnPrivilege@54117730{unmappedColumns={}}{tableCat=PUBLIC,tableSchem=INFORMATION_SCHEMA,tableName=SYSTEM_CACHEINFO,columnName=MAX_CACHE_BYTES,grantor=_SYSTEM,grantee=PUBLIC,privilege=SELECT,isGrantable=YES}, com.github.jinahya.database.metadata.bind.ColumnPrivilege@7a7a7a20{unmappedColumns={}}{tableCat=PUBLIC,tableSchem=INFORMATION_SCHEMA,tableName=SYSTEM_CACHEINFO,columnName=MAX_CACHE_COUNT,grantor=_SYSTEM,grantee=PUBLIC,privilege=SELECT,isGrantable=YES}]
1114 [main] DEBUG com.github.jinahya.database.metadata.bind.Memory_$_Test - com.github.jinahya.database.metadata.bind.Table@8c98a481{unmappedColumns={COMMIT_ACTION=null, HSQLDB_TYPE=MEMORY, READ_ONLY=true}}{tableCat=PUBLIC,tableSchem=INFORMATION_SCHEMA,tableName=SYSTEM_COLUMNS,tableType=SYSTEM TABLE,remarks=the visible columns of each accessible table defined within this database,typeCat=null,typeSchem=null,typeName=null,selfReferencingColName=null,refGeneration=null}: [com.github.jinahya.database.metadata.bind.ColumnPrivilege@9c5f57b1{unmappedColumns={}}{tableCat=PUBLIC,tableSchem=INFORMATION_SCHEMA,tableName=SYSTEM_COLUMNS,columnName=BUFFER_LENGTH,grantor=_SYSTEM,grantee=PUBLIC,privilege=SELECT,isGrantable=YES}, com.github.jinahya.database.metadata.bind.ColumnPrivilege@a951b315{unmappedColumns={}}{tableCat=PUBLIC,tableSchem=INFORMATION_SCHEMA,tableName=SYSTEM_COLUMNS,columnName=CHAR_OCTET_LENGTH,grantor=_SYSTEM,grantee=PUBLIC,privilege=SELECT,isGrantable=YES}, com.github.jinahya.database.metadata.bind.ColumnPrivilege@cb431919{unmappedColumns={}}{tableCat=PUBLIC,tableSchem=INFORMATION_SCHEMA,tableName=SYSTEM_COLUMNS,columnName=COLUMN_DEF,grantor=_SYSTEM,grantee=PUBLIC,privilege=SELECT,isGrantable=YES}, com.github.jinahya.database.metadata.bind.ColumnPrivilege@1958933c{unmappedColumns={}}{tableCat=PUBLIC,tableSchem=INFORMATION_SCHEMA,tableName=SYSTEM_COLUMNS,columnName=COLUMN_NAME,grantor=_SYSTEM,grantee=PUBLIC,privilege=SELECT,isGrantable=YES}, com.github.jinahya.database.metadata.bind.ColumnPrivilege@8b469f6{unmappedColumns={}}{tableCat=PUBLIC,tableSchem=INFORMATION_SCHEMA,tableName=SYSTEM_COLUMNS,columnName=COLUMN_SIZE,grantor=_SYSTEM,grantee=PUBLIC,privilege=SELECT,isGrantable=YES}, com.github.jinahya.database.metadata.bind.ColumnPrivilege@995247ee{unmappedColumns={}}{tableCat=PUBLIC,tableSchem=INFORMATION_SCHEMA,tableName=SYSTEM_COLUMNS,columnName=DATA_TYPE,grantor=_SYSTEM,grantee=PUBLIC,privilege=SELECT,isGrantable=YES}, com.github.jinahya.database.metadata.bind.ColumnPrivilege@d9dd0abe{unmappedColumns={}}{tableCat=PUBLIC,tableSchem=INFORMATION_SCHEMA,tableName=SYSTEM_COLUMNS,columnName=DECIMAL_DIGITS,grantor=_SYSTEM,grantee=PUBLIC,privilege=SELECT,isGrantable=YES}, com.github.jinahya.database.metadata.bind.ColumnPrivilege@11e75b1f{unmappedColumns={}}{tableCat=PUBLIC,tableSchem=INFORMATION_SCHEMA,tableName=SYSTEM_COLUMNS,columnName=IS_AUTOINCREMENT,grantor=_SYSTEM,grantee=PUBLIC,privilege=SELECT,isGrantable=YES}, com.github.jinahya.database.metadata.bind.ColumnPrivilege@6c85660{unmappedColumns={}}{tableCat=PUBLIC,tableSchem=INFORMATION_SCHEMA,tableName=SYSTEM_COLUMNS,columnName=IS_GENERATEDCOLUMN,grantor=_SYSTEM,grantee=PUBLIC,privilege=SELECT,isGrantable=YES}, com.github.jinahya.database.metadata.bind.ColumnPrivilege@83383237{unmappedColumns={}}{tableCat=PUBLIC,tableSchem=INFORMATION_SCHEMA,tableName=SYSTEM_COLUMNS,columnName=IS_NULLABLE,grantor=_SYSTEM,grantee=PUBLIC,privilege=SELECT,isGrantable=YES}, com.github.jinahya.database.metadata.bind.ColumnPrivilege@ffc51cc2{unmappedColumns={}}{tableCat=PUBLIC,tableSchem=INFORMATION_SCHEMA,tableName=SYSTEM_COLUMNS,columnName=NULLABLE,grantor=_SYSTEM,grantee=PUBLIC,privilege=SELECT,isGrantable=YES}, com.github.jinahya.database.metadata.bind.ColumnPrivilege@6f6c1c28{unmappedColumns={}}{tableCat=PUBLIC,tableSchem=INFORMATION_SCHEMA,tableName=SYSTEM_COLUMNS,columnName=NUM_PREC_RADIX,grantor=_SYSTEM,grantee=PUBLIC,privilege=SELECT,isGrantable=YES}, com.github.jinahya.database.metadata.bind.ColumnPrivilege@a4fab27a{unmappedColumns={}}{tableCat=PUBLIC,tableSchem=INFORMATION_SCHEMA,tableName=SYSTEM_COLUMNS,columnName=ORDINAL_POSITION,grantor=_SYSTEM,grantee=PUBLIC,privilege=SELECT,isGrantable=YES}, com.github.jinahya.database.metadata.bind.ColumnPrivilege@ff67e89b{unmappedColumns={}}{tableCat=PUBLIC,tableSchem=INFORMATION_SCHEMA,tableName=SYSTEM_COLUMNS,columnName=REMARKS,grantor=_SYSTEM,grantee=PUBLIC,privilege=SELECT,isGrantable=YES}, com.github.jinahya.database.metadata.bind.ColumnPrivilege@e824e740{unmappedColumns={}}{tableCat=PUBLIC,tableSchem=INFORMATION_SCHEMA,tableName=SYSTEM_COLUMNS,columnName=SCOPE_CATALOG,grantor=_SYSTEM,grantee=PUBLIC,privilege=SELECT,isGrantable=YES}, com.github.jinahya.database.metadata.bind.ColumnPrivilege@54c6d12d{unmappedColumns={}}{tableCat=PUBLIC,tableSchem=INFORMATION_SCHEMA,tableName=SYSTEM_COLUMNS,columnName=SCOPE_SCHEMA,grantor=_SYSTEM,grantee=PUBLIC,privilege=SELECT,isGrantable=YES}, com.github.jinahya.database.metadata.bind.ColumnPrivilege@ebb01285{unmappedColumns={}}{tableCat=PUBLIC,tableSchem=INFORMATION_SCHEMA,tableName=SYSTEM_COLUMNS,columnName=SCOPE_TABLE,grantor=_SYSTEM,grantee=PUBLIC,privilege=SELECT,isGrantable=YES}, com.github.jinahya.database.metadata.bind.ColumnPrivilege@65f7f673{unmappedColumns={}}{tableCat=PUBLIC,tableSchem=INFORMATION_SCHEMA,tableName=SYSTEM_COLUMNS,columnName=SOURCE_DATA_TYPE,grantor=_SYSTEM,grantee=PUBLIC,privilege=SELECT,isGrantable=YES}, com.github.jinahya.database.metadata.bind.ColumnPrivilege@7c9a1d2e{unmappedColumns={}}{tableCat=PUBLIC,tableSchem=INFORMATION_SCHEMA,tableName=SYSTEM_COLUMNS,columnName=SQL_DATA_TYPE,grantor=_SYSTEM,grantee=PUBLIC,privilege=SELECT,isGrantable=YES}, com.github.jinahya.database.metadata.bind.ColumnPrivilege@58b827e2{unmappedColumns={}}{tableCat=PUBLIC,tableSchem=INFORMATION_SCHEMA,tableName=SYSTEM_COLUMNS,columnName=SQL_DATETIME_SUB,grantor=_SYSTEM,grantee=PUBLIC,privilege=SELECT,isGrantable=YES}, com.github.jinahya.database.metadata.bind.ColumnPrivilege@54d1650b{unmappedColumns={}}{tableCat=PUBLIC,tableSchem=INFORMATION_SCHEMA,tableName=SYSTEM_COLUMNS,columnName=TABLE_CAT,grantor=_SYSTEM,grantee=PUBLIC,privilege=SELECT,isGrantable=YES}, com.github.jinahya.database.metadata.bind.ColumnPrivilege@51d04235{unmappedColumns={}}{tableCat=PUBLIC,tableSchem=INFORMATION_SCHEMA,tableName=SYSTEM_COLUMNS,columnName=TABLE_NAME,grantor=_SYSTEM,grantee=PUBLIC,privilege=SELECT,isGrantable=YES}, com.github.jinahya.database.metadata.bind.ColumnPrivilege@f2f48845{unmappedColumns={}}{tableCat=PUBLIC,tableSchem=INFORMATION_SCHEMA,tableName=SYSTEM_COLUMNS,columnName=TABLE_SCHEM,grantor=_SYSTEM,grantee=PUBLIC,privilege=SELECT,isGrantable=YES}, com.github.jinahya.database.metadata.bind.ColumnPrivilege@c4d7f36{unmappedColumns={}}{tableCat=PUBLIC,tableSchem=INFORMATION_SCHEMA,tableName=SYSTEM_COLUMNS,columnName=TYPE_NAME,grantor=_SYSTEM,grantee=PUBLIC,privilege=SELECT,isGrantable=YES}]
1114 [main] DEBUG com.github.jinahya.database.metadata.bind.Memory_$_Test - com.github.jinahya.database.metadata.bind.Table@c0476850{unmappedColumns={COMMIT_ACTION=null, HSQLDB_TYPE=MEMORY, READ_ONLY=true}}{tableCat=PUBLIC,tableSchem=INFORMATION_SCHEMA,tableName=SYSTEM_COLUMN_SEQUENCE_USAGE,tableType=SYSTEM TABLE,remarks=the name of the sequences used by autogenerated columns,typeCat=null,typeSchem=null,typeName=null,selfReferencingColName=null,refGeneration=null}: [com.github.jinahya.database.metadata.bind.ColumnPrivilege@45734fb{unmappedColumns={}}{tableCat=PUBLIC,tableSchem=INFORMATION_SCHEMA,tableName=SYSTEM_COLUMN_SEQUENCE_USAGE,columnName=COLUMN_NAME,grantor=_SYSTEM,grantee=PUBLIC,privilege=SELECT,isGrantable=YES}, com.github.jinahya.database.metadata.bind.ColumnPrivilege@e244355d{unmappedColumns={}}{tableCat=PUBLIC,tableSchem=INFORMATION_SCHEMA,tableName=SYSTEM_COLUMN_SEQUENCE_USAGE,columnName=SEQUENCE_CATALOG,grantor=_SYSTEM,grantee=PUBLIC,privilege=SELECT,isGrantable=YES}, com.github.jinahya.database.metadata.bind.ColumnPrivilege@ae4d359d{unmappedColumns={}}{tableCat=PUBLIC,tableSchem=INFORMATION_SCHEMA,tableName=SYSTEM_COLUMN_SEQUENCE_USAGE,columnName=SEQUENCE_NAME,grantor=_SYSTEM,grantee=PUBLIC,privilege=SELECT,isGrantable=YES}, com.github.jinahya.database.metadata.bind.ColumnPrivilege@eb452b15{unmappedColumns={}}{tableCat=PUBLIC,tableSchem=INFORMATION_SCHEMA,tableName=SYSTEM_COLUMN_SEQUENCE_USAGE,columnName=SEQUENCE_SCHEMA,grantor=_SYSTEM,grantee=PUBLIC,privilege=SELECT,isGrantable=YES}, com.github.jinahya.database.metadata.bind.ColumnPrivilege@103e8b4c{unmappedColumns={}}{tableCat=PUBLIC,tableSchem=INFORMATION_SCHEMA,tableName=SYSTEM_COLUMN_SEQUENCE_USAGE,columnName=TABLE_CATALOG,grantor=_SYSTEM,grantee=PUBLIC,privilege=SELECT,isGrantable=YES}, com.github.jinahya.database.metadata.bind.ColumnPrivilege@2fab7fb5{unmappedColumns={}}{tableCat=PUBLIC,tableSchem=INFORMATION_SCHEMA,tableName=SYSTEM_COLUMN_SEQUENCE_USAGE,columnName=TABLE_NAME,grantor=_SYSTEM,grantee=PUBLIC,privilege=SELECT,isGrantable=YES}, com.github.jinahya.database.metadata.bind.ColumnPrivilege@2e3b8a2b{unmappedColumns={}}{tableCat=PUBLIC,tableSchem=INFORMATION_SCHEMA,tableName=SYSTEM_COLUMN_SEQUENCE_USAGE,columnName=TABLE_SCHEMA,grantor=_SYSTEM,grantee=PUBLIC,privilege=SELECT,isGrantable=YES}]
1114 [main] DEBUG com.github.jinahya.database.metadata.bind.Memory_$_Test - com.github.jinahya.database.metadata.bind.Table@db0a30d8{unmappedColumns={COMMIT_ACTION=null, HSQLDB_TYPE=MEMORY, READ_ONLY=true}}{tableCat=PUBLIC,tableSchem=INFORMATION_SCHEMA,tableName=SYSTEM_COMMENTS,tableType=SYSTEM TABLE,remarks=comments on tables, views, columns, sequences, triggers and routines defined by users or system,typeCat=null,typeSchem=null,typeName=null,selfReferencingColName=null,refGeneration=null}: [com.github.jinahya.database.metadata.bind.ColumnPrivilege@185aa82{unmappedColumns={}}{tableCat=PUBLIC,tableSchem=INFORMATION_SCHEMA,tableName=SYSTEM_COMMENTS,columnName=COLUMN_NAME,grantor=_SYSTEM,grantee=PUBLIC,privilege=SELECT,isGrantable=YES}, com.github.jinahya.database.metadata.bind.ColumnPrivilege@858f2a6d{unmappedColumns={}}{tableCat=PUBLIC,tableSchem=INFORMATION_SCHEMA,tableName=SYSTEM_COMMENTS,columnName=COMMENT,grantor=_SYSTEM,grantee=PUBLIC,privilege=SELECT,isGrantable=YES}, com.github.jinahya.database.metadata.bind.ColumnPrivilege@231aa0cf{unmappedColumns={}}{tableCat=PUBLIC,tableSchem=INFORMATION_SCHEMA,tableName=SYSTEM_COMMENTS,columnName=OBJECT_CATALOG,grantor=_SYSTEM,grantee=PUBLIC,privilege=SELECT,isGrantable=YES}, com.github.jinahya.database.metadata.bind.ColumnPrivilege@b448126d{unmappedColumns={}}{tableCat=PUBLIC,tableSchem=INFORMATION_SCHEMA,tableName=SYSTEM_COMMENTS,columnName=OBJECT_NAME,grantor=_SYSTEM,grantee=PUBLIC,privilege=SELECT,isGrantable=YES}, com.github.jinahya.database.metadata.bind.ColumnPrivilege@4ac572f1{unmappedColumns={}}{tableCat=PUBLIC,tableSchem=INFORMATION_SCHEMA,tableName=SYSTEM_COMMENTS,columnName=OBJECT_SCHEMA,grantor=_SYSTEM,grantee=PUBLIC,privilege=SELECT,isGrantable=YES}, com.github.jinahya.database.metadata.bind.ColumnPrivilege@b59fe444{unmappedColumns={}}{tableCat=PUBLIC,tableSchem=INFORMATION_SCHEMA,tableName=SYSTEM_COMMENTS,columnName=OBJECT_TYPE,grantor=_SYSTEM,grantee=PUBLIC,privilege=SELECT,isGrantable=YES}]
1115 [main] DEBUG com.github.jinahya.database.metadata.bind.Memory_$_Test - com.github.jinahya.database.metadata.bind.Table@e910e9f8{unmappedColumns={COMMIT_ACTION=null, HSQLDB_TYPE=MEMORY, READ_ONLY=true}}{tableCat=PUBLIC,tableSchem=INFORMATION_SCHEMA,tableName=SYSTEM_CONNECTION_PROPERTIES,tableType=SYSTEM TABLE,remarks=properties defined for the current connection,typeCat=null,typeSchem=null,typeName=null,selfReferencingColName=null,refGeneration=null}: [com.github.jinahya.database.metadata.bind.ColumnPrivilege@cc3bbcc5{unmappedColumns={}}{tableCat=PUBLIC,tableSchem=INFORMATION_SCHEMA,tableName=SYSTEM_CONNECTION_PROPERTIES,columnName=DEFAULT_VALUE,grantor=_SYSTEM,grantee=PUBLIC,privilege=SELECT,isGrantable=YES}, com.github.jinahya.database.metadata.bind.ColumnPrivilege@328b8754{unmappedColumns={}}{tableCat=PUBLIC,tableSchem=INFORMATION_SCHEMA,tableName=SYSTEM_CONNECTION_PROPERTIES,columnName=DESCRIPTION,grantor=_SYSTEM,grantee=PUBLIC,privilege=SELECT,isGrantable=YES}, com.github.jinahya.database.metadata.bind.ColumnPrivilege@1a9cd174{unmappedColumns={}}{tableCat=PUBLIC,tableSchem=INFORMATION_SCHEMA,tableName=SYSTEM_CONNECTION_PROPERTIES,columnName=MAX_LEN,grantor=_SYSTEM,grantee=PUBLIC,privilege=SELECT,isGrantable=YES}, com.github.jinahya.database.metadata.bind.ColumnPrivilege@8c7b2053{unmappedColumns={}}{tableCat=PUBLIC,tableSchem=INFORMATION_SCHEMA,tableName=SYSTEM_CONNECTION_PROPERTIES,columnName=NAME,grantor=_SYSTEM,grantee=PUBLIC,privilege=SELECT,isGrantable=YES}]
1115 [main] DEBUG com.github.jinahya.database.metadata.bind.Memory_$_Test - com.github.jinahya.database.metadata.bind.Table@31f2e9ef{unmappedColumns={COMMIT_ACTION=null, HSQLDB_TYPE=MEMORY, READ_ONLY=true}}{tableCat=PUBLIC,tableSchem=INFORMATION_SCHEMA,tableName=SYSTEM_CROSSREFERENCE,tableType=SYSTEM TABLE,remarks=a description of how the accessible tables defined within this database import visible columns to enforce referential integrity,typeCat=null,typeSchem=null,typeName=null,selfReferencingColName=null,refGeneration=null}: [com.github.jinahya.database.metadata.bind.ColumnPrivilege@e8eeccd3{unmappedColumns={}}{tableCat=PUBLIC,tableSchem=INFORMATION_SCHEMA,tableName=SYSTEM_CROSSREFERENCE,columnName=DEFERRABILITY,grantor=_SYSTEM,grantee=PUBLIC,privilege=SELECT,isGrantable=YES}, com.github.jinahya.database.metadata.bind.ColumnPrivilege@66d2d15a{unmappedColumns={}}{tableCat=PUBLIC,tableSchem=INFORMATION_SCHEMA,tableName=SYSTEM_CROSSREFERENCE,columnName=DELETE_RULE,grantor=_SYSTEM,grantee=PUBLIC,privilege=SELECT,isGrantable=YES}, com.github.jinahya.database.metadata.bind.ColumnPrivilege@1f81aa4{unmappedColumns={}}{tableCat=PUBLIC,tableSchem=INFORMATION_SCHEMA,tableName=SYSTEM_CROSSREFERENCE,columnName=FKCOLUMN_NAME,grantor=_SYSTEM,grantee=PUBLIC,privilege=SELECT,isGrantable=YES}, com.github.jinahya.database.metadata.bind.ColumnPrivilege@b2498a2f{unmappedColumns={}}{tableCat=PUBLIC,tableSchem=INFORMATION_SCHEMA,tableName=SYSTEM_CROSSREFERENCE,columnName=FKTABLE_CAT,grantor=_SYSTEM,grantee=PUBLIC,privilege=SELECT,isGrantable=YES}, com.github.jinahya.database.metadata.bind.ColumnPrivilege@3a285b3f{unmappedColumns={}}{tableCat=PUBLIC,tableSchem=INFORMATION_SCHEMA,tableName=SYSTEM_CROSSREFERENCE,columnName=FKTABLE_NAME,grantor=_SYSTEM,grantee=PUBLIC,privilege=SELECT,isGrantable=YES}, com.github.jinahya.database.metadata.bind.ColumnPrivilege@3ef6096a{unmappedColumns={}}{tableCat=PUBLIC,tableSchem=INFORMATION_SCHEMA,tableName=SYSTEM_CROSSREFERENCE,columnName=FKTABLE_SCHEM,grantor=_SYSTEM,grantee=PUBLIC,privilege=SELECT,isGrantable=YES}, com.github.jinahya.database.metadata.bind.ColumnPrivilege@f130f282{unmappedColumns={}}{tableCat=PUBLIC,tableSchem=INFORMATION_SCHEMA,tableName=SYSTEM_CROSSREFERENCE,columnName=FK_NAME,grantor=_SYSTEM,grantee=PUBLIC,privilege=SELECT,isGrantable=YES}, com.github.jinahya.database.metadata.bind.ColumnPrivilege@90ab3e38{unmappedColumns={}}{tableCat=PUBLIC,tableSchem=INFORMATION_SCHEMA,tableName=SYSTEM_CROSSREFERENCE,columnName=KEY_SEQ,grantor=_SYSTEM,grantee=PUBLIC,privilege=SELECT,isGrantable=YES}, com.github.jinahya.database.metadata.bind.ColumnPrivilege@e763a69e{unmappedColumns={}}{tableCat=PUBLIC,tableSchem=INFORMATION_SCHEMA,tableName=SYSTEM_CROSSREFERENCE,columnName=PKCOLUMN_NAME,grantor=_SYSTEM,grantee=PUBLIC,privilege=SELECT,isGrantable=YES}, com.github.jinahya.database.metadata.bind.ColumnPrivilege@fccdea2a{unmappedColumns={}}{tableCat=PUBLIC,tableSchem=INFORMATION_SCHEMA,tableName=SYSTEM_CROSSREFERENCE,columnName=PKTABLE_CAT,grantor=_SYSTEM,grantee=PUBLIC,privilege=SELECT,isGrantable=YES}, com.github.jinahya.database.metadata.bind.ColumnPrivilege@b202133c{unmappedColumns={}}{tableCat=PUBLIC,tableSchem=INFORMATION_SCHEMA,tableName=SYSTEM_CROSSREFERENCE,columnName=PKTABLE_NAME,grantor=_SYSTEM,grantee=PUBLIC,privilege=SELECT,isGrantable=YES}, com.github.jinahya.database.metadata.bind.ColumnPrivilege@4ba5dd91{unmappedColumns={}}{tableCat=PUBLIC,tableSchem=INFORMATION_SCHEMA,tableName=SYSTEM_CROSSREFERENCE,columnName=PKTABLE_SCHEM,grantor=_SYSTEM,grantee=PUBLIC,privilege=SELECT,isGrantable=YES}, com.github.jinahya.database.metadata.bind.ColumnPrivilege@7c2539fd{unmappedColumns={}}{tableCat=PUBLIC,tableSchem=INFORMATION_SCHEMA,tableName=SYSTEM_CROSSREFERENCE,columnName=PK_NAME,grantor=_SYSTEM,grantee=PUBLIC,privilege=SELECT,isGrantable=YES}, com.github.jinahya.database.metadata.bind.ColumnPrivilege@5966d0af{unmappedColumns={}}{tableCat=PUBLIC,tableSchem=INFORMATION_SCHEMA,tableName=SYSTEM_CROSSREFERENCE,columnName=UPDATE_RULE,grantor=_SYSTEM,grantee=PUBLIC,privilege=SELECT,isGrantable=YES}]
1115 [main] DEBUG com.github.jinahya.database.metadata.bind.Memory_$_Test - com.github.jinahya.database.metadata.bind.Table@828da924{unmappedColumns={COMMIT_ACTION=null, HSQLDB_TYPE=MEMORY, READ_ONLY=true}}{tableCat=PUBLIC,tableSchem=INFORMATION_SCHEMA,tableName=SYSTEM_INDEXINFO,tableType=SYSTEM TABLE,remarks=information about the indices of each accessible table defined within this database,typeCat=null,typeSchem=null,typeName=null,selfReferencingColName=null,refGeneration=null}: [com.github.jinahya.database.metadata.bind.ColumnPrivilege@e1aa25f8{unmappedColumns={}}{tableCat=PUBLIC,tableSchem=INFORMATION_SCHEMA,tableName=SYSTEM_INDEXINFO,columnName=ASC_OR_DESC,grantor=_SYSTEM,grantee=PUBLIC,privilege=SELECT,isGrantable=YES}, com.github.jinahya.database.metadata.bind.ColumnPrivilege@dcec31e7{unmappedColumns={}}{tableCat=PUBLIC,tableSchem=INFORMATION_SCHEMA,tableName=SYSTEM_INDEXINFO,columnName=CARDINALITY,grantor=_SYSTEM,grantee=PUBLIC,privilege=SELECT,isGrantable=YES}, com.github.jinahya.database.metadata.bind.ColumnPrivilege@7ae67e20{unmappedColumns={}}{tableCat=PUBLIC,tableSchem=INFORMATION_SCHEMA,tableName=SYSTEM_INDEXINFO,columnName=COLUMN_NAME,grantor=_SYSTEM,grantee=PUBLIC,privilege=SELECT,isGrantable=YES}, com.github.jinahya.database.metadata.bind.ColumnPrivilege@5610c787{unmappedColumns={}}{tableCat=PUBLIC,tableSchem=INFORMATION_SCHEMA,tableName=SYSTEM_INDEXINFO,columnName=FILTER_CONDITION,grantor=_SYSTEM,grantee=PUBLIC,privilege=SELECT,isGrantable=YES}, com.github.jinahya.database.metadata.bind.ColumnPrivilege@b8b754e5{unmappedColumns={}}{tableCat=PUBLIC,tableSchem=INFORMATION_SCHEMA,tableName=SYSTEM_INDEXINFO,columnName=INDEX_NAME,grantor=_SYSTEM,grantee=PUBLIC,privilege=SELECT,isGrantable=YES}, com.github.jinahya.database.metadata.bind.ColumnPrivilege@dfc4a9dc{unmappedColumns={}}{tableCat=PUBLIC,tableSchem=INFORMATION_SCHEMA,tableName=SYSTEM_INDEXINFO,columnName=INDEX_QUALIFIER,grantor=_SYSTEM,grantee=PUBLIC,privilege=SELECT,isGrantable=YES}, com.github.jinahya.database.metadata.bind.ColumnPrivilege@f505b3d4{unmappedColumns={}}{tableCat=PUBLIC,tableSchem=INFORMATION_SCHEMA,tableName=SYSTEM_INDEXINFO,columnName=NON_UNIQUE,grantor=_SYSTEM,grantee=PUBLIC,privilege=SELECT,isGrantable=YES}, com.github.jinahya.database.metadata.bind.ColumnPrivilege@f8698ca6{unmappedColumns={}}{tableCat=PUBLIC,tableSchem=INFORMATION_SCHEMA,tableName=SYSTEM_INDEXINFO,columnName=ORDINAL_POSITION,grantor=_SYSTEM,grantee=PUBLIC,privilege=SELECT,isGrantable=YES}, com.github.jinahya.database.metadata.bind.ColumnPrivilege@478f10d0{unmappedColumns={}}{tableCat=PUBLIC,tableSchem=INFORMATION_SCHEMA,tableName=SYSTEM_INDEXINFO,columnName=PAGES,grantor=_SYSTEM,grantee=PUBLIC,privilege=SELECT,isGrantable=YES}, com.github.jinahya.database.metadata.bind.ColumnPrivilege@a23daad2{unmappedColumns={}}{tableCat=PUBLIC,tableSchem=INFORMATION_SCHEMA,tableName=SYSTEM_INDEXINFO,columnName=ROW_CARDINALITY,grantor=_SYSTEM,grantee=PUBLIC,privilege=SELECT,isGrantable=YES}, com.github.jinahya.database.metadata.bind.ColumnPrivilege@66e00b5a{unmappedColumns={}}{tableCat=PUBLIC,tableSchem=INFORMATION_SCHEMA,tableName=SYSTEM_INDEXINFO,columnName=TABLE_CAT,grantor=_SYSTEM,grantee=PUBLIC,privilege=SELECT,isGrantable=YES}, com.github.jinahya.database.metadata.bind.ColumnPrivilege@657f38d6{unmappedColumns={}}{tableCat=PUBLIC,tableSchem=INFORMATION_SCHEMA,tableName=SYSTEM_INDEXINFO,columnName=TABLE_NAME,grantor=_SYSTEM,grantee=PUBLIC,privilege=SELECT,isGrantable=YES}, com.github.jinahya.database.metadata.bind.ColumnPrivilege@15779b99{unmappedColumns={}}{tableCat=PUBLIC,tableSchem=INFORMATION_SCHEMA,tableName=SYSTEM_INDEXINFO,columnName=TABLE_SCHEM,grantor=_SYSTEM,grantee=PUBLIC,privilege=SELECT,isGrantable=YES}, com.github.jinahya.database.metadata.bind.ColumnPrivilege@7e69e33e{unmappedColumns={}}{tableCat=PUBLIC,tableSchem=INFORMATION_SCHEMA,tableName=SYSTEM_INDEXINFO,columnName=TYPE,grantor=_SYSTEM,grantee=PUBLIC,privilege=SELECT,isGrantable=YES}]
1115 [main] DEBUG com.github.jinahya.database.metadata.bind.Memory_$_Test - com.github.jinahya.database.metadata.bind.Table@a304d9f1{unmappedColumns={COMMIT_ACTION=null, HSQLDB_TYPE=MEMORY, READ_ONLY=true}}{tableCat=PUBLIC,tableSchem=INFORMATION_SCHEMA,tableName=SYSTEM_INDEXSTATS,tableType=SYSTEM TABLE,remarks=storage space used by the indices of each accessible table defined within this database,typeCat=null,typeSchem=null,typeName=null,selfReferencingColName=null,refGeneration=null}: [com.github.jinahya.database.metadata.bind.ColumnPrivilege@c817d85a{unmappedColumns={}}{tableCat=PUBLIC,tableSchem=INFORMATION_SCHEMA,tableName=SYSTEM_INDEXSTATS,columnName=ALLOCATED_ROWS,grantor=_SYSTEM,grantee=PUBLIC,privilege=SELECT,isGrantable=YES}, com.github.jinahya.database.metadata.bind.ColumnPrivilege@adc561b8{unmappedColumns={}}{tableCat=PUBLIC,tableSchem=INFORMATION_SCHEMA,tableName=SYSTEM_INDEXSTATS,columnName=ALLOCATED_SPACE,grantor=_SYSTEM,grantee=PUBLIC,privilege=SELECT,isGrantable=YES}, com.github.jinahya.database.metadata.bind.ColumnPrivilege@9133066b{unmappedColumns={}}{tableCat=PUBLIC,tableSchem=INFORMATION_SCHEMA,tableName=SYSTEM_INDEXSTATS,columnName=BASE_SPACE,grantor=_SYSTEM,grantee=PUBLIC,privilege=SELECT,isGrantable=YES}, com.github.jinahya.database.metadata.bind.ColumnPrivilege@fe9ff98{unmappedColumns={}}{tableCat=PUBLIC,tableSchem=INFORMATION_SCHEMA,tableName=SYSTEM_INDEXSTATS,columnName=CARDINALITY,grantor=_SYSTEM,grantee=PUBLIC,privilege=SELECT,isGrantable=YES}, com.github.jinahya.database.metadata.bind.ColumnPrivilege@e5407bb0{unmappedColumns={}}{tableCat=PUBLIC,tableSchem=INFORMATION_SCHEMA,tableName=SYSTEM_INDEXSTATS,columnName=INDEX_NAME,grantor=_SYSTEM,grantee=PUBLIC,privilege=SELECT,isGrantable=YES}, com.github.jinahya.database.metadata.bind.ColumnPrivilege@1c449445{unmappedColumns={}}{tableCat=PUBLIC,tableSchem=INFORMATION_SCHEMA,tableName=SYSTEM_INDEXSTATS,columnName=ORDINAL_POSITION,grantor=_SYSTEM,grantee=PUBLIC,privilege=SELECT,isGrantable=YES}, com.github.jinahya.database.metadata.bind.ColumnPrivilege@c96a98c{unmappedColumns={}}{tableCat=PUBLIC,tableSchem=INFORMATION_SCHEMA,tableName=SYSTEM_INDEXSTATS,columnName=SPACE_ID,grantor=_SYSTEM,grantee=PUBLIC,privilege=SELECT,isGrantable=YES}, com.github.jinahya.database.metadata.bind.ColumnPrivilege@a09003dc{unmappedColumns={}}{tableCat=PUBLIC,tableSchem=INFORMATION_SCHEMA,tableName=SYSTEM_INDEXSTATS,columnName=TABLE_CATALOG,grantor=_SYSTEM,grantee=PUBLIC,privilege=SELECT,isGrantable=YES}, com.github.jinahya.database.metadata.bind.ColumnPrivilege@39b5feca{unmappedColumns={}}{tableCat=PUBLIC,tableSchem=INFORMATION_SCHEMA,tableName=SYSTEM_INDEXSTATS,columnName=TABLE_NAME,grantor=_SYSTEM,grantee=PUBLIC,privilege=SELECT,isGrantable=YES}, com.github.jinahya.database.metadata.bind.ColumnPrivilege@e7896ad1{unmappedColumns={}}{tableCat=PUBLIC,tableSchem=INFORMATION_SCHEMA,tableName=SYSTEM_INDEXSTATS,columnName=TABLE_SCHEMA,grantor=_SYSTEM,grantee=PUBLIC,privilege=SELECT,isGrantable=YES}, com.github.jinahya.database.metadata.bind.ColumnPrivilege@ebc466d2{unmappedColumns={}}{tableCat=PUBLIC,tableSchem=INFORMATION_SCHEMA,tableName=SYSTEM_INDEXSTATS,columnName=TABLE_TYPE,grantor=_SYSTEM,grantee=PUBLIC,privilege=SELECT,isGrantable=YES}, com.github.jinahya.database.metadata.bind.ColumnPrivilege@35aa8e35{unmappedColumns={}}{tableCat=PUBLIC,tableSchem=INFORMATION_SCHEMA,tableName=SYSTEM_INDEXSTATS,columnName=VERSION,grantor=_SYSTEM,grantee=PUBLIC,privilege=SELECT,isGrantable=YES}]
1116 [main] DEBUG com.github.jinahya.database.metadata.bind.Memory_$_Test - com.github.jinahya.database.metadata.bind.Table@49b0f678{unmappedColumns={COMMIT_ACTION=null, HSQLDB_TYPE=MEMORY, READ_ONLY=true}}{tableCat=PUBLIC,tableSchem=INFORMATION_SCHEMA,tableName=SYSTEM_KEY_INDEX_USAGE,tableType=SYSTEM TABLE,remarks=names of indexes generated by the system for each constraint,typeCat=null,typeSchem=null,typeName=null,selfReferencingColName=null,refGeneration=null}: [com.github.jinahya.database.metadata.bind.ColumnPrivilege@8b719746{unmappedColumns={}}{tableCat=PUBLIC,tableSchem=INFORMATION_SCHEMA,tableName=SYSTEM_KEY_INDEX_USAGE,columnName=CONSTRAINT_CATALOG,grantor=_SYSTEM,grantee=PUBLIC,privilege=SELECT,isGrantable=YES}, com.github.jinahya.database.metadata.bind.ColumnPrivilege@557a8ff{unmappedColumns={}}{tableCat=PUBLIC,tableSchem=INFORMATION_SCHEMA,tableName=SYSTEM_KEY_INDEX_USAGE,columnName=CONSTRAINT_NAME,grantor=_SYSTEM,grantee=PUBLIC,privilege=SELECT,isGrantable=YES}, com.github.jinahya.database.metadata.bind.ColumnPrivilege@427473ba{unmappedColumns={}}{tableCat=PUBLIC,tableSchem=INFORMATION_SCHEMA,tableName=SYSTEM_KEY_INDEX_USAGE,columnName=CONSTRAINT_SCHEMA,grantor=_SYSTEM,grantee=PUBLIC,privilege=SELECT,isGrantable=YES}, com.github.jinahya.database.metadata.bind.ColumnPrivilege@87cb8cb1{unmappedColumns={}}{tableCat=PUBLIC,tableSchem=INFORMATION_SCHEMA,tableName=SYSTEM_KEY_INDEX_USAGE,columnName=INDEX_CATALOG,grantor=_SYSTEM,grantee=PUBLIC,privilege=SELECT,isGrantable=YES}, com.github.jinahya.database.metadata.bind.ColumnPrivilege@913ca10e{unmappedColumns={}}{tableCat=PUBLIC,tableSchem=INFORMATION_SCHEMA,tableName=SYSTEM_KEY_INDEX_USAGE,columnName=INDEX_NAME,grantor=_SYSTEM,grantee=PUBLIC,privilege=SELECT,isGrantable=YES}, com.github.jinahya.database.metadata.bind.ColumnPrivilege@91a1b8c5{unmappedColumns={}}{tableCat=PUBLIC,tableSchem=INFORMATION_SCHEMA,tableName=SYSTEM_KEY_INDEX_USAGE,columnName=INDEX_SCHEMA,grantor=_SYSTEM,grantee=PUBLIC,privilege=SELECT,isGrantable=YES}]
1116 [main] DEBUG com.github.jinahya.database.metadata.bind.Memory_$_Test - com.github.jinahya.database.metadata.bind.Table@d691079a{unmappedColumns={COMMIT_ACTION=null, HSQLDB_TYPE=MEMORY, READ_ONLY=true}}{tableCat=PUBLIC,tableSchem=INFORMATION_SCHEMA,tableName=SYSTEM_PRIMARYKEYS,tableType=SYSTEM TABLE,remarks=the visible columns of the primary key of each accessible table defined within this database,typeCat=null,typeSchem=null,typeName=null,selfReferencingColName=null,refGeneration=null}: [com.github.jinahya.database.metadata.bind.ColumnPrivilege@220ebcb1{unmappedColumns={}}{tableCat=PUBLIC,tableSchem=INFORMATION_SCHEMA,tableName=SYSTEM_PRIMARYKEYS,columnName=COLUMN_NAME,grantor=_SYSTEM,grantee=PUBLIC,privilege=SELECT,isGrantable=YES}, com.github.jinahya.database.metadata.bind.ColumnPrivilege@4eefb840{unmappedColumns={}}{tableCat=PUBLIC,tableSchem=INFORMATION_SCHEMA,tableName=SYSTEM_PRIMARYKEYS,columnName=KEY_SEQ,grantor=_SYSTEM,grantee=PUBLIC,privilege=SELECT,isGrantable=YES}, com.github.jinahya.database.metadata.bind.ColumnPrivilege@e41d4c3b{unmappedColumns={}}{tableCat=PUBLIC,tableSchem=INFORMATION_SCHEMA,tableName=SYSTEM_PRIMARYKEYS,columnName=PK_NAME,grantor=_SYSTEM,grantee=PUBLIC,privilege=SELECT,isGrantable=YES}, com.github.jinahya.database.metadata.bind.ColumnPrivilege@a22871cb{unmappedColumns={}}{tableCat=PUBLIC,tableSchem=INFORMATION_SCHEMA,tableName=SYSTEM_PRIMARYKEYS,columnName=TABLE_CAT,grantor=_SYSTEM,grantee=PUBLIC,privilege=SELECT,isGrantable=YES}, com.github.jinahya.database.metadata.bind.ColumnPrivilege@13fac206{unmappedColumns={}}{tableCat=PUBLIC,tableSchem=INFORMATION_SCHEMA,tableName=SYSTEM_PRIMARYKEYS,columnName=TABLE_NAME,grantor=_SYSTEM,grantee=PUBLIC,privilege=SELECT,isGrantable=YES}, com.github.jinahya.database.metadata.bind.ColumnPrivilege@9798fdad{unmappedColumns={}}{tableCat=PUBLIC,tableSchem=INFORMATION_SCHEMA,tableName=SYSTEM_PRIMARYKEYS,columnName=TABLE_SCHEM,grantor=_SYSTEM,grantee=PUBLIC,privilege=SELECT,isGrantable=YES}]
1116 [main] DEBUG com.github.jinahya.database.metadata.bind.Memory_$_Test - com.github.jinahya.database.metadata.bind.Table@15e4048e{unmappedColumns={COMMIT_ACTION=null, HSQLDB_TYPE=MEMORY, READ_ONLY=true}}{tableCat=PUBLIC,tableSchem=INFORMATION_SCHEMA,tableName=SYSTEM_PROCEDURECOLUMNS,tableType=SYSTEM TABLE,remarks=a description of the return type, parameters and result columns of each accessible callable procedure, SQL function, trigger body and UDT method defined within this database,typeCat=null,typeSchem=null,typeName=null,selfReferencingColName=null,refGeneration=null}: [com.github.jinahya.database.metadata.bind.ColumnPrivilege@3e8e6a33{unmappedColumns={}}{tableCat=PUBLIC,tableSchem=INFORMATION_SCHEMA,tableName=SYSTEM_PROCEDURECOLUMNS,columnName=CHAR_OCTET_LENGTH,grantor=_SYSTEM,grantee=PUBLIC,privilege=SELECT,isGrantable=YES}, com.github.jinahya.database.metadata.bind.ColumnPrivilege@50ddfe3b{unmappedColumns={}}{tableCat=PUBLIC,tableSchem=INFORMATION_SCHEMA,tableName=SYSTEM_PROCEDURECOLUMNS,columnName=COLUMN_DEF,grantor=_SYSTEM,grantee=PUBLIC,privilege=SELECT,isGrantable=YES}, com.github.jinahya.database.metadata.bind.ColumnPrivilege@5c7315bd{unmappedColumns={}}{tableCat=PUBLIC,tableSchem=INFORMATION_SCHEMA,tableName=SYSTEM_PROCEDURECOLUMNS,columnName=COLUMN_NAME,grantor=_SYSTEM,grantee=PUBLIC,privilege=SELECT,isGrantable=YES}, com.github.jinahya.database.metadata.bind.ColumnPrivilege@551236e8{unmappedColumns={}}{tableCat=PUBLIC,tableSchem=INFORMATION_SCHEMA,tableName=SYSTEM_PROCEDURECOLUMNS,columnName=COLUMN_TYPE,grantor=_SYSTEM,grantee=PUBLIC,privilege=SELECT,isGrantable=YES}, com.github.jinahya.database.metadata.bind.ColumnPrivilege@e3f9afca{unmappedColumns={}}{tableCat=PUBLIC,tableSchem=INFORMATION_SCHEMA,tableName=SYSTEM_PROCEDURECOLUMNS,columnName=DATA_TYPE,grantor=_SYSTEM,grantee=PUBLIC,privilege=SELECT,isGrantable=YES}, com.github.jinahya.database.metadata.bind.ColumnPrivilege@6b70d106{unmappedColumns={}}{tableCat=PUBLIC,tableSchem=INFORMATION_SCHEMA,tableName=SYSTEM_PROCEDURECOLUMNS,columnName=IS_NULLABLE,grantor=_SYSTEM,grantee=PUBLIC,privilege=SELECT,isGrantable=YES}, com.github.jinahya.database.metadata.bind.ColumnPrivilege@272c7ee8{unmappedColumns={}}{tableCat=PUBLIC,tableSchem=INFORMATION_SCHEMA,tableName=SYSTEM_PROCEDURECOLUMNS,columnName=LENGTH,grantor=_SYSTEM,grantee=PUBLIC,privilege=SELECT,isGrantable=YES}, com.github.jinahya.database.metadata.bind.ColumnPrivilege@37057a89{unmappedColumns={}}{tableCat=PUBLIC,tableSchem=INFORMATION_SCHEMA,tableName=SYSTEM_PROCEDURECOLUMNS,columnName=NULLABLE,grantor=_SYSTEM,grantee=PUBLIC,privilege=SELECT,isGrantable=YES}, com.github.jinahya.database.metadata.bind.ColumnPrivilege@630f3a26{unmappedColumns={}}{tableCat=PUBLIC,tableSchem=INFORMATION_SCHEMA,tableName=SYSTEM_PROCEDURECOLUMNS,columnName=ORDINAL_POSITION,grantor=_SYSTEM,grantee=PUBLIC,privilege=SELECT,isGrantable=YES}, com.github.jinahya.database.metadata.bind.ColumnPrivilege@4751aa1a{unmappedColumns={}}{tableCat=PUBLIC,tableSchem=INFORMATION_SCHEMA,tableName=SYSTEM_PROCEDURECOLUMNS,columnName=PRECISION,grantor=_SYSTEM,grantee=PUBLIC,privilege=SELECT,isGrantable=YES}, com.github.jinahya.database.metadata.bind.ColumnPrivilege@96f2cae{unmappedColumns={}}{tableCat=PUBLIC,tableSchem=INFORMATION_SCHEMA,tableName=SYSTEM_PROCEDURECOLUMNS,columnName=PROCEDURE_CAT,grantor=_SYSTEM,grantee=PUBLIC,privilege=SELECT,isGrantable=YES}, com.github.jinahya.database.metadata.bind.ColumnPrivilege@96f9ce2d{unmappedColumns={}}{tableCat=PUBLIC,tableSchem=INFORMATION_SCHEMA,tableName=SYSTEM_PROCEDURECOLUMNS,columnName=PROCEDURE_NAME,grantor=_SYSTEM,grantee=PUBLIC,privilege=SELECT,isGrantable=YES}, com.github.jinahya.database.metadata.bind.ColumnPrivilege@9d202a1f{unmappedColumns={}}{tableCat=PUBLIC,tableSchem=INFORMATION_SCHEMA,tableName=SYSTEM_PROCEDURECOLUMNS,columnName=PROCEDURE_SCHEM,grantor=_SYSTEM,grantee=PUBLIC,privilege=SELECT,isGrantable=YES}, com.github.jinahya.database.metadata.bind.ColumnPrivilege@1021046f{unmappedColumns={}}{tableCat=PUBLIC,tableSchem=INFORMATION_SCHEMA,tableName=SYSTEM_PROCEDURECOLUMNS,columnName=RADIX,grantor=_SYSTEM,grantee=PUBLIC,privilege=SELECT,isGrantable=YES}, com.github.jinahya.database.metadata.bind.ColumnPrivilege@dffe4d3c{unmappedColumns={}}{tableCat=PUBLIC,tableSchem=INFORMATION_SCHEMA,tableName=SYSTEM_PROCEDURECOLUMNS,columnName=REMARKS,grantor=_SYSTEM,grantee=PUBLIC,privilege=SELECT,isGrantable=YES}, com.github.jinahya.database.metadata.bind.ColumnPrivilege@895f0009{unmappedColumns={}}{tableCat=PUBLIC,tableSchem=INFORMATION_SCHEMA,tableName=SYSTEM_PROCEDURECOLUMNS,columnName=SCALE,grantor=_SYSTEM,grantee=PUBLIC,privilege=SELECT,isGrantable=YES}, com.github.jinahya.database.metadata.bind.ColumnPrivilege@bcdbbe69{unmappedColumns={}}{tableCat=PUBLIC,tableSchem=INFORMATION_SCHEMA,tableName=SYSTEM_PROCEDURECOLUMNS,columnName=SPECIFIC_NAME,grantor=_SYSTEM,grantee=PUBLIC,privilege=SELECT,isGrantable=YES}, com.github.jinahya.database.metadata.bind.ColumnPrivilege@44d8adb5{unmappedColumns={}}{tableCat=PUBLIC,tableSchem=INFORMATION_SCHEMA,tableName=SYSTEM_PROCEDURECOLUMNS,columnName=SQL_DATA_TYPE,grantor=_SYSTEM,grantee=PUBLIC,privilege=SELECT,isGrantable=YES}, com.github.jinahya.database.metadata.bind.ColumnPrivilege@1ff4b619{unmappedColumns={}}{tableCat=PUBLIC,tableSchem=INFORMATION_SCHEMA,tableName=SYSTEM_PROCEDURECOLUMNS,columnName=SQL_DATETIME_SUB,grantor=_SYSTEM,grantee=PUBLIC,privilege=SELECT,isGrantable=YES}, com.github.jinahya.database.metadata.bind.ColumnPrivilege@ab3a661e{unmappedColumns={}}{tableCat=PUBLIC,tableSchem=INFORMATION_SCHEMA,tableName=SYSTEM_PROCEDURECOLUMNS,columnName=TYPE_NAME,grantor=_SYSTEM,grantee=PUBLIC,privilege=SELECT,isGrantable=YES}]
1117 [main] DEBUG com.github.jinahya.database.metadata.bind.Memory_$_Test - com.github.jinahya.database.metadata.bind.Table@8dba62e4{unmappedColumns={COMMIT_ACTION=null, HSQLDB_TYPE=MEMORY, READ_ONLY=true}}{tableCat=PUBLIC,tableSchem=INFORMATION_SCHEMA,tableName=SYSTEM_PROCEDURES,tableType=SYSTEM TABLE,remarks=the procedures, SQL functions, trigger body routines and UDT methods defined within the database,typeCat=null,typeSchem=null,typeName=null,selfReferencingColName=null,refGeneration=null}: [com.github.jinahya.database.metadata.bind.ColumnPrivilege@fc57a404{unmappedColumns={}}{tableCat=PUBLIC,tableSchem=INFORMATION_SCHEMA,tableName=SYSTEM_PROCEDURES,columnName=COL_4,grantor=_SYSTEM,grantee=PUBLIC,privilege=SELECT,isGrantable=YES}, com.github.jinahya.database.metadata.bind.ColumnPrivilege@c70c11dc{unmappedColumns={}}{tableCat=PUBLIC,tableSchem=INFORMATION_SCHEMA,tableName=SYSTEM_PROCEDURES,columnName=COL_5,grantor=_SYSTEM,grantee=PUBLIC,privilege=SELECT,isGrantable=YES}, com.github.jinahya.database.metadata.bind.ColumnPrivilege@6a131344{unmappedColumns={}}{tableCat=PUBLIC,tableSchem=INFORMATION_SCHEMA,tableName=SYSTEM_PROCEDURES,columnName=COL_6,grantor=_SYSTEM,grantee=PUBLIC,privilege=SELECT,isGrantable=YES}, com.github.jinahya.database.metadata.bind.ColumnPrivilege@d44fe29a{unmappedColumns={}}{tableCat=PUBLIC,tableSchem=INFORMATION_SCHEMA,tableName=SYSTEM_PROCEDURES,columnName=FUNCTION_TYPE,grantor=_SYSTEM,grantee=PUBLIC,privilege=SELECT,isGrantable=YES}, com.github.jinahya.database.metadata.bind.ColumnPrivilege@3e5f125e{unmappedColumns={}}{tableCat=PUBLIC,tableSchem=INFORMATION_SCHEMA,tableName=SYSTEM_PROCEDURES,columnName=PROCEDURE_CAT,grantor=_SYSTEM,grantee=PUBLIC,privilege=SELECT,isGrantable=YES}, com.github.jinahya.database.metadata.bind.ColumnPrivilege@db21372d{unmappedColumns={}}{tableCat=PUBLIC,tableSchem=INFORMATION_SCHEMA,tableName=SYSTEM_PROCEDURES,columnName=PROCEDURE_NAME,grantor=_SYSTEM,grantee=PUBLIC,privilege=SELECT,isGrantable=YES}, com.github.jinahya.database.metadata.bind.ColumnPrivilege@a79a354c{unmappedColumns={}}{tableCat=PUBLIC,tableSchem=INFORMATION_SCHEMA,tableName=SYSTEM_PROCEDURES,columnName=PROCEDURE_SCHEM,grantor=_SYSTEM,grantee=PUBLIC,privilege=SELECT,isGrantable=YES}, com.github.jinahya.database.metadata.bind.ColumnPrivilege@50920e32{unmappedColumns={}}{tableCat=PUBLIC,tableSchem=INFORMATION_SCHEMA,tableName=SYSTEM_PROCEDURES,columnName=PROCEDURE_TYPE,grantor=_SYSTEM,grantee=PUBLIC,privilege=SELECT,isGrantable=YES}, com.github.jinahya.database.metadata.bind.ColumnPrivilege@db6ef1e4{unmappedColumns={}}{tableCat=PUBLIC,tableSchem=INFORMATION_SCHEMA,tableName=SYSTEM_PROCEDURES,columnName=REMARKS,grantor=_SYSTEM,grantee=PUBLIC,privilege=SELECT,isGrantable=YES}, com.github.jinahya.database.metadata.bind.ColumnPrivilege@f56bc34b{unmappedColumns={}}{tableCat=PUBLIC,tableSchem=INFORMATION_SCHEMA,tableName=SYSTEM_PROCEDURES,columnName=SPECIFIC_NAME,grantor=_SYSTEM,grantee=PUBLIC,privilege=SELECT,isGrantable=YES}]
1117 [main] DEBUG com.github.jinahya.database.metadata.bind.Memory_$_Test - com.github.jinahya.database.metadata.bind.Table@3e301817{unmappedColumns={COMMIT_ACTION=null, HSQLDB_TYPE=MEMORY, READ_ONLY=true}}{tableCat=PUBLIC,tableSchem=INFORMATION_SCHEMA,tableName=SYSTEM_PROPERTIES,tableType=SYSTEM TABLE,remarks=the system properties and operating parameters of this database,typeCat=null,typeSchem=null,typeName=null,selfReferencingColName=null,refGeneration=null}: [com.github.jinahya.database.metadata.bind.ColumnPrivilege@e4d2c9af{unmappedColumns={}}{tableCat=PUBLIC,tableSchem=INFORMATION_SCHEMA,tableName=SYSTEM_PROPERTIES,columnName=PROPERTY_CLASS,grantor=_SYSTEM,grantee=PUBLIC,privilege=SELECT,isGrantable=YES}, com.github.jinahya.database.metadata.bind.ColumnPrivilege@b171fa14{unmappedColumns={}}{tableCat=PUBLIC,tableSchem=INFORMATION_SCHEMA,tableName=SYSTEM_PROPERTIES,columnName=PROPERTY_NAME,grantor=_SYSTEM,grantee=PUBLIC,privilege=SELECT,isGrantable=YES}, com.github.jinahya.database.metadata.bind.ColumnPrivilege@fa2989b9{unmappedColumns={}}{tableCat=PUBLIC,tableSchem=INFORMATION_SCHEMA,tableName=SYSTEM_PROPERTIES,columnName=PROPERTY_NAMESPACE,grantor=_SYSTEM,grantee=PUBLIC,privilege=SELECT,isGrantable=YES}, com.github.jinahya.database.metadata.bind.ColumnPrivilege@7cb45dea{unmappedColumns={}}{tableCat=PUBLIC,tableSchem=INFORMATION_SCHEMA,tableName=SYSTEM_PROPERTIES,columnName=PROPERTY_SCOPE,grantor=_SYSTEM,grantee=PUBLIC,privilege=SELECT,isGrantable=YES}, com.github.jinahya.database.metadata.bind.ColumnPrivilege@d52cb377{unmappedColumns={}}{tableCat=PUBLIC,tableSchem=INFORMATION_SCHEMA,tableName=SYSTEM_PROPERTIES,columnName=PROPERTY_VALUE,grantor=_SYSTEM,grantee=PUBLIC,privilege=SELECT,isGrantable=YES}]
1117 [main] DEBUG com.github.jinahya.database.metadata.bind.Memory_$_Test - com.github.jinahya.database.metadata.bind.Table@c6428b96{unmappedColumns={COMMIT_ACTION=null, HSQLDB_TYPE=MEMORY, READ_ONLY=true}}{tableCat=PUBLIC,tableSchem=INFORMATION_SCHEMA,tableName=SYSTEM_SCHEMAS,tableType=SYSTEM TABLE,remarks=the accessible schemas defined within this database,typeCat=null,typeSchem=null,typeName=null,selfReferencingColName=null,refGeneration=null}: [com.github.jinahya.database.metadata.bind.ColumnPrivilege@41b982ca{unmappedColumns={}}{tableCat=PUBLIC,tableSchem=INFORMATION_SCHEMA,tableName=SYSTEM_SCHEMAS,columnName=IS_DEFAULT,grantor=_SYSTEM,grantee=PUBLIC,privilege=SELECT,isGrantable=YES}, com.github.jinahya.database.metadata.bind.ColumnPrivilege@91946355{unmappedColumns={}}{tableCat=PUBLIC,tableSchem=INFORMATION_SCHEMA,tableName=SYSTEM_SCHEMAS,columnName=TABLE_CATALOG,grantor=_SYSTEM,grantee=PUBLIC,privilege=SELECT,isGrantable=YES}, com.github.jinahya.database.metadata.bind.ColumnPrivilege@ec06dd5f{unmappedColumns={}}{tableCat=PUBLIC,tableSchem=INFORMATION_SCHEMA,tableName=SYSTEM_SCHEMAS,columnName=TABLE_SCHEM,grantor=_SYSTEM,grantee=PUBLIC,privilege=SELECT,isGrantable=YES}]
1117 [main] DEBUG com.github.jinahya.database.metadata.bind.Memory_$_Test - com.github.jinahya.database.metadata.bind.Table@70445576{unmappedColumns={COMMIT_ACTION=null, HSQLDB_TYPE=MEMORY, READ_ONLY=true}}{tableCat=PUBLIC,tableSchem=INFORMATION_SCHEMA,tableName=SYSTEM_SEQUENCES,tableType=SYSTEM TABLE,remarks=the visible sequences in this database,typeCat=null,typeSchem=null,typeName=null,selfReferencingColName=null,refGeneration=null}: [com.github.jinahya.database.metadata.bind.ColumnPrivilege@828a1649{unmappedColumns={}}{tableCat=PUBLIC,tableSchem=INFORMATION_SCHEMA,tableName=SYSTEM_SEQUENCES,columnName=CYCLE_OPTION,grantor=_SYSTEM,grantee=PUBLIC,privilege=SELECT,isGrantable=YES}, com.github.jinahya.database.metadata.bind.ColumnPrivilege@e6dbd22e{unmappedColumns={}}{tableCat=PUBLIC,tableSchem=INFORMATION_SCHEMA,tableName=SYSTEM_SEQUENCES,columnName=DATA_TYPE,grantor=_SYSTEM,grantee=PUBLIC,privilege=SELECT,isGrantable=YES}, com.github.jinahya.database.metadata.bind.ColumnPrivilege@e1b0b5c0{unmappedColumns={}}{tableCat=PUBLIC,tableSchem=INFORMATION_SCHEMA,tableName=SYSTEM_SEQUENCES,columnName=DECLARED_DATA_TYPE,grantor=_SYSTEM,grantee=PUBLIC,privilege=SELECT,isGrantable=YES}, com.github.jinahya.database.metadata.bind.ColumnPrivilege@aaffdfaf{unmappedColumns={}}{tableCat=PUBLIC,tableSchem=INFORMATION_SCHEMA,tableName=SYSTEM_SEQUENCES,columnName=DECLARED_NUMERIC_PRECISION,grantor=_SYSTEM,grantee=PUBLIC,privilege=SELECT,isGrantable=YES}, com.github.jinahya.database.metadata.bind.ColumnPrivilege@f8726b11{unmappedColumns={}}{tableCat=PUBLIC,tableSchem=INFORMATION_SCHEMA,tableName=SYSTEM_SEQUENCES,columnName=DECLARED_NUMERIC_SCALE,grantor=_SYSTEM,grantee=PUBLIC,privilege=SELECT,isGrantable=YES}, com.github.jinahya.database.metadata.bind.ColumnPrivilege@6efdfe20{unmappedColumns={}}{tableCat=PUBLIC,tableSchem=INFORMATION_SCHEMA,tableName=SYSTEM_SEQUENCES,columnName=INCREMENT,grantor=_SYSTEM,grantee=PUBLIC,privilege=SELECT,isGrantable=YES}, com.github.jinahya.database.metadata.bind.ColumnPrivilege@eb359e34{unmappedColumns={}}{tableCat=PUBLIC,tableSchem=INFORMATION_SCHEMA,tableName=SYSTEM_SEQUENCES,columnName=MAXIMUM_VALUE,grantor=_SYSTEM,grantee=PUBLIC,privilege=SELECT,isGrantable=YES}, com.github.jinahya.database.metadata.bind.ColumnPrivilege@58448014{unmappedColumns={}}{tableCat=PUBLIC,tableSchem=INFORMATION_SCHEMA,tableName=SYSTEM_SEQUENCES,columnName=MINIMUM_VALUE,grantor=_SYSTEM,grantee=PUBLIC,privilege=SELECT,isGrantable=YES}, com.github.jinahya.database.metadata.bind.ColumnPrivilege@b8835005{unmappedColumns={}}{tableCat=PUBLIC,tableSchem=INFORMATION_SCHEMA,tableName=SYSTEM_SEQUENCES,columnName=NEXT_VALUE,grantor=_SYSTEM,grantee=PUBLIC,privilege=SELECT,isGrantable=YES}, com.github.jinahya.database.metadata.bind.ColumnPrivilege@9a1467d2{unmappedColumns={}}{tableCat=PUBLIC,tableSchem=INFORMATION_SCHEMA,tableName=SYSTEM_SEQUENCES,columnName=NUMERIC_PRECISION,grantor=_SYSTEM,grantee=PUBLIC,privilege=SELECT,isGrantable=YES}, com.github.jinahya.database.metadata.bind.ColumnPrivilege@e44ab638{unmappedColumns={}}{tableCat=PUBLIC,tableSchem=INFORMATION_SCHEMA,tableName=SYSTEM_SEQUENCES,columnName=NUMERIC_PRECISION_RADIX,grantor=_SYSTEM,grantee=PUBLIC,privilege=SELECT,isGrantable=YES}, com.github.jinahya.database.metadata.bind.ColumnPrivilege@da2be195{unmappedColumns={}}{tableCat=PUBLIC,tableSchem=INFORMATION_SCHEMA,tableName=SYSTEM_SEQUENCES,columnName=NUMERIC_SCALE,grantor=_SYSTEM,grantee=PUBLIC,privilege=SELECT,isGrantable=YES}, com.github.jinahya.database.metadata.bind.ColumnPrivilege@5f295491{unmappedColumns={}}{tableCat=PUBLIC,tableSchem=INFORMATION_SCHEMA,tableName=SYSTEM_SEQUENCES,columnName=SEQUENCE_CATALOG,grantor=_SYSTEM,grantee=PUBLIC,privilege=SELECT,isGrantable=YES}, com.github.jinahya.database.metadata.bind.ColumnPrivilege@238251ab{unmappedColumns={}}{tableCat=PUBLIC,tableSchem=INFORMATION_SCHEMA,tableName=SYSTEM_SEQUENCES,columnName=SEQUENCE_NAME,grantor=_SYSTEM,grantee=PUBLIC,privilege=SELECT,isGrantable=YES}, com.github.jinahya.database.metadata.bind.ColumnPrivilege@1e541eaa{unmappedColumns={}}{tableCat=PUBLIC,tableSchem=INFORMATION_SCHEMA,tableName=SYSTEM_SEQUENCES,columnName=SEQUENCE_SCHEMA,grantor=_SYSTEM,grantee=PUBLIC,privilege=SELECT,isGrantable=YES}, com.github.jinahya.database.metadata.bind.ColumnPrivilege@a8ea8d7c{unmappedColumns={}}{tableCat=PUBLIC,tableSchem=INFORMATION_SCHEMA,tableName=SYSTEM_SEQUENCES,columnName=START_WITH,grantor=_SYSTEM,grantee=PUBLIC,privilege=SELECT,isGrantable=YES}]
1117 [main] DEBUG com.github.jinahya.database.metadata.bind.Memory_$_Test - com.github.jinahya.database.metadata.bind.Table@8ef48e8{unmappedColumns={COMMIT_ACTION=null, HSQLDB_TYPE=MEMORY, READ_ONLY=true}}{tableCat=PUBLIC,tableSchem=INFORMATION_SCHEMA,tableName=SYSTEM_SESSIONINFO,tableType=SYSTEM TABLE,remarks=information about the current database session,typeCat=null,typeSchem=null,typeName=null,selfReferencingColName=null,refGeneration=null}: [com.github.jinahya.database.metadata.bind.ColumnPrivilege@6cb7633e{unmappedColumns={}}{tableCat=PUBLIC,tableSchem=INFORMATION_SCHEMA,tableName=SYSTEM_SESSIONINFO,columnName=KEY,grantor=_SYSTEM,grantee=PUBLIC,privilege=SELECT,isGrantable=YES}, com.github.jinahya.database.metadata.bind.ColumnPrivilege@15df352f{unmappedColumns={}}{tableCat=PUBLIC,tableSchem=INFORMATION_SCHEMA,tableName=SYSTEM_SESSIONINFO,columnName=VALUE,grantor=_SYSTEM,grantee=PUBLIC,privilege=SELECT,isGrantable=YES}]
1118 [main] DEBUG com.github.jinahya.database.metadata.bind.Memory_$_Test - com.github.jinahya.database.metadata.bind.Table@52b22381{unmappedColumns={COMMIT_ACTION=null, HSQLDB_TYPE=MEMORY, READ_ONLY=true}}{tableCat=PUBLIC,tableSchem=INFORMATION_SCHEMA,tableName=SYSTEM_SESSIONS,tableType=SYSTEM TABLE,remarks=the visible sessions open in this database,typeCat=null,typeSchem=null,typeName=null,selfReferencingColName=null,refGeneration=null}: [com.github.jinahya.database.metadata.bind.ColumnPrivilege@b1dd4387{unmappedColumns={}}{tableCat=PUBLIC,tableSchem=INFORMATION_SCHEMA,tableName=SYSTEM_SESSIONS,columnName=AUTOCOMMIT,grantor=_SYSTEM,grantee=PUBLIC,privilege=SELECT,isGrantable=YES}, com.github.jinahya.database.metadata.bind.ColumnPrivilege@c64e1f4a{unmappedColumns={}}{tableCat=PUBLIC,tableSchem=INFORMATION_SCHEMA,tableName=SYSTEM_SESSIONS,columnName=CONNECTED,grantor=_SYSTEM,grantee=PUBLIC,privilege=SELECT,isGrantable=YES}, com.github.jinahya.database.metadata.bind.ColumnPrivilege@dab8989c{unmappedColumns={}}{tableCat=PUBLIC,tableSchem=INFORMATION_SCHEMA,tableName=SYSTEM_SESSIONS,columnName=CURRENT_STATEMENT,grantor=_SYSTEM,grantee=PUBLIC,privilege=SELECT,isGrantable=YES}, com.github.jinahya.database.metadata.bind.ColumnPrivilege@d27f6cfc{unmappedColumns={}}{tableCat=PUBLIC,tableSchem=INFORMATION_SCHEMA,tableName=SYSTEM_SESSIONS,columnName=IS_ADMIN,grantor=_SYSTEM,grantee=PUBLIC,privilege=SELECT,isGrantable=YES}, com.github.jinahya.database.metadata.bind.ColumnPrivilege@6d0c33a{unmappedColumns={}}{tableCat=PUBLIC,tableSchem=INFORMATION_SCHEMA,tableName=SYSTEM_SESSIONS,columnName=LAST_IDENTITY,grantor=_SYSTEM,grantee=PUBLIC,privilege=SELECT,isGrantable=YES}, com.github.jinahya.database.metadata.bind.ColumnPrivilege@f165d5fc{unmappedColumns={}}{tableCat=PUBLIC,tableSchem=INFORMATION_SCHEMA,tableName=SYSTEM_SESSIONS,columnName=LATCH_COUNT,grantor=_SYSTEM,grantee=PUBLIC,privilege=SELECT,isGrantable=YES}, com.github.jinahya.database.metadata.bind.ColumnPrivilege@2a0b9f4b{unmappedColumns={}}{tableCat=PUBLIC,tableSchem=INFORMATION_SCHEMA,tableName=SYSTEM_SESSIONS,columnName=READONLY,grantor=_SYSTEM,grantee=PUBLIC,privilege=SELECT,isGrantable=YES}, com.github.jinahya.database.metadata.bind.ColumnPrivilege@d65fd7c7{unmappedColumns={}}{tableCat=PUBLIC,tableSchem=INFORMATION_SCHEMA,tableName=SYSTEM_SESSIONS,columnName=SCHEMA,grantor=_SYSTEM,grantee=PUBLIC,privilege=SELECT,isGrantable=YES}, com.github.jinahya.database.metadata.bind.ColumnPrivilege@de7f071c{unmappedColumns={}}{tableCat=PUBLIC,tableSchem=INFORMATION_SCHEMA,tableName=SYSTEM_SESSIONS,columnName=SESSION_ID,grantor=_SYSTEM,grantee=PUBLIC,privilege=SELECT,isGrantable=YES}, com.github.jinahya.database.metadata.bind.ColumnPrivilege@78f28fed{unmappedColumns={}}{tableCat=PUBLIC,tableSchem=INFORMATION_SCHEMA,tableName=SYSTEM_SESSIONS,columnName=THIS_WAITING_FOR,grantor=_SYSTEM,grantee=PUBLIC,privilege=SELECT,isGrantable=YES}, com.github.jinahya.database.metadata.bind.ColumnPrivilege@bb4c4583{unmappedColumns={}}{tableCat=PUBLIC,tableSchem=INFORMATION_SCHEMA,tableName=SYSTEM_SESSIONS,columnName=TRANSACTION,grantor=_SYSTEM,grantee=PUBLIC,privilege=SELECT,isGrantable=YES}, com.github.jinahya.database.metadata.bind.ColumnPrivilege@3ae628ce{unmappedColumns={}}{tableCat=PUBLIC,tableSchem=INFORMATION_SCHEMA,tableName=SYSTEM_SESSIONS,columnName=TRANSACTION_SIZE,grantor=_SYSTEM,grantee=PUBLIC,privilege=SELECT,isGrantable=YES}, com.github.jinahya.database.metadata.bind.ColumnPrivilege@773bd425{unmappedColumns={}}{tableCat=PUBLIC,tableSchem=INFORMATION_SCHEMA,tableName=SYSTEM_SESSIONS,columnName=USER_NAME,grantor=_SYSTEM,grantee=PUBLIC,privilege=SELECT,isGrantable=YES}, com.github.jinahya.database.metadata.bind.ColumnPrivilege@488f9bc7{unmappedColumns={}}{tableCat=PUBLIC,tableSchem=INFORMATION_SCHEMA,tableName=SYSTEM_SESSIONS,columnName=WAITING_FOR_THIS,grantor=_SYSTEM,grantee=PUBLIC,privilege=SELECT,isGrantable=YES}]
1118 [main] DEBUG com.github.jinahya.database.metadata.bind.Memory_$_Test - com.github.jinahya.database.metadata.bind.Table@6bf096bc{unmappedColumns={COMMIT_ACTION=null, HSQLDB_TYPE=MEMORY, READ_ONLY=true}}{tableCat=PUBLIC,tableSchem=INFORMATION_SCHEMA,tableName=SYSTEM_SYNONYMS,tableType=SYSTEM TABLE,remarks=the synonyms for tables and other objects defined in this database,typeCat=null,typeSchem=null,typeName=null,selfReferencingColName=null,refGeneration=null}: [com.github.jinahya.database.metadata.bind.ColumnPrivilege@1fbd7233{unmappedColumns={}}{tableCat=PUBLIC,tableSchem=INFORMATION_SCHEMA,tableName=SYSTEM_SYNONYMS,columnName=OBJECT_CATALOG,grantor=_SYSTEM,grantee=PUBLIC,privilege=SELECT,isGrantable=YES}, com.github.jinahya.database.metadata.bind.ColumnPrivilege@bf93649{unmappedColumns={}}{tableCat=PUBLIC,tableSchem=INFORMATION_SCHEMA,tableName=SYSTEM_SYNONYMS,columnName=OBJECT_NAME,grantor=_SYSTEM,grantee=PUBLIC,privilege=SELECT,isGrantable=YES}, com.github.jinahya.database.metadata.bind.ColumnPrivilege@9637e5e{unmappedColumns={}}{tableCat=PUBLIC,tableSchem=INFORMATION_SCHEMA,tableName=SYSTEM_SYNONYMS,columnName=OBJECT_SCHEMA,grantor=_SYSTEM,grantee=PUBLIC,privilege=SELECT,isGrantable=YES}, com.github.jinahya.database.metadata.bind.ColumnPrivilege@d0f66dd6{unmappedColumns={}}{tableCat=PUBLIC,tableSchem=INFORMATION_SCHEMA,tableName=SYSTEM_SYNONYMS,columnName=OBJECT_TYPE,grantor=_SYSTEM,grantee=PUBLIC,privilege=SELECT,isGrantable=YES}, com.github.jinahya.database.metadata.bind.ColumnPrivilege@4538ea{unmappedColumns={}}{tableCat=PUBLIC,tableSchem=INFORMATION_SCHEMA,tableName=SYSTEM_SYNONYMS,columnName=SYNONYM_CATALOG,grantor=_SYSTEM,grantee=PUBLIC,privilege=SELECT,isGrantable=YES}, com.github.jinahya.database.metadata.bind.ColumnPrivilege@ba3af4ca{unmappedColumns={}}{tableCat=PUBLIC,tableSchem=INFORMATION_SCHEMA,tableName=SYSTEM_SYNONYMS,columnName=SYNONYM_NAME,grantor=_SYSTEM,grantee=PUBLIC,privilege=SELECT,isGrantable=YES}, com.github.jinahya.database.metadata.bind.ColumnPrivilege@8f0218d2{unmappedColumns={}}{tableCat=PUBLIC,tableSchem=INFORMATION_SCHEMA,tableName=SYSTEM_SYNONYMS,columnName=SYNONYM_SCHEMA,grantor=_SYSTEM,grantee=PUBLIC,privilege=SELECT,isGrantable=YES}]
1118 [main] DEBUG com.github.jinahya.database.metadata.bind.Memory_$_Test - com.github.jinahya.database.metadata.bind.Table@854b5949{unmappedColumns={COMMIT_ACTION=null, HSQLDB_TYPE=MEMORY, READ_ONLY=true}}{tableCat=PUBLIC,tableSchem=INFORMATION_SCHEMA,tableName=SYSTEM_TABLES,tableType=SYSTEM TABLE,remarks=the accessible tables defined within this database,typeCat=null,typeSchem=null,typeName=null,selfReferencingColName=null,refGeneration=null}: [com.github.jinahya.database.metadata.bind.ColumnPrivilege@c22a15df{unmappedColumns={}}{tableCat=PUBLIC,tableSchem=INFORMATION_SCHEMA,tableName=SYSTEM_TABLES,columnName=COMMIT_ACTION,grantor=_SYSTEM,grantee=PUBLIC,privilege=SELECT,isGrantable=YES}, com.github.jinahya.database.metadata.bind.ColumnPrivilege@3c796032{unmappedColumns={}}{tableCat=PUBLIC,tableSchem=INFORMATION_SCHEMA,tableName=SYSTEM_TABLES,columnName=HSQLDB_TYPE,grantor=_SYSTEM,grantee=PUBLIC,privilege=SELECT,isGrantable=YES}, com.github.jinahya.database.metadata.bind.ColumnPrivilege@e39a88bd{unmappedColumns={}}{tableCat=PUBLIC,tableSchem=INFORMATION_SCHEMA,tableName=SYSTEM_TABLES,columnName=READ_ONLY,grantor=_SYSTEM,grantee=PUBLIC,privilege=SELECT,isGrantable=YES}, com.github.jinahya.database.metadata.bind.ColumnPrivilege@58947419{unmappedColumns={}}{tableCat=PUBLIC,tableSchem=INFORMATION_SCHEMA,tableName=SYSTEM_TABLES,columnName=REF_GENERATION,grantor=_SYSTEM,grantee=PUBLIC,privilege=SELECT,isGrantable=YES}, com.github.jinahya.database.metadata.bind.ColumnPrivilege@9f94f147{unmappedColumns={}}{tableCat=PUBLIC,tableSchem=INFORMATION_SCHEMA,tableName=SYSTEM_TABLES,columnName=REMARKS,grantor=_SYSTEM,grantee=PUBLIC,privilege=SELECT,isGrantable=YES}, com.github.jinahya.database.metadata.bind.ColumnPrivilege@7be4760a{unmappedColumns={}}{tableCat=PUBLIC,tableSchem=INFORMATION_SCHEMA,tableName=SYSTEM_TABLES,columnName=SELF_REFERENCING_COL_NAME,grantor=_SYSTEM,grantee=PUBLIC,privilege=SELECT,isGrantable=YES}, com.github.jinahya.database.metadata.bind.ColumnPrivilege@b522327{unmappedColumns={}}{tableCat=PUBLIC,tableSchem=INFORMATION_SCHEMA,tableName=SYSTEM_TABLES,columnName=TABLE_CAT,grantor=_SYSTEM,grantee=PUBLIC,privilege=SELECT,isGrantable=YES}, com.github.jinahya.database.metadata.bind.ColumnPrivilege@6f156c42{unmappedColumns={}}{tableCat=PUBLIC,tableSchem=INFORMATION_SCHEMA,tableName=SYSTEM_TABLES,columnName=TABLE_NAME,grantor=_SYSTEM,grantee=PUBLIC,privilege=SELECT,isGrantable=YES}, com.github.jinahya.database.metadata.bind.ColumnPrivilege@aa07b44d{unmappedColumns={}}{tableCat=PUBLIC,tableSchem=INFORMATION_SCHEMA,tableName=SYSTEM_TABLES,columnName=TABLE_SCHEM,grantor=_SYSTEM,grantee=PUBLIC,privilege=SELECT,isGrantable=YES}, com.github.jinahya.database.metadata.bind.ColumnPrivilege@d1164b7{unmappedColumns={}}{tableCat=PUBLIC,tableSchem=INFORMATION_SCHEMA,tableName=SYSTEM_TABLES,columnName=TABLE_TYPE,grantor=_SYSTEM,grantee=PUBLIC,privilege=SELECT,isGrantable=YES}, com.github.jinahya.database.metadata.bind.ColumnPrivilege@afea1cf6{unmappedColumns={}}{tableCat=PUBLIC,tableSchem=INFORMATION_SCHEMA,tableName=SYSTEM_TABLES,columnName=TYPE_CAT,grantor=_SYSTEM,grantee=PUBLIC,privilege=SELECT,isGrantable=YES}, com.github.jinahya.database.metadata.bind.ColumnPrivilege@305cae78{unmappedColumns={}}{tableCat=PUBLIC,tableSchem=INFORMATION_SCHEMA,tableName=SYSTEM_TABLES,columnName=TYPE_NAME,grantor=_SYSTEM,grantee=PUBLIC,privilege=SELECT,isGrantable=YES}, com.github.jinahya.database.metadata.bind.ColumnPrivilege@66f807d5{unmappedColumns={}}{tableCat=PUBLIC,tableSchem=INFORMATION_SCHEMA,tableName=SYSTEM_TABLES,columnName=TYPE_SCHEM,grantor=_SYSTEM,grantee=PUBLIC,privilege=SELECT,isGrantable=YES}]
1118 [main] DEBUG com.github.jinahya.database.metadata.bind.Memory_$_Test - com.github.jinahya.database.metadata.bind.Table@1cd04475{unmappedColumns={COMMIT_ACTION=null, HSQLDB_TYPE=MEMORY, READ_ONLY=true}}{tableCat=PUBLIC,tableSchem=INFORMATION_SCHEMA,tableName=SYSTEM_TABLESTATS,tableType=SYSTEM TABLE,remarks=cardinality and storage space used by tables and table spaces,typeCat=null,typeSchem=null,typeName=null,selfReferencingColName=null,refGeneration=null}: [com.github.jinahya.database.metadata.bind.ColumnPrivilege@f11ebf13{unmappedColumns={}}{tableCat=PUBLIC,tableSchem=INFORMATION_SCHEMA,tableName=SYSTEM_TABLESTATS,columnName=ALLOCATED_SPACE,grantor=_SYSTEM,grantee=PUBLIC,privilege=SELECT,isGrantable=YES}, com.github.jinahya.database.metadata.bind.ColumnPrivilege@df0e62d9{unmappedColumns={}}{tableCat=PUBLIC,tableSchem=INFORMATION_SCHEMA,tableName=SYSTEM_TABLESTATS,columnName=CARDINALITY,grantor=_SYSTEM,grantee=PUBLIC,privilege=SELECT,isGrantable=YES}, com.github.jinahya.database.metadata.bind.ColumnPrivilege@920dcc7{unmappedColumns={}}{tableCat=PUBLIC,tableSchem=INFORMATION_SCHEMA,tableName=SYSTEM_TABLESTATS,columnName=SPACE_ID,grantor=_SYSTEM,grantee=PUBLIC,privilege=SELECT,isGrantable=YES}, com.github.jinahya.database.metadata.bind.ColumnPrivilege@27732951{unmappedColumns={}}{tableCat=PUBLIC,tableSchem=INFORMATION_SCHEMA,tableName=SYSTEM_TABLESTATS,columnName=TABLE_CATALOG,grantor=_SYSTEM,grantee=PUBLIC,privilege=SELECT,isGrantable=YES}, com.github.jinahya.database.metadata.bind.ColumnPrivilege@c5b3d89{unmappedColumns={}}{tableCat=PUBLIC,tableSchem=INFORMATION_SCHEMA,tableName=SYSTEM_TABLESTATS,columnName=TABLE_NAME,grantor=_SYSTEM,grantee=PUBLIC,privilege=SELECT,isGrantable=YES}, com.github.jinahya.database.metadata.bind.ColumnPrivilege@5eb43e84{unmappedColumns={}}{tableCat=PUBLIC,tableSchem=INFORMATION_SCHEMA,tableName=SYSTEM_TABLESTATS,columnName=TABLE_SCHEMA,grantor=_SYSTEM,grantee=PUBLIC,privilege=SELECT,isGrantable=YES}, com.github.jinahya.database.metadata.bind.ColumnPrivilege@5ec8a390{unmappedColumns={}}{tableCat=PUBLIC,tableSchem=INFORMATION_SCHEMA,tableName=SYSTEM_TABLESTATS,columnName=TABLE_TYPE,grantor=_SYSTEM,grantee=PUBLIC,privilege=SELECT,isGrantable=YES}, com.github.jinahya.database.metadata.bind.ColumnPrivilege@9b9b51d4{unmappedColumns={}}{tableCat=PUBLIC,tableSchem=INFORMATION_SCHEMA,tableName=SYSTEM_TABLESTATS,columnName=USED_MEMORY,grantor=_SYSTEM,grantee=PUBLIC,privilege=SELECT,isGrantable=YES}, com.github.jinahya.database.metadata.bind.ColumnPrivilege@ce036c94{unmappedColumns={}}{tableCat=PUBLIC,tableSchem=INFORMATION_SCHEMA,tableName=SYSTEM_TABLESTATS,columnName=USED_SPACE,grantor=_SYSTEM,grantee=PUBLIC,privilege=SELECT,isGrantable=YES}]
1119 [main] DEBUG com.github.jinahya.database.metadata.bind.Memory_$_Test - com.github.jinahya.database.metadata.bind.Table@1ce0d84f{unmappedColumns={COMMIT_ACTION=null, HSQLDB_TYPE=MEMORY, READ_ONLY=true}}{tableCat=PUBLIC,tableSchem=INFORMATION_SCHEMA,tableName=SYSTEM_TABLETYPES,tableType=SYSTEM TABLE,remarks=the types of tables that can be created/found within this database,typeCat=null,typeSchem=null,typeName=null,selfReferencingColName=null,refGeneration=null}: [com.github.jinahya.database.metadata.bind.ColumnPrivilege@621a349e{unmappedColumns={}}{tableCat=PUBLIC,tableSchem=INFORMATION_SCHEMA,tableName=SYSTEM_TABLETYPES,columnName=TABLE_TYPE,grantor=_SYSTEM,grantee=PUBLIC,privilege=SELECT,isGrantable=YES}]
1119 [main] DEBUG com.github.jinahya.database.metadata.bind.Memory_$_Test - com.github.jinahya.database.metadata.bind.Table@1b00b8b6{unmappedColumns={COMMIT_ACTION=null, HSQLDB_TYPE=MEMORY, READ_ONLY=true}}{tableCat=PUBLIC,tableSchem=INFORMATION_SCHEMA,tableName=SYSTEM_TEXTTABLES,tableType=SYSTEM TABLE,remarks=the data source descriptors of the accessible TEXT TABLE objects defined within this database,typeCat=null,typeSchem=null,typeName=null,selfReferencingColName=null,refGeneration=null}: [com.github.jinahya.database.metadata.bind.ColumnPrivilege@15c43add{unmappedColumns={}}{tableCat=PUBLIC,tableSchem=INFORMATION_SCHEMA,tableName=SYSTEM_TEXTTABLES,columnName=DATA_SOURCE_DEFINTION,grantor=_SYSTEM,grantee=PUBLIC,privilege=SELECT,isGrantable=YES}, com.github.jinahya.database.metadata.bind.ColumnPrivilege@cead495f{unmappedColumns={}}{tableCat=PUBLIC,tableSchem=INFORMATION_SCHEMA,tableName=SYSTEM_TEXTTABLES,columnName=FIELD_SEPARATOR,grantor=_SYSTEM,grantee=PUBLIC,privilege=SELECT,isGrantable=YES}, com.github.jinahya.database.metadata.bind.ColumnPrivilege@e27c191a{unmappedColumns={}}{tableCat=PUBLIC,tableSchem=INFORMATION_SCHEMA,tableName=SYSTEM_TEXTTABLES,columnName=FILE_ENCODING,grantor=_SYSTEM,grantee=PUBLIC,privilege=SELECT,isGrantable=YES}, com.github.jinahya.database.metadata.bind.ColumnPrivilege@382bccb2{unmappedColumns={}}{tableCat=PUBLIC,tableSchem=INFORMATION_SCHEMA,tableName=SYSTEM_TEXTTABLES,columnName=FILE_PATH,grantor=_SYSTEM,grantee=PUBLIC,privilege=SELECT,isGrantable=YES}, com.github.jinahya.database.metadata.bind.ColumnPrivilege@7868e69{unmappedColumns={}}{tableCat=PUBLIC,tableSchem=INFORMATION_SCHEMA,tableName=SYSTEM_TEXTTABLES,columnName=IS_ALL_QUOTED,grantor=_SYSTEM,grantee=PUBLIC,privilege=SELECT,isGrantable=YES}, com.github.jinahya.database.metadata.bind.ColumnPrivilege@a0a7852d{unmappedColumns={}}{tableCat=PUBLIC,tableSchem=INFORMATION_SCHEMA,tableName=SYSTEM_TEXTTABLES,columnName=IS_DESC,grantor=_SYSTEM,grantee=PUBLIC,privilege=SELECT,isGrantable=YES}, com.github.jinahya.database.metadata.bind.ColumnPrivilege@d757b237{unmappedColumns={}}{tableCat=PUBLIC,tableSchem=INFORMATION_SCHEMA,tableName=SYSTEM_TEXTTABLES,columnName=IS_IGNORE_FIRST,grantor=_SYSTEM,grantee=PUBLIC,privilege=SELECT,isGrantable=YES}, com.github.jinahya.database.metadata.bind.ColumnPrivilege@27878bed{unmappedColumns={}}{tableCat=PUBLIC,tableSchem=INFORMATION_SCHEMA,tableName=SYSTEM_TEXTTABLES,columnName=IS_QUOTED,grantor=_SYSTEM,grantee=PUBLIC,privilege=SELECT,isGrantable=YES}, com.github.jinahya.database.metadata.bind.ColumnPrivilege@790aecd9{unmappedColumns={}}{tableCat=PUBLIC,tableSchem=INFORMATION_SCHEMA,tableName=SYSTEM_TEXTTABLES,columnName=LONGVARCHAR_SEPARATOR,grantor=_SYSTEM,grantee=PUBLIC,privilege=SELECT,isGrantable=YES}, com.github.jinahya.database.metadata.bind.ColumnPrivilege@ea86f95{unmappedColumns={}}{tableCat=PUBLIC,tableSchem=INFORMATION_SCHEMA,tableName=SYSTEM_TEXTTABLES,columnName=TABLE_CAT,grantor=_SYSTEM,grantee=PUBLIC,privilege=SELECT,isGrantable=YES}, com.github.jinahya.database.metadata.bind.ColumnPrivilege@ca80a904{unmappedColumns={}}{tableCat=PUBLIC,tableSchem=INFORMATION_SCHEMA,tableName=SYSTEM_TEXTTABLES,columnName=TABLE_NAME,grantor=_SYSTEM,grantee=PUBLIC,privilege=SELECT,isGrantable=YES}, com.github.jinahya.database.metadata.bind.ColumnPrivilege@4fe40d8f{unmappedColumns={}}{tableCat=PUBLIC,tableSchem=INFORMATION_SCHEMA,tableName=SYSTEM_TEXTTABLES,columnName=TABLE_SCHEM,grantor=_SYSTEM,grantee=PUBLIC,privilege=SELECT,isGrantable=YES}, com.github.jinahya.database.metadata.bind.ColumnPrivilege@10a971af{unmappedColumns={}}{tableCat=PUBLIC,tableSchem=INFORMATION_SCHEMA,tableName=SYSTEM_TEXTTABLES,columnName=VARCHAR_SEPARATOR,grantor=_SYSTEM,grantee=PUBLIC,privilege=SELECT,isGrantable=YES}]
1119 [main] DEBUG com.github.jinahya.database.metadata.bind.Memory_$_Test - com.github.jinahya.database.metadata.bind.Table@d6ac19cc{unmappedColumns={COMMIT_ACTION=null, HSQLDB_TYPE=MEMORY, READ_ONLY=true}}{tableCat=PUBLIC,tableSchem=INFORMATION_SCHEMA,tableName=SYSTEM_TYPEINFO,tableType=SYSTEM TABLE,remarks=a description of predefined table column data types known to this database,typeCat=null,typeSchem=null,typeName=null,selfReferencingColName=null,refGeneration=null}: [com.github.jinahya.database.metadata.bind.ColumnPrivilege@de65f76b{unmappedColumns={}}{tableCat=PUBLIC,tableSchem=INFORMATION_SCHEMA,tableName=SYSTEM_TYPEINFO,columnName=AUTO_INCREMENT,grantor=_SYSTEM,grantee=PUBLIC,privilege=SELECT,isGrantable=YES}, com.github.jinahya.database.metadata.bind.ColumnPrivilege@eb6a40be{unmappedColumns={}}{tableCat=PUBLIC,tableSchem=INFORMATION_SCHEMA,tableName=SYSTEM_TYPEINFO,columnName=CASE_SENSITIVE,grantor=_SYSTEM,grantee=PUBLIC,privilege=SELECT,isGrantable=YES}, com.github.jinahya.database.metadata.bind.ColumnPrivilege@f4352127{unmappedColumns={}}{tableCat=PUBLIC,tableSchem=INFORMATION_SCHEMA,tableName=SYSTEM_TYPEINFO,columnName=CREATE_PARAMS,grantor=_SYSTEM,grantee=PUBLIC,privilege=SELECT,isGrantable=YES}, com.github.jinahya.database.metadata.bind.ColumnPrivilege@59338213{unmappedColumns={}}{tableCat=PUBLIC,tableSchem=INFORMATION_SCHEMA,tableName=SYSTEM_TYPEINFO,columnName=DATA_TYPE,grantor=_SYSTEM,grantee=PUBLIC,privilege=SELECT,isGrantable=YES}, com.github.jinahya.database.metadata.bind.ColumnPrivilege@27677245{unmappedColumns={}}{tableCat=PUBLIC,tableSchem=INFORMATION_SCHEMA,tableName=SYSTEM_TYPEINFO,columnName=FIXED_PREC_SCALE,grantor=_SYSTEM,grantee=PUBLIC,privilege=SELECT,isGrantable=YES}, com.github.jinahya.database.metadata.bind.ColumnPrivilege@7b3100a5{unmappedColumns={}}{tableCat=PUBLIC,tableSchem=INFORMATION_SCHEMA,tableName=SYSTEM_TYPEINFO,columnName=INTERVAL_PRECISION,grantor=_SYSTEM,grantee=PUBLIC,privilege=SELECT,isGrantable=YES}, com.github.jinahya.database.metadata.bind.ColumnPrivilege@f8b3e22a{unmappedColumns={}}{tableCat=PUBLIC,tableSchem=INFORMATION_SCHEMA,tableName=SYSTEM_TYPEINFO,columnName=LITERAL_PREFIX,grantor=_SYSTEM,grantee=PUBLIC,privilege=SELECT,isGrantable=YES}, com.github.jinahya.database.metadata.bind.ColumnPrivilege@bea55884{unmappedColumns={}}{tableCat=PUBLIC,tableSchem=INFORMATION_SCHEMA,tableName=SYSTEM_TYPEINFO,columnName=LITERAL_SUFFIX,grantor=_SYSTEM,grantee=PUBLIC,privilege=SELECT,isGrantable=YES}, com.github.jinahya.database.metadata.bind.ColumnPrivilege@377f419f{unmappedColumns={}}{tableCat=PUBLIC,tableSchem=INFORMATION_SCHEMA,tableName=SYSTEM_TYPEINFO,columnName=LOCAL_TYPE_NAME,grantor=_SYSTEM,grantee=PUBLIC,privilege=SELECT,isGrantable=YES}, com.github.jinahya.database.metadata.bind.ColumnPrivilege@a6bfe558{unmappedColumns={}}{tableCat=PUBLIC,tableSchem=INFORMATION_SCHEMA,tableName=SYSTEM_TYPEINFO,columnName=MAXIMUM_SCALE,grantor=_SYSTEM,grantee=PUBLIC,privilege=SELECT,isGrantable=YES}, com.github.jinahya.database.metadata.bind.ColumnPrivilege@696f9e12{unmappedColumns={}}{tableCat=PUBLIC,tableSchem=INFORMATION_SCHEMA,tableName=SYSTEM_TYPEINFO,columnName=MINIMUM_SCALE,grantor=_SYSTEM,grantee=PUBLIC,privilege=SELECT,isGrantable=YES}, com.github.jinahya.database.metadata.bind.ColumnPrivilege@1f31994b{unmappedColumns={}}{tableCat=PUBLIC,tableSchem=INFORMATION_SCHEMA,tableName=SYSTEM_TYPEINFO,columnName=NULLABLE,grantor=_SYSTEM,grantee=PUBLIC,privilege=SELECT,isGrantable=YES}, com.github.jinahya.database.metadata.bind.ColumnPrivilege@c612ceee{unmappedColumns={}}{tableCat=PUBLIC,tableSchem=INFORMATION_SCHEMA,tableName=SYSTEM_TYPEINFO,columnName=NUM_PREC_RADIX,grantor=_SYSTEM,grantee=PUBLIC,privilege=SELECT,isGrantable=YES}, com.github.jinahya.database.metadata.bind.ColumnPrivilege@7bb3373e{unmappedColumns={}}{tableCat=PUBLIC,tableSchem=INFORMATION_SCHEMA,tableName=SYSTEM_TYPEINFO,columnName=PRECISION,grantor=_SYSTEM,grantee=PUBLIC,privilege=SELECT,isGrantable=YES}, com.github.jinahya.database.metadata.bind.ColumnPrivilege@476e9f78{unmappedColumns={}}{tableCat=PUBLIC,tableSchem=INFORMATION_SCHEMA,tableName=SYSTEM_TYPEINFO,columnName=SEARCHABLE,grantor=_SYSTEM,grantee=PUBLIC,privilege=SELECT,isGrantable=YES}, com.github.jinahya.database.metadata.bind.ColumnPrivilege@c24f5a7a{unmappedColumns={}}{tableCat=PUBLIC,tableSchem=INFORMATION_SCHEMA,tableName=SYSTEM_TYPEINFO,columnName=SQL_DATA_TYPE,grantor=_SYSTEM,grantee=PUBLIC,privilege=SELECT,isGrantable=YES}, com.github.jinahya.database.metadata.bind.ColumnPrivilege@8f171e6e{unmappedColumns={}}{tableCat=PUBLIC,tableSchem=INFORMATION_SCHEMA,tableName=SYSTEM_TYPEINFO,columnName=SQL_DATETIME_SUB,grantor=_SYSTEM,grantee=PUBLIC,privilege=SELECT,isGrantable=YES}, com.github.jinahya.database.metadata.bind.ColumnPrivilege@12ab6d2f{unmappedColumns={}}{tableCat=PUBLIC,tableSchem=INFORMATION_SCHEMA,tableName=SYSTEM_TYPEINFO,columnName=TYPE_NAME,grantor=_SYSTEM,grantee=PUBLIC,privilege=SELECT,isGrantable=YES}, com.github.jinahya.database.metadata.bind.ColumnPrivilege@13240e21{unmappedColumns={}}{tableCat=PUBLIC,tableSchem=INFORMATION_SCHEMA,tableName=SYSTEM_TYPEINFO,columnName=UNSIGNED_ATTRIBUTE,grantor=_SYSTEM,grantee=PUBLIC,privilege=SELECT,isGrantable=YES}]
1119 [main] DEBUG com.github.jinahya.database.metadata.bind.Memory_$_Test - com.github.jinahya.database.metadata.bind.Table@6a569f80{unmappedColumns={COMMIT_ACTION=null, HSQLDB_TYPE=MEMORY, READ_ONLY=true}}{tableCat=PUBLIC,tableSchem=INFORMATION_SCHEMA,tableName=SYSTEM_UDTATTRIBUTES,tableType=SYSTEM TABLE,remarks=one row for each attribute of user-define types,typeCat=null,typeSchem=null,typeName=null,selfReferencingColName=null,refGeneration=null}: [com.github.jinahya.database.metadata.bind.ColumnPrivilege@5e729fda{unmappedColumns={}}{tableCat=PUBLIC,tableSchem=INFORMATION_SCHEMA,tableName=SYSTEM_UDTATTRIBUTES,columnName=ATTR_DEF,grantor=_SYSTEM,grantee=PUBLIC,privilege=SELECT,isGrantable=YES}, com.github.jinahya.database.metadata.bind.ColumnPrivilege@65f3171f{unmappedColumns={}}{tableCat=PUBLIC,tableSchem=INFORMATION_SCHEMA,tableName=SYSTEM_UDTATTRIBUTES,columnName=ATTR_NAME,grantor=_SYSTEM,grantee=PUBLIC,privilege=SELECT,isGrantable=YES}, com.github.jinahya.database.metadata.bind.ColumnPrivilege@cdb7eb0e{unmappedColumns={}}{tableCat=PUBLIC,tableSchem=INFORMATION_SCHEMA,tableName=SYSTEM_UDTATTRIBUTES,columnName=ATTR_SIZE,grantor=_SYSTEM,grantee=PUBLIC,privilege=SELECT,isGrantable=YES}, com.github.jinahya.database.metadata.bind.ColumnPrivilege@bfa59928{unmappedColumns={}}{tableCat=PUBLIC,tableSchem=INFORMATION_SCHEMA,tableName=SYSTEM_UDTATTRIBUTES,columnName=ATTR_TYPE_NAME,grantor=_SYSTEM,grantee=PUBLIC,privilege=SELECT,isGrantable=YES}, com.github.jinahya.database.metadata.bind.ColumnPrivilege@3ea42a38{unmappedColumns={}}{tableCat=PUBLIC,tableSchem=INFORMATION_SCHEMA,tableName=SYSTEM_UDTATTRIBUTES,columnName=CHAR_OCTET_LENGTH,grantor=_SYSTEM,grantee=PUBLIC,privilege=SELECT,isGrantable=YES}, com.github.jinahya.database.metadata.bind.ColumnPrivilege@2ebaf7c8{unmappedColumns={}}{tableCat=PUBLIC,tableSchem=INFORMATION_SCHEMA,tableName=SYSTEM_UDTATTRIBUTES,columnName=DATA_TYPE,grantor=_SYSTEM,grantee=PUBLIC,privilege=SELECT,isGrantable=YES}, com.github.jinahya.database.metadata.bind.ColumnPrivilege@6ea813da{unmappedColumns={}}{tableCat=PUBLIC,tableSchem=INFORMATION_SCHEMA,tableName=SYSTEM_UDTATTRIBUTES,columnName=DECIMAL_DIGITS,grantor=_SYSTEM,grantee=PUBLIC,privilege=SELECT,isGrantable=YES}, com.github.jinahya.database.metadata.bind.ColumnPrivilege@d8e13fa8{unmappedColumns={}}{tableCat=PUBLIC,tableSchem=INFORMATION_SCHEMA,tableName=SYSTEM_UDTATTRIBUTES,columnName=IS_NULLABLE,grantor=_SYSTEM,grantee=PUBLIC,privilege=SELECT,isGrantable=YES}, com.github.jinahya.database.metadata.bind.ColumnPrivilege@800cf84d{unmappedColumns={}}{tableCat=PUBLIC,tableSchem=INFORMATION_SCHEMA,tableName=SYSTEM_UDTATTRIBUTES,columnName=NULLABLE,grantor=_SYSTEM,grantee=PUBLIC,privilege=SELECT,isGrantable=YES}, com.github.jinahya.database.metadata.bind.ColumnPrivilege@b539cf9e{unmappedColumns={}}{tableCat=PUBLIC,tableSchem=INFORMATION_SCHEMA,tableName=SYSTEM_UDTATTRIBUTES,columnName=NUM_PREC_RADIX,grantor=_SYSTEM,grantee=PUBLIC,privilege=SELECT,isGrantable=YES}, com.github.jinahya.database.metadata.bind.ColumnPrivilege@98124006{unmappedColumns={}}{tableCat=PUBLIC,tableSchem=INFORMATION_SCHEMA,tableName=SYSTEM_UDTATTRIBUTES,columnName=ORDINAL_POSITION,grantor=_SYSTEM,grantee=PUBLIC,privilege=SELECT,isGrantable=YES}, com.github.jinahya.database.metadata.bind.ColumnPrivilege@127e4cc0{unmappedColumns={}}{tableCat=PUBLIC,tableSchem=INFORMATION_SCHEMA,tableName=SYSTEM_UDTATTRIBUTES,columnName=REMARKS,grantor=_SYSTEM,grantee=PUBLIC,privilege=SELECT,isGrantable=YES}, com.github.jinahya.database.metadata.bind.ColumnPrivilege@3e4d1c27{unmappedColumns={}}{tableCat=PUBLIC,tableSchem=INFORMATION_SCHEMA,tableName=SYSTEM_UDTATTRIBUTES,columnName=SCOPE_CATALOG,grantor=_SYSTEM,grantee=PUBLIC,privilege=SELECT,isGrantable=YES}, com.github.jinahya.database.metadata.bind.ColumnPrivilege@756bf34{unmappedColumns={}}{tableCat=PUBLIC,tableSchem=INFORMATION_SCHEMA,tableName=SYSTEM_UDTATTRIBUTES,columnName=SCOPE_SCHEMA,grantor=_SYSTEM,grantee=PUBLIC,privilege=SELECT,isGrantable=YES}, com.github.jinahya.database.metadata.bind.ColumnPrivilege@5c1a7ba8{unmappedColumns={}}{tableCat=PUBLIC,tableSchem=INFORMATION_SCHEMA,tableName=SYSTEM_UDTATTRIBUTES,columnName=SCOPE_TABLE,grantor=_SYSTEM,grantee=PUBLIC,privilege=SELECT,isGrantable=YES}, com.github.jinahya.database.metadata.bind.ColumnPrivilege@c20adc3d{unmappedColumns={}}{tableCat=PUBLIC,tableSchem=INFORMATION_SCHEMA,tableName=SYSTEM_UDTATTRIBUTES,columnName=SOURCE_DATA_TYPE,grantor=_SYSTEM,grantee=PUBLIC,privilege=SELECT,isGrantable=YES}, com.github.jinahya.database.metadata.bind.ColumnPrivilege@bc857c4a{unmappedColumns={}}{tableCat=PUBLIC,tableSchem=INFORMATION_SCHEMA,tableName=SYSTEM_UDTATTRIBUTES,columnName=SQL_DATA_TYPE,grantor=_SYSTEM,grantee=PUBLIC,privilege=SELECT,isGrantable=YES}, com.github.jinahya.database.metadata.bind.ColumnPrivilege@4aa12a44{unmappedColumns={}}{tableCat=PUBLIC,tableSchem=INFORMATION_SCHEMA,tableName=SYSTEM_UDTATTRIBUTES,columnName=SQL_DATETIME_SUB,grantor=_SYSTEM,grantee=PUBLIC,privilege=SELECT,isGrantable=YES}, com.github.jinahya.database.metadata.bind.ColumnPrivilege@4e93975f{unmappedColumns={}}{tableCat=PUBLIC,tableSchem=INFORMATION_SCHEMA,tableName=SYSTEM_UDTATTRIBUTES,columnName=TYPE_CAT,grantor=_SYSTEM,grantee=PUBLIC,privilege=SELECT,isGrantable=YES}, com.github.jinahya.database.metadata.bind.ColumnPrivilege@c34ff947{unmappedColumns={}}{tableCat=PUBLIC,tableSchem=INFORMATION_SCHEMA,tableName=SYSTEM_UDTATTRIBUTES,columnName=TYPE_NAME,grantor=_SYSTEM,grantee=PUBLIC,privilege=SELECT,isGrantable=YES}, com.github.jinahya.database.metadata.bind.ColumnPrivilege@57c4428b{unmappedColumns={}}{tableCat=PUBLIC,tableSchem=INFORMATION_SCHEMA,tableName=SYSTEM_UDTATTRIBUTES,columnName=TYPE_SCHEM,grantor=_SYSTEM,grantee=PUBLIC,privilege=SELECT,isGrantable=YES}]
1120 [main] DEBUG com.github.jinahya.database.metadata.bind.Memory_$_Test - com.github.jinahya.database.metadata.bind.Table@d2be9832{unmappedColumns={COMMIT_ACTION=null, HSQLDB_TYPE=MEMORY, READ_ONLY=true}}{tableCat=PUBLIC,tableSchem=INFORMATION_SCHEMA,tableName=SYSTEM_UDTS,tableType=SYSTEM TABLE,remarks=the user-defined types that are available within this database,typeCat=null,typeSchem=null,typeName=null,selfReferencingColName=null,refGeneration=null}: [com.github.jinahya.database.metadata.bind.ColumnPrivilege@52ab8ffb{unmappedColumns={}}{tableCat=PUBLIC,tableSchem=INFORMATION_SCHEMA,tableName=SYSTEM_UDTS,columnName=BASE_TYPE,grantor=_SYSTEM,grantee=PUBLIC,privilege=SELECT,isGrantable=YES}, com.github.jinahya.database.metadata.bind.ColumnPrivilege@29d6d922{unmappedColumns={}}{tableCat=PUBLIC,tableSchem=INFORMATION_SCHEMA,tableName=SYSTEM_UDTS,columnName=CLASS_NAME,grantor=_SYSTEM,grantee=PUBLIC,privilege=SELECT,isGrantable=YES}, com.github.jinahya.database.metadata.bind.ColumnPrivilege@26fbab4c{unmappedColumns={}}{tableCat=PUBLIC,tableSchem=INFORMATION_SCHEMA,tableName=SYSTEM_UDTS,columnName=DATA_TYPE,grantor=_SYSTEM,grantee=PUBLIC,privilege=SELECT,isGrantable=YES}, com.github.jinahya.database.metadata.bind.ColumnPrivilege@25e25729{unmappedColumns={}}{tableCat=PUBLIC,tableSchem=INFORMATION_SCHEMA,tableName=SYSTEM_UDTS,columnName=REMARKS,grantor=_SYSTEM,grantee=PUBLIC,privilege=SELECT,isGrantable=YES}, com.github.jinahya.database.metadata.bind.ColumnPrivilege@7c0e8c1e{unmappedColumns={}}{tableCat=PUBLIC,tableSchem=INFORMATION_SCHEMA,tableName=SYSTEM_UDTS,columnName=TYPE_CAT,grantor=_SYSTEM,grantee=PUBLIC,privilege=SELECT,isGrantable=YES}, com.github.jinahya.database.metadata.bind.ColumnPrivilege@c3080b9f{unmappedColumns={}}{tableCat=PUBLIC,tableSchem=INFORMATION_SCHEMA,tableName=SYSTEM_UDTS,columnName=TYPE_NAME,grantor=_SYSTEM,grantee=PUBLIC,privilege=SELECT,isGrantable=YES}, com.github.jinahya.database.metadata.bind.ColumnPrivilege@2bb5b7c6{unmappedColumns={}}{tableCat=PUBLIC,tableSchem=INFORMATION_SCHEMA,tableName=SYSTEM_UDTS,columnName=TYPE_SCHEM,grantor=_SYSTEM,grantee=PUBLIC,privilege=SELECT,isGrantable=YES}]
1120 [main] DEBUG com.github.jinahya.database.metadata.bind.Memory_$_Test - com.github.jinahya.database.metadata.bind.Table@5868d2ac{unmappedColumns={COMMIT_ACTION=null, HSQLDB_TYPE=MEMORY, READ_ONLY=true}}{tableCat=PUBLIC,tableSchem=INFORMATION_SCHEMA,tableName=SYSTEM_USERS,tableType=SYSTEM TABLE,remarks=users defined within this database,typeCat=null,typeSchem=null,typeName=null,selfReferencingColName=null,refGeneration=null}: [com.github.jinahya.database.metadata.bind.ColumnPrivilege@2877691a{unmappedColumns={}}{tableCat=PUBLIC,tableSchem=INFORMATION_SCHEMA,tableName=SYSTEM_USERS,columnName=ADMIN,grantor=_SYSTEM,grantee=PUBLIC,privilege=SELECT,isGrantable=YES}, com.github.jinahya.database.metadata.bind.ColumnPrivilege@7f822da7{unmappedColumns={}}{tableCat=PUBLIC,tableSchem=INFORMATION_SCHEMA,tableName=SYSTEM_USERS,columnName=AUTHENTICATION,grantor=_SYSTEM,grantee=PUBLIC,privilege=SELECT,isGrantable=YES}, com.github.jinahya.database.metadata.bind.ColumnPrivilege@f9f1e9f5{unmappedColumns={}}{tableCat=PUBLIC,tableSchem=INFORMATION_SCHEMA,tableName=SYSTEM_USERS,columnName=INITIAL_SCHEMA,grantor=_SYSTEM,grantee=PUBLIC,privilege=SELECT,isGrantable=YES}, com.github.jinahya.database.metadata.bind.ColumnPrivilege@701cdae6{unmappedColumns={}}{tableCat=PUBLIC,tableSchem=INFORMATION_SCHEMA,tableName=SYSTEM_USERS,columnName=PASSWORD_DIGEST,grantor=_SYSTEM,grantee=PUBLIC,privilege=SELECT,isGrantable=YES}, com.github.jinahya.database.metadata.bind.ColumnPrivilege@a670bb8a{unmappedColumns={}}{tableCat=PUBLIC,tableSchem=INFORMATION_SCHEMA,tableName=SYSTEM_USERS,columnName=USER_NAME,grantor=_SYSTEM,grantee=PUBLIC,privilege=SELECT,isGrantable=YES}]
1120 [main] DEBUG com.github.jinahya.database.metadata.bind.Memory_$_Test - com.github.jinahya.database.metadata.bind.Table@c125d2e9{unmappedColumns={COMMIT_ACTION=null, HSQLDB_TYPE=MEMORY, READ_ONLY=true}}{tableCat=PUBLIC,tableSchem=INFORMATION_SCHEMA,tableName=SYSTEM_VERSIONCOLUMNS,tableType=SYSTEM TABLE,remarks=the visible columns of the accessible tables that are automatically updated when any value in a row is updated,typeCat=null,typeSchem=null,typeName=null,selfReferencingColName=null,refGeneration=null}: [com.github.jinahya.database.metadata.bind.ColumnPrivilege@9fd6626a{unmappedColumns={}}{tableCat=PUBLIC,tableSchem=INFORMATION_SCHEMA,tableName=SYSTEM_VERSIONCOLUMNS,columnName=BUFFER_LENGTH,grantor=_SYSTEM,grantee=PUBLIC,privilege=SELECT,isGrantable=YES}, com.github.jinahya.database.metadata.bind.ColumnPrivilege@554feb3e{unmappedColumns={}}{tableCat=PUBLIC,tableSchem=INFORMATION_SCHEMA,tableName=SYSTEM_VERSIONCOLUMNS,columnName=COLUMN_NAME,grantor=_SYSTEM,grantee=PUBLIC,privilege=SELECT,isGrantable=YES}, com.github.jinahya.database.metadata.bind.ColumnPrivilege@e5061ec3{unmappedColumns={}}{tableCat=PUBLIC,tableSchem=INFORMATION_SCHEMA,tableName=SYSTEM_VERSIONCOLUMNS,columnName=COLUMN_SIZE,grantor=_SYSTEM,grantee=PUBLIC,privilege=SELECT,isGrantable=YES}, com.github.jinahya.database.metadata.bind.ColumnPrivilege@b46c1e91{unmappedColumns={}}{tableCat=PUBLIC,tableSchem=INFORMATION_SCHEMA,tableName=SYSTEM_VERSIONCOLUMNS,columnName=DATA_TYPE,grantor=_SYSTEM,grantee=PUBLIC,privilege=SELECT,isGrantable=YES}, com.github.jinahya.database.metadata.bind.ColumnPrivilege@70f19776{unmappedColumns={}}{tableCat=PUBLIC,tableSchem=INFORMATION_SCHEMA,tableName=SYSTEM_VERSIONCOLUMNS,columnName=DECIMAL_DIGITS,grantor=_SYSTEM,grantee=PUBLIC,privilege=SELECT,isGrantable=YES}, com.github.jinahya.database.metadata.bind.ColumnPrivilege@ee7de01d{unmappedColumns={}}{tableCat=PUBLIC,tableSchem=INFORMATION_SCHEMA,tableName=SYSTEM_VERSIONCOLUMNS,columnName=PSEUDO_COLUMN,grantor=_SYSTEM,grantee=PUBLIC,privilege=SELECT,isGrantable=YES}, com.github.jinahya.database.metadata.bind.ColumnPrivilege@d9ef5e79{unmappedColumns={}}{tableCat=PUBLIC,tableSchem=INFORMATION_SCHEMA,tableName=SYSTEM_VERSIONCOLUMNS,columnName=SCOPE,grantor=_SYSTEM,grantee=PUBLIC,privilege=SELECT,isGrantable=YES}, com.github.jinahya.database.metadata.bind.ColumnPrivilege@1607c155{unmappedColumns={}}{tableCat=PUBLIC,tableSchem=INFORMATION_SCHEMA,tableName=SYSTEM_VERSIONCOLUMNS,columnName=TABLE_CAT,grantor=_SYSTEM,grantee=PUBLIC,privilege=SELECT,isGrantable=YES}, com.github.jinahya.database.metadata.bind.ColumnPrivilege@c1bd2bc8{unmappedColumns={}}{tableCat=PUBLIC,tableSchem=INFORMATION_SCHEMA,tableName=SYSTEM_VERSIONCOLUMNS,columnName=TABLE_NAME,grantor=_SYSTEM,grantee=PUBLIC,privilege=SELECT,isGrantable=YES}, com.github.jinahya.database.metadata.bind.ColumnPrivilege@2e0a1428{unmappedColumns={}}{tableCat=PUBLIC,tableSchem=INFORMATION_SCHEMA,tableName=SYSTEM_VERSIONCOLUMNS,columnName=TABLE_SCHEM,grantor=_SYSTEM,grantee=PUBLIC,privilege=SELECT,isGrantable=YES}, com.github.jinahya.database.metadata.bind.ColumnPrivilege@35075525{unmappedColumns={}}{tableCat=PUBLIC,tableSchem=INFORMATION_SCHEMA,tableName=SYSTEM_VERSIONCOLUMNS,columnName=TYPE_NAME,grantor=_SYSTEM,grantee=PUBLIC,privilege=SELECT,isGrantable=YES}]
1120 [main] DEBUG com.github.jinahya.database.metadata.bind.Memory_$_Test - com.github.jinahya.database.metadata.bind.Table@3f324539{unmappedColumns={COMMIT_ACTION=null, HSQLDB_TYPE=MEMORY, READ_ONLY=true}}{tableCat=PUBLIC,tableSchem=INFORMATION_SCHEMA,tableName=TABLES,tableType=SYSTEM TABLE,remarks=one row for each table or view,typeCat=null,typeSchem=null,typeName=null,selfReferencingColName=null,refGeneration=null}: [com.github.jinahya.database.metadata.bind.ColumnPrivilege@ab8b85bb{unmappedColumns={}}{tableCat=PUBLIC,tableSchem=INFORMATION_SCHEMA,tableName=TABLES,columnName=COMMIT_ACTION,grantor=_SYSTEM,grantee=PUBLIC,privilege=SELECT,isGrantable=YES}, com.github.jinahya.database.metadata.bind.ColumnPrivilege@b6975b0e{unmappedColumns={}}{tableCat=PUBLIC,tableSchem=INFORMATION_SCHEMA,tableName=TABLES,columnName=IS_INSERTABLE_INTO,grantor=_SYSTEM,grantee=PUBLIC,privilege=SELECT,isGrantable=YES}, com.github.jinahya.database.metadata.bind.ColumnPrivilege@c1573187{unmappedColumns={}}{tableCat=PUBLIC,tableSchem=INFORMATION_SCHEMA,tableName=TABLES,columnName=IS_TYPED,grantor=_SYSTEM,grantee=PUBLIC,privilege=SELECT,isGrantable=YES}, com.github.jinahya.database.metadata.bind.ColumnPrivilege@1fab7289{unmappedColumns={}}{tableCat=PUBLIC,tableSchem=INFORMATION_SCHEMA,tableName=TABLES,columnName=REFERENCE_GENERATION,grantor=_SYSTEM,grantee=PUBLIC,privilege=SELECT,isGrantable=YES}, com.github.jinahya.database.metadata.bind.ColumnPrivilege@d8c0787d{unmappedColumns={}}{tableCat=PUBLIC,tableSchem=INFORMATION_SCHEMA,tableName=TABLES,columnName=SELF_REFERENCING_COLUMN_NAME,grantor=_SYSTEM,grantee=PUBLIC,privilege=SELECT,isGrantable=YES}, com.github.jinahya.database.metadata.bind.ColumnPrivilege@88fa42ae{unmappedColumns={}}{tableCat=PUBLIC,tableSchem=INFORMATION_SCHEMA,tableName=TABLES,columnName=TABLE_CATALOG,grantor=_SYSTEM,grantee=PUBLIC,privilege=SELECT,isGrantable=YES}, com.github.jinahya.database.metadata.bind.ColumnPrivilege@b370c1b7{unmappedColumns={}}{tableCat=PUBLIC,tableSchem=INFORMATION_SCHEMA,tableName=TABLES,columnName=TABLE_NAME,grantor=_SYSTEM,grantee=PUBLIC,privilege=SELECT,isGrantable=YES}, com.github.jinahya.database.metadata.bind.ColumnPrivilege@5370c550{unmappedColumns={}}{tableCat=PUBLIC,tableSchem=INFORMATION_SCHEMA,tableName=TABLES,columnName=TABLE_SCHEMA,grantor=_SYSTEM,grantee=PUBLIC,privilege=SELECT,isGrantable=YES}, com.github.jinahya.database.metadata.bind.ColumnPrivilege@67a4b0c{unmappedColumns={}}{tableCat=PUBLIC,tableSchem=INFORMATION_SCHEMA,tableName=TABLES,columnName=TABLE_TYPE,grantor=_SYSTEM,grantee=PUBLIC,privilege=SELECT,isGrantable=YES}, com.github.jinahya.database.metadata.bind.ColumnPrivilege@60f6b054{unmappedColumns={}}{tableCat=PUBLIC,tableSchem=INFORMATION_SCHEMA,tableName=TABLES,columnName=USER_DEFINED_TYPE_CATALOG,grantor=_SYSTEM,grantee=PUBLIC,privilege=SELECT,isGrantable=YES}, com.github.jinahya.database.metadata.bind.ColumnPrivilege@fe46e95a{unmappedColumns={}}{tableCat=PUBLIC,tableSchem=INFORMATION_SCHEMA,tableName=TABLES,columnName=USER_DEFINED_TYPE_NAME,grantor=_SYSTEM,grantee=PUBLIC,privilege=SELECT,isGrantable=YES}, com.github.jinahya.database.metadata.bind.ColumnPrivilege@d422ce8{unmappedColumns={}}{tableCat=PUBLIC,tableSchem=INFORMATION_SCHEMA,tableName=TABLES,columnName=USER_DEFINED_TYPE_SCHEMA,grantor=_SYSTEM,grantee=PUBLIC,privilege=SELECT,isGrantable=YES}]
1120 [main] DEBUG com.github.jinahya.database.metadata.bind.Memory_$_Test - com.github.jinahya.database.metadata.bind.Table@e723d9d9{unmappedColumns={COMMIT_ACTION=null, HSQLDB_TYPE=MEMORY, READ_ONLY=true}}{tableCat=PUBLIC,tableSchem=INFORMATION_SCHEMA,tableName=TABLE_CONSTRAINTS,tableType=SYSTEM TABLE,remarks=one row for each table constraint associated with a table,typeCat=null,typeSchem=null,typeName=null,selfReferencingColName=null,refGeneration=null}: [com.github.jinahya.database.metadata.bind.ColumnPrivilege@c47f3c8b{unmappedColumns={}}{tableCat=PUBLIC,tableSchem=INFORMATION_SCHEMA,tableName=TABLE_CONSTRAINTS,columnName=CONSTRAINT_CATALOG,grantor=_SYSTEM,grantee=PUBLIC,privilege=SELECT,isGrantable=YES}, com.github.jinahya.database.metadata.bind.ColumnPrivilege@46e00e85{unmappedColumns={}}{tableCat=PUBLIC,tableSchem=INFORMATION_SCHEMA,tableName=TABLE_CONSTRAINTS,columnName=CONSTRAINT_NAME,grantor=_SYSTEM,grantee=PUBLIC,privilege=SELECT,isGrantable=YES}, com.github.jinahya.database.metadata.bind.ColumnPrivilege@97dc8b0e{unmappedColumns={}}{tableCat=PUBLIC,tableSchem=INFORMATION_SCHEMA,tableName=TABLE_CONSTRAINTS,columnName=CONSTRAINT_SCHEMA,grantor=_SYSTEM,grantee=PUBLIC,privilege=SELECT,isGrantable=YES}, com.github.jinahya.database.metadata.bind.ColumnPrivilege@4c281985{unmappedColumns={}}{tableCat=PUBLIC,tableSchem=INFORMATION_SCHEMA,tableName=TABLE_CONSTRAINTS,columnName=CONSTRAINT_TYPE,grantor=_SYSTEM,grantee=PUBLIC,privilege=SELECT,isGrantable=YES}, com.github.jinahya.database.metadata.bind.ColumnPrivilege@f1c490ce{unmappedColumns={}}{tableCat=PUBLIC,tableSchem=INFORMATION_SCHEMA,tableName=TABLE_CONSTRAINTS,columnName=INITIALLY_DEFERRED,grantor=_SYSTEM,grantee=PUBLIC,privilege=SELECT,isGrantable=YES}, com.github.jinahya.database.metadata.bind.ColumnPrivilege@7ae11013{unmappedColumns={}}{tableCat=PUBLIC,tableSchem=INFORMATION_SCHEMA,tableName=TABLE_CONSTRAINTS,columnName=IS_DEFERRABLE,grantor=_SYSTEM,grantee=PUBLIC,privilege=SELECT,isGrantable=YES}, com.github.jinahya.database.metadata.bind.ColumnPrivilege@9541bfb0{unmappedColumns={}}{tableCat=PUBLIC,tableSchem=INFORMATION_SCHEMA,tableName=TABLE_CONSTRAINTS,columnName=TABLE_CATALOG,grantor=_SYSTEM,grantee=PUBLIC,privilege=SELECT,isGrantable=YES}, com.github.jinahya.database.metadata.bind.ColumnPrivilege@fb1392d5{unmappedColumns={}}{tableCat=PUBLIC,tableSchem=INFORMATION_SCHEMA,tableName=TABLE_CONSTRAINTS,columnName=TABLE_NAME,grantor=_SYSTEM,grantee=PUBLIC,privilege=SELECT,isGrantable=YES}, com.github.jinahya.database.metadata.bind.ColumnPrivilege@98be3827{unmappedColumns={}}{tableCat=PUBLIC,tableSchem=INFORMATION_SCHEMA,tableName=TABLE_CONSTRAINTS,columnName=TABLE_SCHEMA,grantor=_SYSTEM,grantee=PUBLIC,privilege=SELECT,isGrantable=YES}]
1121 [main] DEBUG com.github.jinahya.database.metadata.bind.Memory_$_Test - com.github.jinahya.database.metadata.bind.Table@98dc77e7{unmappedColumns={COMMIT_ACTION=null, HSQLDB_TYPE=MEMORY, READ_ONLY=true}}{tableCat=PUBLIC,tableSchem=INFORMATION_SCHEMA,tableName=TABLE_PRIVILEGES,tableType=SYSTEM TABLE,remarks=the visible user level access permissions for each accessible table defined within this database,typeCat=null,typeSchem=null,typeName=null,selfReferencingColName=null,refGeneration=null}: [com.github.jinahya.database.metadata.bind.ColumnPrivilege@e891a5be{unmappedColumns={}}{tableCat=PUBLIC,tableSchem=INFORMATION_SCHEMA,tableName=TABLE_PRIVILEGES,columnName=GRANTEE,grantor=_SYSTEM,grantee=PUBLIC,privilege=SELECT,isGrantable=YES}, com.github.jinahya.database.metadata.bind.ColumnPrivilege@b8639e2{unmappedColumns={}}{tableCat=PUBLIC,tableSchem=INFORMATION_SCHEMA,tableName=TABLE_PRIVILEGES,columnName=GRANTOR,grantor=_SYSTEM,grantee=PUBLIC,privilege=SELECT,isGrantable=YES}, com.github.jinahya.database.metadata.bind.ColumnPrivilege@a4791b22{unmappedColumns={}}{tableCat=PUBLIC,tableSchem=INFORMATION_SCHEMA,tableName=TABLE_PRIVILEGES,columnName=IS_GRANTABLE,grantor=_SYSTEM,grantee=PUBLIC,privilege=SELECT,isGrantable=YES}, com.github.jinahya.database.metadata.bind.ColumnPrivilege@1d122b6d{unmappedColumns={}}{tableCat=PUBLIC,tableSchem=INFORMATION_SCHEMA,tableName=TABLE_PRIVILEGES,columnName=PRIVILEGE_TYPE,grantor=_SYSTEM,grantee=PUBLIC,privilege=SELECT,isGrantable=YES}, com.github.jinahya.database.metadata.bind.ColumnPrivilege@5abced9e{unmappedColumns={}}{tableCat=PUBLIC,tableSchem=INFORMATION_SCHEMA,tableName=TABLE_PRIVILEGES,columnName=TABLE_CATALOG,grantor=_SYSTEM,grantee=PUBLIC,privilege=SELECT,isGrantable=YES}, com.github.jinahya.database.metadata.bind.ColumnPrivilege@50075c4f{unmappedColumns={}}{tableCat=PUBLIC,tableSchem=INFORMATION_SCHEMA,tableName=TABLE_PRIVILEGES,columnName=TABLE_NAME,grantor=_SYSTEM,grantee=PUBLIC,privilege=SELECT,isGrantable=YES}, com.github.jinahya.database.metadata.bind.ColumnPrivilege@6ee4064{unmappedColumns={}}{tableCat=PUBLIC,tableSchem=INFORMATION_SCHEMA,tableName=TABLE_PRIVILEGES,columnName=TABLE_SCHEMA,grantor=_SYSTEM,grantee=PUBLIC,privilege=SELECT,isGrantable=YES}, com.github.jinahya.database.metadata.bind.ColumnPrivilege@74ff8cce{unmappedColumns={}}{tableCat=PUBLIC,tableSchem=INFORMATION_SCHEMA,tableName=TABLE_PRIVILEGES,columnName=WITH_HIERARCHY,grantor=_SYSTEM,grantee=PUBLIC,privilege=SELECT,isGrantable=YES}]
1121 [main] DEBUG com.github.jinahya.database.metadata.bind.Memory_$_Test - com.github.jinahya.database.metadata.bind.Table@ed3b5eb6{unmappedColumns={COMMIT_ACTION=null, HSQLDB_TYPE=MEMORY, READ_ONLY=true}}{tableCat=PUBLIC,tableSchem=INFORMATION_SCHEMA,tableName=TRANSLATIONS,tableType=SYSTEM TABLE,remarks=one row for each translation of character sets,typeCat=null,typeSchem=null,typeName=null,selfReferencingColName=null,refGeneration=null}: [com.github.jinahya.database.metadata.bind.ColumnPrivilege@602391df{unmappedColumns={}}{tableCat=PUBLIC,tableSchem=INFORMATION_SCHEMA,tableName=TRANSLATIONS,columnName=SOURCE_CHARACTER_SET_CATALOG,grantor=_SYSTEM,grantee=PUBLIC,privilege=SELECT,isGrantable=YES}, com.github.jinahya.database.metadata.bind.ColumnPrivilege@91d57e2e{unmappedColumns={}}{tableCat=PUBLIC,tableSchem=INFORMATION_SCHEMA,tableName=TRANSLATIONS,columnName=SOURCE_CHARACTER_SET_NAME,grantor=_SYSTEM,grantee=PUBLIC,privilege=SELECT,isGrantable=YES}, com.github.jinahya.database.metadata.bind.ColumnPrivilege@9d20a54b{unmappedColumns={}}{tableCat=PUBLIC,tableSchem=INFORMATION_SCHEMA,tableName=TRANSLATIONS,columnName=SOURCE_CHARACTER_SET_SCHEMA,grantor=_SYSTEM,grantee=PUBLIC,privilege=SELECT,isGrantable=YES}, com.github.jinahya.database.metadata.bind.ColumnPrivilege@6b951e75{unmappedColumns={}}{tableCat=PUBLIC,tableSchem=INFORMATION_SCHEMA,tableName=TRANSLATIONS,columnName=TARGET_CHARACTER_SET_CATALOG,grantor=_SYSTEM,grantee=PUBLIC,privilege=SELECT,isGrantable=YES}, com.github.jinahya.database.metadata.bind.ColumnPrivilege@9e345bb5{unmappedColumns={}}{tableCat=PUBLIC,tableSchem=INFORMATION_SCHEMA,tableName=TRANSLATIONS,columnName=TARGET_CHARACTER_SET_NAME,grantor=_SYSTEM,grantee=PUBLIC,privilege=SELECT,isGrantable=YES}, com.github.jinahya.database.metadata.bind.ColumnPrivilege@f589621f{unmappedColumns={}}{tableCat=PUBLIC,tableSchem=INFORMATION_SCHEMA,tableName=TRANSLATIONS,columnName=TARGET_CHARACTER_SET_SCHEMA,grantor=_SYSTEM,grantee=PUBLIC,privilege=SELECT,isGrantable=YES}, com.github.jinahya.database.metadata.bind.ColumnPrivilege@2855753f{unmappedColumns={}}{tableCat=PUBLIC,tableSchem=INFORMATION_SCHEMA,tableName=TRANSLATIONS,columnName=TRANSLATION_CATALOG,grantor=_SYSTEM,grantee=PUBLIC,privilege=SELECT,isGrantable=YES}, com.github.jinahya.database.metadata.bind.ColumnPrivilege@95ac163b{unmappedColumns={}}{tableCat=PUBLIC,tableSchem=INFORMATION_SCHEMA,tableName=TRANSLATIONS,columnName=TRANSLATION_NAME,grantor=_SYSTEM,grantee=PUBLIC,privilege=SELECT,isGrantable=YES}, com.github.jinahya.database.metadata.bind.ColumnPrivilege@5ad3c734{unmappedColumns={}}{tableCat=PUBLIC,tableSchem=INFORMATION_SCHEMA,tableName=TRANSLATIONS,columnName=TRANSLATION_SCHEMA,grantor=_SYSTEM,grantee=PUBLIC,privilege=SELECT,isGrantable=YES}, com.github.jinahya.database.metadata.bind.ColumnPrivilege@2418c598{unmappedColumns={}}{tableCat=PUBLIC,tableSchem=INFORMATION_SCHEMA,tableName=TRANSLATIONS,columnName=TRANSLATION_SOURCE_CATALOG,grantor=_SYSTEM,grantee=PUBLIC,privilege=SELECT,isGrantable=YES}, com.github.jinahya.database.metadata.bind.ColumnPrivilege@d9cfbae5{unmappedColumns={}}{tableCat=PUBLIC,tableSchem=INFORMATION_SCHEMA,tableName=TRANSLATIONS,columnName=TRANSLATION_SOURCE_NAME,grantor=_SYSTEM,grantee=PUBLIC,privilege=SELECT,isGrantable=YES}, com.github.jinahya.database.metadata.bind.ColumnPrivilege@367ffe4e{unmappedColumns={}}{tableCat=PUBLIC,tableSchem=INFORMATION_SCHEMA,tableName=TRANSLATIONS,columnName=TRANSLATION_SOURCE_SCHEMA,grantor=_SYSTEM,grantee=PUBLIC,privilege=SELECT,isGrantable=YES}]
1121 [main] DEBUG com.github.jinahya.database.metadata.bind.Memory_$_Test - com.github.jinahya.database.metadata.bind.Table@ef2e623{unmappedColumns={COMMIT_ACTION=null, HSQLDB_TYPE=MEMORY, READ_ONLY=true}}{tableCat=PUBLIC,tableSchem=INFORMATION_SCHEMA,tableName=TRIGGERED_UPDATE_COLUMNS,tableType=SYSTEM TABLE,remarks=one row for each column in a foreign key cascade action,typeCat=null,typeSchem=null,typeName=null,selfReferencingColName=null,refGeneration=null}: [com.github.jinahya.database.metadata.bind.ColumnPrivilege@f9936577{unmappedColumns={}}{tableCat=PUBLIC,tableSchem=INFORMATION_SCHEMA,tableName=TRIGGERED_UPDATE_COLUMNS,columnName=EVENT_OBJECT_CATALOG,grantor=_SYSTEM,grantee=PUBLIC,privilege=SELECT,isGrantable=YES}, com.github.jinahya.database.metadata.bind.ColumnPrivilege@6967b826{unmappedColumns={}}{tableCat=PUBLIC,tableSchem=INFORMATION_SCHEMA,tableName=TRIGGERED_UPDATE_COLUMNS,columnName=EVENT_OBJECT_COLUMN,grantor=_SYSTEM,grantee=PUBLIC,privilege=SELECT,isGrantable=YES}, com.github.jinahya.database.metadata.bind.ColumnPrivilege@c880f985{unmappedColumns={}}{tableCat=PUBLIC,tableSchem=INFORMATION_SCHEMA,tableName=TRIGGERED_UPDATE_COLUMNS,columnName=EVENT_OBJECT_SCHEMA,grantor=_SYSTEM,grantee=PUBLIC,privilege=SELECT,isGrantable=YES}, com.github.jinahya.database.metadata.bind.ColumnPrivilege@f4d95412{unmappedColumns={}}{tableCat=PUBLIC,tableSchem=INFORMATION_SCHEMA,tableName=TRIGGERED_UPDATE_COLUMNS,columnName=EVENT_OBJECT_TABLE,grantor=_SYSTEM,grantee=PUBLIC,privilege=SELECT,isGrantable=YES}, com.github.jinahya.database.metadata.bind.ColumnPrivilege@c5b61967{unmappedColumns={}}{tableCat=PUBLIC,tableSchem=INFORMATION_SCHEMA,tableName=TRIGGERED_UPDATE_COLUMNS,columnName=TRIGGER_CATALOG,grantor=_SYSTEM,grantee=PUBLIC,privilege=SELECT,isGrantable=YES}, com.github.jinahya.database.metadata.bind.ColumnPrivilege@858492ea{unmappedColumns={}}{tableCat=PUBLIC,tableSchem=INFORMATION_SCHEMA,tableName=TRIGGERED_UPDATE_COLUMNS,columnName=TRIGGER_NAME,grantor=_SYSTEM,grantee=PUBLIC,privilege=SELECT,isGrantable=YES}, com.github.jinahya.database.metadata.bind.ColumnPrivilege@6437e85a{unmappedColumns={}}{tableCat=PUBLIC,tableSchem=INFORMATION_SCHEMA,tableName=TRIGGERED_UPDATE_COLUMNS,columnName=TRIGGER_SCHEMA,grantor=_SYSTEM,grantee=PUBLIC,privilege=SELECT,isGrantable=YES}]
1121 [main] DEBUG com.github.jinahya.database.metadata.bind.Memory_$_Test - com.github.jinahya.database.metadata.bind.Table@3465648f{unmappedColumns={COMMIT_ACTION=null, HSQLDB_TYPE=MEMORY, READ_ONLY=true}}{tableCat=PUBLIC,tableSchem=INFORMATION_SCHEMA,tableName=TRIGGERS,tableType=SYSTEM TABLE,remarks=one row for each trigger definition,typeCat=null,typeSchem=null,typeName=null,selfReferencingColName=null,refGeneration=null}: [com.github.jinahya.database.metadata.bind.ColumnPrivilege@70da85db{unmappedColumns={}}{tableCat=PUBLIC,tableSchem=INFORMATION_SCHEMA,tableName=TRIGGERS,columnName=ACTION_CONDITION,grantor=_SYSTEM,grantee=PUBLIC,privilege=SELECT,isGrantable=YES}, com.github.jinahya.database.metadata.bind.ColumnPrivilege@a9f7fc85{unmappedColumns={}}{tableCat=PUBLIC,tableSchem=INFORMATION_SCHEMA,tableName=TRIGGERS,columnName=ACTION_ORDER,grantor=_SYSTEM,grantee=PUBLIC,privilege=SELECT,isGrantable=YES}, com.github.jinahya.database.metadata.bind.ColumnPrivilege@9077605b{unmappedColumns={}}{tableCat=PUBLIC,tableSchem=INFORMATION_SCHEMA,tableName=TRIGGERS,columnName=ACTION_ORIENTATION,grantor=_SYSTEM,grantee=PUBLIC,privilege=SELECT,isGrantable=YES}, com.github.jinahya.database.metadata.bind.ColumnPrivilege@8371ca06{unmappedColumns={}}{tableCat=PUBLIC,tableSchem=INFORMATION_SCHEMA,tableName=TRIGGERS,columnName=ACTION_REFERENCE_NEW_ROW,grantor=_SYSTEM,grantee=PUBLIC,privilege=SELECT,isGrantable=YES}, com.github.jinahya.database.metadata.bind.ColumnPrivilege@c07c9cf2{unmappedColumns={}}{tableCat=PUBLIC,tableSchem=INFORMATION_SCHEMA,tableName=TRIGGERS,columnName=ACTION_REFERENCE_NEW_TABLE,grantor=_SYSTEM,grantee=PUBLIC,privilege=SELECT,isGrantable=YES}, com.github.jinahya.database.metadata.bind.ColumnPrivilege@882b77e8{unmappedColumns={}}{tableCat=PUBLIC,tableSchem=INFORMATION_SCHEMA,tableName=TRIGGERS,columnName=ACTION_REFERENCE_OLD_ROW,grantor=_SYSTEM,grantee=PUBLIC,privilege=SELECT,isGrantable=YES}, com.github.jinahya.database.metadata.bind.ColumnPrivilege@f1b8cf4d{unmappedColumns={}}{tableCat=PUBLIC,tableSchem=INFORMATION_SCHEMA,tableName=TRIGGERS,columnName=ACTION_REFERENCE_OLD_TABLE,grantor=_SYSTEM,grantee=PUBLIC,privilege=SELECT,isGrantable=YES}, com.github.jinahya.database.metadata.bind.ColumnPrivilege@a55cf287{unmappedColumns={}}{tableCat=PUBLIC,tableSchem=INFORMATION_SCHEMA,tableName=TRIGGERS,columnName=ACTION_STATEMENT,grantor=_SYSTEM,grantee=PUBLIC,privilege=SELECT,isGrantable=YES}, com.github.jinahya.database.metadata.bind.ColumnPrivilege@a72b949b{unmappedColumns={}}{tableCat=PUBLIC,tableSchem=INFORMATION_SCHEMA,tableName=TRIGGERS,columnName=ACTION_TIMING,grantor=_SYSTEM,grantee=PUBLIC,privilege=SELECT,isGrantable=YES}, com.github.jinahya.database.metadata.bind.ColumnPrivilege@f0e9f887{unmappedColumns={}}{tableCat=PUBLIC,tableSchem=INFORMATION_SCHEMA,tableName=TRIGGERS,columnName=CREATED,grantor=_SYSTEM,grantee=PUBLIC,privilege=SELECT,isGrantable=YES}, com.github.jinahya.database.metadata.bind.ColumnPrivilege@385f08e5{unmappedColumns={}}{tableCat=PUBLIC,tableSchem=INFORMATION_SCHEMA,tableName=TRIGGERS,columnName=EVENT_MANIPULATION,grantor=_SYSTEM,grantee=PUBLIC,privilege=SELECT,isGrantable=YES}, com.github.jinahya.database.metadata.bind.ColumnPrivilege@ef58ccb1{unmappedColumns={}}{tableCat=PUBLIC,tableSchem=INFORMATION_SCHEMA,tableName=TRIGGERS,columnName=EVENT_OBJECT_CATALOG,grantor=_SYSTEM,grantee=PUBLIC,privilege=SELECT,isGrantable=YES}, com.github.jinahya.database.metadata.bind.ColumnPrivilege@cffb304{unmappedColumns={}}{tableCat=PUBLIC,tableSchem=INFORMATION_SCHEMA,tableName=TRIGGERS,columnName=EVENT_OBJECT_SCHEMA,grantor=_SYSTEM,grantee=PUBLIC,privilege=SELECT,isGrantable=YES}, com.github.jinahya.database.metadata.bind.ColumnPrivilege@91200840{unmappedColumns={}}{tableCat=PUBLIC,tableSchem=INFORMATION_SCHEMA,tableName=TRIGGERS,columnName=EVENT_OBJECT_TABLE,grantor=_SYSTEM,grantee=PUBLIC,privilege=SELECT,isGrantable=YES}, com.github.jinahya.database.metadata.bind.ColumnPrivilege@4aeedaac{unmappedColumns={}}{tableCat=PUBLIC,tableSchem=INFORMATION_SCHEMA,tableName=TRIGGERS,columnName=TRIGGER_CATALOG,grantor=_SYSTEM,grantee=PUBLIC,privilege=SELECT,isGrantable=YES}, com.github.jinahya.database.metadata.bind.ColumnPrivilege@9deace9c{unmappedColumns={}}{tableCat=PUBLIC,tableSchem=INFORMATION_SCHEMA,tableName=TRIGGERS,columnName=TRIGGER_NAME,grantor=_SYSTEM,grantee=PUBLIC,privilege=SELECT,isGrantable=YES}, com.github.jinahya.database.metadata.bind.ColumnPrivilege@87da85e1{unmappedColumns={}}{tableCat=PUBLIC,tableSchem=INFORMATION_SCHEMA,tableName=TRIGGERS,columnName=TRIGGER_SCHEMA,grantor=_SYSTEM,grantee=PUBLIC,privilege=SELECT,isGrantable=YES}]
1121 [main] DEBUG com.github.jinahya.database.metadata.bind.Memory_$_Test - com.github.jinahya.database.metadata.bind.Table@58374973{unmappedColumns={COMMIT_ACTION=null, HSQLDB_TYPE=MEMORY, READ_ONLY=true}}{tableCat=PUBLIC,tableSchem=INFORMATION_SCHEMA,tableName=TRIGGER_COLUMN_USAGE,tableType=SYSTEM TABLE,remarks=one row for each usage of a table column in a trigger definition,typeCat=null,typeSchem=null,typeName=null,selfReferencingColName=null,refGeneration=null}: [com.github.jinahya.database.metadata.bind.ColumnPrivilege@e5bd7220{unmappedColumns={}}{tableCat=PUBLIC,tableSchem=INFORMATION_SCHEMA,tableName=TRIGGER_COLUMN_USAGE,columnName=COLUMN_NAME,grantor=_SYSTEM,grantee=PUBLIC,privilege=SELECT,isGrantable=YES}, com.github.jinahya.database.metadata.bind.ColumnPrivilege@5416e85c{unmappedColumns={}}{tableCat=PUBLIC,tableSchem=INFORMATION_SCHEMA,tableName=TRIGGER_COLUMN_USAGE,columnName=TABLE_CATALOG,grantor=_SYSTEM,grantee=PUBLIC,privilege=SELECT,isGrantable=YES}, com.github.jinahya.database.metadata.bind.ColumnPrivilege@7ee3de4a{unmappedColumns={}}{tableCat=PUBLIC,tableSchem=INFORMATION_SCHEMA,tableName=TRIGGER_COLUMN_USAGE,columnName=TABLE_NAME,grantor=_SYSTEM,grantee=PUBLIC,privilege=SELECT,isGrantable=YES}, com.github.jinahya.database.metadata.bind.ColumnPrivilege@f5d9f2e6{unmappedColumns={}}{tableCat=PUBLIC,tableSchem=INFORMATION_SCHEMA,tableName=TRIGGER_COLUMN_USAGE,columnName=TABLE_SCHEMA,grantor=_SYSTEM,grantee=PUBLIC,privilege=SELECT,isGrantable=YES}, com.github.jinahya.database.metadata.bind.ColumnPrivilege@dd7dc0b5{unmappedColumns={}}{tableCat=PUBLIC,tableSchem=INFORMATION_SCHEMA,tableName=TRIGGER_COLUMN_USAGE,columnName=TRIGGER_CATALOG,grantor=_SYSTEM,grantee=PUBLIC,privilege=SELECT,isGrantable=YES}, com.github.jinahya.database.metadata.bind.ColumnPrivilege@98514c5a{unmappedColumns={}}{tableCat=PUBLIC,tableSchem=INFORMATION_SCHEMA,tableName=TRIGGER_COLUMN_USAGE,columnName=TRIGGER_NAME,grantor=_SYSTEM,grantee=PUBLIC,privilege=SELECT,isGrantable=YES}, com.github.jinahya.database.metadata.bind.ColumnPrivilege@7b94c7b0{unmappedColumns={}}{tableCat=PUBLIC,tableSchem=INFORMATION_SCHEMA,tableName=TRIGGER_COLUMN_USAGE,columnName=TRIGGER_SCHEMA,grantor=_SYSTEM,grantee=PUBLIC,privilege=SELECT,isGrantable=YES}]
1122 [main] DEBUG com.github.jinahya.database.metadata.bind.Memory_$_Test - com.github.jinahya.database.metadata.bind.Table@70952f9e{unmappedColumns={COMMIT_ACTION=null, HSQLDB_TYPE=MEMORY, READ_ONLY=true}}{tableCat=PUBLIC,tableSchem=INFORMATION_SCHEMA,tableName=TRIGGER_PERIOD_USAGE,tableType=SYSTEM TABLE,remarks=one row for each usage of a period in a trigger definition,typeCat=null,typeSchem=null,typeName=null,selfReferencingColName=null,refGeneration=null}: [com.github.jinahya.database.metadata.bind.ColumnPrivilege@9bf04dcf{unmappedColumns={}}{tableCat=PUBLIC,tableSchem=INFORMATION_SCHEMA,tableName=TRIGGER_PERIOD_USAGE,columnName=PERIOD_NAME,grantor=_SYSTEM,grantee=PUBLIC,privilege=SELECT,isGrantable=YES}, com.github.jinahya.database.metadata.bind.ColumnPrivilege@682b93c2{unmappedColumns={}}{tableCat=PUBLIC,tableSchem=INFORMATION_SCHEMA,tableName=TRIGGER_PERIOD_USAGE,columnName=TABLE_CATALOG,grantor=_SYSTEM,grantee=PUBLIC,privilege=SELECT,isGrantable=YES}, com.github.jinahya.database.metadata.bind.ColumnPrivilege@1310fa71{unmappedColumns={}}{tableCat=PUBLIC,tableSchem=INFORMATION_SCHEMA,tableName=TRIGGER_PERIOD_USAGE,columnName=TABLE_NAME,grantor=_SYSTEM,grantee=PUBLIC,privilege=SELECT,isGrantable=YES}, com.github.jinahya.database.metadata.bind.ColumnPrivilege@6c3626ec{unmappedColumns={}}{tableCat=PUBLIC,tableSchem=INFORMATION_SCHEMA,tableName=TRIGGER_PERIOD_USAGE,columnName=TABLE_SCHEMA,grantor=_SYSTEM,grantee=PUBLIC,privilege=SELECT,isGrantable=YES}, com.github.jinahya.database.metadata.bind.ColumnPrivilege@75079e9{unmappedColumns={}}{tableCat=PUBLIC,tableSchem=INFORMATION_SCHEMA,tableName=TRIGGER_PERIOD_USAGE,columnName=TRIGGER_CATALOG,grantor=_SYSTEM,grantee=PUBLIC,privilege=SELECT,isGrantable=YES}, com.github.jinahya.database.metadata.bind.ColumnPrivilege@7d225a4b{unmappedColumns={}}{tableCat=PUBLIC,tableSchem=INFORMATION_SCHEMA,tableName=TRIGGER_PERIOD_USAGE,columnName=TRIGGER_NAME,grantor=_SYSTEM,grantee=PUBLIC,privilege=SELECT,isGrantable=YES}, com.github.jinahya.database.metadata.bind.ColumnPrivilege@e4bb81ae{unmappedColumns={}}{tableCat=PUBLIC,tableSchem=INFORMATION_SCHEMA,tableName=TRIGGER_PERIOD_USAGE,columnName=TRIGGER_SCHEMA,grantor=_SYSTEM,grantee=PUBLIC,privilege=SELECT,isGrantable=YES}]
1122 [main] DEBUG com.github.jinahya.database.metadata.bind.Memory_$_Test - com.github.jinahya.database.metadata.bind.Table@242ee693{unmappedColumns={COMMIT_ACTION=null, HSQLDB_TYPE=MEMORY, READ_ONLY=true}}{tableCat=PUBLIC,tableSchem=INFORMATION_SCHEMA,tableName=TRIGGER_ROUTINE_USAGE,tableType=SYSTEM TABLE,remarks=one row for each usage of a routine in a trigger definition,typeCat=null,typeSchem=null,typeName=null,selfReferencingColName=null,refGeneration=null}: [com.github.jinahya.database.metadata.bind.ColumnPrivilege@774196bd{unmappedColumns={}}{tableCat=PUBLIC,tableSchem=INFORMATION_SCHEMA,tableName=TRIGGER_ROUTINE_USAGE,columnName=SPECIFIC_CATALOG,grantor=_SYSTEM,grantee=PUBLIC,privilege=SELECT,isGrantable=YES}, com.github.jinahya.database.metadata.bind.ColumnPrivilege@e6cba162{unmappedColumns={}}{tableCat=PUBLIC,tableSchem=INFORMATION_SCHEMA,tableName=TRIGGER_ROUTINE_USAGE,columnName=SPECIFIC_NAME,grantor=_SYSTEM,grantee=PUBLIC,privilege=SELECT,isGrantable=YES}, com.github.jinahya.database.metadata.bind.ColumnPrivilege@8d4fcc84{unmappedColumns={}}{tableCat=PUBLIC,tableSchem=INFORMATION_SCHEMA,tableName=TRIGGER_ROUTINE_USAGE,columnName=SPECIFIC_SCHEMA,grantor=_SYSTEM,grantee=PUBLIC,privilege=SELECT,isGrantable=YES}, com.github.jinahya.database.metadata.bind.ColumnPrivilege@8eec9756{unmappedColumns={}}{tableCat=PUBLIC,tableSchem=INFORMATION_SCHEMA,tableName=TRIGGER_ROUTINE_USAGE,columnName=TRIGGER_CATALOG,grantor=_SYSTEM,grantee=PUBLIC,privilege=SELECT,isGrantable=YES}, com.github.jinahya.database.metadata.bind.ColumnPrivilege@b940315e{unmappedColumns={}}{tableCat=PUBLIC,tableSchem=INFORMATION_SCHEMA,tableName=TRIGGER_ROUTINE_USAGE,columnName=TRIGGER_NAME,grantor=_SYSTEM,grantee=PUBLIC,privilege=SELECT,isGrantable=YES}, com.github.jinahya.database.metadata.bind.ColumnPrivilege@d0505a6a{unmappedColumns={}}{tableCat=PUBLIC,tableSchem=INFORMATION_SCHEMA,tableName=TRIGGER_ROUTINE_USAGE,columnName=TRIGGER_SCHEMA,grantor=_SYSTEM,grantee=PUBLIC,privilege=SELECT,isGrantable=YES}]
1122 [main] DEBUG com.github.jinahya.database.metadata.bind.Memory_$_Test - com.github.jinahya.database.metadata.bind.Table@4cc3f7de{unmappedColumns={COMMIT_ACTION=null, HSQLDB_TYPE=MEMORY, READ_ONLY=true}}{tableCat=PUBLIC,tableSchem=INFORMATION_SCHEMA,tableName=TRIGGER_SEQUENCE_USAGE,tableType=SYSTEM TABLE,remarks=one row for each usage of a sequence in a trigger definition,typeCat=null,typeSchem=null,typeName=null,selfReferencingColName=null,refGeneration=null}: [com.github.jinahya.database.metadata.bind.ColumnPrivilege@f9ff93af{unmappedColumns={}}{tableCat=PUBLIC,tableSchem=INFORMATION_SCHEMA,tableName=TRIGGER_SEQUENCE_USAGE,columnName=SEQUENCE_CATALOG,grantor=_SYSTEM,grantee=PUBLIC,privilege=SELECT,isGrantable=YES}, com.github.jinahya.database.metadata.bind.ColumnPrivilege@f0b2e838{unmappedColumns={}}{tableCat=PUBLIC,tableSchem=INFORMATION_SCHEMA,tableName=TRIGGER_SEQUENCE_USAGE,columnName=SEQUENCE_NAME,grantor=_SYSTEM,grantee=PUBLIC,privilege=SELECT,isGrantable=YES}, com.github.jinahya.database.metadata.bind.ColumnPrivilege@7a22b056{unmappedColumns={}}{tableCat=PUBLIC,tableSchem=INFORMATION_SCHEMA,tableName=TRIGGER_SEQUENCE_USAGE,columnName=SEQUENCE_SCHEMA,grantor=_SYSTEM,grantee=PUBLIC,privilege=SELECT,isGrantable=YES}, com.github.jinahya.database.metadata.bind.ColumnPrivilege@e649ebce{unmappedColumns={}}{tableCat=PUBLIC,tableSchem=INFORMATION_SCHEMA,tableName=TRIGGER_SEQUENCE_USAGE,columnName=TRIGGER_CATALOG,grantor=_SYSTEM,grantee=PUBLIC,privilege=SELECT,isGrantable=YES}, com.github.jinahya.database.metadata.bind.ColumnPrivilege@b69ed367{unmappedColumns={}}{tableCat=PUBLIC,tableSchem=INFORMATION_SCHEMA,tableName=TRIGGER_SEQUENCE_USAGE,columnName=TRIGGER_NAME,grantor=_SYSTEM,grantee=PUBLIC,privilege=SELECT,isGrantable=YES}, com.github.jinahya.database.metadata.bind.ColumnPrivilege@6927ad98{unmappedColumns={}}{tableCat=PUBLIC,tableSchem=INFORMATION_SCHEMA,tableName=TRIGGER_SEQUENCE_USAGE,columnName=TRIGGER_SCHEMA,grantor=_SYSTEM,grantee=PUBLIC,privilege=SELECT,isGrantable=YES}]
1122 [main] DEBUG com.github.jinahya.database.metadata.bind.Memory_$_Test - com.github.jinahya.database.metadata.bind.Table@9762e05d{unmappedColumns={COMMIT_ACTION=null, HSQLDB_TYPE=MEMORY, READ_ONLY=true}}{tableCat=PUBLIC,tableSchem=INFORMATION_SCHEMA,tableName=TRIGGER_TABLE_USAGE,tableType=SYSTEM TABLE,remarks=one row for each usage of a table or view in a trigger definition,typeCat=null,typeSchem=null,typeName=null,selfReferencingColName=null,refGeneration=null}: [com.github.jinahya.database.metadata.bind.ColumnPrivilege@40ceea90{unmappedColumns={}}{tableCat=PUBLIC,tableSchem=INFORMATION_SCHEMA,tableName=TRIGGER_TABLE_USAGE,columnName=TABLE_CATALOG,grantor=_SYSTEM,grantee=PUBLIC,privilege=SELECT,isGrantable=YES}, com.github.jinahya.database.metadata.bind.ColumnPrivilege@ab219190{unmappedColumns={}}{tableCat=PUBLIC,tableSchem=INFORMATION_SCHEMA,tableName=TRIGGER_TABLE_USAGE,columnName=TABLE_NAME,grantor=_SYSTEM,grantee=PUBLIC,privilege=SELECT,isGrantable=YES}, com.github.jinahya.database.metadata.bind.ColumnPrivilege@6ab64bc1{unmappedColumns={}}{tableCat=PUBLIC,tableSchem=INFORMATION_SCHEMA,tableName=TRIGGER_TABLE_USAGE,columnName=TABLE_SCHEMA,grantor=_SYSTEM,grantee=PUBLIC,privilege=SELECT,isGrantable=YES}, com.github.jinahya.database.metadata.bind.ColumnPrivilege@376d8c13{unmappedColumns={}}{tableCat=PUBLIC,tableSchem=INFORMATION_SCHEMA,tableName=TRIGGER_TABLE_USAGE,columnName=TRIGGER_CATALOG,grantor=_SYSTEM,grantee=PUBLIC,privilege=SELECT,isGrantable=YES}, com.github.jinahya.database.metadata.bind.ColumnPrivilege@2e1a6d35{unmappedColumns={}}{tableCat=PUBLIC,tableSchem=INFORMATION_SCHEMA,tableName=TRIGGER_TABLE_USAGE,columnName=TRIGGER_NAME,grantor=_SYSTEM,grantee=PUBLIC,privilege=SELECT,isGrantable=YES}, com.github.jinahya.database.metadata.bind.ColumnPrivilege@f9f93241{unmappedColumns={}}{tableCat=PUBLIC,tableSchem=INFORMATION_SCHEMA,tableName=TRIGGER_TABLE_USAGE,columnName=TRIGGER_SCHEMA,grantor=_SYSTEM,grantee=PUBLIC,privilege=SELECT,isGrantable=YES}]
1123 [main] DEBUG com.github.jinahya.database.metadata.bind.Memory_$_Test - com.github.jinahya.database.metadata.bind.Table@87102390{unmappedColumns={COMMIT_ACTION=null, HSQLDB_TYPE=MEMORY, READ_ONLY=true}}{tableCat=PUBLIC,tableSchem=INFORMATION_SCHEMA,tableName=UDT_PRIVILEGES,tableType=SYSTEM TABLE,remarks=one row for each usage privilege on a user defined type,typeCat=null,typeSchem=null,typeName=null,selfReferencingColName=null,refGeneration=null}: [com.github.jinahya.database.metadata.bind.ColumnPrivilege@e5937bf7{unmappedColumns={}}{tableCat=PUBLIC,tableSchem=INFORMATION_SCHEMA,tableName=UDT_PRIVILEGES,columnName=GRANTEE,grantor=_SYSTEM,grantee=PUBLIC,privilege=SELECT,isGrantable=YES}, com.github.jinahya.database.metadata.bind.ColumnPrivilege@da75fb8a{unmappedColumns={}}{tableCat=PUBLIC,tableSchem=INFORMATION_SCHEMA,tableName=UDT_PRIVILEGES,columnName=GRANTOR,grantor=_SYSTEM,grantee=PUBLIC,privilege=SELECT,isGrantable=YES}, com.github.jinahya.database.metadata.bind.ColumnPrivilege@45a0a5ae{unmappedColumns={}}{tableCat=PUBLIC,tableSchem=INFORMATION_SCHEMA,tableName=UDT_PRIVILEGES,columnName=IS_GRANTABLE,grantor=_SYSTEM,grantee=PUBLIC,privilege=SELECT,isGrantable=YES}, com.github.jinahya.database.metadata.bind.ColumnPrivilege@31a1934a{unmappedColumns={}}{tableCat=PUBLIC,tableSchem=INFORMATION_SCHEMA,tableName=UDT_PRIVILEGES,columnName=PRIVILEGE_TYPE,grantor=_SYSTEM,grantee=PUBLIC,privilege=SELECT,isGrantable=YES}, com.github.jinahya.database.metadata.bind.ColumnPrivilege@f531e4da{unmappedColumns={}}{tableCat=PUBLIC,tableSchem=INFORMATION_SCHEMA,tableName=UDT_PRIVILEGES,columnName=UDT_CATALOG,grantor=_SYSTEM,grantee=PUBLIC,privilege=SELECT,isGrantable=YES}, com.github.jinahya.database.metadata.bind.ColumnPrivilege@e05f9b8b{unmappedColumns={}}{tableCat=PUBLIC,tableSchem=INFORMATION_SCHEMA,tableName=UDT_PRIVILEGES,columnName=UDT_NAME,grantor=_SYSTEM,grantee=PUBLIC,privilege=SELECT,isGrantable=YES}, com.github.jinahya.database.metadata.bind.ColumnPrivilege@f9c95eec{unmappedColumns={}}{tableCat=PUBLIC,tableSchem=INFORMATION_SCHEMA,tableName=UDT_PRIVILEGES,columnName=UDT_SCHEMA,grantor=_SYSTEM,grantee=PUBLIC,privilege=SELECT,isGrantable=YES}]
1123 [main] DEBUG com.github.jinahya.database.metadata.bind.Memory_$_Test - com.github.jinahya.database.metadata.bind.Table@416ee434{unmappedColumns={COMMIT_ACTION=null, HSQLDB_TYPE=MEMORY, READ_ONLY=true}}{tableCat=PUBLIC,tableSchem=INFORMATION_SCHEMA,tableName=USAGE_PRIVILEGES,tableType=SYSTEM TABLE,remarks=one row for each usage privilege granted on character set or domain,typeCat=null,typeSchem=null,typeName=null,selfReferencingColName=null,refGeneration=null}: [com.github.jinahya.database.metadata.bind.ColumnPrivilege@4353a0e6{unmappedColumns={}}{tableCat=PUBLIC,tableSchem=INFORMATION_SCHEMA,tableName=USAGE_PRIVILEGES,columnName=GRANTEE,grantor=_SYSTEM,grantee=PUBLIC,privilege=SELECT,isGrantable=YES}, com.github.jinahya.database.metadata.bind.ColumnPrivilege@8842e7b2{unmappedColumns={}}{tableCat=PUBLIC,tableSchem=INFORMATION_SCHEMA,tableName=USAGE_PRIVILEGES,columnName=GRANTOR,grantor=_SYSTEM,grantee=PUBLIC,privilege=SELECT,isGrantable=YES}, com.github.jinahya.database.metadata.bind.ColumnPrivilege@dfb9be46{unmappedColumns={}}{tableCat=PUBLIC,tableSchem=INFORMATION_SCHEMA,tableName=USAGE_PRIVILEGES,columnName=IS_GRANTABLE,grantor=_SYSTEM,grantee=PUBLIC,privilege=SELECT,isGrantable=YES}, com.github.jinahya.database.metadata.bind.ColumnPrivilege@7ae86d64{unmappedColumns={}}{tableCat=PUBLIC,tableSchem=INFORMATION_SCHEMA,tableName=USAGE_PRIVILEGES,columnName=OBJECT_CATALOG,grantor=_SYSTEM,grantee=PUBLIC,privilege=SELECT,isGrantable=YES}, com.github.jinahya.database.metadata.bind.ColumnPrivilege@18b5ae8{unmappedColumns={}}{tableCat=PUBLIC,tableSchem=INFORMATION_SCHEMA,tableName=USAGE_PRIVILEGES,columnName=OBJECT_NAME,grantor=_SYSTEM,grantee=PUBLIC,privilege=SELECT,isGrantable=YES}, com.github.jinahya.database.metadata.bind.ColumnPrivilege@4b1da590{unmappedColumns={}}{tableCat=PUBLIC,tableSchem=INFORMATION_SCHEMA,tableName=USAGE_PRIVILEGES,columnName=OBJECT_SCHEMA,grantor=_SYSTEM,grantee=PUBLIC,privilege=SELECT,isGrantable=YES}, com.github.jinahya.database.metadata.bind.ColumnPrivilege@4f19d5d5{unmappedColumns={}}{tableCat=PUBLIC,tableSchem=INFORMATION_SCHEMA,tableName=USAGE_PRIVILEGES,columnName=OBJECT_TYPE,grantor=_SYSTEM,grantee=PUBLIC,privilege=SELECT,isGrantable=YES}, com.github.jinahya.database.metadata.bind.ColumnPrivilege@9ab3d068{unmappedColumns={}}{tableCat=PUBLIC,tableSchem=INFORMATION_SCHEMA,tableName=USAGE_PRIVILEGES,columnName=PRIVILEGE_TYPE,grantor=_SYSTEM,grantee=PUBLIC,privilege=SELECT,isGrantable=YES}]
1123 [main] DEBUG com.github.jinahya.database.metadata.bind.Memory_$_Test - com.github.jinahya.database.metadata.bind.Table@2b53a3e3{unmappedColumns={COMMIT_ACTION=null, HSQLDB_TYPE=MEMORY, READ_ONLY=true}}{tableCat=PUBLIC,tableSchem=INFORMATION_SCHEMA,tableName=USER_DEFINED_TYPES,tableType=SYSTEM TABLE,remarks=one row for each user defined type,typeCat=null,typeSchem=null,typeName=null,selfReferencingColName=null,refGeneration=null}: [com.github.jinahya.database.metadata.bind.ColumnPrivilege@6123d606{unmappedColumns={}}{tableCat=PUBLIC,tableSchem=INFORMATION_SCHEMA,tableName=USER_DEFINED_TYPES,columnName=CHARACTER_MAXIMUM_LENGTH,grantor=_SYSTEM,grantee=PUBLIC,privilege=SELECT,isGrantable=YES}, com.github.jinahya.database.metadata.bind.ColumnPrivilege@d8ebf588{unmappedColumns={}}{tableCat=PUBLIC,tableSchem=INFORMATION_SCHEMA,tableName=USER_DEFINED_TYPES,columnName=CHARACTER_OCTET_LENGTH,grantor=_SYSTEM,grantee=PUBLIC,privilege=SELECT,isGrantable=YES}, com.github.jinahya.database.metadata.bind.ColumnPrivilege@c78ce662{unmappedColumns={}}{tableCat=PUBLIC,tableSchem=INFORMATION_SCHEMA,tableName=USER_DEFINED_TYPES,columnName=CHARACTER_SET_CATALOG,grantor=_SYSTEM,grantee=PUBLIC,privilege=SELECT,isGrantable=YES}, com.github.jinahya.database.metadata.bind.ColumnPrivilege@5b78c68f{unmappedColumns={}}{tableCat=PUBLIC,tableSchem=INFORMATION_SCHEMA,tableName=USER_DEFINED_TYPES,columnName=CHARACTER_SET_NAME,grantor=_SYSTEM,grantee=PUBLIC,privilege=SELECT,isGrantable=YES}, com.github.jinahya.database.metadata.bind.ColumnPrivilege@918f4b29{unmappedColumns={}}{tableCat=PUBLIC,tableSchem=INFORMATION_SCHEMA,tableName=USER_DEFINED_TYPES,columnName=CHARACTER_SET_SCHEMA,grantor=_SYSTEM,grantee=PUBLIC,privilege=SELECT,isGrantable=YES}, com.github.jinahya.database.metadata.bind.ColumnPrivilege@1a42efee{unmappedColumns={}}{tableCat=PUBLIC,tableSchem=INFORMATION_SCHEMA,tableName=USER_DEFINED_TYPES,columnName=COLLATION_CATALOG,grantor=_SYSTEM,grantee=PUBLIC,privilege=SELECT,isGrantable=YES}, com.github.jinahya.database.metadata.bind.ColumnPrivilege@d7aeddb0{unmappedColumns={}}{tableCat=PUBLIC,tableSchem=INFORMATION_SCHEMA,tableName=USER_DEFINED_TYPES,columnName=COLLATION_NAME,grantor=_SYSTEM,grantee=PUBLIC,privilege=SELECT,isGrantable=YES}, com.github.jinahya.database.metadata.bind.ColumnPrivilege@7684b4b{unmappedColumns={}}{tableCat=PUBLIC,tableSchem=INFORMATION_SCHEMA,tableName=USER_DEFINED_TYPES,columnName=COLLATION_SCHEMA,grantor=_SYSTEM,grantee=PUBLIC,privilege=SELECT,isGrantable=YES}, com.github.jinahya.database.metadata.bind.ColumnPrivilege@ffea938{unmappedColumns={}}{tableCat=PUBLIC,tableSchem=INFORMATION_SCHEMA,tableName=USER_DEFINED_TYPES,columnName=DATA_TYPE,grantor=_SYSTEM,grantee=PUBLIC,privilege=SELECT,isGrantable=YES}, com.github.jinahya.database.metadata.bind.ColumnPrivilege@6360c64{unmappedColumns={}}{tableCat=PUBLIC,tableSchem=INFORMATION_SCHEMA,tableName=USER_DEFINED_TYPES,columnName=DATETIME_PRECISION,grantor=_SYSTEM,grantee=PUBLIC,privilege=SELECT,isGrantable=YES}, com.github.jinahya.database.metadata.bind.ColumnPrivilege@6cee0ab8{unmappedColumns={}}{tableCat=PUBLIC,tableSchem=INFORMATION_SCHEMA,tableName=USER_DEFINED_TYPES,columnName=DECLARED_DATA_TYPE,grantor=_SYSTEM,grantee=PUBLIC,privilege=SELECT,isGrantable=YES}, com.github.jinahya.database.metadata.bind.ColumnPrivilege@c0a44b56{unmappedColumns={}}{tableCat=PUBLIC,tableSchem=INFORMATION_SCHEMA,tableName=USER_DEFINED_TYPES,columnName=DECLARED_NUMERIC_PRECISION,grantor=_SYSTEM,grantee=PUBLIC,privilege=SELECT,isGrantable=YES}, com.github.jinahya.database.metadata.bind.ColumnPrivilege@1c6eb227{unmappedColumns={}}{tableCat=PUBLIC,tableSchem=INFORMATION_SCHEMA,tableName=USER_DEFINED_TYPES,columnName=DECLARED_NUMERIC_SCALE,grantor=_SYSTEM,grantee=PUBLIC,privilege=SELECT,isGrantable=YES}, com.github.jinahya.database.metadata.bind.ColumnPrivilege@7b404dd3{unmappedColumns={}}{tableCat=PUBLIC,tableSchem=INFORMATION_SCHEMA,tableName=USER_DEFINED_TYPES,columnName=EXTERNAL_LANGUAGE,grantor=_SYSTEM,grantee=PUBLIC,privilege=SELECT,isGrantable=YES}, com.github.jinahya.database.metadata.bind.ColumnPrivilege@a3c59e2a{unmappedColumns={}}{tableCat=PUBLIC,tableSchem=INFORMATION_SCHEMA,tableName=USER_DEFINED_TYPES,columnName=EXTERNAL_NAME,grantor=_SYSTEM,grantee=PUBLIC,privilege=SELECT,isGrantable=YES}, com.github.jinahya.database.metadata.bind.ColumnPrivilege@5dd86ca6{unmappedColumns={}}{tableCat=PUBLIC,tableSchem=INFORMATION_SCHEMA,tableName=USER_DEFINED_TYPES,columnName=INTERVAL_PRECISION,grantor=_SYSTEM,grantee=PUBLIC,privilege=SELECT,isGrantable=YES}, com.github.jinahya.database.metadata.bind.ColumnPrivilege@a9b0d704{unmappedColumns={}}{tableCat=PUBLIC,tableSchem=INFORMATION_SCHEMA,tableName=USER_DEFINED_TYPES,columnName=INTERVAL_TYPE,grantor=_SYSTEM,grantee=PUBLIC,privilege=SELECT,isGrantable=YES}, com.github.jinahya.database.metadata.bind.ColumnPrivilege@eda1c496{unmappedColumns={}}{tableCat=PUBLIC,tableSchem=INFORMATION_SCHEMA,tableName=USER_DEFINED_TYPES,columnName=IS_FINAL,grantor=_SYSTEM,grantee=PUBLIC,privilege=SELECT,isGrantable=YES}, com.github.jinahya.database.metadata.bind.ColumnPrivilege@c1afbbcf{unmappedColumns={}}{tableCat=PUBLIC,tableSchem=INFORMATION_SCHEMA,tableName=USER_DEFINED_TYPES,columnName=IS_INSTANTIABLE,grantor=_SYSTEM,grantee=PUBLIC,privilege=SELECT,isGrantable=YES}, com.github.jinahya.database.metadata.bind.ColumnPrivilege@edd30c1d{unmappedColumns={}}{tableCat=PUBLIC,tableSchem=INFORMATION_SCHEMA,tableName=USER_DEFINED_TYPES,columnName=JAVA_INTERFACE,grantor=_SYSTEM,grantee=PUBLIC,privilege=SELECT,isGrantable=YES}, com.github.jinahya.database.metadata.bind.ColumnPrivilege@d56bbe4c{unmappedColumns={}}{tableCat=PUBLIC,tableSchem=INFORMATION_SCHEMA,tableName=USER_DEFINED_TYPES,columnName=MAXIMUM_CARDINALITY,grantor=_SYSTEM,grantee=PUBLIC,privilege=SELECT,isGrantable=YES}, com.github.jinahya.database.metadata.bind.ColumnPrivilege@66f09be4{unmappedColumns={}}{tableCat=PUBLIC,tableSchem=INFORMATION_SCHEMA,tableName=USER_DEFINED_TYPES,columnName=NUMERIC_PRECISION,grantor=_SYSTEM,grantee=PUBLIC,privilege=SELECT,isGrantable=YES}, com.github.jinahya.database.metadata.bind.ColumnPrivilege@1e73c6f1{unmappedColumns={}}{tableCat=PUBLIC,tableSchem=INFORMATION_SCHEMA,tableName=USER_DEFINED_TYPES,columnName=NUMERIC_PRECISION_RADIX,grantor=_SYSTEM,grantee=PUBLIC,privilege=SELECT,isGrantable=YES}, com.github.jinahya.database.metadata.bind.ColumnPrivilege@f4b4a647{unmappedColumns={}}{tableCat=PUBLIC,tableSchem=INFORMATION_SCHEMA,tableName=USER_DEFINED_TYPES,columnName=NUMERIC_SCALE,grantor=_SYSTEM,grantee=PUBLIC,privilege=SELECT,isGrantable=YES}, com.github.jinahya.database.metadata.bind.ColumnPrivilege@a5cd88a9{unmappedColumns={}}{tableCat=PUBLIC,tableSchem=INFORMATION_SCHEMA,tableName=USER_DEFINED_TYPES,columnName=ORDERING_CATEGORY,grantor=_SYSTEM,grantee=PUBLIC,privilege=SELECT,isGrantable=YES}, com.github.jinahya.database.metadata.bind.ColumnPrivilege@ad8c4564{unmappedColumns={}}{tableCat=PUBLIC,tableSchem=INFORMATION_SCHEMA,tableName=USER_DEFINED_TYPES,columnName=ORDERING_FORM,grantor=_SYSTEM,grantee=PUBLIC,privilege=SELECT,isGrantable=YES}, com.github.jinahya.database.metadata.bind.ColumnPrivilege@a3d5059{unmappedColumns={}}{tableCat=PUBLIC,tableSchem=INFORMATION_SCHEMA,tableName=USER_DEFINED_TYPES,columnName=ORDERING_ROUTINE_CATALOG,grantor=_SYSTEM,grantee=PUBLIC,privilege=SELECT,isGrantable=YES}, com.github.jinahya.database.metadata.bind.ColumnPrivilege@e52eef4a{unmappedColumns={}}{tableCat=PUBLIC,tableSchem=INFORMATION_SCHEMA,tableName=USER_DEFINED_TYPES,columnName=ORDERING_ROUTINE_NAME,grantor=_SYSTEM,grantee=PUBLIC,privilege=SELECT,isGrantable=YES}, com.github.jinahya.database.metadata.bind.ColumnPrivilege@c804aad0{unmappedColumns={}}{tableCat=PUBLIC,tableSchem=INFORMATION_SCHEMA,tableName=USER_DEFINED_TYPES,columnName=ORDERING_ROUTINE_SCHEMA,grantor=_SYSTEM,grantee=PUBLIC,privilege=SELECT,isGrantable=YES}, com.github.jinahya.database.metadata.bind.ColumnPrivilege@c66557e8{unmappedColumns={}}{tableCat=PUBLIC,tableSchem=INFORMATION_SCHEMA,tableName=USER_DEFINED_TYPES,columnName=REFERENCE_TYPE,grantor=_SYSTEM,grantee=PUBLIC,privilege=SELECT,isGrantable=YES}, com.github.jinahya.database.metadata.bind.ColumnPrivilege@1923fb57{unmappedColumns={}}{tableCat=PUBLIC,tableSchem=INFORMATION_SCHEMA,tableName=USER_DEFINED_TYPES,columnName=REF_DTD_IDENTIFIER,grantor=_SYSTEM,grantee=PUBLIC,privilege=SELECT,isGrantable=YES}, com.github.jinahya.database.metadata.bind.ColumnPrivilege@594b6d1c{unmappedColumns={}}{tableCat=PUBLIC,tableSchem=INFORMATION_SCHEMA,tableName=USER_DEFINED_TYPES,columnName=SOURCE_DTD_IDENTIFIER,grantor=_SYSTEM,grantee=PUBLIC,privilege=SELECT,isGrantable=YES}, com.github.jinahya.database.metadata.bind.ColumnPrivilege@f0ebad2e{unmappedColumns={}}{tableCat=PUBLIC,tableSchem=INFORMATION_SCHEMA,tableName=USER_DEFINED_TYPES,columnName=USER_DEFINED_TYPE_CATALOG,grantor=_SYSTEM,grantee=PUBLIC,privilege=SELECT,isGrantable=YES}, com.github.jinahya.database.metadata.bind.ColumnPrivilege@150071f4{unmappedColumns={}}{tableCat=PUBLIC,tableSchem=INFORMATION_SCHEMA,tableName=USER_DEFINED_TYPES,columnName=USER_DEFINED_TYPE_CATEGORY,grantor=_SYSTEM,grantee=PUBLIC,privilege=SELECT,isGrantable=YES}, com.github.jinahya.database.metadata.bind.ColumnPrivilege@e6ceca14{unmappedColumns={}}{tableCat=PUBLIC,tableSchem=INFORMATION_SCHEMA,tableName=USER_DEFINED_TYPES,columnName=USER_DEFINED_TYPE_NAME,grantor=_SYSTEM,grantee=PUBLIC,privilege=SELECT,isGrantable=YES}, com.github.jinahya.database.metadata.bind.ColumnPrivilege@b8956bb1{unmappedColumns={}}{tableCat=PUBLIC,tableSchem=INFORMATION_SCHEMA,tableName=USER_DEFINED_TYPES,columnName=USER_DEFINED_TYPE_SCHEMA,grantor=_SYSTEM,grantee=PUBLIC,privilege=SELECT,isGrantable=YES}]
1123 [main] DEBUG com.github.jinahya.database.metadata.bind.Memory_$_Test - com.github.jinahya.database.metadata.bind.Table@b1063522{unmappedColumns={COMMIT_ACTION=null, HSQLDB_TYPE=MEMORY, READ_ONLY=true}}{tableCat=PUBLIC,tableSchem=INFORMATION_SCHEMA,tableName=VIEWS,tableType=SYSTEM TABLE,remarks=the view descriptors of the accessible views defined within this database,typeCat=null,typeSchem=null,typeName=null,selfReferencingColName=null,refGeneration=null}: [com.github.jinahya.database.metadata.bind.ColumnPrivilege@3a39ba9b{unmappedColumns={}}{tableCat=PUBLIC,tableSchem=INFORMATION_SCHEMA,tableName=VIEWS,columnName=CHECK_OPTION,grantor=_SYSTEM,grantee=PUBLIC,privilege=SELECT,isGrantable=YES}, com.github.jinahya.database.metadata.bind.ColumnPrivilege@442e7fcb{unmappedColumns={}}{tableCat=PUBLIC,tableSchem=INFORMATION_SCHEMA,tableName=VIEWS,columnName=INSERTABLE_INTO,grantor=_SYSTEM,grantee=PUBLIC,privilege=SELECT,isGrantable=YES}, com.github.jinahya.database.metadata.bind.ColumnPrivilege@b5aebe5e{unmappedColumns={}}{tableCat=PUBLIC,tableSchem=INFORMATION_SCHEMA,tableName=VIEWS,columnName=IS_TRIGGER_DELETABLE,grantor=_SYSTEM,grantee=PUBLIC,privilege=SELECT,isGrantable=YES}, com.github.jinahya.database.metadata.bind.ColumnPrivilege@5f16a73{unmappedColumns={}}{tableCat=PUBLIC,tableSchem=INFORMATION_SCHEMA,tableName=VIEWS,columnName=IS_TRIGGER_INSERTABLE_INTO,grantor=_SYSTEM,grantee=PUBLIC,privilege=SELECT,isGrantable=YES}, com.github.jinahya.database.metadata.bind.ColumnPrivilege@db92c92d{unmappedColumns={}}{tableCat=PUBLIC,tableSchem=INFORMATION_SCHEMA,tableName=VIEWS,columnName=IS_TRIGGER_UPDATABLE,grantor=_SYSTEM,grantee=PUBLIC,privilege=SELECT,isGrantable=YES}, com.github.jinahya.database.metadata.bind.ColumnPrivilege@de5b0de4{unmappedColumns={}}{tableCat=PUBLIC,tableSchem=INFORMATION_SCHEMA,tableName=VIEWS,columnName=IS_UPDATABLE,grantor=_SYSTEM,grantee=PUBLIC,privilege=SELECT,isGrantable=YES}, com.github.jinahya.database.metadata.bind.ColumnPrivilege@a548b127{unmappedColumns={}}{tableCat=PUBLIC,tableSchem=INFORMATION_SCHEMA,tableName=VIEWS,columnName=TABLE_CATALOG,grantor=_SYSTEM,grantee=PUBLIC,privilege=SELECT,isGrantable=YES}, com.github.jinahya.database.metadata.bind.ColumnPrivilege@b3d698ed{unmappedColumns={}}{tableCat=PUBLIC,tableSchem=INFORMATION_SCHEMA,tableName=VIEWS,columnName=TABLE_NAME,grantor=_SYSTEM,grantee=PUBLIC,privilege=SELECT,isGrantable=YES}, com.github.jinahya.database.metadata.bind.ColumnPrivilege@7264db02{unmappedColumns={}}{tableCat=PUBLIC,tableSchem=INFORMATION_SCHEMA,tableName=VIEWS,columnName=TABLE_SCHEMA,grantor=_SYSTEM,grantee=PUBLIC,privilege=SELECT,isGrantable=YES}, com.github.jinahya.database.metadata.bind.ColumnPrivilege@a605cd8{unmappedColumns={}}{tableCat=PUBLIC,tableSchem=INFORMATION_SCHEMA,tableName=VIEWS,columnName=VIEW_DEFINITION,grantor=_SYSTEM,grantee=PUBLIC,privilege=SELECT,isGrantable=YES}]
1124 [main] DEBUG com.github.jinahya.database.metadata.bind.Memory_$_Test - com.github.jinahya.database.metadata.bind.Table@4f5cd586{unmappedColumns={COMMIT_ACTION=null, HSQLDB_TYPE=MEMORY, READ_ONLY=true}}{tableCat=PUBLIC,tableSchem=INFORMATION_SCHEMA,tableName=VIEW_COLUMN_USAGE,tableType=SYSTEM TABLE,remarks=one row for each column of a table that is explicitly or implicitly referenced in the <query expression> of the view being described,typeCat=null,typeSchem=null,typeName=null,selfReferencingColName=null,refGeneration=null}: [com.github.jinahya.database.metadata.bind.ColumnPrivilege@15eb7137{unmappedColumns={}}{tableCat=PUBLIC,tableSchem=INFORMATION_SCHEMA,tableName=VIEW_COLUMN_USAGE,columnName=COLUMN_NAME,grantor=_SYSTEM,grantee=PUBLIC,privilege=SELECT,isGrantable=YES}, com.github.jinahya.database.metadata.bind.ColumnPrivilege@6addea01{unmappedColumns={}}{tableCat=PUBLIC,tableSchem=INFORMATION_SCHEMA,tableName=VIEW_COLUMN_USAGE,columnName=TABLE_CATALOG,grantor=_SYSTEM,grantee=PUBLIC,privilege=SELECT,isGrantable=YES}, com.github.jinahya.database.metadata.bind.ColumnPrivilege@7656042a{unmappedColumns={}}{tableCat=PUBLIC,tableSchem=INFORMATION_SCHEMA,tableName=VIEW_COLUMN_USAGE,columnName=TABLE_NAME,grantor=_SYSTEM,grantee=PUBLIC,privilege=SELECT,isGrantable=YES}, com.github.jinahya.database.metadata.bind.ColumnPrivilege@b7939364{unmappedColumns={}}{tableCat=PUBLIC,tableSchem=INFORMATION_SCHEMA,tableName=VIEW_COLUMN_USAGE,columnName=TABLE_SCHEMA,grantor=_SYSTEM,grantee=PUBLIC,privilege=SELECT,isGrantable=YES}, com.github.jinahya.database.metadata.bind.ColumnPrivilege@a7586c73{unmappedColumns={}}{tableCat=PUBLIC,tableSchem=INFORMATION_SCHEMA,tableName=VIEW_COLUMN_USAGE,columnName=VIEW_CATALOG,grantor=_SYSTEM,grantee=PUBLIC,privilege=SELECT,isGrantable=YES}, com.github.jinahya.database.metadata.bind.ColumnPrivilege@1da22b2f{unmappedColumns={}}{tableCat=PUBLIC,tableSchem=INFORMATION_SCHEMA,tableName=VIEW_COLUMN_USAGE,columnName=VIEW_NAME,grantor=_SYSTEM,grantee=PUBLIC,privilege=SELECT,isGrantable=YES}, com.github.jinahya.database.metadata.bind.ColumnPrivilege@4a3f1f01{unmappedColumns={}}{tableCat=PUBLIC,tableSchem=INFORMATION_SCHEMA,tableName=VIEW_COLUMN_USAGE,columnName=VIEW_SCHEMA,grantor=_SYSTEM,grantee=PUBLIC,privilege=SELECT,isGrantable=YES}]
1124 [main] DEBUG com.github.jinahya.database.metadata.bind.Memory_$_Test - com.github.jinahya.database.metadata.bind.Table@67babbb1{unmappedColumns={COMMIT_ACTION=null, HSQLDB_TYPE=MEMORY, READ_ONLY=true}}{tableCat=PUBLIC,tableSchem=INFORMATION_SCHEMA,tableName=VIEW_PERIOD_USAGE,tableType=SYSTEM TABLE,remarks=one row for each usage of period in a view,typeCat=null,typeSchem=null,typeName=null,selfReferencingColName=null,refGeneration=null}: [com.github.jinahya.database.metadata.bind.ColumnPrivilege@ee84d62a{unmappedColumns={}}{tableCat=PUBLIC,tableSchem=INFORMATION_SCHEMA,tableName=VIEW_PERIOD_USAGE,columnName=PERIOD_NAME,grantor=_SYSTEM,grantee=PUBLIC,privilege=SELECT,isGrantable=YES}, com.github.jinahya.database.metadata.bind.ColumnPrivilege@fe687021{unmappedColumns={}}{tableCat=PUBLIC,tableSchem=INFORMATION_SCHEMA,tableName=VIEW_PERIOD_USAGE,columnName=TABLE_CATALOG,grantor=_SYSTEM,grantee=PUBLIC,privilege=SELECT,isGrantable=YES}, com.github.jinahya.database.metadata.bind.ColumnPrivilege@84f88eeb{unmappedColumns={}}{tableCat=PUBLIC,tableSchem=INFORMATION_SCHEMA,tableName=VIEW_PERIOD_USAGE,columnName=TABLE_NAME,grantor=_SYSTEM,grantee=PUBLIC,privilege=SELECT,isGrantable=YES}, com.github.jinahya.database.metadata.bind.ColumnPrivilege@2de65dd8{unmappedColumns={}}{tableCat=PUBLIC,tableSchem=INFORMATION_SCHEMA,tableName=VIEW_PERIOD_USAGE,columnName=TABLE_SCHEMA,grantor=_SYSTEM,grantee=PUBLIC,privilege=SELECT,isGrantable=YES}, com.github.jinahya.database.metadata.bind.ColumnPrivilege@fd292e88{unmappedColumns={}}{tableCat=PUBLIC,tableSchem=INFORMATION_SCHEMA,tableName=VIEW_PERIOD_USAGE,columnName=VIEW_CATALOG,grantor=_SYSTEM,grantee=PUBLIC,privilege=SELECT,isGrantable=YES}, com.github.jinahya.database.metadata.bind.ColumnPrivilege@9dee6a7b{unmappedColumns={}}{tableCat=PUBLIC,tableSchem=INFORMATION_SCHEMA,tableName=VIEW_PERIOD_USAGE,columnName=VIEW_NAME,grantor=_SYSTEM,grantee=PUBLIC,privilege=SELECT,isGrantable=YES}, com.github.jinahya.database.metadata.bind.ColumnPrivilege@757df8ba{unmappedColumns={}}{tableCat=PUBLIC,tableSchem=INFORMATION_SCHEMA,tableName=VIEW_PERIOD_USAGE,columnName=VIEW_SCHEMA,grantor=_SYSTEM,grantee=PUBLIC,privilege=SELECT,isGrantable=YES}]
1124 [main] DEBUG com.github.jinahya.database.metadata.bind.Memory_$_Test - com.github.jinahya.database.metadata.bind.Table@11badce0{unmappedColumns={COMMIT_ACTION=null, HSQLDB_TYPE=MEMORY, READ_ONLY=true}}{tableCat=PUBLIC,tableSchem=INFORMATION_SCHEMA,tableName=VIEW_ROUTINE_USAGE,tableType=SYSTEM TABLE,remarks=one row for each SQL-invoked routine identified as the subject routine of either a <routine invocation>, a <method reference>, a <method invocation>, or a <static method invocation> contained in a <view definition>,typeCat=null,typeSchem=null,typeName=null,selfReferencingColName=null,refGeneration=null}: [com.github.jinahya.database.metadata.bind.ColumnPrivilege@2923a2f{unmappedColumns={}}{tableCat=PUBLIC,tableSchem=INFORMATION_SCHEMA,tableName=VIEW_ROUTINE_USAGE,columnName=SPECIFIC_CATALOG,grantor=_SYSTEM,grantee=PUBLIC,privilege=SELECT,isGrantable=YES}, com.github.jinahya.database.metadata.bind.ColumnPrivilege@aa2d137d{unmappedColumns={}}{tableCat=PUBLIC,tableSchem=INFORMATION_SCHEMA,tableName=VIEW_ROUTINE_USAGE,columnName=SPECIFIC_NAME,grantor=_SYSTEM,grantee=PUBLIC,privilege=SELECT,isGrantable=YES}, com.github.jinahya.database.metadata.bind.ColumnPrivilege@cc871e62{unmappedColumns={}}{tableCat=PUBLIC,tableSchem=INFORMATION_SCHEMA,tableName=VIEW_ROUTINE_USAGE,columnName=SPECIFIC_SCHEMA,grantor=_SYSTEM,grantee=PUBLIC,privilege=SELECT,isGrantable=YES}, com.github.jinahya.database.metadata.bind.ColumnPrivilege@536f2221{unmappedColumns={}}{tableCat=PUBLIC,tableSchem=INFORMATION_SCHEMA,tableName=VIEW_ROUTINE_USAGE,columnName=VIEW_CATALOG,grantor=_SYSTEM,grantee=PUBLIC,privilege=SELECT,isGrantable=YES}, com.github.jinahya.database.metadata.bind.ColumnPrivilege@cefaa20d{unmappedColumns={}}{tableCat=PUBLIC,tableSchem=INFORMATION_SCHEMA,tableName=VIEW_ROUTINE_USAGE,columnName=VIEW_NAME,grantor=_SYSTEM,grantee=PUBLIC,privilege=SELECT,isGrantable=YES}, com.github.jinahya.database.metadata.bind.ColumnPrivilege@b5760878{unmappedColumns={}}{tableCat=PUBLIC,tableSchem=INFORMATION_SCHEMA,tableName=VIEW_ROUTINE_USAGE,columnName=VIEW_SCHEMA,grantor=_SYSTEM,grantee=PUBLIC,privilege=SELECT,isGrantable=YES}]
1124 [main] DEBUG com.github.jinahya.database.metadata.bind.Memory_$_Test - com.github.jinahya.database.metadata.bind.Table@b82205ea{unmappedColumns={COMMIT_ACTION=null, HSQLDB_TYPE=MEMORY, READ_ONLY=true}}{tableCat=PUBLIC,tableSchem=INFORMATION_SCHEMA,tableName=VIEW_TABLE_USAGE,tableType=SYSTEM TABLE,remarks=one row for each table identified by a <table name> simply contained in a <table reference> that is contained in the <query expression> of a view,typeCat=null,typeSchem=null,typeName=null,selfReferencingColName=null,refGeneration=null}: [com.github.jinahya.database.metadata.bind.ColumnPrivilege@69d52399{unmappedColumns={}}{tableCat=PUBLIC,tableSchem=INFORMATION_SCHEMA,tableName=VIEW_TABLE_USAGE,columnName=TABLE_CATALOG,grantor=_SYSTEM,grantee=PUBLIC,privilege=SELECT,isGrantable=YES}, com.github.jinahya.database.metadata.bind.ColumnPrivilege@458642aa{unmappedColumns={}}{tableCat=PUBLIC,tableSchem=INFORMATION_SCHEMA,tableName=VIEW_TABLE_USAGE,columnName=TABLE_NAME,grantor=_SYSTEM,grantee=PUBLIC,privilege=SELECT,isGrantable=YES}, com.github.jinahya.database.metadata.bind.ColumnPrivilege@d2e925cc{unmappedColumns={}}{tableCat=PUBLIC,tableSchem=INFORMATION_SCHEMA,tableName=VIEW_TABLE_USAGE,columnName=TABLE_SCHEMA,grantor=_SYSTEM,grantee=PUBLIC,privilege=SELECT,isGrantable=YES}, com.github.jinahya.database.metadata.bind.ColumnPrivilege@8cd38e55{unmappedColumns={}}{tableCat=PUBLIC,tableSchem=INFORMATION_SCHEMA,tableName=VIEW_TABLE_USAGE,columnName=VIEW_CATALOG,grantor=_SYSTEM,grantee=PUBLIC,privilege=SELECT,isGrantable=YES}, com.github.jinahya.database.metadata.bind.ColumnPrivilege@54a4d791{unmappedColumns={}}{tableCat=PUBLIC,tableSchem=INFORMATION_SCHEMA,tableName=VIEW_TABLE_USAGE,columnName=VIEW_NAME,grantor=_SYSTEM,grantee=PUBLIC,privilege=SELECT,isGrantable=YES}, com.github.jinahya.database.metadata.bind.ColumnPrivilege@fcea81c9{unmappedColumns={}}{tableCat=PUBLIC,tableSchem=INFORMATION_SCHEMA,tableName=VIEW_TABLE_USAGE,columnName=VIEW_SCHEMA,grantor=_SYSTEM,grantee=PUBLIC,privilege=SELECT,isGrantable=YES}]
1124 [main] DEBUG com.github.jinahya.database.metadata.bind.Memory_$_Test - com.github.jinahya.database.metadata.bind.Table@9c74f56a{unmappedColumns={COMMIT_ACTION=null, HSQLDB_TYPE=MEMORY, READ_ONLY=false}}{tableCat=PUBLIC,tableSchem=SYSTEM_LOBS,tableName=BLOCKS,tableType=SYSTEM TABLE,remarks=null,typeCat=null,typeSchem=null,typeName=null,selfReferencingColName=null,refGeneration=null}: []
1124 [main] DEBUG com.github.jinahya.database.metadata.bind.Memory_$_Test - com.github.jinahya.database.metadata.bind.Table@27a4f0f8{unmappedColumns={COMMIT_ACTION=null, HSQLDB_TYPE=MEMORY, READ_ONLY=false}}{tableCat=PUBLIC,tableSchem=SYSTEM_LOBS,tableName=LOBS,tableType=SYSTEM TABLE,remarks=null,typeCat=null,typeSchem=null,typeName=null,selfReferencingColName=null,refGeneration=null}: []
1125 [main] DEBUG com.github.jinahya.database.metadata.bind.Memory_$_Test - com.github.jinahya.database.metadata.bind.Table@6677fd5c{unmappedColumns={COMMIT_ACTION=null, HSQLDB_TYPE=MEMORY, READ_ONLY=false}}{tableCat=PUBLIC,tableSchem=SYSTEM_LOBS,tableName=LOB_IDS,tableType=SYSTEM TABLE,remarks=null,typeCat=null,typeSchem=null,typeName=null,selfReferencingColName=null,refGeneration=null}: []
1125 [main] DEBUG com.github.jinahya.database.metadata.bind.Memory_$_Test - com.github.jinahya.database.metadata.bind.Table@2c0756a4{unmappedColumns={COMMIT_ACTION=null, HSQLDB_TYPE=MEMORY, READ_ONLY=false}}{tableCat=PUBLIC,tableSchem=SYSTEM_LOBS,tableName=PARTS,tableType=SYSTEM TABLE,remarks=null,typeCat=null,typeSchem=null,typeName=null,selfReferencingColName=null,refGeneration=null}: []
Jan 26, 2026 2:30:05 PM com.github.jinahya.database.metadata.bind.Context bind
WARNING: unknown result; type: Schema, label: IS_DEFAULT, value: false
Jan 26, 2026 2:30:05 PM com.github.jinahya.database.metadata.bind.Context bind
WARNING: unknown result; type: Schema, label: IS_DEFAULT, value: true
Jan 26, 2026 2:30:05 PM com.github.jinahya.database.metadata.bind.Context bind
WARNING: unknown result; type: Schema, label: IS_DEFAULT, value: false
Jan 26, 2026 2:30:05 PM com.github.jinahya.database.metadata.bind.Context bind
WARNING: unknown result; type: Table, label: COMMIT_ACTION, value: null
Jan 26, 2026 2:30:05 PM com.github.jinahya.database.metadata.bind.Context bind
WARNING: unknown result; type: Table, label: READ_ONLY, value: true
Jan 26, 2026 2:30:05 PM com.github.jinahya.database.metadata.bind.Context bind
WARNING: unknown result; type: Table, label: HSQLDB_TYPE, value: MEMORY
Jan 26, 2026 2:30:05 PM com.github.jinahya.database.metadata.bind.Context bind
WARNING: unknown result; type: Table, label: COMMIT_ACTION, value: null
Jan 26, 2026 2:30:05 PM com.github.jinahya.database.metadata.bind.Context bind
WARNING: unknown result; type: Table, label: READ_ONLY, value: true
Jan 26, 2026 2:30:05 PM com.github.jinahya.database.metadata.bind.Context bind
WARNING: unknown result; type: Table, label: HSQLDB_TYPE, value: MEMORY
Jan 26, 2026 2:30:05 PM com.github.jinahya.database.metadata.bind.Context bind
WARNING: unknown result; type: Table, label: COMMIT_ACTION, value: null
Jan 26, 2026 2:30:05 PM com.github.jinahya.database.metadata.bind.Context bind
WARNING: unknown result; type: Table, label: READ_ONLY, value: true
Jan 26, 2026 2:30:05 PM com.github.jinahya.database.metadata.bind.Context bind
WARNING: unknown result; type: Table, label: HSQLDB_TYPE, value: MEMORY
Jan 26, 2026 2:30:05 PM com.github.jinahya.database.metadata.bind.Context bind
WARNING: unknown result; type: Table, label: COMMIT_ACTION, value: null
Jan 26, 2026 2:30:05 PM com.github.jinahya.database.metadata.bind.Context bind
WARNING: unknown result; type: Table, label: READ_ONLY, value: true
Jan 26, 2026 2:30:05 PM com.github.jinahya.database.metadata.bind.Context bind
WARNING: unknown result; type: Table, label: HSQLDB_TYPE, value: MEMORY
Jan 26, 2026 2:30:05 PM com.github.jinahya.database.metadata.bind.Context bind
WARNING: unknown result; type: Table, label: COMMIT_ACTION, value: null
Jan 26, 2026 2:30:05 PM com.github.jinahya.database.metadata.bind.Context bind
WARNING: unknown result; type: Table, label: READ_ONLY, value: true
Jan 26, 2026 2:30:05 PM com.github.jinahya.database.metadata.bind.Context bind
WARNING: unknown result; type: Table, label: HSQLDB_TYPE, value: MEMORY
Jan 26, 2026 2:30:05 PM com.github.jinahya.database.metadata.bind.Context bind
WARNING: unknown result; type: Table, label: COMMIT_ACTION, value: null
Jan 26, 2026 2:30:05 PM com.github.jinahya.database.metadata.bind.Context bind
WARNING: unknown result; type: Table, label: READ_ONLY, value: true
Jan 26, 2026 2:30:05 PM com.github.jinahya.database.metadata.bind.Context bind
WARNING: unknown result; type: Table, label: HSQLDB_TYPE, value: MEMORY
Jan 26, 2026 2:30:05 PM com.github.jinahya.database.metadata.bind.Context bind
WARNING: unknown result; type: Table, label: COMMIT_ACTION, value: null
Jan 26, 2026 2:30:05 PM com.github.jinahya.database.metadata.bind.Context bind
WARNING: unknown result; type: Table, label: READ_ONLY, value: true
Jan 26, 2026 2:30:05 PM com.github.jinahya.database.metadata.bind.Context bind
WARNING: unknown result; type: Table, label: HSQLDB_TYPE, value: MEMORY
Jan 26, 2026 2:30:05 PM com.github.jinahya.database.metadata.bind.Context bind
WARNING: unknown result; type: Table, label: COMMIT_ACTION, value: null
Jan 26, 2026 2:30:05 PM com.github.jinahya.database.metadata.bind.Context bind
WARNING: unknown result; type: Table, label: READ_ONLY, value: true
Jan 26, 2026 2:30:05 PM com.github.jinahya.database.metadata.bind.Context bind
WARNING: unknown result; type: Table, label: HSQLDB_TYPE, value: MEMORY
Jan 26, 2026 2:30:05 PM com.github.jinahya.database.metadata.bind.Context bind
WARNING: unknown result; type: Table, label: COMMIT_ACTION, value: null
Jan 26, 2026 2:30:05 PM com.github.jinahya.database.metadata.bind.Context bind
WARNING: unknown result; type: Table, label: READ_ONLY, value: true
Jan 26, 2026 2:30:05 PM com.github.jinahya.database.metadata.bind.Context bind
WARNING: unknown result; type: Table, label: HSQLDB_TYPE, value: MEMORY
Jan 26, 2026 2:30:05 PM com.github.jinahya.database.metadata.bind.Context bind
WARNING: unknown result; type: Table, label: COMMIT_ACTION, value: null
Jan 26, 2026 2:30:05 PM com.github.jinahya.database.metadata.bind.Context bind
WARNING: unknown result; type: Table, label: READ_ONLY, value: true
Jan 26, 2026 2:30:05 PM com.github.jinahya.database.metadata.bind.Context bind
WARNING: unknown result; type: Table, label: HSQLDB_TYPE, value: MEMORY
Jan 26, 2026 2:30:05 PM com.github.jinahya.database.metadata.bind.Context bind
WARNING: unknown result; type: Table, label: COMMIT_ACTION, value: null
Jan 26, 2026 2:30:05 PM com.github.jinahya.database.metadata.bind.Context bind
WARNING: unknown result; type: Table, label: READ_ONLY, value: true
Jan 26, 2026 2:30:05 PM com.github.jinahya.database.metadata.bind.Context bind
WARNING: unknown result; type: Table, label: HSQLDB_TYPE, value: MEMORY
Jan 26, 2026 2:30:05 PM com.github.jinahya.database.metadata.bind.Context bind
WARNING: unknown result; type: Table, label: COMMIT_ACTION, value: null
Jan 26, 2026 2:30:05 PM com.github.jinahya.database.metadata.bind.Context bind
WARNING: unknown result; type: Table, label: READ_ONLY, value: true
Jan 26, 2026 2:30:05 PM com.github.jinahya.database.metadata.bind.Context bind
WARNING: unknown result; type: Table, label: HSQLDB_TYPE, value: MEMORY
Jan 26, 2026 2:30:05 PM com.github.jinahya.database.metadata.bind.Context bind
WARNING: unknown result; type: Table, label: COMMIT_ACTION, value: null
Jan 26, 2026 2:30:05 PM com.github.jinahya.database.metadata.bind.Context bind
WARNING: unknown result; type: Table, label: READ_ONLY, value: true
Jan 26, 2026 2:30:05 PM com.github.jinahya.database.metadata.bind.Context bind
WARNING: unknown result; type: Table, label: HSQLDB_TYPE, value: MEMORY
Jan 26, 2026 2:30:05 PM com.github.jinahya.database.metadata.bind.Context bind
WARNING: unknown result; type: Table, label: COMMIT_ACTION, value: null
Jan 26, 2026 2:30:05 PM com.github.jinahya.database.metadata.bind.Context bind
WARNING: unknown result; type: Table, label: READ_ONLY, value: true
Jan 26, 2026 2:30:05 PM com.github.jinahya.database.metadata.bind.Context bind
WARNING: unknown result; type: Table, label: HSQLDB_TYPE, value: MEMORY
Jan 26, 2026 2:30:05 PM com.github.jinahya.database.metadata.bind.Context bind
WARNING: unknown result; type: Table, label: COMMIT_ACTION, value: null
Jan 26, 2026 2:30:05 PM com.github.jinahya.database.metadata.bind.Context bind
WARNING: unknown result; type: Table, label: READ_ONLY, value: true
Jan 26, 2026 2:30:05 PM com.github.jinahya.database.metadata.bind.Context bind
WARNING: unknown result; type: Table, label: HSQLDB_TYPE, value: MEMORY
Jan 26, 2026 2:30:05 PM com.github.jinahya.database.metadata.bind.Context bind
WARNING: unknown result; type: Table, label: COMMIT_ACTION, value: null
Jan 26, 2026 2:30:05 PM com.github.jinahya.database.metadata.bind.Context bind
WARNING: unknown result; type: Table, label: READ_ONLY, value: true
Jan 26, 2026 2:30:05 PM com.github.jinahya.database.metadata.bind.Context bind
WARNING: unknown result; type: Table, label: HSQLDB_TYPE, value: MEMORY
Jan 26, 2026 2:30:05 PM com.github.jinahya.database.metadata.bind.Context bind
WARNING: unknown result; type: Table, label: COMMIT_ACTION, value: null
Jan 26, 2026 2:30:05 PM com.github.jinahya.database.metadata.bind.Context bind
WARNING: unknown result; type: Table, label: READ_ONLY, value: true
Jan 26, 2026 2:30:05 PM com.github.jinahya.database.metadata.bind.Context bind
WARNING: unknown result; type: Table, label: HSQLDB_TYPE, value: MEMORY
Jan 26, 2026 2:30:05 PM com.github.jinahya.database.metadata.bind.Context bind
WARNING: unknown result; type: Table, label: COMMIT_ACTION, value: null
Jan 26, 2026 2:30:05 PM com.github.jinahya.database.metadata.bind.Context bind
WARNING: unknown result; type: Table, label: READ_ONLY, value: true
Jan 26, 2026 2:30:05 PM com.github.jinahya.database.metadata.bind.Context bind
WARNING: unknown result; type: Table, label: HSQLDB_TYPE, value: MEMORY
Jan 26, 2026 2:30:05 PM com.github.jinahya.database.metadata.bind.Context bind
WARNING: unknown result; type: Table, label: COMMIT_ACTION, value: null
Jan 26, 2026 2:30:05 PM com.github.jinahya.database.metadata.bind.Context bind
WARNING: unknown result; type: Table, label: READ_ONLY, value: true
Jan 26, 2026 2:30:05 PM com.github.jinahya.database.metadata.bind.Context bind
WARNING: unknown result; type: Table, label: HSQLDB_TYPE, value: MEMORY
Jan 26, 2026 2:30:05 PM com.github.jinahya.database.metadata.bind.Context bind
WARNING: unknown result; type: Table, label: COMMIT_ACTION, value: null
Jan 26, 2026 2:30:05 PM com.github.jinahya.database.metadata.bind.Context bind
WARNING: unknown result; type: Table, label: READ_ONLY, value: true
Jan 26, 2026 2:30:05 PM com.github.jinahya.database.metadata.bind.Context bind
WARNING: unknown result; type: Table, label: HSQLDB_TYPE, value: MEMORY
Jan 26, 2026 2:30:05 PM com.github.jinahya.database.metadata.bind.Context bind
WARNING: unknown result; type: Table, label: COMMIT_ACTION, value: null
Jan 26, 2026 2:30:05 PM com.github.jinahya.database.metadata.bind.Context bind
WARNING: unknown result; type: Table, label: READ_ONLY, value: true
Jan 26, 2026 2:30:05 PM com.github.jinahya.database.metadata.bind.Context bind
WARNING: unknown result; type: Table, label: HSQLDB_TYPE, value: MEMORY
Jan 26, 2026 2:30:05 PM com.github.jinahya.database.metadata.bind.Context bind
WARNING: unknown result; type: Table, label: COMMIT_ACTION, value: null
Jan 26, 2026 2:30:05 PM com.github.jinahya.database.metadata.bind.Context bind
WARNING: unknown result; type: Table, label: READ_ONLY, value: true
Jan 26, 2026 2:30:05 PM com.github.jinahya.database.metadata.bind.Context bind
WARNING: unknown result; type: Table, label: HSQLDB_TYPE, value: MEMORY
Jan 26, 2026 2:30:05 PM com.github.jinahya.database.metadata.bind.Context bind
WARNING: unknown result; type: Table, label: COMMIT_ACTION, value: null
Jan 26, 2026 2:30:05 PM com.github.jinahya.database.metadata.bind.Context bind
WARNING: unknown result; type: Table, label: READ_ONLY, value: true
Jan 26, 2026 2:30:05 PM com.github.jinahya.database.metadata.bind.Context bind
WARNING: unknown result; type: Table, label: HSQLDB_TYPE, value: MEMORY
Jan 26, 2026 2:30:05 PM com.github.jinahya.database.metadata.bind.Context bind
WARNING: unknown result; type: Table, label: COMMIT_ACTION, value: null
Jan 26, 2026 2:30:05 PM com.github.jinahya.database.metadata.bind.Context bind
WARNING: unknown result; type: Table, label: READ_ONLY, value: true
Jan 26, 2026 2:30:05 PM com.github.jinahya.database.metadata.bind.Context bind
WARNING: unknown result; type: Table, label: HSQLDB_TYPE, value: MEMORY
Jan 26, 2026 2:30:05 PM com.github.jinahya.database.metadata.bind.Context bind
WARNING: unknown result; type: Table, label: COMMIT_ACTION, value: null
Jan 26, 2026 2:30:05 PM com.github.jinahya.database.metadata.bind.Context bind
WARNING: unknown result; type: Table, label: READ_ONLY, value: true
Jan 26, 2026 2:30:05 PM com.github.jinahya.database.metadata.bind.Context bind
WARNING: unknown result; type: Table, label: HSQLDB_TYPE, value: MEMORY
Jan 26, 2026 2:30:05 PM com.github.jinahya.database.metadata.bind.Context bind
WARNING: unknown result; type: Table, label: COMMIT_ACTION, value: null
Jan 26, 2026 2:30:05 PM com.github.jinahya.database.metadata.bind.Context bind
WARNING: unknown result; type: Table, label: READ_ONLY, value: true
Jan 26, 2026 2:30:05 PM com.github.jinahya.database.metadata.bind.Context bind
WARNING: unknown result; type: Table, label: HSQLDB_TYPE, value: MEMORY
Jan 26, 2026 2:30:05 PM com.github.jinahya.database.metadata.bind.Context bind
WARNING: unknown result; type: Table, label: COMMIT_ACTION, value: null
Jan 26, 2026 2:30:05 PM com.github.jinahya.database.metadata.bind.Context bind
WARNING: unknown result; type: Table, label: READ_ONLY, value: true
Jan 26, 2026 2:30:05 PM com.github.jinahya.database.metadata.bind.Context bind
WARNING: unknown result; type: Table, label: HSQLDB_TYPE, value: MEMORY
Jan 26, 2026 2:30:05 PM com.github.jinahya.database.metadata.bind.Context bind
WARNING: unknown result; type: Table, label: COMMIT_ACTION, value: null
Jan 26, 2026 2:30:05 PM com.github.jinahya.database.metadata.bind.Context bind
WARNING: unknown result; type: Table, label: READ_ONLY, value: true
Jan 26, 2026 2:30:05 PM com.github.jinahya.database.metadata.bind.Context bind
WARNING: unknown result; type: Table, label: HSQLDB_TYPE, value: MEMORY
Jan 26, 2026 2:30:05 PM com.github.jinahya.database.metadata.bind.Context bind
WARNING: unknown result; type: Table, label: COMMIT_ACTION, value: null
Jan 26, 2026 2:30:05 PM com.github.jinahya.database.metadata.bind.Context bind
WARNING: unknown result; type: Table, label: READ_ONLY, value: true
Jan 26, 2026 2:30:05 PM com.github.jinahya.database.metadata.bind.Context bind
WARNING: unknown result; type: Table, label: HSQLDB_TYPE, value: MEMORY
Jan 26, 2026 2:30:05 PM com.github.jinahya.database.metadata.bind.Context bind
WARNING: unknown result; type: Table, label: COMMIT_ACTION, value: null
Jan 26, 2026 2:30:05 PM com.github.jinahya.database.metadata.bind.Context bind
WARNING: unknown result; type: Table, label: READ_ONLY, value: true
Jan 26, 2026 2:30:05 PM com.github.jinahya.database.metadata.bind.Context bind
WARNING: unknown result; type: Table, label: HSQLDB_TYPE, value: MEMORY
Jan 26, 2026 2:30:05 PM com.github.jinahya.database.metadata.bind.Context bind
WARNING: unknown result; type: Table, label: COMMIT_ACTION, value: null
Jan 26, 2026 2:30:05 PM com.github.jinahya.database.metadata.bind.Context bind
WARNING: unknown result; type: Table, label: READ_ONLY, value: true
Jan 26, 2026 2:30:05 PM com.github.jinahya.database.metadata.bind.Context bind
WARNING: unknown result; type: Table, label: HSQLDB_TYPE, value: MEMORY
Jan 26, 2026 2:30:05 PM com.github.jinahya.database.metadata.bind.Context bind
WARNING: unknown result; type: Table, label: COMMIT_ACTION, value: null
Jan 26, 2026 2:30:05 PM com.github.jinahya.database.metadata.bind.Context bind
WARNING: unknown result; type: Table, label: READ_ONLY, value: true
Jan 26, 2026 2:30:05 PM com.github.jinahya.database.metadata.bind.Context bind
WARNING: unknown result; type: Table, label: HSQLDB_TYPE, value: MEMORY
Jan 26, 2026 2:30:05 PM com.github.jinahya.database.metadata.bind.Context bind
WARNING: unknown result; type: Table, label: COMMIT_ACTION, value: null
Jan 26, 2026 2:30:05 PM com.github.jinahya.database.metadata.bind.Context bind
WARNING: unknown result; type: Table, label: READ_ONLY, value: true
Jan 26, 2026 2:30:05 PM com.github.jinahya.database.metadata.bind.Context bind
WARNING: unknown result; type: Table, label: HSQLDB_TYPE, value: MEMORY
Jan 26, 2026 2:30:05 PM com.github.jinahya.database.metadata.bind.Context bind
WARNING: unknown result; type: Table, label: COMMIT_ACTION, value: null
Jan 26, 2026 2:30:05 PM com.github.jinahya.database.metadata.bind.Context bind
WARNING: unknown result; type: Table, label: READ_ONLY, value: true
Jan 26, 2026 2:30:05 PM com.github.jinahya.database.metadata.bind.Context bind
WARNING: unknown result; type: Table, label: HSQLDB_TYPE, value: MEMORY
Jan 26, 2026 2:30:05 PM com.github.jinahya.database.metadata.bind.Context bind
WARNING: unknown result; type: Table, label: COMMIT_ACTION, value: null
Jan 26, 2026 2:30:05 PM com.github.jinahya.database.metadata.bind.Context bind
WARNING: unknown result; type: Table, label: READ_ONLY, value: true
Jan 26, 2026 2:30:05 PM com.github.jinahya.database.metadata.bind.Context bind
WARNING: unknown result; type: Table, label: HSQLDB_TYPE, value: MEMORY
Jan 26, 2026 2:30:05 PM com.github.jinahya.database.metadata.bind.Context bind
WARNING: unknown result; type: Table, label: COMMIT_ACTION, value: null
Jan 26, 2026 2:30:05 PM com.github.jinahya.database.metadata.bind.Context bind
WARNING: unknown result; type: Table, label: READ_ONLY, value: true
Jan 26, 2026 2:30:05 PM com.github.jinahya.database.metadata.bind.Context bind
WARNING: unknown result; type: Table, label: HSQLDB_TYPE, value: MEMORY
Jan 26, 2026 2:30:05 PM com.github.jinahya.database.metadata.bind.Context bind
WARNING: unknown result; type: Table, label: COMMIT_ACTION, value: null
Jan 26, 2026 2:30:05 PM com.github.jinahya.database.metadata.bind.Context bind
WARNING: unknown result; type: Table, label: READ_ONLY, value: true
Jan 26, 2026 2:30:05 PM com.github.jinahya.database.metadata.bind.Context bind
WARNING: unknown result; type: Table, label: HSQLDB_TYPE, value: MEMORY
Jan 26, 2026 2:30:05 PM com.github.jinahya.database.metadata.bind.Context bind
WARNING: unknown result; type: Table, label: COMMIT_ACTION, value: null
Jan 26, 2026 2:30:05 PM com.github.jinahya.database.metadata.bind.Context bind
WARNING: unknown result; type: Table, label: READ_ONLY, value: true
Jan 26, 2026 2:30:05 PM com.github.jinahya.database.metadata.bind.Context bind
WARNING: unknown result; type: Table, label: HSQLDB_TYPE, value: MEMORY
Jan 26, 2026 2:30:05 PM com.github.jinahya.database.metadata.bind.Context bind
WARNING: unknown result; type: Table, label: COMMIT_ACTION, value: null
Jan 26, 2026 2:30:05 PM com.github.jinahya.database.metadata.bind.Context bind
WARNING: unknown result; type: Table, label: READ_ONLY, value: true
Jan 26, 2026 2:30:05 PM com.github.jinahya.database.metadata.bind.Context bind
WARNING: unknown result; type: Table, label: HSQLDB_TYPE, value: MEMORY
Jan 26, 2026 2:30:05 PM com.github.jinahya.database.metadata.bind.Context bind
WARNING: unknown result; type: Table, label: COMMIT_ACTION, value: null
Jan 26, 2026 2:30:05 PM com.github.jinahya.database.metadata.bind.Context bind
WARNING: unknown result; type: Table, label: READ_ONLY, value: true
Jan 26, 2026 2:30:05 PM com.github.jinahya.database.metadata.bind.Context bind
WARNING: unknown result; type: Table, label: HSQLDB_TYPE, value: MEMORY
Jan 26, 2026 2:30:05 PM com.github.jinahya.database.metadata.bind.Context bind
WARNING: unknown result; type: Table, label: COMMIT_ACTION, value: null
Jan 26, 2026 2:30:05 PM com.github.jinahya.database.metadata.bind.Context bind
WARNING: unknown result; type: Table, label: READ_ONLY, value: true
Jan 26, 2026 2:30:05 PM com.github.jinahya.database.metadata.bind.Context bind
WARNING: unknown result; type: Table, label: HSQLDB_TYPE, value: MEMORY
Jan 26, 2026 2:30:05 PM com.github.jinahya.database.metadata.bind.Context bind
WARNING: unknown result; type: Table, label: COMMIT_ACTION, value: null
Jan 26, 2026 2:30:05 PM com.github.jinahya.database.metadata.bind.Context bind
WARNING: unknown result; type: Table, label: READ_ONLY, value: true
Jan 26, 2026 2:30:05 PM com.github.jinahya.database.metadata.bind.Context bind
WARNING: unknown result; type: Table, label: HSQLDB_TYPE, value: MEMORY
Jan 26, 2026 2:30:05 PM com.github.jinahya.database.metadata.bind.Context bind
WARNING: unknown result; type: Table, label: COMMIT_ACTION, value: null
Jan 26, 2026 2:30:05 PM com.github.jinahya.database.metadata.bind.Context bind
WARNING: unknown result; type: Table, label: READ_ONLY, value: true
Jan 26, 2026 2:30:05 PM com.github.jinahya.database.metadata.bind.Context bind
WARNING: unknown result; type: Table, label: HSQLDB_TYPE, value: MEMORY
Jan 26, 2026 2:30:05 PM com.github.jinahya.database.metadata.bind.Context bind
WARNING: unknown result; type: Table, label: COMMIT_ACTION, value: null
Jan 26, 2026 2:30:05 PM com.github.jinahya.database.metadata.bind.Context bind
WARNING: unknown result; type: Table, label: READ_ONLY, value: true
Jan 26, 2026 2:30:05 PM com.github.jinahya.database.metadata.bind.Context bind
WARNING: unknown result; type: Table, label: HSQLDB_TYPE, value: MEMORY
Jan 26, 2026 2:30:05 PM com.github.jinahya.database.metadata.bind.Context bind
WARNING: unknown result; type: Table, label: COMMIT_ACTION, value: null
Jan 26, 2026 2:30:05 PM com.github.jinahya.database.metadata.bind.Context bind
WARNING: unknown result; type: Table, label: READ_ONLY, value: true
Jan 26, 2026 2:30:05 PM com.github.jinahya.database.metadata.bind.Context bind
WARNING: unknown result; type: Table, label: HSQLDB_TYPE, value: MEMORY
Jan 26, 2026 2:30:05 PM com.github.jinahya.database.metadata.bind.Context bind
WARNING: unknown result; type: Table, label: COMMIT_ACTION, value: null
Jan 26, 2026 2:30:05 PM com.github.jinahya.database.metadata.bind.Context bind
WARNING: unknown result; type: Table, label: READ_ONLY, value: true
Jan 26, 2026 2:30:05 PM com.github.jinahya.database.metadata.bind.Context bind
WARNING: unknown result; type: Table, label: HSQLDB_TYPE, value: MEMORY
Jan 26, 2026 2:30:05 PM com.github.jinahya.database.metadata.bind.Context bind
WARNING: unknown result; type: Table, label: COMMIT_ACTION, value: null
Jan 26, 2026 2:30:05 PM com.github.jinahya.database.metadata.bind.Context bind
WARNING: unknown result; type: Table, label: READ_ONLY, value: true
Jan 26, 2026 2:30:05 PM com.github.jinahya.database.metadata.bind.Context bind
WARNING: unknown result; type: Table, label: HSQLDB_TYPE, value: MEMORY
Jan 26, 2026 2:30:05 PM com.github.jinahya.database.metadata.bind.Context bind
WARNING: unknown result; type: Table, label: COMMIT_ACTION, value: null
Jan 26, 2026 2:30:05 PM com.github.jinahya.database.metadata.bind.Context bind
WARNING: unknown result; type: Table, label: READ_ONLY, value: true
Jan 26, 2026 2:30:05 PM com.github.jinahya.database.metadata.bind.Context bind
WARNING: unknown result; type: Table, label: HSQLDB_TYPE, value: MEMORY
Jan 26, 2026 2:30:05 PM com.github.jinahya.database.metadata.bind.Context bind
WARNING: unknown result; type: Table, label: COMMIT_ACTION, value: null
Jan 26, 2026 2:30:05 PM com.github.jinahya.database.metadata.bind.Context bind
WARNING: unknown result; type: Table, label: READ_ONLY, value: true
Jan 26, 2026 2:30:05 PM com.github.jinahya.database.metadata.bind.Context bind
WARNING: unknown result; type: Table, label: HSQLDB_TYPE, value: MEMORY
Jan 26, 2026 2:30:05 PM com.github.jinahya.database.metadata.bind.Context bind
WARNING: unknown result; type: Table, label: COMMIT_ACTION, value: null
Jan 26, 2026 2:30:05 PM com.github.jinahya.database.metadata.bind.Context bind
WARNING: unknown result; type: Table, label: READ_ONLY, value: true
Jan 26, 2026 2:30:05 PM com.github.jinahya.database.metadata.bind.Context bind
WARNING: unknown result; type: Table, label: HSQLDB_TYPE, value: MEMORY
Jan 26, 2026 2:30:05 PM com.github.jinahya.database.metadata.bind.Context bind
WARNING: unknown result; type: Table, label: COMMIT_ACTION, value: null
Jan 26, 2026 2:30:05 PM com.github.jinahya.database.metadata.bind.Context bind
WARNING: unknown result; type: Table, label: READ_ONLY, value: true
Jan 26, 2026 2:30:05 PM com.github.jinahya.database.metadata.bind.Context bind
WARNING: unknown result; type: Table, label: HSQLDB_TYPE, value: MEMORY
Jan 26, 2026 2:30:05 PM com.github.jinahya.database.metadata.bind.Context bind
WARNING: unknown result; type: Table, label: COMMIT_ACTION, value: null
Jan 26, 2026 2:30:05 PM com.github.jinahya.database.metadata.bind.Context bind
WARNING: unknown result; type: Table, label: READ_ONLY, value: true
Jan 26, 2026 2:30:05 PM com.github.jinahya.database.metadata.bind.Context bind
WARNING: unknown result; type: Table, label: HSQLDB_TYPE, value: MEMORY
Jan 26, 2026 2:30:05 PM com.github.jinahya.database.metadata.bind.Context bind
WARNING: unknown result; type: Table, label: COMMIT_ACTION, value: null
Jan 26, 2026 2:30:05 PM com.github.jinahya.database.metadata.bind.Context bind
WARNING: unknown result; type: Table, label: READ_ONLY, value: true
Jan 26, 2026 2:30:05 PM com.github.jinahya.database.metadata.bind.Context bind
WARNING: unknown result; type: Table, label: HSQLDB_TYPE, value: MEMORY
Jan 26, 2026 2:30:05 PM com.github.jinahya.database.metadata.bind.Context bind
WARNING: unknown result; type: Table, label: COMMIT_ACTION, value: null
Jan 26, 2026 2:30:05 PM com.github.jinahya.database.metadata.bind.Context bind
WARNING: unknown result; type: Table, label: READ_ONLY, value: true
Jan 26, 2026 2:30:05 PM com.github.jinahya.database.metadata.bind.Context bind
WARNING: unknown result; type: Table, label: HSQLDB_TYPE, value: MEMORY
Jan 26, 2026 2:30:05 PM com.github.jinahya.database.metadata.bind.Context bind
WARNING: unknown result; type: Table, label: COMMIT_ACTION, value: null
Jan 26, 2026 2:30:05 PM com.github.jinahya.database.metadata.bind.Context bind
WARNING: unknown result; type: Table, label: READ_ONLY, value: true
Jan 26, 2026 2:30:05 PM com.github.jinahya.database.metadata.bind.Context bind
WARNING: unknown result; type: Table, label: HSQLDB_TYPE, value: MEMORY
Jan 26, 2026 2:30:05 PM com.github.jinahya.database.metadata.bind.Context bind
WARNING: unknown result; type: Table, label: COMMIT_ACTION, value: null
Jan 26, 2026 2:30:05 PM com.github.jinahya.database.metadata.bind.Context bind
WARNING: unknown result; type: Table, label: READ_ONLY, value: true
Jan 26, 2026 2:30:05 PM com.github.jinahya.database.metadata.bind.Context bind
WARNING: unknown result; type: Table, label: HSQLDB_TYPE, value: MEMORY
Jan 26, 2026 2:30:05 PM com.github.jinahya.database.metadata.bind.Context bind
WARNING: unknown result; type: Table, label: COMMIT_ACTION, value: null
Jan 26, 2026 2:30:05 PM com.github.jinahya.database.metadata.bind.Context bind
WARNING: unknown result; type: Table, label: READ_ONLY, value: true
Jan 26, 2026 2:30:05 PM com.github.jinahya.database.metadata.bind.Context bind
WARNING: unknown result; type: Table, label: HSQLDB_TYPE, value: MEMORY
Jan 26, 2026 2:30:05 PM com.github.jinahya.database.metadata.bind.Context bind
WARNING: unknown result; type: Table, label: COMMIT_ACTION, value: null
Jan 26, 2026 2:30:05 PM com.github.jinahya.database.metadata.bind.Context bind
WARNING: unknown result; type: Table, label: READ_ONLY, value: true
Jan 26, 2026 2:30:05 PM com.github.jinahya.database.metadata.bind.Context bind
WARNING: unknown result; type: Table, label: HSQLDB_TYPE, value: MEMORY
Jan 26, 2026 2:30:05 PM com.github.jinahya.database.metadata.bind.Context bind
WARNING: unknown result; type: Table, label: COMMIT_ACTION, value: null
Jan 26, 2026 2:30:05 PM com.github.jinahya.database.metadata.bind.Context bind
WARNING: unknown result; type: Table, label: READ_ONLY, value: true
Jan 26, 2026 2:30:05 PM com.github.jinahya.database.metadata.bind.Context bind
WARNING: unknown result; type: Table, label: HSQLDB_TYPE, value: MEMORY
Jan 26, 2026 2:30:05 PM com.github.jinahya.database.metadata.bind.Context bind
WARNING: unknown result; type: Table, label: COMMIT_ACTION, value: null
Jan 26, 2026 2:30:05 PM com.github.jinahya.database.metadata.bind.Context bind
WARNING: unknown result; type: Table, label: READ_ONLY, value: true
Jan 26, 2026 2:30:05 PM com.github.jinahya.database.metadata.bind.Context bind
WARNING: unknown result; type: Table, label: HSQLDB_TYPE, value: MEMORY
Jan 26, 2026 2:30:05 PM com.github.jinahya.database.metadata.bind.Context bind
WARNING: unknown result; type: Table, label: COMMIT_ACTION, value: null
Jan 26, 2026 2:30:05 PM com.github.jinahya.database.metadata.bind.Context bind
WARNING: unknown result; type: Table, label: READ_ONLY, value: true
Jan 26, 2026 2:30:05 PM com.github.jinahya.database.metadata.bind.Context bind
WARNING: unknown result; type: Table, label: HSQLDB_TYPE, value: MEMORY
Jan 26, 2026 2:30:05 PM com.github.jinahya.database.metadata.bind.Context bind
WARNING: unknown result; type: Table, label: COMMIT_ACTION, value: null
Jan 26, 2026 2:30:05 PM com.github.jinahya.database.metadata.bind.Context bind
WARNING: unknown result; type: Table, label: READ_ONLY, value: true
Jan 26, 2026 2:30:05 PM com.github.jinahya.database.metadata.bind.Context bind
WARNING: unknown result; type: Table, label: HSQLDB_TYPE, value: MEMORY
Jan 26, 2026 2:30:05 PM com.github.jinahya.database.metadata.bind.Context bind
WARNING: unknown result; type: Table, label: COMMIT_ACTION, value: null
Jan 26, 2026 2:30:05 PM com.github.jinahya.database.metadata.bind.Context bind
WARNING: unknown result; type: Table, label: READ_ONLY, value: true
Jan 26, 2026 2:30:05 PM com.github.jinahya.database.metadata.bind.Context bind
WARNING: unknown result; type: Table, label: HSQLDB_TYPE, value: MEMORY
Jan 26, 2026 2:30:05 PM com.github.jinahya.database.metadata.bind.Context bind
WARNING: unknown result; type: Table, label: COMMIT_ACTION, value: null
Jan 26, 2026 2:30:05 PM com.github.jinahya.database.metadata.bind.Context bind
WARNING: unknown result; type: Table, label: READ_ONLY, value: true
Jan 26, 2026 2:30:05 PM com.github.jinahya.database.metadata.bind.Context bind
WARNING: unknown result; type: Table, label: HSQLDB_TYPE, value: MEMORY
Jan 26, 2026 2:30:05 PM com.github.jinahya.database.metadata.bind.Context bind
WARNING: unknown result; type: Table, label: COMMIT_ACTION, value: null
Jan 26, 2026 2:30:05 PM com.github.jinahya.database.metadata.bind.Context bind
WARNING: unknown result; type: Table, label: READ_ONLY, value: true
Jan 26, 2026 2:30:05 PM com.github.jinahya.database.metadata.bind.Context bind
WARNING: unknown result; type: Table, label: HSQLDB_TYPE, value: MEMORY
Jan 26, 2026 2:30:05 PM com.github.jinahya.database.metadata.bind.Context bind
WARNING: unknown result; type: Table, label: COMMIT_ACTION, value: null
Jan 26, 2026 2:30:05 PM com.github.jinahya.database.metadata.bind.Context bind
WARNING: unknown result; type: Table, label: READ_ONLY, value: true
Jan 26, 2026 2:30:05 PM com.github.jinahya.database.metadata.bind.Context bind
WARNING: unknown result; type: Table, label: HSQLDB_TYPE, value: MEMORY
Jan 26, 2026 2:30:05 PM com.github.jinahya.database.metadata.bind.Context bind
WARNING: unknown result; type: Table, label: COMMIT_ACTION, value: null
Jan 26, 2026 2:30:05 PM com.github.jinahya.database.metadata.bind.Context bind
WARNING: unknown result; type: Table, label: READ_ONLY, value: true
Jan 26, 2026 2:30:05 PM com.github.jinahya.database.metadata.bind.Context bind
WARNING: unknown result; type: Table, label: HSQLDB_TYPE, value: MEMORY
Jan 26, 2026 2:30:05 PM com.github.jinahya.database.metadata.bind.Context bind
WARNING: unknown result; type: Table, label: COMMIT_ACTION, value: null
Jan 26, 2026 2:30:05 PM com.github.jinahya.database.metadata.bind.Context bind
WARNING: unknown result; type: Table, label: READ_ONLY, value: true
Jan 26, 2026 2:30:05 PM com.github.jinahya.database.metadata.bind.Context bind
WARNING: unknown result; type: Table, label: HSQLDB_TYPE, value: MEMORY
Jan 26, 2026 2:30:05 PM com.github.jinahya.database.metadata.bind.Context bind
WARNING: unknown result; type: Table, label: COMMIT_ACTION, value: null
Jan 26, 2026 2:30:05 PM com.github.jinahya.database.metadata.bind.Context bind
WARNING: unknown result; type: Table, label: READ_ONLY, value: true
Jan 26, 2026 2:30:05 PM com.github.jinahya.database.metadata.bind.Context bind
WARNING: unknown result; type: Table, label: HSQLDB_TYPE, value: MEMORY
Jan 26, 2026 2:30:05 PM com.github.jinahya.database.metadata.bind.Context bind
WARNING: unknown result; type: Table, label: COMMIT_ACTION, value: null
Jan 26, 2026 2:30:05 PM com.github.jinahya.database.metadata.bind.Context bind
WARNING: unknown result; type: Table, label: READ_ONLY, value: true
Jan 26, 2026 2:30:05 PM com.github.jinahya.database.metadata.bind.Context bind
WARNING: unknown result; type: Table, label: HSQLDB_TYPE, value: MEMORY
Jan 26, 2026 2:30:05 PM com.github.jinahya.database.metadata.bind.Context bind
WARNING: unknown result; type: Table, label: COMMIT_ACTION, value: null
Jan 26, 2026 2:30:05 PM com.github.jinahya.database.metadata.bind.Context bind
WARNING: unknown result; type: Table, label: READ_ONLY, value: true
Jan 26, 2026 2:30:05 PM com.github.jinahya.database.metadata.bind.Context bind
WARNING: unknown result; type: Table, label: HSQLDB_TYPE, value: MEMORY
Jan 26, 2026 2:30:05 PM com.github.jinahya.database.metadata.bind.Context bind
WARNING: unknown result; type: Table, label: COMMIT_ACTION, value: null
Jan 26, 2026 2:30:05 PM com.github.jinahya.database.metadata.bind.Context bind
WARNING: unknown result; type: Table, label: READ_ONLY, value: true
Jan 26, 2026 2:30:05 PM com.github.jinahya.database.metadata.bind.Context bind
WARNING: unknown result; type: Table, label: HSQLDB_TYPE, value: MEMORY
Jan 26, 2026 2:30:05 PM com.github.jinahya.database.metadata.bind.Context bind
WARNING: unknown result; type: Table, label: COMMIT_ACTION, value: null
Jan 26, 2026 2:30:05 PM com.github.jinahya.database.metadata.bind.Context bind
WARNING: unknown result; type: Table, label: READ_ONLY, value: true
Jan 26, 2026 2:30:05 PM com.github.jinahya.database.metadata.bind.Context bind
WARNING: unknown result; type: Table, label: HSQLDB_TYPE, value: MEMORY
Jan 26, 2026 2:30:05 PM com.github.jinahya.database.metadata.bind.Context bind
WARNING: unknown result; type: Table, label: COMMIT_ACTION, value: null
Jan 26, 2026 2:30:05 PM com.github.jinahya.database.metadata.bind.Context bind
WARNING: unknown result; type: Table, label: READ_ONLY, value: true
Jan 26, 2026 2:30:05 PM com.github.jinahya.database.metadata.bind.Context bind
WARNING: unknown result; type: Table, label: HSQLDB_TYPE, value: MEMORY
Jan 26, 2026 2:30:05 PM com.github.jinahya.database.metadata.bind.Context bind
WARNING: unknown result; type: Table, label: COMMIT_ACTION, value: null
Jan 26, 2026 2:30:05 PM com.github.jinahya.database.metadata.bind.Context bind
WARNING: unknown result; type: Table, label: READ_ONLY, value: true
Jan 26, 2026 2:30:05 PM com.github.jinahya.database.metadata.bind.Context bind
WARNING: unknown result; type: Table, label: HSQLDB_TYPE, value: MEMORY
Jan 26, 2026 2:30:05 PM com.github.jinahya.database.metadata.bind.Context bind
WARNING: unknown result; type: Table, label: COMMIT_ACTION, value: null
Jan 26, 2026 2:30:05 PM com.github.jinahya.database.metadata.bind.Context bind
WARNING: unknown result; type: Table, label: READ_ONLY, value: true
Jan 26, 2026 2:30:05 PM com.github.jinahya.database.metadata.bind.Context bind
WARNING: unknown result; type: Table, label: HSQLDB_TYPE, value: MEMORY
Jan 26, 2026 2:30:05 PM com.github.jinahya.database.metadata.bind.Context bind
WARNING: unknown result; type: Table, label: COMMIT_ACTION, value: null
Jan 26, 2026 2:30:05 PM com.github.jinahya.database.metadata.bind.Context bind
WARNING: unknown result; type: Table, label: READ_ONLY, value: true
Jan 26, 2026 2:30:05 PM com.github.jinahya.database.metadata.bind.Context bind
WARNING: unknown result; type: Table, label: HSQLDB_TYPE, value: MEMORY
Jan 26, 2026 2:30:05 PM com.github.jinahya.database.metadata.bind.Context bind
WARNING: unknown result; type: Table, label: COMMIT_ACTION, value: null
Jan 26, 2026 2:30:05 PM com.github.jinahya.database.metadata.bind.Context bind
WARNING: unknown result; type: Table, label: READ_ONLY, value: true
Jan 26, 2026 2:30:05 PM com.github.jinahya.database.metadata.bind.Context bind
WARNING: unknown result; type: Table, label: HSQLDB_TYPE, value: MEMORY
Jan 26, 2026 2:30:05 PM com.github.jinahya.database.metadata.bind.Context bind
WARNING: unknown result; type: Table, label: COMMIT_ACTION, value: null
Jan 26, 2026 2:30:05 PM com.github.jinahya.database.metadata.bind.Context bind
WARNING: unknown result; type: Table, label: READ_ONLY, value: true
Jan 26, 2026 2:30:05 PM com.github.jinahya.database.metadata.bind.Context bind
WARNING: unknown result; type: Table, label: HSQLDB_TYPE, value: MEMORY
Jan 26, 2026 2:30:05 PM com.github.jinahya.database.metadata.bind.Context bind
WARNING: unknown result; type: Table, label: COMMIT_ACTION, value: null
Jan 26, 2026 2:30:05 PM com.github.jinahya.database.metadata.bind.Context bind
WARNING: unknown result; type: Table, label: READ_ONLY, value: true
Jan 26, 2026 2:30:05 PM com.github.jinahya.database.metadata.bind.Context bind
WARNING: unknown result; type: Table, label: HSQLDB_TYPE, value: MEMORY
Jan 26, 2026 2:30:05 PM com.github.jinahya.database.metadata.bind.Context bind
WARNING: unknown result; type: Table, label: COMMIT_ACTION, value: null
Jan 26, 2026 2:30:05 PM com.github.jinahya.database.metadata.bind.Context bind
WARNING: unknown result; type: Table, label: READ_ONLY, value: true
Jan 26, 2026 2:30:05 PM com.github.jinahya.database.metadata.bind.Context bind
WARNING: unknown result; type: Table, label: HSQLDB_TYPE, value: MEMORY
Jan 26, 2026 2:30:05 PM com.github.jinahya.database.metadata.bind.Context bind
WARNING: unknown result; type: Table, label: COMMIT_ACTION, value: null
Jan 26, 2026 2:30:05 PM com.github.jinahya.database.metadata.bind.Context bind
WARNING: unknown result; type: Table, label: READ_ONLY, value: true
Jan 26, 2026 2:30:05 PM com.github.jinahya.database.metadata.bind.Context bind
WARNING: unknown result; type: Table, label: HSQLDB_TYPE, value: MEMORY
Jan 26, 2026 2:30:05 PM com.github.jinahya.database.metadata.bind.Context bind
WARNING: unknown result; type: Table, label: COMMIT_ACTION, value: null
Jan 26, 2026 2:30:05 PM com.github.jinahya.database.metadata.bind.Context bind
WARNING: unknown result; type: Table, label: READ_ONLY, value: true
Jan 26, 2026 2:30:05 PM com.github.jinahya.database.metadata.bind.Context bind
WARNING: unknown result; type: Table, label: HSQLDB_TYPE, value: MEMORY
Jan 26, 2026 2:30:05 PM com.github.jinahya.database.metadata.bind.Context bind
WARNING: unknown result; type: Table, label: COMMIT_ACTION, value: null
Jan 26, 2026 2:30:05 PM com.github.jinahya.database.metadata.bind.Context bind
WARNING: unknown result; type: Table, label: READ_ONLY, value: true
Jan 26, 2026 2:30:05 PM com.github.jinahya.database.metadata.bind.Context bind
WARNING: unknown result; type: Table, label: HSQLDB_TYPE, value: MEMORY
Jan 26, 2026 2:30:05 PM com.github.jinahya.database.metadata.bind.Context bind
WARNING: unknown result; type: Table, label: COMMIT_ACTION, value: null
Jan 26, 2026 2:30:05 PM com.github.jinahya.database.metadata.bind.Context bind
WARNING: unknown result; type: Table, label: READ_ONLY, value: true
Jan 26, 2026 2:30:05 PM com.github.jinahya.database.metadata.bind.Context bind
WARNING: unknown result; type: Table, label: HSQLDB_TYPE, value: MEMORY
Jan 26, 2026 2:30:05 PM com.github.jinahya.database.metadata.bind.Context bind
WARNING: unknown result; type: Table, label: COMMIT_ACTION, value: null
Jan 26, 2026 2:30:05 PM com.github.jinahya.database.metadata.bind.Context bind
WARNING: unknown result; type: Table, label: READ_ONLY, value: true
Jan 26, 2026 2:30:05 PM com.github.jinahya.database.metadata.bind.Context bind
WARNING: unknown result; type: Table, label: HSQLDB_TYPE, value: MEMORY
Jan 26, 2026 2:30:05 PM com.github.jinahya.database.metadata.bind.Context bind
WARNING: unknown result; type: Table, label: COMMIT_ACTION, value: null
Jan 26, 2026 2:30:05 PM com.github.jinahya.database.metadata.bind.Context bind
WARNING: unknown result; type: Table, label: READ_ONLY, value: true
Jan 26, 2026 2:30:05 PM com.github.jinahya.database.metadata.bind.Context bind
WARNING: unknown result; type: Table, label: HSQLDB_TYPE, value: MEMORY
Jan 26, 2026 2:30:05 PM com.github.jinahya.database.metadata.bind.Context bind
WARNING: unknown result; type: Table, label: COMMIT_ACTION, value: null
Jan 26, 2026 2:30:05 PM com.github.jinahya.database.metadata.bind.Context bind
WARNING: unknown result; type: Table, label: READ_ONLY, value: true
Jan 26, 2026 2:30:05 PM com.github.jinahya.database.metadata.bind.Context bind
WARNING: unknown result; type: Table, label: HSQLDB_TYPE, value: MEMORY
Jan 26, 2026 2:30:05 PM com.github.jinahya.database.metadata.bind.Context bind
WARNING: unknown result; type: Table, label: COMMIT_ACTION, value: null
Jan 26, 2026 2:30:05 PM com.github.jinahya.database.metadata.bind.Context bind
WARNING: unknown result; type: Table, label: READ_ONLY, value: true
Jan 26, 2026 2:30:05 PM com.github.jinahya.database.metadata.bind.Context bind
WARNING: unknown result; type: Table, label: HSQLDB_TYPE, value: MEMORY
Jan 26, 2026 2:30:05 PM com.github.jinahya.database.metadata.bind.Context bind
WARNING: unknown result; type: Table, label: COMMIT_ACTION, value: null
Jan 26, 2026 2:30:05 PM com.github.jinahya.database.metadata.bind.Context bind
WARNING: unknown result; type: Table, label: READ_ONLY, value: true
Jan 26, 2026 2:30:05 PM com.github.jinahya.database.metadata.bind.Context bind
WARNING: unknown result; type: Table, label: HSQLDB_TYPE, value: MEMORY
Jan 26, 2026 2:30:05 PM com.github.jinahya.database.metadata.bind.Context bind
WARNING: unknown result; type: Table, label: COMMIT_ACTION, value: null
Jan 26, 2026 2:30:05 PM com.github.jinahya.database.metadata.bind.Context bind
WARNING: unknown result; type: Table, label: READ_ONLY, value: true
Jan 26, 2026 2:30:05 PM com.github.jinahya.database.metadata.bind.Context bind
WARNING: unknown result; type: Table, label: HSQLDB_TYPE, value: MEMORY
Jan 26, 2026 2:30:05 PM com.github.jinahya.database.metadata.bind.Context bind
WARNING: unknown result; type: Table, label: COMMIT_ACTION, value: null
Jan 26, 2026 2:30:05 PM com.github.jinahya.database.metadata.bind.Context bind
WARNING: unknown result; type: Table, label: READ_ONLY, value: true
Jan 26, 2026 2:30:05 PM com.github.jinahya.database.metadata.bind.Context bind
WARNING: unknown result; type: Table, label: HSQLDB_TYPE, value: MEMORY
Jan 26, 2026 2:30:05 PM com.github.jinahya.database.metadata.bind.Context bind
WARNING: unknown result; type: Table, label: COMMIT_ACTION, value: null
Jan 26, 2026 2:30:05 PM com.github.jinahya.database.metadata.bind.Context bind
WARNING: unknown result; type: Table, label: READ_ONLY, value: true
Jan 26, 2026 2:30:05 PM com.github.jinahya.database.metadata.bind.Context bind
WARNING: unknown result; type: Table, label: HSQLDB_TYPE, value: MEMORY
Jan 26, 2026 2:30:05 PM com.github.jinahya.database.metadata.bind.Context bind
WARNING: unknown result; type: Table, label: COMMIT_ACTION, value: null
Jan 26, 2026 2:30:05 PM com.github.jinahya.database.metadata.bind.Context bind
WARNING: unknown result; type: Table, label: READ_ONLY, value: true
Jan 26, 2026 2:30:05 PM com.github.jinahya.database.metadata.bind.Context bind
WARNING: unknown result; type: Table, label: HSQLDB_TYPE, value: MEMORY
Jan 26, 2026 2:30:05 PM com.github.jinahya.database.metadata.bind.Context bind
WARNING: unknown result; type: Table, label: COMMIT_ACTION, value: null
Jan 26, 2026 2:30:05 PM com.github.jinahya.database.metadata.bind.Context bind
WARNING: unknown result; type: Table, label: READ_ONLY, value: true
Jan 26, 2026 2:30:05 PM com.github.jinahya.database.metadata.bind.Context bind
WARNING: unknown result; type: Table, label: HSQLDB_TYPE, value: MEMORY
Jan 26, 2026 2:30:05 PM com.github.jinahya.database.metadata.bind.Context bind
WARNING: unknown result; type: Table, label: COMMIT_ACTION, value: null
Jan 26, 2026 2:30:05 PM com.github.jinahya.database.metadata.bind.Context bind
WARNING: unknown result; type: Table, label: READ_ONLY, value: true
Jan 26, 2026 2:30:05 PM com.github.jinahya.database.metadata.bind.Context bind
WARNING: unknown result; type: Table, label: HSQLDB_TYPE, value: MEMORY
Jan 26, 2026 2:30:05 PM com.github.jinahya.database.metadata.bind.Context bind
WARNING: unknown result; type: Table, label: COMMIT_ACTION, value: null
Jan 26, 2026 2:30:05 PM com.github.jinahya.database.metadata.bind.Context bind
WARNING: unknown result; type: Table, label: READ_ONLY, value: true
Jan 26, 2026 2:30:05 PM com.github.jinahya.database.metadata.bind.Context bind
WARNING: unknown result; type: Table, label: HSQLDB_TYPE, value: MEMORY
Jan 26, 2026 2:30:05 PM com.github.jinahya.database.metadata.bind.Context bind
WARNING: unknown result; type: Table, label: COMMIT_ACTION, value: null
Jan 26, 2026 2:30:05 PM com.github.jinahya.database.metadata.bind.Context bind
WARNING: unknown result; type: Table, label: READ_ONLY, value: true
Jan 26, 2026 2:30:05 PM com.github.jinahya.database.metadata.bind.Context bind
WARNING: unknown result; type: Table, label: HSQLDB_TYPE, value: MEMORY
Jan 26, 2026 2:30:05 PM com.github.jinahya.database.metadata.bind.Context bind
WARNING: unknown result; type: Table, label: COMMIT_ACTION, value: null
Jan 26, 2026 2:30:05 PM com.github.jinahya.database.metadata.bind.Context bind
WARNING: unknown result; type: Table, label: READ_ONLY, value: false
Jan 26, 2026 2:30:05 PM com.github.jinahya.database.metadata.bind.Context bind
WARNING: unknown result; type: Table, label: HSQLDB_TYPE, value: MEMORY
Jan 26, 2026 2:30:05 PM com.github.jinahya.database.metadata.bind.Context bind
WARNING: unknown result; type: Table, label: COMMIT_ACTION, value: null
Jan 26, 2026 2:30:05 PM com.github.jinahya.database.metadata.bind.Context bind
WARNING: unknown result; type: Table, label: READ_ONLY, value: false
Jan 26, 2026 2:30:05 PM com.github.jinahya.database.metadata.bind.Context bind
WARNING: unknown result; type: Table, label: HSQLDB_TYPE, value: MEMORY
Jan 26, 2026 2:30:05 PM com.github.jinahya.database.metadata.bind.Context bind
WARNING: unknown result; type: Table, label: COMMIT_ACTION, value: null
Jan 26, 2026 2:30:05 PM com.github.jinahya.database.metadata.bind.Context bind
WARNING: unknown result; type: Table, label: READ_ONLY, value: false
Jan 26, 2026 2:30:05 PM com.github.jinahya.database.metadata.bind.Context bind
WARNING: unknown result; type: Table, label: HSQLDB_TYPE, value: MEMORY
Jan 26, 2026 2:30:05 PM com.github.jinahya.database.metadata.bind.Context bind
WARNING: unknown result; type: Table, label: COMMIT_ACTION, value: null
Jan 26, 2026 2:30:05 PM com.github.jinahya.database.metadata.bind.Context bind
WARNING: unknown result; type: Table, label: READ_ONLY, value: false
Jan 26, 2026 2:30:05 PM com.github.jinahya.database.metadata.bind.Context bind
WARNING: unknown result; type: Table, label: HSQLDB_TYPE, value: MEMORY
Jan 26, 2026 2:30:05 PM com.github.jinahya.database.metadata.bind.Context bind
WARNING: unknown result; type: Procedure, label: COL_4, value: null
Jan 26, 2026 2:30:05 PM com.github.jinahya.database.metadata.bind.Context bind
WARNING: unknown result; type: Procedure, label: COL_6, value: null
Jan 26, 2026 2:30:05 PM com.github.jinahya.database.metadata.bind.Context bind
WARNING: unknown result; type: Procedure, label: COL_5, value: null
Jan 26, 2026 2:30:05 PM com.github.jinahya.database.metadata.bind.Context bind
WARNING: unknown result; type: Procedure, label: COL_4, value: null
Jan 26, 2026 2:30:05 PM com.github.jinahya.database.metadata.bind.Context bind
WARNING: unknown result; type: Procedure, label: COL_6, value: null
Jan 26, 2026 2:30:05 PM com.github.jinahya.database.metadata.bind.Context bind
WARNING: unknown result; type: Procedure, label: COL_5, value: null
Jan 26, 2026 2:30:05 PM com.github.jinahya.database.metadata.bind.Context bind
WARNING: unknown result; type: Procedure, label: COL_4, value: null
Jan 26, 2026 2:30:05 PM com.github.jinahya.database.metadata.bind.Context bind
WARNING: unknown result; type: Procedure, label: COL_6, value: null
Jan 26, 2026 2:30:05 PM com.github.jinahya.database.metadata.bind.Context bind
WARNING: unknown result; type: Procedure, label: COL_5, value: null
Jan 26, 2026 2:30:05 PM com.github.jinahya.database.metadata.bind.Context bind
WARNING: unknown result; type: Procedure, label: COL_4, value: null
Jan 26, 2026 2:30:05 PM com.github.jinahya.database.metadata.bind.Context bind
WARNING: unknown result; type: Procedure, label: COL_6, value: null
Jan 26, 2026 2:30:05 PM com.github.jinahya.database.metadata.bind.Context bind
WARNING: unknown result; type: Procedure, label: COL_5, value: null
Jan 26, 2026 2:30:05 PM com.github.jinahya.database.metadata.bind.Context bind
WARNING: unknown result; type: Procedure, label: COL_4, value: null
Jan 26, 2026 2:30:05 PM com.github.jinahya.database.metadata.bind.Context bind
WARNING: unknown result; type: Procedure, label: COL_6, value: null
Jan 26, 2026 2:30:05 PM com.github.jinahya.database.metadata.bind.Context bind
WARNING: unknown result; type: Procedure, label: COL_5, value: null
Jan 26, 2026 2:30:05 PM com.github.jinahya.database.metadata.bind.Context bind
WARNING: unknown result; type: Procedure, label: COL_4, value: null
Jan 26, 2026 2:30:05 PM com.github.jinahya.database.metadata.bind.Context bind
WARNING: unknown result; type: Procedure, label: COL_6, value: null
Jan 26, 2026 2:30:05 PM com.github.jinahya.database.metadata.bind.Context bind
WARNING: unknown result; type: Procedure, label: COL_5, value: null
Jan 26, 2026 2:30:05 PM com.github.jinahya.database.metadata.bind.Context bind
WARNING: unknown result; type: Procedure, label: COL_4, value: null
Jan 26, 2026 2:30:05 PM com.github.jinahya.database.metadata.bind.Context bind
WARNING: unknown result; type: Procedure, label: COL_6, value: null
Jan 26, 2026 2:30:05 PM com.github.jinahya.database.metadata.bind.Context bind
WARNING: unknown result; type: Procedure, label: COL_5, value: null
Jan 26, 2026 2:30:05 PM com.github.jinahya.database.metadata.bind.Context bind
WARNING: unknown result; type: Procedure, label: COL_4, value: null
Jan 26, 2026 2:30:05 PM com.github.jinahya.database.metadata.bind.Context bind
WARNING: unknown result; type: Procedure, label: COL_6, value: null
Jan 26, 2026 2:30:05 PM com.github.jinahya.database.metadata.bind.Context bind
WARNING: unknown result; type: Procedure, label: COL_5, value: null
Jan 26, 2026 2:30:05 PM com.github.jinahya.database.metadata.bind.Context bind
WARNING: unknown result; type: Procedure, label: COL_4, value: null
Jan 26, 2026 2:30:05 PM com.github.jinahya.database.metadata.bind.Context bind
WARNING: unknown result; type: Procedure, label: COL_6, value: null
Jan 26, 2026 2:30:05 PM com.github.jinahya.database.metadata.bind.Context bind
WARNING: unknown result; type: Procedure, label: COL_5, value: null
Jan 26, 2026 2:30:05 PM com.github.jinahya.database.metadata.bind.Context bind
WARNING: unknown result; type: Procedure, label: COL_4, value: null
Jan 26, 2026 2:30:05 PM com.github.jinahya.database.metadata.bind.Context bind
WARNING: unknown result; type: Procedure, label: COL_6, value: null
Jan 26, 2026 2:30:05 PM com.github.jinahya.database.metadata.bind.Context bind
WARNING: unknown result; type: Procedure, label: COL_5, value: null
Jan 26, 2026 2:30:05 PM com.github.jinahya.database.metadata.bind.Context bind
WARNING: unknown result; type: Schema, label: IS_DEFAULT, value: false
Jan 26, 2026 2:30:05 PM com.github.jinahya.database.metadata.bind.Context bind
WARNING: unknown result; type: Schema, label: IS_DEFAULT, value: true
Jan 26, 2026 2:30:05 PM com.github.jinahya.database.metadata.bind.Context bind
WARNING: unknown result; type: Schema, label: IS_DEFAULT, value: false
Jan 26, 2026 2:30:05 PM com.github.jinahya.database.metadata.bind.Context bind
WARNING: unknown result; type: Table, label: COMMIT_ACTION, value: null
Jan 26, 2026 2:30:05 PM com.github.jinahya.database.metadata.bind.Context bind
WARNING: unknown result; type: Table, label: READ_ONLY, value: true
Jan 26, 2026 2:30:05 PM com.github.jinahya.database.metadata.bind.Context bind
WARNING: unknown result; type: Table, label: HSQLDB_TYPE, value: MEMORY
Jan 26, 2026 2:30:05 PM com.github.jinahya.database.metadata.bind.Context bind
WARNING: unknown result; type: Table, label: COMMIT_ACTION, value: null
Jan 26, 2026 2:30:05 PM com.github.jinahya.database.metadata.bind.Context bind
WARNING: unknown result; type: Table, label: READ_ONLY, value: true
Jan 26, 2026 2:30:05 PM com.github.jinahya.database.metadata.bind.Context bind
WARNING: unknown result; type: Table, label: HSQLDB_TYPE, value: MEMORY
Jan 26, 2026 2:30:05 PM com.github.jinahya.database.metadata.bind.Context bind
WARNING: unknown result; type: Table, label: COMMIT_ACTION, value: null
Jan 26, 2026 2:30:05 PM com.github.jinahya.database.metadata.bind.Context bind
WARNING: unknown result; type: Table, label: READ_ONLY, value: true
Jan 26, 2026 2:30:05 PM com.github.jinahya.database.metadata.bind.Context bind
WARNING: unknown result; type: Table, label: HSQLDB_TYPE, value: MEMORY
Jan 26, 2026 2:30:05 PM com.github.jinahya.database.metadata.bind.Context bind
WARNING: unknown result; type: Table, label: COMMIT_ACTION, value: null
Jan 26, 2026 2:30:05 PM com.github.jinahya.database.metadata.bind.Context bind
WARNING: unknown result; type: Table, label: READ_ONLY, value: true
Jan 26, 2026 2:30:05 PM com.github.jinahya.database.metadata.bind.Context bind
WARNING: unknown result; type: Table, label: HSQLDB_TYPE, value: MEMORY
Jan 26, 2026 2:30:05 PM com.github.jinahya.database.metadata.bind.Context bind
WARNING: unknown result; type: Table, label: COMMIT_ACTION, value: null
Jan 26, 2026 2:30:05 PM com.github.jinahya.database.metadata.bind.Context bind
WARNING: unknown result; type: Table, label: READ_ONLY, value: true
Jan 26, 2026 2:30:05 PM com.github.jinahya.database.metadata.bind.Context bind
WARNING: unknown result; type: Table, label: HSQLDB_TYPE, value: MEMORY
Jan 26, 2026 2:30:05 PM com.github.jinahya.database.metadata.bind.Context bind
WARNING: unknown result; type: Table, label: COMMIT_ACTION, value: null
Jan 26, 2026 2:30:05 PM com.github.jinahya.database.metadata.bind.Context bind
WARNING: unknown result; type: Table, label: READ_ONLY, value: true
Jan 26, 2026 2:30:05 PM com.github.jinahya.database.metadata.bind.Context bind
WARNING: unknown result; type: Table, label: HSQLDB_TYPE, value: MEMORY
Jan 26, 2026 2:30:05 PM com.github.jinahya.database.metadata.bind.Context bind
WARNING: unknown result; type: Table, label: COMMIT_ACTION, value: null
Jan 26, 2026 2:30:05 PM com.github.jinahya.database.metadata.bind.Context bind
WARNING: unknown result; type: Table, label: READ_ONLY, value: true
Jan 26, 2026 2:30:05 PM com.github.jinahya.database.metadata.bind.Context bind
WARNING: unknown result; type: Table, label: HSQLDB_TYPE, value: MEMORY
Jan 26, 2026 2:30:05 PM com.github.jinahya.database.metadata.bind.Context bind
WARNING: unknown result; type: Table, label: COMMIT_ACTION, value: null
Jan 26, 2026 2:30:05 PM com.github.jinahya.database.metadata.bind.Context bind
WARNING: unknown result; type: Table, label: READ_ONLY, value: true
Jan 26, 2026 2:30:05 PM com.github.jinahya.database.metadata.bind.Context bind
WARNING: unknown result; type: Table, label: HSQLDB_TYPE, value: MEMORY
Jan 26, 2026 2:30:05 PM com.github.jinahya.database.metadata.bind.Context bind
WARNING: unknown result; type: Table, label: COMMIT_ACTION, value: null
Jan 26, 2026 2:30:05 PM com.github.jinahya.database.metadata.bind.Context bind
WARNING: unknown result; type: Table, label: READ_ONLY, value: true
Jan 26, 2026 2:30:05 PM com.github.jinahya.database.metadata.bind.Context bind
WARNING: unknown result; type: Table, label: HSQLDB_TYPE, value: MEMORY
Jan 26, 2026 2:30:05 PM com.github.jinahya.database.metadata.bind.Context bind
WARNING: unknown result; type: Table, label: COMMIT_ACTION, value: null
Jan 26, 2026 2:30:05 PM com.github.jinahya.database.metadata.bind.Context bind
WARNING: unknown result; type: Table, label: READ_ONLY, value: true
Jan 26, 2026 2:30:05 PM com.github.jinahya.database.metadata.bind.Context bind
WARNING: unknown result; type: Table, label: HSQLDB_TYPE, value: MEMORY
Jan 26, 2026 2:30:05 PM com.github.jinahya.database.metadata.bind.Context bind
WARNING: unknown result; type: Table, label: COMMIT_ACTION, value: null
Jan 26, 2026 2:30:05 PM com.github.jinahya.database.metadata.bind.Context bind
WARNING: unknown result; type: Table, label: READ_ONLY, value: true
Jan 26, 2026 2:30:05 PM com.github.jinahya.database.metadata.bind.Context bind
WARNING: unknown result; type: Table, label: HSQLDB_TYPE, value: MEMORY
Jan 26, 2026 2:30:05 PM com.github.jinahya.database.metadata.bind.Context bind
WARNING: unknown result; type: Table, label: COMMIT_ACTION, value: null
Jan 26, 2026 2:30:05 PM com.github.jinahya.database.metadata.bind.Context bind
WARNING: unknown result; type: Table, label: READ_ONLY, value: true
Jan 26, 2026 2:30:05 PM com.github.jinahya.database.metadata.bind.Context bind
WARNING: unknown result; type: Table, label: HSQLDB_TYPE, value: MEMORY
Jan 26, 2026 2:30:05 PM com.github.jinahya.database.metadata.bind.Context bind
WARNING: unknown result; type: Table, label: COMMIT_ACTION, value: null
Jan 26, 2026 2:30:05 PM com.github.jinahya.database.metadata.bind.Context bind
WARNING: unknown result; type: Table, label: READ_ONLY, value: true
Jan 26, 2026 2:30:05 PM com.github.jinahya.database.metadata.bind.Context bind
WARNING: unknown result; type: Table, label: HSQLDB_TYPE, value: MEMORY
Jan 26, 2026 2:30:05 PM com.github.jinahya.database.metadata.bind.Context bind
WARNING: unknown result; type: Table, label: COMMIT_ACTION, value: null
Jan 26, 2026 2:30:05 PM com.github.jinahya.database.metadata.bind.Context bind
WARNING: unknown result; type: Table, label: READ_ONLY, value: true
Jan 26, 2026 2:30:05 PM com.github.jinahya.database.metadata.bind.Context bind
WARNING: unknown result; type: Table, label: HSQLDB_TYPE, value: MEMORY
Jan 26, 2026 2:30:05 PM com.github.jinahya.database.metadata.bind.Context bind
WARNING: unknown result; type: Table, label: COMMIT_ACTION, value: null
Jan 26, 2026 2:30:05 PM com.github.jinahya.database.metadata.bind.Context bind
WARNING: unknown result; type: Table, label: READ_ONLY, value: true
Jan 26, 2026 2:30:05 PM com.github.jinahya.database.metadata.bind.Context bind
WARNING: unknown result; type: Table, label: HSQLDB_TYPE, value: MEMORY
Jan 26, 2026 2:30:05 PM com.github.jinahya.database.metadata.bind.Context bind
WARNING: unknown result; type: Table, label: COMMIT_ACTION, value: null
Jan 26, 2026 2:30:05 PM com.github.jinahya.database.metadata.bind.Context bind
WARNING: unknown result; type: Table, label: READ_ONLY, value: true
Jan 26, 2026 2:30:05 PM com.github.jinahya.database.metadata.bind.Context bind
WARNING: unknown result; type: Table, label: HSQLDB_TYPE, value: MEMORY
Jan 26, 2026 2:30:05 PM com.github.jinahya.database.metadata.bind.Context bind
WARNING: unknown result; type: Table, label: COMMIT_ACTION, value: null
Jan 26, 2026 2:30:05 PM com.github.jinahya.database.metadata.bind.Context bind
WARNING: unknown result; type: Table, label: READ_ONLY, value: true
Jan 26, 2026 2:30:05 PM com.github.jinahya.database.metadata.bind.Context bind
WARNING: unknown result; type: Table, label: HSQLDB_TYPE, value: MEMORY
Jan 26, 2026 2:30:05 PM com.github.jinahya.database.metadata.bind.Context bind
WARNING: unknown result; type: Table, label: COMMIT_ACTION, value: null
Jan 26, 2026 2:30:05 PM com.github.jinahya.database.metadata.bind.Context bind
WARNING: unknown result; type: Table, label: READ_ONLY, value: true
Jan 26, 2026 2:30:05 PM com.github.jinahya.database.metadata.bind.Context bind
WARNING: unknown result; type: Table, label: HSQLDB_TYPE, value: MEMORY
Jan 26, 2026 2:30:05 PM com.github.jinahya.database.metadata.bind.Context bind
WARNING: unknown result; type: Table, label: COMMIT_ACTION, value: null
Jan 26, 2026 2:30:05 PM com.github.jinahya.database.metadata.bind.Context bind
WARNING: unknown result; type: Table, label: READ_ONLY, value: true
Jan 26, 2026 2:30:05 PM com.github.jinahya.database.metadata.bind.Context bind
WARNING: unknown result; type: Table, label: HSQLDB_TYPE, value: MEMORY
Jan 26, 2026 2:30:05 PM com.github.jinahya.database.metadata.bind.Context bind
WARNING: unknown result; type: Table, label: COMMIT_ACTION, value: null
Jan 26, 2026 2:30:05 PM com.github.jinahya.database.metadata.bind.Context bind
WARNING: unknown result; type: Table, label: READ_ONLY, value: true
Jan 26, 2026 2:30:05 PM com.github.jinahya.database.metadata.bind.Context bind
WARNING: unknown result; type: Table, label: HSQLDB_TYPE, value: MEMORY
Jan 26, 2026 2:30:05 PM com.github.jinahya.database.metadata.bind.Context bind
WARNING: unknown result; type: Table, label: COMMIT_ACTION, value: null
Jan 26, 2026 2:30:05 PM com.github.jinahya.database.metadata.bind.Context bind
WARNING: unknown result; type: Table, label: READ_ONLY, value: true
Jan 26, 2026 2:30:05 PM com.github.jinahya.database.metadata.bind.Context bind
WARNING: unknown result; type: Table, label: HSQLDB_TYPE, value: MEMORY
Jan 26, 2026 2:30:05 PM com.github.jinahya.database.metadata.bind.Context bind
WARNING: unknown result; type: Table, label: COMMIT_ACTION, value: null
Jan 26, 2026 2:30:05 PM com.github.jinahya.database.metadata.bind.Context bind
WARNING: unknown result; type: Table, label: READ_ONLY, value: true
Jan 26, 2026 2:30:05 PM com.github.jinahya.database.metadata.bind.Context bind
WARNING: unknown result; type: Table, label: HSQLDB_TYPE, value: MEMORY
Jan 26, 2026 2:30:05 PM com.github.jinahya.database.metadata.bind.Context bind
WARNING: unknown result; type: Table, label: COMMIT_ACTION, value: null
Jan 26, 2026 2:30:05 PM com.github.jinahya.database.metadata.bind.Context bind
WARNING: unknown result; type: Table, label: READ_ONLY, value: true
Jan 26, 2026 2:30:05 PM com.github.jinahya.database.metadata.bind.Context bind
WARNING: unknown result; type: Table, label: HSQLDB_TYPE, value: MEMORY
Jan 26, 2026 2:30:05 PM com.github.jinahya.database.metadata.bind.Context bind
WARNING: unknown result; type: Table, label: COMMIT_ACTION, value: null
Jan 26, 2026 2:30:05 PM com.github.jinahya.database.metadata.bind.Context bind
WARNING: unknown result; type: Table, label: READ_ONLY, value: true
Jan 26, 2026 2:30:05 PM com.github.jinahya.database.metadata.bind.Context bind
WARNING: unknown result; type: Table, label: HSQLDB_TYPE, value: MEMORY
Jan 26, 2026 2:30:05 PM com.github.jinahya.database.metadata.bind.Context bind
WARNING: unknown result; type: Table, label: COMMIT_ACTION, value: null
Jan 26, 2026 2:30:05 PM com.github.jinahya.database.metadata.bind.Context bind
WARNING: unknown result; type: Table, label: READ_ONLY, value: true
Jan 26, 2026 2:30:05 PM com.github.jinahya.database.metadata.bind.Context bind
WARNING: unknown result; type: Table, label: HSQLDB_TYPE, value: MEMORY
Jan 26, 2026 2:30:05 PM com.github.jinahya.database.metadata.bind.Context bind
WARNING: unknown result; type: Table, label: COMMIT_ACTION, value: null
Jan 26, 2026 2:30:05 PM com.github.jinahya.database.metadata.bind.Context bind
WARNING: unknown result; type: Table, label: READ_ONLY, value: true
Jan 26, 2026 2:30:05 PM com.github.jinahya.database.metadata.bind.Context bind
WARNING: unknown result; type: Table, label: HSQLDB_TYPE, value: MEMORY
Jan 26, 2026 2:30:05 PM com.github.jinahya.database.metadata.bind.Context bind
WARNING: unknown result; type: Table, label: COMMIT_ACTION, value: null
Jan 26, 2026 2:30:05 PM com.github.jinahya.database.metadata.bind.Context bind
WARNING: unknown result; type: Table, label: READ_ONLY, value: true
Jan 26, 2026 2:30:05 PM com.github.jinahya.database.metadata.bind.Context bind
WARNING: unknown result; type: Table, label: HSQLDB_TYPE, value: MEMORY
Jan 26, 2026 2:30:05 PM com.github.jinahya.database.metadata.bind.Context bind
WARNING: unknown result; type: Table, label: COMMIT_ACTION, value: null
Jan 26, 2026 2:30:05 PM com.github.jinahya.database.metadata.bind.Context bind
WARNING: unknown result; type: Table, label: READ_ONLY, value: true
Jan 26, 2026 2:30:05 PM com.github.jinahya.database.metadata.bind.Context bind
WARNING: unknown result; type: Table, label: HSQLDB_TYPE, value: MEMORY
Jan 26, 2026 2:30:05 PM com.github.jinahya.database.metadata.bind.Context bind
WARNING: unknown result; type: Table, label: COMMIT_ACTION, value: null
Jan 26, 2026 2:30:05 PM com.github.jinahya.database.metadata.bind.Context bind
WARNING: unknown result; type: Table, label: READ_ONLY, value: true
Jan 26, 2026 2:30:05 PM com.github.jinahya.database.metadata.bind.Context bind
WARNING: unknown result; type: Table, label: HSQLDB_TYPE, value: MEMORY
Jan 26, 2026 2:30:05 PM com.github.jinahya.database.metadata.bind.Context bind
WARNING: unknown result; type: Table, label: COMMIT_ACTION, value: null
Jan 26, 2026 2:30:05 PM com.github.jinahya.database.metadata.bind.Context bind
WARNING: unknown result; type: Table, label: READ_ONLY, value: true
Jan 26, 2026 2:30:05 PM com.github.jinahya.database.metadata.bind.Context bind
WARNING: unknown result; type: Table, label: HSQLDB_TYPE, value: MEMORY
Jan 26, 2026 2:30:05 PM com.github.jinahya.database.metadata.bind.Context bind
WARNING: unknown result; type: Table, label: COMMIT_ACTION, value: null
Jan 26, 2026 2:30:05 PM com.github.jinahya.database.metadata.bind.Context bind
WARNING: unknown result; type: Table, label: READ_ONLY, value: true
Jan 26, 2026 2:30:05 PM com.github.jinahya.database.metadata.bind.Context bind
WARNING: unknown result; type: Table, label: HSQLDB_TYPE, value: MEMORY
Jan 26, 2026 2:30:05 PM com.github.jinahya.database.metadata.bind.Context bind
WARNING: unknown result; type: Table, label: COMMIT_ACTION, value: null
Jan 26, 2026 2:30:05 PM com.github.jinahya.database.metadata.bind.Context bind
WARNING: unknown result; type: Table, label: READ_ONLY, value: true
Jan 26, 2026 2:30:05 PM com.github.jinahya.database.metadata.bind.Context bind
WARNING: unknown result; type: Table, label: HSQLDB_TYPE, value: MEMORY
Jan 26, 2026 2:30:05 PM com.github.jinahya.database.metadata.bind.Context bind
WARNING: unknown result; type: Table, label: COMMIT_ACTION, value: null
Jan 26, 2026 2:30:05 PM com.github.jinahya.database.metadata.bind.Context bind
WARNING: unknown result; type: Table, label: READ_ONLY, value: true
Jan 26, 2026 2:30:05 PM com.github.jinahya.database.metadata.bind.Context bind
WARNING: unknown result; type: Table, label: HSQLDB_TYPE, value: MEMORY
Jan 26, 2026 2:30:05 PM com.github.jinahya.database.metadata.bind.Context bind
WARNING: unknown result; type: Table, label: COMMIT_ACTION, value: null
Jan 26, 2026 2:30:05 PM com.github.jinahya.database.metadata.bind.Context bind
WARNING: unknown result; type: Table, label: READ_ONLY, value: true
Jan 26, 2026 2:30:05 PM com.github.jinahya.database.metadata.bind.Context bind
WARNING: unknown result; type: Table, label: HSQLDB_TYPE, value: MEMORY
Jan 26, 2026 2:30:05 PM com.github.jinahya.database.metadata.bind.Context bind
WARNING: unknown result; type: Table, label: COMMIT_ACTION, value: null
Jan 26, 2026 2:30:05 PM com.github.jinahya.database.metadata.bind.Context bind
WARNING: unknown result; type: Table, label: READ_ONLY, value: true
Jan 26, 2026 2:30:05 PM com.github.jinahya.database.metadata.bind.Context bind
WARNING: unknown result; type: Table, label: HSQLDB_TYPE, value: MEMORY
Jan 26, 2026 2:30:05 PM com.github.jinahya.database.metadata.bind.Context bind
WARNING: unknown result; type: Table, label: COMMIT_ACTION, value: null
Jan 26, 2026 2:30:05 PM com.github.jinahya.database.metadata.bind.Context bind
WARNING: unknown result; type: Table, label: READ_ONLY, value: true
Jan 26, 2026 2:30:05 PM com.github.jinahya.database.metadata.bind.Context bind
WARNING: unknown result; type: Table, label: HSQLDB_TYPE, value: MEMORY
Jan 26, 2026 2:30:05 PM com.github.jinahya.database.metadata.bind.Context bind
WARNING: unknown result; type: Table, label: COMMIT_ACTION, value: null
Jan 26, 2026 2:30:05 PM com.github.jinahya.database.metadata.bind.Context bind
WARNING: unknown result; type: Table, label: READ_ONLY, value: true
Jan 26, 2026 2:30:05 PM com.github.jinahya.database.metadata.bind.Context bind
WARNING: unknown result; type: Table, label: HSQLDB_TYPE, value: MEMORY
Jan 26, 2026 2:30:05 PM com.github.jinahya.database.metadata.bind.Context bind
WARNING: unknown result; type: Table, label: COMMIT_ACTION, value: null
Jan 26, 2026 2:30:05 PM com.github.jinahya.database.metadata.bind.Context bind
WARNING: unknown result; type: Table, label: READ_ONLY, value: true
Jan 26, 2026 2:30:05 PM com.github.jinahya.database.metadata.bind.Context bind
WARNING: unknown result; type: Table, label: HSQLDB_TYPE, value: MEMORY
Jan 26, 2026 2:30:05 PM com.github.jinahya.database.metadata.bind.Context bind
WARNING: unknown result; type: Table, label: COMMIT_ACTION, value: null
Jan 26, 2026 2:30:05 PM com.github.jinahya.database.metadata.bind.Context bind
WARNING: unknown result; type: Table, label: READ_ONLY, value: true
Jan 26, 2026 2:30:05 PM com.github.jinahya.database.metadata.bind.Context bind
WARNING: unknown result; type: Table, label: HSQLDB_TYPE, value: MEMORY
Jan 26, 2026 2:30:05 PM com.github.jinahya.database.metadata.bind.Context bind
WARNING: unknown result; type: Table, label: COMMIT_ACTION, value: null
Jan 26, 2026 2:30:05 PM com.github.jinahya.database.metadata.bind.Context bind
WARNING: unknown result; type: Table, label: READ_ONLY, value: true
Jan 26, 2026 2:30:05 PM com.github.jinahya.database.metadata.bind.Context bind
WARNING: unknown result; type: Table, label: HSQLDB_TYPE, value: MEMORY
Jan 26, 2026 2:30:05 PM com.github.jinahya.database.metadata.bind.Context bind
WARNING: unknown result; type: Table, label: COMMIT_ACTION, value: null
Jan 26, 2026 2:30:05 PM com.github.jinahya.database.metadata.bind.Context bind
WARNING: unknown result; type: Table, label: READ_ONLY, value: true
Jan 26, 2026 2:30:05 PM com.github.jinahya.database.metadata.bind.Context bind
WARNING: unknown result; type: Table, label: HSQLDB_TYPE, value: MEMORY
Jan 26, 2026 2:30:05 PM com.github.jinahya.database.metadata.bind.Context bind
WARNING: unknown result; type: Table, label: COMMIT_ACTION, value: null
Jan 26, 2026 2:30:05 PM com.github.jinahya.database.metadata.bind.Context bind
WARNING: unknown result; type: Table, label: READ_ONLY, value: true
Jan 26, 2026 2:30:05 PM com.github.jinahya.database.metadata.bind.Context bind
WARNING: unknown result; type: Table, label: HSQLDB_TYPE, value: MEMORY
Jan 26, 2026 2:30:05 PM com.github.jinahya.database.metadata.bind.Context bind
WARNING: unknown result; type: Table, label: COMMIT_ACTION, value: null
Jan 26, 2026 2:30:05 PM com.github.jinahya.database.metadata.bind.Context bind
WARNING: unknown result; type: Table, label: READ_ONLY, value: true
Jan 26, 2026 2:30:05 PM com.github.jinahya.database.metadata.bind.Context bind
WARNING: unknown result; type: Table, label: HSQLDB_TYPE, value: MEMORY
Jan 26, 2026 2:30:05 PM com.github.jinahya.database.metadata.bind.Context bind
WARNING: unknown result; type: Table, label: COMMIT_ACTION, value: null
Jan 26, 2026 2:30:05 PM com.github.jinahya.database.metadata.bind.Context bind
WARNING: unknown result; type: Table, label: READ_ONLY, value: true
Jan 26, 2026 2:30:05 PM com.github.jinahya.database.metadata.bind.Context bind
WARNING: unknown result; type: Table, label: HSQLDB_TYPE, value: MEMORY
Jan 26, 2026 2:30:05 PM com.github.jinahya.database.metadata.bind.Context bind
WARNING: unknown result; type: Table, label: COMMIT_ACTION, value: null
Jan 26, 2026 2:30:05 PM com.github.jinahya.database.metadata.bind.Context bind
WARNING: unknown result; type: Table, label: READ_ONLY, value: true
Jan 26, 2026 2:30:05 PM com.github.jinahya.database.metadata.bind.Context bind
WARNING: unknown result; type: Table, label: HSQLDB_TYPE, value: MEMORY
Jan 26, 2026 2:30:05 PM com.github.jinahya.database.metadata.bind.Context bind
WARNING: unknown result; type: Table, label: COMMIT_ACTION, value: null
Jan 26, 2026 2:30:05 PM com.github.jinahya.database.metadata.bind.Context bind
WARNING: unknown result; type: Table, label: READ_ONLY, value: true
Jan 26, 2026 2:30:05 PM com.github.jinahya.database.metadata.bind.Context bind
WARNING: unknown result; type: Table, label: HSQLDB_TYPE, value: MEMORY
Jan 26, 2026 2:30:05 PM com.github.jinahya.database.metadata.bind.Context bind
WARNING: unknown result; type: Table, label: COMMIT_ACTION, value: null
Jan 26, 2026 2:30:05 PM com.github.jinahya.database.metadata.bind.Context bind
WARNING: unknown result; type: Table, label: READ_ONLY, value: true
Jan 26, 2026 2:30:05 PM com.github.jinahya.database.metadata.bind.Context bind
WARNING: unknown result; type: Table, label: HSQLDB_TYPE, value: MEMORY
Jan 26, 2026 2:30:05 PM com.github.jinahya.database.metadata.bind.Context bind
WARNING: unknown result; type: Table, label: COMMIT_ACTION, value: null
Jan 26, 2026 2:30:05 PM com.github.jinahya.database.metadata.bind.Context bind
WARNING: unknown result; type: Table, label: READ_ONLY, value: true
Jan 26, 2026 2:30:05 PM com.github.jinahya.database.metadata.bind.Context bind
WARNING: unknown result; type: Table, label: HSQLDB_TYPE, value: MEMORY
Jan 26, 2026 2:30:05 PM com.github.jinahya.database.metadata.bind.Context bind
WARNING: unknown result; type: Table, label: COMMIT_ACTION, value: null
Jan 26, 2026 2:30:05 PM com.github.jinahya.database.metadata.bind.Context bind
WARNING: unknown result; type: Table, label: READ_ONLY, value: true
Jan 26, 2026 2:30:05 PM com.github.jinahya.database.metadata.bind.Context bind
WARNING: unknown result; type: Table, label: HSQLDB_TYPE, value: MEMORY
Jan 26, 2026 2:30:05 PM com.github.jinahya.database.metadata.bind.Context bind
WARNING: unknown result; type: Table, label: COMMIT_ACTION, value: null
Jan 26, 2026 2:30:05 PM com.github.jinahya.database.metadata.bind.Context bind
WARNING: unknown result; type: Table, label: READ_ONLY, value: true
Jan 26, 2026 2:30:05 PM com.github.jinahya.database.metadata.bind.Context bind
WARNING: unknown result; type: Table, label: HSQLDB_TYPE, value: MEMORY
Jan 26, 2026 2:30:05 PM com.github.jinahya.database.metadata.bind.Context bind
WARNING: unknown result; type: Table, label: COMMIT_ACTION, value: null
Jan 26, 2026 2:30:05 PM com.github.jinahya.database.metadata.bind.Context bind
WARNING: unknown result; type: Table, label: READ_ONLY, value: true
Jan 26, 2026 2:30:05 PM com.github.jinahya.database.metadata.bind.Context bind
WARNING: unknown result; type: Table, label: HSQLDB_TYPE, value: MEMORY
Jan 26, 2026 2:30:05 PM com.github.jinahya.database.metadata.bind.Context bind
WARNING: unknown result; type: Table, label: COMMIT_ACTION, value: null
Jan 26, 2026 2:30:05 PM com.github.jinahya.database.metadata.bind.Context bind
WARNING: unknown result; type: Table, label: READ_ONLY, value: true
Jan 26, 2026 2:30:05 PM com.github.jinahya.database.metadata.bind.Context bind
WARNING: unknown result; type: Table, label: HSQLDB_TYPE, value: MEMORY
Jan 26, 2026 2:30:05 PM com.github.jinahya.database.metadata.bind.Context bind
WARNING: unknown result; type: Table, label: COMMIT_ACTION, value: null
Jan 26, 2026 2:30:05 PM com.github.jinahya.database.metadata.bind.Context bind
WARNING: unknown result; type: Table, label: READ_ONLY, value: true
Jan 26, 2026 2:30:05 PM com.github.jinahya.database.metadata.bind.Context bind
WARNING: unknown result; type: Table, label: HSQLDB_TYPE, value: MEMORY
Jan 26, 2026 2:30:05 PM com.github.jinahya.database.metadata.bind.Context bind
WARNING: unknown result; type: Table, label: COMMIT_ACTION, value: null
Jan 26, 2026 2:30:05 PM com.github.jinahya.database.metadata.bind.Context bind
WARNING: unknown result; type: Table, label: READ_ONLY, value: true
Jan 26, 2026 2:30:05 PM com.github.jinahya.database.metadata.bind.Context bind
WARNING: unknown result; type: Table, label: HSQLDB_TYPE, value: MEMORY
Jan 26, 2026 2:30:05 PM com.github.jinahya.database.metadata.bind.Context bind
WARNING: unknown result; type: Table, label: COMMIT_ACTION, value: null
Jan 26, 2026 2:30:05 PM com.github.jinahya.database.metadata.bind.Context bind
WARNING: unknown result; type: Table, label: READ_ONLY, value: true
Jan 26, 2026 2:30:05 PM com.github.jinahya.database.metadata.bind.Context bind
WARNING: unknown result; type: Table, label: HSQLDB_TYPE, value: MEMORY
Jan 26, 2026 2:30:05 PM com.github.jinahya.database.metadata.bind.Context bind
WARNING: unknown result; type: Table, label: COMMIT_ACTION, value: null
Jan 26, 2026 2:30:05 PM com.github.jinahya.database.metadata.bind.Context bind
WARNING: unknown result; type: Table, label: READ_ONLY, value: true
Jan 26, 2026 2:30:05 PM com.github.jinahya.database.metadata.bind.Context bind
WARNING: unknown result; type: Table, label: HSQLDB_TYPE, value: MEMORY
Jan 26, 2026 2:30:05 PM com.github.jinahya.database.metadata.bind.Context bind
WARNING: unknown result; type: Table, label: COMMIT_ACTION, value: null
Jan 26, 2026 2:30:05 PM com.github.jinahya.database.metadata.bind.Context bind
WARNING: unknown result; type: Table, label: READ_ONLY, value: true
Jan 26, 2026 2:30:05 PM com.github.jinahya.database.metadata.bind.Context bind
WARNING: unknown result; type: Table, label: HSQLDB_TYPE, value: MEMORY
Jan 26, 2026 2:30:05 PM com.github.jinahya.database.metadata.bind.Context bind
WARNING: unknown result; type: Table, label: COMMIT_ACTION, value: null
Jan 26, 2026 2:30:05 PM com.github.jinahya.database.metadata.bind.Context bind
WARNING: unknown result; type: Table, label: READ_ONLY, value: true
Jan 26, 2026 2:30:05 PM com.github.jinahya.database.metadata.bind.Context bind
WARNING: unknown result; type: Table, label: HSQLDB_TYPE, value: MEMORY
Jan 26, 2026 2:30:05 PM com.github.jinahya.database.metadata.bind.Context bind
WARNING: unknown result; type: Table, label: COMMIT_ACTION, value: null
Jan 26, 2026 2:30:05 PM com.github.jinahya.database.metadata.bind.Context bind
WARNING: unknown result; type: Table, label: READ_ONLY, value: true
Jan 26, 2026 2:30:05 PM com.github.jinahya.database.metadata.bind.Context bind
WARNING: unknown result; type: Table, label: HSQLDB_TYPE, value: MEMORY
Jan 26, 2026 2:30:05 PM com.github.jinahya.database.metadata.bind.Context bind
WARNING: unknown result; type: Table, label: COMMIT_ACTION, value: null
Jan 26, 2026 2:30:05 PM com.github.jinahya.database.metadata.bind.Context bind
WARNING: unknown result; type: Table, label: READ_ONLY, value: true
Jan 26, 2026 2:30:05 PM com.github.jinahya.database.metadata.bind.Context bind
WARNING: unknown result; type: Table, label: HSQLDB_TYPE, value: MEMORY
Jan 26, 2026 2:30:05 PM com.github.jinahya.database.metadata.bind.Context bind
WARNING: unknown result; type: Table, label: COMMIT_ACTION, value: null
Jan 26, 2026 2:30:05 PM com.github.jinahya.database.metadata.bind.Context bind
WARNING: unknown result; type: Table, label: READ_ONLY, value: true
Jan 26, 2026 2:30:05 PM com.github.jinahya.database.metadata.bind.Context bind
WARNING: unknown result; type: Table, label: HSQLDB_TYPE, value: MEMORY
Jan 26, 2026 2:30:05 PM com.github.jinahya.database.metadata.bind.Context bind
WARNING: unknown result; type: Table, label: COMMIT_ACTION, value: null
Jan 26, 2026 2:30:05 PM com.github.jinahya.database.metadata.bind.Context bind
WARNING: unknown result; type: Table, label: READ_ONLY, value: true
Jan 26, 2026 2:30:05 PM com.github.jinahya.database.metadata.bind.Context bind
WARNING: unknown result; type: Table, label: HSQLDB_TYPE, value: MEMORY
Jan 26, 2026 2:30:05 PM com.github.jinahya.database.metadata.bind.Context bind
WARNING: unknown result; type: Table, label: COMMIT_ACTION, value: null
Jan 26, 2026 2:30:05 PM com.github.jinahya.database.metadata.bind.Context bind
WARNING: unknown result; type: Table, label: READ_ONLY, value: true
Jan 26, 2026 2:30:05 PM com.github.jinahya.database.metadata.bind.Context bind
WARNING: unknown result; type: Table, label: HSQLDB_TYPE, value: MEMORY
Jan 26, 2026 2:30:05 PM com.github.jinahya.database.metadata.bind.Context bind
WARNING: unknown result; type: Table, label: COMMIT_ACTION, value: null
Jan 26, 2026 2:30:05 PM com.github.jinahya.database.metadata.bind.Context bind
WARNING: unknown result; type: Table, label: READ_ONLY, value: true
Jan 26, 2026 2:30:05 PM com.github.jinahya.database.metadata.bind.Context bind
WARNING: unknown result; type: Table, label: HSQLDB_TYPE, value: MEMORY
Jan 26, 2026 2:30:05 PM com.github.jinahya.database.metadata.bind.Context bind
WARNING: unknown result; type: Table, label: COMMIT_ACTION, value: null
Jan 26, 2026 2:30:05 PM com.github.jinahya.database.metadata.bind.Context bind
WARNING: unknown result; type: Table, label: READ_ONLY, value: true
Jan 26, 2026 2:30:05 PM com.github.jinahya.database.metadata.bind.Context bind
WARNING: unknown result; type: Table, label: HSQLDB_TYPE, value: MEMORY
Jan 26, 2026 2:30:05 PM com.github.jinahya.database.metadata.bind.Context bind
WARNING: unknown result; type: Table, label: COMMIT_ACTION, value: null
Jan 26, 2026 2:30:05 PM com.github.jinahya.database.metadata.bind.Context bind
WARNING: unknown result; type: Table, label: READ_ONLY, value: true
Jan 26, 2026 2:30:05 PM com.github.jinahya.database.metadata.bind.Context bind
WARNING: unknown result; type: Table, label: HSQLDB_TYPE, value: MEMORY
Jan 26, 2026 2:30:05 PM com.github.jinahya.database.metadata.bind.Context bind
WARNING: unknown result; type: Table, label: COMMIT_ACTION, value: null
Jan 26, 2026 2:30:05 PM com.github.jinahya.database.metadata.bind.Context bind
WARNING: unknown result; type: Table, label: READ_ONLY, value: true
Jan 26, 2026 2:30:05 PM com.github.jinahya.database.metadata.bind.Context bind
WARNING: unknown result; type: Table, label: HSQLDB_TYPE, value: MEMORY
Jan 26, 2026 2:30:05 PM com.github.jinahya.database.metadata.bind.Context bind
WARNING: unknown result; type: Table, label: COMMIT_ACTION, value: null
Jan 26, 2026 2:30:05 PM com.github.jinahya.database.metadata.bind.Context bind
WARNING: unknown result; type: Table, label: READ_ONLY, value: true
Jan 26, 2026 2:30:05 PM com.github.jinahya.database.metadata.bind.Context bind
WARNING: unknown result; type: Table, label: HSQLDB_TYPE, value: MEMORY
Jan 26, 2026 2:30:05 PM com.github.jinahya.database.metadata.bind.Context bind
WARNING: unknown result; type: Table, label: COMMIT_ACTION, value: null
Jan 26, 2026 2:30:05 PM com.github.jinahya.database.metadata.bind.Context bind
WARNING: unknown result; type: Table, label: READ_ONLY, value: true
Jan 26, 2026 2:30:05 PM com.github.jinahya.database.metadata.bind.Context bind
WARNING: unknown result; type: Table, label: HSQLDB_TYPE, value: MEMORY
Jan 26, 2026 2:30:05 PM com.github.jinahya.database.metadata.bind.Context bind
WARNING: unknown result; type: Table, label: COMMIT_ACTION, value: null
Jan 26, 2026 2:30:05 PM com.github.jinahya.database.metadata.bind.Context bind
WARNING: unknown result; type: Table, label: READ_ONLY, value: true
Jan 26, 2026 2:30:05 PM com.github.jinahya.database.metadata.bind.Context bind
WARNING: unknown result; type: Table, label: HSQLDB_TYPE, value: MEMORY
Jan 26, 2026 2:30:05 PM com.github.jinahya.database.metadata.bind.Context bind
WARNING: unknown result; type: Table, label: COMMIT_ACTION, value: null
Jan 26, 2026 2:30:05 PM com.github.jinahya.database.metadata.bind.Context bind
WARNING: unknown result; type: Table, label: READ_ONLY, value: true
Jan 26, 2026 2:30:05 PM com.github.jinahya.database.metadata.bind.Context bind
WARNING: unknown result; type: Table, label: HSQLDB_TYPE, value: MEMORY
Jan 26, 2026 2:30:05 PM com.github.jinahya.database.metadata.bind.Context bind
WARNING: unknown result; type: Table, label: COMMIT_ACTION, value: null
Jan 26, 2026 2:30:05 PM com.github.jinahya.database.metadata.bind.Context bind
WARNING: unknown result; type: Table, label: READ_ONLY, value: true
Jan 26, 2026 2:30:05 PM com.github.jinahya.database.metadata.bind.Context bind
WARNING: unknown result; type: Table, label: HSQLDB_TYPE, value: MEMORY
Jan 26, 2026 2:30:05 PM com.github.jinahya.database.metadata.bind.Context bind
WARNING: unknown result; type: Table, label: COMMIT_ACTION, value: null
Jan 26, 2026 2:30:05 PM com.github.jinahya.database.metadata.bind.Context bind
WARNING: unknown result; type: Table, label: READ_ONLY, value: true
Jan 26, 2026 2:30:05 PM com.github.jinahya.database.metadata.bind.Context bind
WARNING: unknown result; type: Table, label: HSQLDB_TYPE, value: MEMORY
Jan 26, 2026 2:30:05 PM com.github.jinahya.database.metadata.bind.Context bind
WARNING: unknown result; type: Table, label: COMMIT_ACTION, value: null
Jan 26, 2026 2:30:05 PM com.github.jinahya.database.metadata.bind.Context bind
WARNING: unknown result; type: Table, label: READ_ONLY, value: true
Jan 26, 2026 2:30:05 PM com.github.jinahya.database.metadata.bind.Context bind
WARNING: unknown result; type: Table, label: HSQLDB_TYPE, value: MEMORY
Jan 26, 2026 2:30:05 PM com.github.jinahya.database.metadata.bind.Context bind
WARNING: unknown result; type: Table, label: COMMIT_ACTION, value: null
Jan 26, 2026 2:30:05 PM com.github.jinahya.database.metadata.bind.Context bind
WARNING: unknown result; type: Table, label: READ_ONLY, value: true
Jan 26, 2026 2:30:05 PM com.github.jinahya.database.metadata.bind.Context bind
WARNING: unknown result; type: Table, label: HSQLDB_TYPE, value: MEMORY
Jan 26, 2026 2:30:05 PM com.github.jinahya.database.metadata.bind.Context bind
WARNING: unknown result; type: Table, label: COMMIT_ACTION, value: null
Jan 26, 2026 2:30:05 PM com.github.jinahya.database.metadata.bind.Context bind
WARNING: unknown result; type: Table, label: READ_ONLY, value: true
Jan 26, 2026 2:30:05 PM com.github.jinahya.database.metadata.bind.Context bind
WARNING: unknown result; type: Table, label: HSQLDB_TYPE, value: MEMORY
Jan 26, 2026 2:30:05 PM com.github.jinahya.database.metadata.bind.Context bind
WARNING: unknown result; type: Table, label: COMMIT_ACTION, value: null
Jan 26, 2026 2:30:05 PM com.github.jinahya.database.metadata.bind.Context bind
WARNING: unknown result; type: Table, label: READ_ONLY, value: true
Jan 26, 2026 2:30:05 PM com.github.jinahya.database.metadata.bind.Context bind
WARNING: unknown result; type: Table, label: HSQLDB_TYPE, value: MEMORY
Jan 26, 2026 2:30:05 PM com.github.jinahya.database.metadata.bind.Context bind
WARNING: unknown result; type: Table, label: COMMIT_ACTION, value: null
Jan 26, 2026 2:30:05 PM com.github.jinahya.database.metadata.bind.Context bind
WARNING: unknown result; type: Table, label: READ_ONLY, value: true
Jan 26, 2026 2:30:05 PM com.github.jinahya.database.metadata.bind.Context bind
WARNING: unknown result; type: Table, label: HSQLDB_TYPE, value: MEMORY
Jan 26, 2026 2:30:05 PM com.github.jinahya.database.metadata.bind.Context bind
WARNING: unknown result; type: Table, label: COMMIT_ACTION, value: null
Jan 26, 2026 2:30:05 PM com.github.jinahya.database.metadata.bind.Context bind
WARNING: unknown result; type: Table, label: READ_ONLY, value: true
Jan 26, 2026 2:30:05 PM com.github.jinahya.database.metadata.bind.Context bind
WARNING: unknown result; type: Table, label: HSQLDB_TYPE, value: MEMORY
Jan 26, 2026 2:30:05 PM com.github.jinahya.database.metadata.bind.Context bind
WARNING: unknown result; type: Table, label: COMMIT_ACTION, value: null
Jan 26, 2026 2:30:05 PM com.github.jinahya.database.metadata.bind.Context bind
WARNING: unknown result; type: Table, label: READ_ONLY, value: true
Jan 26, 2026 2:30:05 PM com.github.jinahya.database.metadata.bind.Context bind
WARNING: unknown result; type: Table, label: HSQLDB_TYPE, value: MEMORY
Jan 26, 2026 2:30:05 PM com.github.jinahya.database.metadata.bind.Context bind
WARNING: unknown result; type: Table, label: COMMIT_ACTION, value: null
Jan 26, 2026 2:30:05 PM com.github.jinahya.database.metadata.bind.Context bind
WARNING: unknown result; type: Table, label: READ_ONLY, value: true
Jan 26, 2026 2:30:05 PM com.github.jinahya.database.metadata.bind.Context bind
WARNING: unknown result; type: Table, label: HSQLDB_TYPE, value: MEMORY
Jan 26, 2026 2:30:05 PM com.github.jinahya.database.metadata.bind.Context bind
WARNING: unknown result; type: Table, label: COMMIT_ACTION, value: null
Jan 26, 2026 2:30:05 PM com.github.jinahya.database.metadata.bind.Context bind
WARNING: unknown result; type: Table, label: READ_ONLY, value: true
Jan 26, 2026 2:30:05 PM com.github.jinahya.database.metadata.bind.Context bind
WARNING: unknown result; type: Table, label: HSQLDB_TYPE, value: MEMORY
Jan 26, 2026 2:30:05 PM com.github.jinahya.database.metadata.bind.Context bind
WARNING: unknown result; type: Table, label: COMMIT_ACTION, value: null
Jan 26, 2026 2:30:05 PM com.github.jinahya.database.metadata.bind.Context bind
WARNING: unknown result; type: Table, label: READ_ONLY, value: true
Jan 26, 2026 2:30:05 PM com.github.jinahya.database.metadata.bind.Context bind
WARNING: unknown result; type: Table, label: HSQLDB_TYPE, value: MEMORY
Jan 26, 2026 2:30:05 PM com.github.jinahya.database.metadata.bind.Context bind
WARNING: unknown result; type: Table, label: COMMIT_ACTION, value: null
Jan 26, 2026 2:30:05 PM com.github.jinahya.database.metadata.bind.Context bind
WARNING: unknown result; type: Table, label: READ_ONLY, value: true
Jan 26, 2026 2:30:05 PM com.github.jinahya.database.metadata.bind.Context bind
WARNING: unknown result; type: Table, label: HSQLDB_TYPE, value: MEMORY
Jan 26, 2026 2:30:05 PM com.github.jinahya.database.metadata.bind.Context bind
WARNING: unknown result; type: Table, label: COMMIT_ACTION, value: null
Jan 26, 2026 2:30:05 PM com.github.jinahya.database.metadata.bind.Context bind
WARNING: unknown result; type: Table, label: READ_ONLY, value: true
Jan 26, 2026 2:30:05 PM com.github.jinahya.database.metadata.bind.Context bind
WARNING: unknown result; type: Table, label: HSQLDB_TYPE, value: MEMORY
Jan 26, 2026 2:30:05 PM com.github.jinahya.database.metadata.bind.Context bind
WARNING: unknown result; type: Table, label: COMMIT_ACTION, value: null
Jan 26, 2026 2:30:05 PM com.github.jinahya.database.metadata.bind.Context bind
WARNING: unknown result; type: Table, label: READ_ONLY, value: true
Jan 26, 2026 2:30:05 PM com.github.jinahya.database.metadata.bind.Context bind
WARNING: unknown result; type: Table, label: HSQLDB_TYPE, value: MEMORY
Jan 26, 2026 2:30:05 PM com.github.jinahya.database.metadata.bind.Context bind
WARNING: unknown result; type: Table, label: COMMIT_ACTION, value: null
Jan 26, 2026 2:30:05 PM com.github.jinahya.database.metadata.bind.Context bind
WARNING: unknown result; type: Table, label: READ_ONLY, value: true
Jan 26, 2026 2:30:05 PM com.github.jinahya.database.metadata.bind.Context bind
WARNING: unknown result; type: Table, label: HSQLDB_TYPE, value: MEMORY
Jan 26, 2026 2:30:05 PM com.github.jinahya.database.metadata.bind.Context bind
WARNING: unknown result; type: Table, label: COMMIT_ACTION, value: null
Jan 26, 2026 2:30:05 PM com.github.jinahya.database.metadata.bind.Context bind
WARNING: unknown result; type: Table, label: READ_ONLY, value: true
Jan 26, 2026 2:30:05 PM com.github.jinahya.database.metadata.bind.Context bind
WARNING: unknown result; type: Table, label: HSQLDB_TYPE, value: MEMORY
Jan 26, 2026 2:30:05 PM com.github.jinahya.database.metadata.bind.Context bind
WARNING: unknown result; type: Table, label: COMMIT_ACTION, value: null
Jan 26, 2026 2:30:05 PM com.github.jinahya.database.metadata.bind.Context bind
WARNING: unknown result; type: Table, label: READ_ONLY, value: true
Jan 26, 2026 2:30:05 PM com.github.jinahya.database.metadata.bind.Context bind
WARNING: unknown result; type: Table, label: HSQLDB_TYPE, value: MEMORY
Jan 26, 2026 2:30:05 PM com.github.jinahya.database.metadata.bind.Context bind
WARNING: unknown result; type: Table, label: COMMIT_ACTION, value: null
Jan 26, 2026 2:30:05 PM com.github.jinahya.database.metadata.bind.Context bind
WARNING: unknown result; type: Table, label: READ_ONLY, value: true
Jan 26, 2026 2:30:05 PM com.github.jinahya.database.metadata.bind.Context bind
WARNING: unknown result; type: Table, label: HSQLDB_TYPE, value: MEMORY
Jan 26, 2026 2:30:05 PM com.github.jinahya.database.metadata.bind.Context bind
WARNING: unknown result; type: Table, label: COMMIT_ACTION, value: null
Jan 26, 2026 2:30:05 PM com.github.jinahya.database.metadata.bind.Context bind
WARNING: unknown result; type: Table, label: READ_ONLY, value: true
Jan 26, 2026 2:30:05 PM com.github.jinahya.database.metadata.bind.Context bind
WARNING: unknown result; type: Table, label: HSQLDB_TYPE, value: MEMORY
Jan 26, 2026 2:30:05 PM com.github.jinahya.database.metadata.bind.Context bind
WARNING: unknown result; type: Table, label: COMMIT_ACTION, value: null
Jan 26, 2026 2:30:05 PM com.github.jinahya.database.metadata.bind.Context bind
WARNING: unknown result; type: Table, label: READ_ONLY, value: true
Jan 26, 2026 2:30:05 PM com.github.jinahya.database.metadata.bind.Context bind
WARNING: unknown result; type: Table, label: HSQLDB_TYPE, value: MEMORY
Jan 26, 2026 2:30:05 PM com.github.jinahya.database.metadata.bind.Context bind
WARNING: unknown result; type: Table, label: COMMIT_ACTION, value: null
Jan 26, 2026 2:30:05 PM com.github.jinahya.database.metadata.bind.Context bind
WARNING: unknown result; type: Table, label: READ_ONLY, value: true
Jan 26, 2026 2:30:05 PM com.github.jinahya.database.metadata.bind.Context bind
WARNING: unknown result; type: Table, label: HSQLDB_TYPE, value: MEMORY
Jan 26, 2026 2:30:05 PM com.github.jinahya.database.metadata.bind.Context bind
WARNING: unknown result; type: Table, label: COMMIT_ACTION, value: null
Jan 26, 2026 2:30:05 PM com.github.jinahya.database.metadata.bind.Context bind
WARNING: unknown result; type: Table, label: READ_ONLY, value: true
Jan 26, 2026 2:30:05 PM com.github.jinahya.database.metadata.bind.Context bind
WARNING: unknown result; type: Table, label: HSQLDB_TYPE, value: MEMORY
Jan 26, 2026 2:30:05 PM com.github.jinahya.database.metadata.bind.Context bind
WARNING: unknown result; type: Table, label: COMMIT_ACTION, value: null
Jan 26, 2026 2:30:05 PM com.github.jinahya.database.metadata.bind.Context bind
WARNING: unknown result; type: Table, label: READ_ONLY, value: true
Jan 26, 2026 2:30:05 PM com.github.jinahya.database.metadata.bind.Context bind
WARNING: unknown result; type: Table, label: HSQLDB_TYPE, value: MEMORY
Jan 26, 2026 2:30:05 PM com.github.jinahya.database.metadata.bind.Context bind
WARNING: unknown result; type: Table, label: COMMIT_ACTION, value: null
Jan 26, 2026 2:30:05 PM com.github.jinahya.database.metadata.bind.Context bind
WARNING: unknown result; type: Table, label: READ_ONLY, value: true
Jan 26, 2026 2:30:05 PM com.github.jinahya.database.metadata.bind.Context bind
WARNING: unknown result; type: Table, label: HSQLDB_TYPE, value: MEMORY
Jan 26, 2026 2:30:05 PM com.github.jinahya.database.metadata.bind.Context bind
WARNING: unknown result; type: Table, label: COMMIT_ACTION, value: null
Jan 26, 2026 2:30:05 PM com.github.jinahya.database.metadata.bind.Context bind
WARNING: unknown result; type: Table, label: READ_ONLY, value: true
Jan 26, 2026 2:30:05 PM com.github.jinahya.database.metadata.bind.Context bind
WARNING: unknown result; type: Table, label: HSQLDB_TYPE, value: MEMORY
Jan 26, 2026 2:30:05 PM com.github.jinahya.database.metadata.bind.Context bind
WARNING: unknown result; type: Table, label: COMMIT_ACTION, value: null
Jan 26, 2026 2:30:05 PM com.github.jinahya.database.metadata.bind.Context bind
WARNING: unknown result; type: Table, label: READ_ONLY, value: true
Jan 26, 2026 2:30:05 PM com.github.jinahya.database.metadata.bind.Context bind
WARNING: unknown result; type: Table, label: HSQLDB_TYPE, value: MEMORY
Jan 26, 2026 2:30:05 PM com.github.jinahya.database.metadata.bind.Context bind
WARNING: unknown result; type: Procedure, label: COL_4, value: null
Jan 26, 2026 2:30:05 PM com.github.jinahya.database.metadata.bind.Context bind
WARNING: unknown result; type: Procedure, label: COL_6, value: null
Jan 26, 2026 2:30:05 PM com.github.jinahya.database.metadata.bind.Context bind
WARNING: unknown result; type: Procedure, label: COL_5, value: null
Jan 26, 2026 2:30:05 PM com.github.jinahya.database.metadata.bind.Context bind
WARNING: unknown result; type: Procedure, label: COL_4, value: null
Jan 26, 2026 2:30:05 PM com.github.jinahya.database.metadata.bind.Context bind
WARNING: unknown result; type: Procedure, label: COL_6, value: null
Jan 26, 2026 2:30:05 PM com.github.jinahya.database.metadata.bind.Context bind
WARNING: unknown result; type: Procedure, label: COL_5, value: null
Jan 26, 2026 2:30:05 PM com.github.jinahya.database.metadata.bind.Context bind
WARNING: unknown result; type: Procedure, label: COL_4, value: null
Jan 26, 2026 2:30:05 PM com.github.jinahya.database.metadata.bind.Context bind
WARNING: unknown result; type: Procedure, label: COL_6, value: null
Jan 26, 2026 2:30:05 PM com.github.jinahya.database.metadata.bind.Context bind
WARNING: unknown result; type: Procedure, label: COL_5, value: null
Jan 26, 2026 2:30:05 PM com.github.jinahya.database.metadata.bind.Context bind
WARNING: unknown result; type: Procedure, label: COL_4, value: null
Jan 26, 2026 2:30:05 PM com.github.jinahya.database.metadata.bind.Context bind
WARNING: unknown result; type: Procedure, label: COL_6, value: null
Jan 26, 2026 2:30:05 PM com.github.jinahya.database.metadata.bind.Context bind
WARNING: unknown result; type: Procedure, label: COL_5, value: null
Jan 26, 2026 2:30:05 PM com.github.jinahya.database.metadata.bind.Context bind
WARNING: unknown result; type: Procedure, label: COL_4, value: null
Jan 26, 2026 2:30:05 PM com.github.jinahya.database.metadata.bind.Context bind
WARNING: unknown result; type: Procedure, label: COL_6, value: null
Jan 26, 2026 2:30:05 PM com.github.jinahya.database.metadata.bind.Context bind
WARNING: unknown result; type: Procedure, label: COL_5, value: null
Jan 26, 2026 2:30:05 PM com.github.jinahya.database.metadata.bind.Context bind
WARNING: unknown result; type: Procedure, label: COL_4, value: null
Jan 26, 2026 2:30:05 PM com.github.jinahya.database.metadata.bind.Context bind
WARNING: unknown result; type: Procedure, label: COL_6, value: null
Jan 26, 2026 2:30:05 PM com.github.jinahya.database.metadata.bind.Context bind
WARNING: unknown result; type: Procedure, label: COL_5, value: null
Jan 26, 2026 2:30:05 PM com.github.jinahya.database.metadata.bind.Context bind
WARNING: unknown result; type: Procedure, label: COL_4, value: null
Jan 26, 2026 2:30:05 PM com.github.jinahya.database.metadata.bind.Context bind
WARNING: unknown result; type: Procedure, label: COL_6, value: null
Jan 26, 2026 2:30:05 PM com.github.jinahya.database.metadata.bind.Context bind
WARNING: unknown result; type: Procedure, label: COL_5, value: null
Jan 26, 2026 2:30:05 PM com.github.jinahya.database.metadata.bind.Context bind
WARNING: unknown result; type: Procedure, label: COL_4, value: null
Jan 26, 2026 2:30:05 PM com.github.jinahya.database.metadata.bind.Context bind
WARNING: unknown result; type: Procedure, label: COL_6, value: null
Jan 26, 2026 2:30:05 PM com.github.jinahya.database.metadata.bind.Context bind
WARNING: unknown result; type: Procedure, label: COL_5, value: null
Jan 26, 2026 2:30:05 PM com.github.jinahya.database.metadata.bind.Context bind
WARNING: unknown result; type: Procedure, label: COL_4, value: null
Jan 26, 2026 2:30:05 PM com.github.jinahya.database.metadata.bind.Context bind
WARNING: unknown result; type: Procedure, label: COL_6, value: null
Jan 26, 2026 2:30:05 PM com.github.jinahya.database.metadata.bind.Context bind
WARNING: unknown result; type: Procedure, label: COL_5, value: null
Jan 26, 2026 2:30:05 PM com.github.jinahya.database.metadata.bind.Context bind
WARNING: unknown result; type: Procedure, label: COL_4, value: null
Jan 26, 2026 2:30:05 PM com.github.jinahya.database.metadata.bind.Context bind
WARNING: unknown result; type: Procedure, label: COL_6, value: null
Jan 26, 2026 2:30:05 PM com.github.jinahya.database.metadata.bind.Context bind
WARNING: unknown result; type: Procedure, label: COL_5, value: null
Jan 26, 2026 2:30:05 PM com.github.jinahya.database.metadata.bind.Context bind
WARNING: unknown result; type: Table, label: COMMIT_ACTION, value: null
Jan 26, 2026 2:30:05 PM com.github.jinahya.database.metadata.bind.Context bind
WARNING: unknown result; type: Table, label: READ_ONLY, value: false
Jan 26, 2026 2:30:05 PM com.github.jinahya.database.metadata.bind.Context bind
WARNING: unknown result; type: Table, label: HSQLDB_TYPE, value: MEMORY
Jan 26, 2026 2:30:05 PM com.github.jinahya.database.metadata.bind.Context bind
WARNING: unknown result; type: Table, label: COMMIT_ACTION, value: null
Jan 26, 2026 2:30:05 PM com.github.jinahya.database.metadata.bind.Context bind
WARNING: unknown result; type: Table, label: READ_ONLY, value: false
Jan 26, 2026 2:30:05 PM com.github.jinahya.database.metadata.bind.Context bind
WARNING: unknown result; type: Table, label: HSQLDB_TYPE, value: MEMORY
Jan 26, 2026 2:30:05 PM com.github.jinahya.database.metadata.bind.Context bind
WARNING: unknown result; type: Table, label: COMMIT_ACTION, value: null
Jan 26, 2026 2:30:05 PM com.github.jinahya.database.metadata.bind.Context bind
WARNING: unknown result; type: Table, label: READ_ONLY, value: false
Jan 26, 2026 2:30:05 PM com.github.jinahya.database.metadata.bind.Context bind
WARNING: unknown result; type: Table, label: HSQLDB_TYPE, value: MEMORY
Jan 26, 2026 2:30:05 PM com.github.jinahya.database.metadata.bind.Context bind
WARNING: unknown result; type: Table, label: COMMIT_ACTION, value: null
Jan 26, 2026 2:30:05 PM com.github.jinahya.database.metadata.bind.Context bind
WARNING: unknown result; type: Table, label: READ_ONLY, value: false
Jan 26, 2026 2:30:05 PM com.github.jinahya.database.metadata.bind.Context bind
WARNING: unknown result; type: Table, label: HSQLDB_TYPE, value: MEMORY
Jan 26, 2026 2:30:05 PM com.github.jinahya.database.metadata.bind.Context bind
WARNING: unknown result; type: IndexInfo, label: ROW_CARDINALITY, value: null
Jan 26, 2026 2:30:05 PM com.github.jinahya.database.metadata.bind.Context bind
WARNING: unknown result; type: IndexInfo, label: ROW_CARDINALITY, value: null
Jan 26, 2026 2:30:05 PM com.github.jinahya.database.metadata.bind.Context bind
WARNING: unknown result; type: IndexInfo, label: ROW_CARDINALITY, value: null
Jan 26, 2026 2:30:05 PM com.github.jinahya.database.metadata.bind.Context bind
WARNING: unknown result; type: IndexInfo, label: ROW_CARDINALITY, value: null
Jan 26, 2026 2:30:05 PM com.github.jinahya.database.metadata.bind.Context bind
WARNING: unknown result; type: IndexInfo, label: ROW_CARDINALITY, value: null
Jan 26, 2026 2:30:05 PM com.github.jinahya.database.metadata.bind.Context bind
WARNING: unknown result; type: IndexInfo, label: ROW_CARDINALITY, value: null
Jan 26, 2026 2:30:05 PM com.github.jinahya.database.metadata.bind.Context bind
WARNING: unknown result; type: IndexInfo, label: ROW_CARDINALITY, value: null
Jan 26, 2026 2:30:05 PM com.github.jinahya.database.metadata.bind.Context bind
WARNING: unknown result; type: IndexInfo, label: ROW_CARDINALITY, value: null
Jan 26, 2026 2:30:05 PM com.github.jinahya.database.metadata.bind.Context bind
WARNING: unknown result; type: IndexInfo, label: ROW_CARDINALITY, value: null
Jan 26, 2026 2:30:05 PM com.github.jinahya.database.metadata.bind.Context bind
WARNING: unknown result; type: IndexInfo, label: ROW_CARDINALITY, value: null
Jan 26, 2026 2:30:05 PM com.github.jinahya.database.metadata.bind.Context bind
WARNING: unknown result; type: IndexInfo, label: ROW_CARDINALITY, value: null
Jan 26, 2026 2:30:05 PM com.github.jinahya.database.metadata.bind.Context bind
WARNING: unknown result; type: IndexInfo, label: ROW_CARDINALITY, value: null
Jan 26, 2026 2:30:05 PM com.github.jinahya.database.metadata.bind.Context bind
WARNING: unknown result; type: IndexInfo, label: ROW_CARDINALITY, value: null
Jan 26, 2026 2:30:05 PM com.github.jinahya.database.metadata.bind.Context bind
WARNING: unknown result; type: IndexInfo, label: ROW_CARDINALITY, value: null
Jan 26, 2026 2:30:05 PM com.github.jinahya.database.metadata.bind.Context bind
WARNING: unknown result; type: IndexInfo, label: ROW_CARDINALITY, value: null
Jan 26, 2026 2:30:05 PM com.github.jinahya.database.metadata.bind.Context bind
WARNING: unknown result; type: IndexInfo, label: ROW_CARDINALITY, value: null
Jan 26, 2026 2:30:05 PM com.github.jinahya.database.metadata.bind.Context bind
WARNING: unknown result; type: IndexInfo, label: ROW_CARDINALITY, value: null
Jan 26, 2026 2:30:05 PM com.github.jinahya.database.metadata.bind.Context bind
WARNING: unknown result; type: IndexInfo, label: ROW_CARDINALITY, value: null
Jan 26, 2026 2:30:05 PM com.github.jinahya.database.metadata.bind.Context bind
WARNING: unknown result; type: IndexInfo, label: ROW_CARDINALITY, value: null
Jan 26, 2026 2:30:05 PM com.github.jinahya.database.metadata.bind.Context bind
WARNING: unknown result; type: IndexInfo, label: ROW_CARDINALITY, value: null
Jan 26, 2026 2:30:05 PM com.github.jinahya.database.metadata.bind.Context bind
WARNING: unknown result; type: IndexInfo, label: ROW_CARDINALITY, value: null
Jan 26, 2026 2:30:05 PM com.github.jinahya.database.metadata.bind.Context bind
WARNING: unknown result; type: IndexInfo, label: ROW_CARDINALITY, value: null
Jan 26, 2026 2:30:05 PM com.github.jinahya.database.metadata.bind.Context bind
WARNING: unknown result; type: IndexInfo, label: ROW_CARDINALITY, value: null
Jan 26, 2026 2:30:05 PM com.github.jinahya.database.metadata.bind.Context bind
WARNING: unknown result; type: IndexInfo, label: ROW_CARDINALITY, value: null
Jan 26, 2026 2:30:05 PM com.github.jinahya.database.metadata.bind.Context bind
WARNING: unknown result; type: IndexInfo, label: ROW_CARDINALITY, value: null
Jan 26, 2026 2:30:05 PM com.github.jinahya.database.metadata.bind.Context bind
WARNING: unknown result; type: IndexInfo, label: ROW_CARDINALITY, value: null
Jan 26, 2026 2:30:05 PM com.github.jinahya.database.metadata.bind.Context bind
WARNING: unknown result; type: IndexInfo, label: ROW_CARDINALITY, value: null
Jan 26, 2026 2:30:05 PM com.github.jinahya.database.metadata.bind.Context bind
WARNING: unknown result; type: IndexInfo, label: ROW_CARDINALITY, value: null
Jan 26, 2026 2:30:05 PM com.github.jinahya.database.metadata.bind.Context bind
WARNING: unknown result; type: IndexInfo, label: ROW_CARDINALITY, value: null
Jan 26, 2026 2:30:05 PM com.github.jinahya.database.metadata.bind.Context bind
WARNING: unknown result; type: IndexInfo, label: ROW_CARDINALITY, value: null
Jan 26, 2026 2:30:05 PM com.github.jinahya.database.metadata.bind.Context bind
WARNING: unknown result; type: IndexInfo, label: ROW_CARDINALITY, value: null
Jan 26, 2026 2:30:05 PM com.github.jinahya.database.metadata.bind.Context bind
WARNING: unknown result; type: IndexInfo, label: ROW_CARDINALITY, value: null
Jan 26, 2026 2:30:05 PM com.github.jinahya.database.metadata.bind.Context bind
WARNING: unknown result; type: Table, label: COMMIT_ACTION, value: null
Jan 26, 2026 2:30:05 PM com.github.jinahya.database.metadata.bind.Context bind
WARNING: unknown result; type: Table, label: READ_ONLY, value: true
Jan 26, 2026 2:30:05 PM com.github.jinahya.database.metadata.bind.Context bind
WARNING: unknown result; type: Table, label: HSQLDB_TYPE, value: MEMORY
Jan 26, 2026 2:30:05 PM com.github.jinahya.database.metadata.bind.Context bind
WARNING: unknown result; type: Table, label: COMMIT_ACTION, value: null
Jan 26, 2026 2:30:05 PM com.github.jinahya.database.metadata.bind.Context bind
WARNING: unknown result; type: Table, label: READ_ONLY, value: true
Jan 26, 2026 2:30:05 PM com.github.jinahya.database.metadata.bind.Context bind
WARNING: unknown result; type: Table, label: HSQLDB_TYPE, value: MEMORY
Jan 26, 2026 2:30:05 PM com.github.jinahya.database.metadata.bind.Context bind
WARNING: unknown result; type: Table, label: COMMIT_ACTION, value: null
Jan 26, 2026 2:30:05 PM com.github.jinahya.database.metadata.bind.Context bind
WARNING: unknown result; type: Table, label: READ_ONLY, value: true
Jan 26, 2026 2:30:05 PM com.github.jinahya.database.metadata.bind.Context bind
WARNING: unknown result; type: Table, label: HSQLDB_TYPE, value: MEMORY
Jan 26, 2026 2:30:05 PM com.github.jinahya.database.metadata.bind.Context bind
WARNING: unknown result; type: Table, label: COMMIT_ACTION, value: null
Jan 26, 2026 2:30:05 PM com.github.jinahya.database.metadata.bind.Context bind
WARNING: unknown result; type: Table, label: READ_ONLY, value: true
Jan 26, 2026 2:30:05 PM com.github.jinahya.database.metadata.bind.Context bind
WARNING: unknown result; type: Table, label: HSQLDB_TYPE, value: MEMORY
Jan 26, 2026 2:30:05 PM com.github.jinahya.database.metadata.bind.Context bind
WARNING: unknown result; type: Table, label: COMMIT_ACTION, value: null
Jan 26, 2026 2:30:05 PM com.github.jinahya.database.metadata.bind.Context bind
WARNING: unknown result; type: Table, label: READ_ONLY, value: true
Jan 26, 2026 2:30:05 PM com.github.jinahya.database.metadata.bind.Context bind
WARNING: unknown result; type: Table, label: HSQLDB_TYPE, value: MEMORY
Jan 26, 2026 2:30:05 PM com.github.jinahya.database.metadata.bind.Context bind
WARNING: unknown result; type: Table, label: COMMIT_ACTION, value: null
Jan 26, 2026 2:30:05 PM com.github.jinahya.database.metadata.bind.Context bind
WARNING: unknown result; type: Table, label: READ_ONLY, value: true
Jan 26, 2026 2:30:05 PM com.github.jinahya.database.metadata.bind.Context bind
WARNING: unknown result; type: Table, label: HSQLDB_TYPE, value: MEMORY
Jan 26, 2026 2:30:05 PM com.github.jinahya.database.metadata.bind.Context bind
WARNING: unknown result; type: Table, label: COMMIT_ACTION, value: null
Jan 26, 2026 2:30:05 PM com.github.jinahya.database.metadata.bind.Context bind
WARNING: unknown result; type: Table, label: READ_ONLY, value: true
Jan 26, 2026 2:30:05 PM com.github.jinahya.database.metadata.bind.Context bind
WARNING: unknown result; type: Table, label: HSQLDB_TYPE, value: MEMORY
Jan 26, 2026 2:30:05 PM com.github.jinahya.database.metadata.bind.Context bind
WARNING: unknown result; type: Table, label: COMMIT_ACTION, value: null
Jan 26, 2026 2:30:05 PM com.github.jinahya.database.metadata.bind.Context bind
WARNING: unknown result; type: Table, label: READ_ONLY, value: true
Jan 26, 2026 2:30:05 PM com.github.jinahya.database.metadata.bind.Context bind
WARNING: unknown result; type: Table, label: HSQLDB_TYPE, value: MEMORY
Jan 26, 2026 2:30:05 PM com.github.jinahya.database.metadata.bind.Context bind
WARNING: unknown result; type: Table, label: COMMIT_ACTION, value: null
Jan 26, 2026 2:30:05 PM com.github.jinahya.database.metadata.bind.Context bind
WARNING: unknown result; type: Table, label: READ_ONLY, value: true
Jan 26, 2026 2:30:05 PM com.github.jinahya.database.metadata.bind.Context bind
WARNING: unknown result; type: Table, label: HSQLDB_TYPE, value: MEMORY
Jan 26, 2026 2:30:05 PM com.github.jinahya.database.metadata.bind.Context bind
WARNING: unknown result; type: Table, label: COMMIT_ACTION, value: null
Jan 26, 2026 2:30:05 PM com.github.jinahya.database.metadata.bind.Context bind
WARNING: unknown result; type: Table, label: READ_ONLY, value: true
Jan 26, 2026 2:30:05 PM com.github.jinahya.database.metadata.bind.Context bind
WARNING: unknown result; type: Table, label: HSQLDB_TYPE, value: MEMORY
Jan 26, 2026 2:30:05 PM com.github.jinahya.database.metadata.bind.Context bind
WARNING: unknown result; type: Table, label: COMMIT_ACTION, value: null
Jan 26, 2026 2:30:05 PM com.github.jinahya.database.metadata.bind.Context bind
WARNING: unknown result; type: Table, label: READ_ONLY, value: true
Jan 26, 2026 2:30:05 PM com.github.jinahya.database.metadata.bind.Context bind
WARNING: unknown result; type: Table, label: HSQLDB_TYPE, value: MEMORY
Jan 26, 2026 2:30:05 PM com.github.jinahya.database.metadata.bind.Context bind
WARNING: unknown result; type: Table, label: COMMIT_ACTION, value: null
Jan 26, 2026 2:30:05 PM com.github.jinahya.database.metadata.bind.Context bind
WARNING: unknown result; type: Table, label: READ_ONLY, value: true
Jan 26, 2026 2:30:05 PM com.github.jinahya.database.metadata.bind.Context bind
WARNING: unknown result; type: Table, label: HSQLDB_TYPE, value: MEMORY
Jan 26, 2026 2:30:05 PM com.github.jinahya.database.metadata.bind.Context bind
WARNING: unknown result; type: Table, label: COMMIT_ACTION, value: null
Jan 26, 2026 2:30:05 PM com.github.jinahya.database.metadata.bind.Context bind
WARNING: unknown result; type: Table, label: READ_ONLY, value: true
Jan 26, 2026 2:30:05 PM com.github.jinahya.database.metadata.bind.Context bind
WARNING: unknown result; type: Table, label: HSQLDB_TYPE, value: MEMORY
Jan 26, 2026 2:30:05 PM com.github.jinahya.database.metadata.bind.Context bind
WARNING: unknown result; type: Table, label: COMMIT_ACTION, value: null
Jan 26, 2026 2:30:05 PM com.github.jinahya.database.metadata.bind.Context bind
WARNING: unknown result; type: Table, label: READ_ONLY, value: true
Jan 26, 2026 2:30:05 PM com.github.jinahya.database.metadata.bind.Context bind
WARNING: unknown result; type: Table, label: HSQLDB_TYPE, value: MEMORY
Jan 26, 2026 2:30:05 PM com.github.jinahya.database.metadata.bind.Context bind
WARNING: unknown result; type: Table, label: COMMIT_ACTION, value: null
Jan 26, 2026 2:30:05 PM com.github.jinahya.database.metadata.bind.Context bind
WARNING: unknown result; type: Table, label: READ_ONLY, value: true
Jan 26, 2026 2:30:05 PM com.github.jinahya.database.metadata.bind.Context bind
WARNING: unknown result; type: Table, label: HSQLDB_TYPE, value: MEMORY
Jan 26, 2026 2:30:05 PM com.github.jinahya.database.metadata.bind.Context bind
WARNING: unknown result; type: Table, label: COMMIT_ACTION, value: null
Jan 26, 2026 2:30:05 PM com.github.jinahya.database.metadata.bind.Context bind
WARNING: unknown result; type: Table, label: READ_ONLY, value: true
Jan 26, 2026 2:30:05 PM com.github.jinahya.database.metadata.bind.Context bind
WARNING: unknown result; type: Table, label: HSQLDB_TYPE, value: MEMORY
Jan 26, 2026 2:30:05 PM com.github.jinahya.database.metadata.bind.Context bind
WARNING: unknown result; type: Table, label: COMMIT_ACTION, value: null
Jan 26, 2026 2:30:05 PM com.github.jinahya.database.metadata.bind.Context bind
WARNING: unknown result; type: Table, label: READ_ONLY, value: true
Jan 26, 2026 2:30:05 PM com.github.jinahya.database.metadata.bind.Context bind
WARNING: unknown result; type: Table, label: HSQLDB_TYPE, value: MEMORY
Jan 26, 2026 2:30:05 PM com.github.jinahya.database.metadata.bind.Context bind
WARNING: unknown result; type: Table, label: COMMIT_ACTION, value: null
Jan 26, 2026 2:30:05 PM com.github.jinahya.database.metadata.bind.Context bind
WARNING: unknown result; type: Table, label: READ_ONLY, value: true
Jan 26, 2026 2:30:05 PM com.github.jinahya.database.metadata.bind.Context bind
WARNING: unknown result; type: Table, label: HSQLDB_TYPE, value: MEMORY
Jan 26, 2026 2:30:05 PM com.github.jinahya.database.metadata.bind.Context bind
WARNING: unknown result; type: Table, label: COMMIT_ACTION, value: null
Jan 26, 2026 2:30:05 PM com.github.jinahya.database.metadata.bind.Context bind
WARNING: unknown result; type: Table, label: READ_ONLY, value: true
Jan 26, 2026 2:30:05 PM com.github.jinahya.database.metadata.bind.Context bind
WARNING: unknown result; type: Table, label: HSQLDB_TYPE, value: MEMORY
Jan 26, 2026 2:30:05 PM com.github.jinahya.database.metadata.bind.Context bind
WARNING: unknown result; type: Table, label: COMMIT_ACTION, value: null
Jan 26, 2026 2:30:05 PM com.github.jinahya.database.metadata.bind.Context bind
WARNING: unknown result; type: Table, label: READ_ONLY, value: true
Jan 26, 2026 2:30:05 PM com.github.jinahya.database.metadata.bind.Context bind
WARNING: unknown result; type: Table, label: HSQLDB_TYPE, value: MEMORY
Jan 26, 2026 2:30:05 PM com.github.jinahya.database.metadata.bind.Context bind
WARNING: unknown result; type: Table, label: COMMIT_ACTION, value: null
Jan 26, 2026 2:30:05 PM com.github.jinahya.database.metadata.bind.Context bind
WARNING: unknown result; type: Table, label: READ_ONLY, value: true
Jan 26, 2026 2:30:05 PM com.github.jinahya.database.metadata.bind.Context bind
WARNING: unknown result; type: Table, label: HSQLDB_TYPE, value: MEMORY
Jan 26, 2026 2:30:05 PM com.github.jinahya.database.metadata.bind.Context bind
WARNING: unknown result; type: Table, label: COMMIT_ACTION, value: null
Jan 26, 2026 2:30:05 PM com.github.jinahya.database.metadata.bind.Context bind
WARNING: unknown result; type: Table, label: READ_ONLY, value: true
Jan 26, 2026 2:30:05 PM com.github.jinahya.database.metadata.bind.Context bind
WARNING: unknown result; type: Table, label: HSQLDB_TYPE, value: MEMORY
Jan 26, 2026 2:30:05 PM com.github.jinahya.database.metadata.bind.Context bind
WARNING: unknown result; type: Table, label: COMMIT_ACTION, value: null
Jan 26, 2026 2:30:05 PM com.github.jinahya.database.metadata.bind.Context bind
WARNING: unknown result; type: Table, label: READ_ONLY, value: true
Jan 26, 2026 2:30:05 PM com.github.jinahya.database.metadata.bind.Context bind
WARNING: unknown result; type: Table, label: HSQLDB_TYPE, value: MEMORY
Jan 26, 2026 2:30:05 PM com.github.jinahya.database.metadata.bind.Context bind
WARNING: unknown result; type: Table, label: COMMIT_ACTION, value: null
Jan 26, 2026 2:30:05 PM com.github.jinahya.database.metadata.bind.Context bind
WARNING: unknown result; type: Table, label: READ_ONLY, value: true
Jan 26, 2026 2:30:05 PM com.github.jinahya.database.metadata.bind.Context bind
WARNING: unknown result; type: Table, label: HSQLDB_TYPE, value: MEMORY
Jan 26, 2026 2:30:05 PM com.github.jinahya.database.metadata.bind.Context bind
WARNING: unknown result; type: Table, label: COMMIT_ACTION, value: null
Jan 26, 2026 2:30:05 PM com.github.jinahya.database.metadata.bind.Context bind
WARNING: unknown result; type: Table, label: READ_ONLY, value: true
Jan 26, 2026 2:30:05 PM com.github.jinahya.database.metadata.bind.Context bind
WARNING: unknown result; type: Table, label: HSQLDB_TYPE, value: MEMORY
Jan 26, 2026 2:30:05 PM com.github.jinahya.database.metadata.bind.Context bind
WARNING: unknown result; type: Table, label: COMMIT_ACTION, value: null
Jan 26, 2026 2:30:05 PM com.github.jinahya.database.metadata.bind.Context bind
WARNING: unknown result; type: Table, label: READ_ONLY, value: true
Jan 26, 2026 2:30:05 PM com.github.jinahya.database.metadata.bind.Context bind
WARNING: unknown result; type: Table, label: HSQLDB_TYPE, value: MEMORY
Jan 26, 2026 2:30:05 PM com.github.jinahya.database.metadata.bind.Context bind
WARNING: unknown result; type: Table, label: COMMIT_ACTION, value: null
Jan 26, 2026 2:30:05 PM com.github.jinahya.database.metadata.bind.Context bind
WARNING: unknown result; type: Table, label: READ_ONLY, value: true
Jan 26, 2026 2:30:05 PM com.github.jinahya.database.metadata.bind.Context bind
WARNING: unknown result; type: Table, label: HSQLDB_TYPE, value: MEMORY
Jan 26, 2026 2:30:05 PM com.github.jinahya.database.metadata.bind.Context bind
WARNING: unknown result; type: Table, label: COMMIT_ACTION, value: null
Jan 26, 2026 2:30:05 PM com.github.jinahya.database.metadata.bind.Context bind
WARNING: unknown result; type: Table, label: READ_ONLY, value: true
Jan 26, 2026 2:30:05 PM com.github.jinahya.database.metadata.bind.Context bind
WARNING: unknown result; type: Table, label: HSQLDB_TYPE, value: MEMORY
Jan 26, 2026 2:30:05 PM com.github.jinahya.database.metadata.bind.Context bind
WARNING: unknown result; type: Table, label: COMMIT_ACTION, value: null
Jan 26, 2026 2:30:05 PM com.github.jinahya.database.metadata.bind.Context bind
WARNING: unknown result; type: Table, label: READ_ONLY, value: true
Jan 26, 2026 2:30:05 PM com.github.jinahya.database.metadata.bind.Context bind
WARNING: unknown result; type: Table, label: HSQLDB_TYPE, value: MEMORY
Jan 26, 2026 2:30:05 PM com.github.jinahya.database.metadata.bind.Context bind
WARNING: unknown result; type: Table, label: COMMIT_ACTION, value: null
Jan 26, 2026 2:30:05 PM com.github.jinahya.database.metadata.bind.Context bind
WARNING: unknown result; type: Table, label: READ_ONLY, value: true
Jan 26, 2026 2:30:05 PM com.github.jinahya.database.metadata.bind.Context bind
WARNING: unknown result; type: Table, label: HSQLDB_TYPE, value: MEMORY
Jan 26, 2026 2:30:05 PM com.github.jinahya.database.metadata.bind.Context bind
WARNING: unknown result; type: Table, label: COMMIT_ACTION, value: null
Jan 26, 2026 2:30:05 PM com.github.jinahya.database.metadata.bind.Context bind
WARNING: unknown result; type: Table, label: READ_ONLY, value: true
Jan 26, 2026 2:30:05 PM com.github.jinahya.database.metadata.bind.Context bind
WARNING: unknown result; type: Table, label: HSQLDB_TYPE, value: MEMORY
Jan 26, 2026 2:30:05 PM com.github.jinahya.database.metadata.bind.Context bind
WARNING: unknown result; type: Table, label: COMMIT_ACTION, value: null
Jan 26, 2026 2:30:05 PM com.github.jinahya.database.metadata.bind.Context bind
WARNING: unknown result; type: Table, label: READ_ONLY, value: true
Jan 26, 2026 2:30:05 PM com.github.jinahya.database.metadata.bind.Context bind
WARNING: unknown result; type: Table, label: HSQLDB_TYPE, value: MEMORY
Jan 26, 2026 2:30:05 PM com.github.jinahya.database.metadata.bind.Context bind
WARNING: unknown result; type: Table, label: COMMIT_ACTION, value: null
Jan 26, 2026 2:30:05 PM com.github.jinahya.database.metadata.bind.Context bind
WARNING: unknown result; type: Table, label: READ_ONLY, value: true
Jan 26, 2026 2:30:05 PM com.github.jinahya.database.metadata.bind.Context bind
WARNING: unknown result; type: Table, label: HSQLDB_TYPE, value: MEMORY
Jan 26, 2026 2:30:05 PM com.github.jinahya.database.metadata.bind.Context bind
WARNING: unknown result; type: Table, label: COMMIT_ACTION, value: null
Jan 26, 2026 2:30:05 PM com.github.jinahya.database.metadata.bind.Context bind
WARNING: unknown result; type: Table, label: READ_ONLY, value: true
Jan 26, 2026 2:30:05 PM com.github.jinahya.database.metadata.bind.Context bind
WARNING: unknown result; type: Table, label: HSQLDB_TYPE, value: MEMORY
Jan 26, 2026 2:30:05 PM com.github.jinahya.database.metadata.bind.Context bind
WARNING: unknown result; type: Table, label: COMMIT_ACTION, value: null
Jan 26, 2026 2:30:05 PM com.github.jinahya.database.metadata.bind.Context bind
WARNING: unknown result; type: Table, label: READ_ONLY, value: true
Jan 26, 2026 2:30:05 PM com.github.jinahya.database.metadata.bind.Context bind
WARNING: unknown result; type: Table, label: HSQLDB_TYPE, value: MEMORY
Jan 26, 2026 2:30:05 PM com.github.jinahya.database.metadata.bind.Context bind
WARNING: unknown result; type: Table, label: COMMIT_ACTION, value: null
Jan 26, 2026 2:30:05 PM com.github.jinahya.database.metadata.bind.Context bind
WARNING: unknown result; type: Table, label: READ_ONLY, value: true
Jan 26, 2026 2:30:05 PM com.github.jinahya.database.metadata.bind.Context bind
WARNING: unknown result; type: Table, label: HSQLDB_TYPE, value: MEMORY
Jan 26, 2026 2:30:05 PM com.github.jinahya.database.metadata.bind.Context bind
WARNING: unknown result; type: Table, label: COMMIT_ACTION, value: null
Jan 26, 2026 2:30:05 PM com.github.jinahya.database.metadata.bind.Context bind
WARNING: unknown result; type: Table, label: READ_ONLY, value: true
Jan 26, 2026 2:30:05 PM com.github.jinahya.database.metadata.bind.Context bind
WARNING: unknown result; type: Table, label: HSQLDB_TYPE, value: MEMORY
Jan 26, 2026 2:30:05 PM com.github.jinahya.database.metadata.bind.Context bind
WARNING: unknown result; type: Table, label: COMMIT_ACTION, value: null
Jan 26, 2026 2:30:05 PM com.github.jinahya.database.metadata.bind.Context bind
WARNING: unknown result; type: Table, label: READ_ONLY, value: true
Jan 26, 2026 2:30:05 PM com.github.jinahya.database.metadata.bind.Context bind
WARNING: unknown result; type: Table, label: HSQLDB_TYPE, value: MEMORY
Jan 26, 2026 2:30:05 PM com.github.jinahya.database.metadata.bind.Context bind
WARNING: unknown result; type: Table, label: COMMIT_ACTION, value: null
Jan 26, 2026 2:30:05 PM com.github.jinahya.database.metadata.bind.Context bind
WARNING: unknown result; type: Table, label: READ_ONLY, value: true
Jan 26, 2026 2:30:05 PM com.github.jinahya.database.metadata.bind.Context bind
WARNING: unknown result; type: Table, label: HSQLDB_TYPE, value: MEMORY
Jan 26, 2026 2:30:05 PM com.github.jinahya.database.metadata.bind.Context bind
WARNING: unknown result; type: Table, label: COMMIT_ACTION, value: null
Jan 26, 2026 2:30:05 PM com.github.jinahya.database.metadata.bind.Context bind
WARNING: unknown result; type: Table, label: READ_ONLY, value: true
Jan 26, 2026 2:30:05 PM com.github.jinahya.database.metadata.bind.Context bind
WARNING: unknown result; type: Table, label: HSQLDB_TYPE, value: MEMORY
Jan 26, 2026 2:30:05 PM com.github.jinahya.database.metadata.bind.Context bind
WARNING: unknown result; type: Table, label: COMMIT_ACTION, value: null
Jan 26, 2026 2:30:05 PM com.github.jinahya.database.metadata.bind.Context bind
WARNING: unknown result; type: Table, label: READ_ONLY, value: true
Jan 26, 2026 2:30:05 PM com.github.jinahya.database.metadata.bind.Context bind
WARNING: unknown result; type: Table, label: HSQLDB_TYPE, value: MEMORY
Jan 26, 2026 2:30:05 PM com.github.jinahya.database.metadata.bind.Context bind
WARNING: unknown result; type: Table, label: COMMIT_ACTION, value: null
Jan 26, 2026 2:30:05 PM com.github.jinahya.database.metadata.bind.Context bind
WARNING: unknown result; type: Table, label: READ_ONLY, value: true
Jan 26, 2026 2:30:05 PM com.github.jinahya.database.metadata.bind.Context bind
WARNING: unknown result; type: Table, label: HSQLDB_TYPE, value: MEMORY
Jan 26, 2026 2:30:05 PM com.github.jinahya.database.metadata.bind.Context bind
WARNING: unknown result; type: Table, label: COMMIT_ACTION, value: null
Jan 26, 2026 2:30:05 PM com.github.jinahya.database.metadata.bind.Context bind
WARNING: unknown result; type: Table, label: READ_ONLY, value: true
Jan 26, 2026 2:30:05 PM com.github.jinahya.database.metadata.bind.Context bind
WARNING: unknown result; type: Table, label: HSQLDB_TYPE, value: MEMORY
Jan 26, 2026 2:30:05 PM com.github.jinahya.database.metadata.bind.Context bind
WARNING: unknown result; type: Table, label: COMMIT_ACTION, value: null
Jan 26, 2026 2:30:05 PM com.github.jinahya.database.metadata.bind.Context bind
WARNING: unknown result; type: Table, label: READ_ONLY, value: true
Jan 26, 2026 2:30:05 PM com.github.jinahya.database.metadata.bind.Context bind
WARNING: unknown result; type: Table, label: HSQLDB_TYPE, value: MEMORY
Jan 26, 2026 2:30:05 PM com.github.jinahya.database.metadata.bind.Context bind
WARNING: unknown result; type: Table, label: COMMIT_ACTION, value: null
Jan 26, 2026 2:30:05 PM com.github.jinahya.database.metadata.bind.Context bind
WARNING: unknown result; type: Table, label: READ_ONLY, value: true
Jan 26, 2026 2:30:05 PM com.github.jinahya.database.metadata.bind.Context bind
WARNING: unknown result; type: Table, label: HSQLDB_TYPE, value: MEMORY
Jan 26, 2026 2:30:05 PM com.github.jinahya.database.metadata.bind.Context bind
WARNING: unknown result; type: Table, label: COMMIT_ACTION, value: null
Jan 26, 2026 2:30:05 PM com.github.jinahya.database.metadata.bind.Context bind
WARNING: unknown result; type: Table, label: READ_ONLY, value: true
Jan 26, 2026 2:30:05 PM com.github.jinahya.database.metadata.bind.Context bind
WARNING: unknown result; type: Table, label: HSQLDB_TYPE, value: MEMORY
Jan 26, 2026 2:30:05 PM com.github.jinahya.database.metadata.bind.Context bind
WARNING: unknown result; type: Table, label: COMMIT_ACTION, value: null
Jan 26, 2026 2:30:05 PM com.github.jinahya.database.metadata.bind.Context bind
WARNING: unknown result; type: Table, label: READ_ONLY, value: true
Jan 26, 2026 2:30:05 PM com.github.jinahya.database.metadata.bind.Context bind
WARNING: unknown result; type: Table, label: HSQLDB_TYPE, value: MEMORY
Jan 26, 2026 2:30:05 PM com.github.jinahya.database.metadata.bind.Context bind
WARNING: unknown result; type: Table, label: COMMIT_ACTION, value: null
Jan 26, 2026 2:30:05 PM com.github.jinahya.database.metadata.bind.Context bind
WARNING: unknown result; type: Table, label: READ_ONLY, value: true
Jan 26, 2026 2:30:05 PM com.github.jinahya.database.metadata.bind.Context bind
WARNING: unknown result; type: Table, label: HSQLDB_TYPE, value: MEMORY
Jan 26, 2026 2:30:05 PM com.github.jinahya.database.metadata.bind.Context bind
WARNING: unknown result; type: Table, label: COMMIT_ACTION, value: null
Jan 26, 2026 2:30:05 PM com.github.jinahya.database.metadata.bind.Context bind
WARNING: unknown result; type: Table, label: READ_ONLY, value: true
Jan 26, 2026 2:30:05 PM com.github.jinahya.database.metadata.bind.Context bind
WARNING: unknown result; type: Table, label: HSQLDB_TYPE, value: MEMORY
Jan 26, 2026 2:30:05 PM com.github.jinahya.database.metadata.bind.Context bind
WARNING: unknown result; type: Table, label: COMMIT_ACTION, value: null
Jan 26, 2026 2:30:05 PM com.github.jinahya.database.metadata.bind.Context bind
WARNING: unknown result; type: Table, label: READ_ONLY, value: true
Jan 26, 2026 2:30:05 PM com.github.jinahya.database.metadata.bind.Context bind
WARNING: unknown result; type: Table, label: HSQLDB_TYPE, value: MEMORY
Jan 26, 2026 2:30:05 PM com.github.jinahya.database.metadata.bind.Context bind
WARNING: unknown result; type: Table, label: COMMIT_ACTION, value: null
Jan 26, 2026 2:30:05 PM com.github.jinahya.database.metadata.bind.Context bind
WARNING: unknown result; type: Table, label: READ_ONLY, value: true
Jan 26, 2026 2:30:05 PM com.github.jinahya.database.metadata.bind.Context bind
WARNING: unknown result; type: Table, label: HSQLDB_TYPE, value: MEMORY
Jan 26, 2026 2:30:05 PM com.github.jinahya.database.metadata.bind.Context bind
WARNING: unknown result; type: Table, label: COMMIT_ACTION, value: null
Jan 26, 2026 2:30:05 PM com.github.jinahya.database.metadata.bind.Context bind
WARNING: unknown result; type: Table, label: READ_ONLY, value: true
Jan 26, 2026 2:30:05 PM com.github.jinahya.database.metadata.bind.Context bind
WARNING: unknown result; type: Table, label: HSQLDB_TYPE, value: MEMORY
Jan 26, 2026 2:30:05 PM com.github.jinahya.database.metadata.bind.Context bind
WARNING: unknown result; type: Table, label: COMMIT_ACTION, value: null
Jan 26, 2026 2:30:05 PM com.github.jinahya.database.metadata.bind.Context bind
WARNING: unknown result; type: Table, label: READ_ONLY, value: true
Jan 26, 2026 2:30:05 PM com.github.jinahya.database.metadata.bind.Context bind
WARNING: unknown result; type: Table, label: HSQLDB_TYPE, value: MEMORY
Jan 26, 2026 2:30:05 PM com.github.jinahya.database.metadata.bind.Context bind
WARNING: unknown result; type: Table, label: COMMIT_ACTION, value: null
Jan 26, 2026 2:30:05 PM com.github.jinahya.database.metadata.bind.Context bind
WARNING: unknown result; type: Table, label: READ_ONLY, value: true
Jan 26, 2026 2:30:05 PM com.github.jinahya.database.metadata.bind.Context bind
WARNING: unknown result; type: Table, label: HSQLDB_TYPE, value: MEMORY
Jan 26, 2026 2:30:05 PM com.github.jinahya.database.metadata.bind.Context bind
WARNING: unknown result; type: Table, label: COMMIT_ACTION, value: null
Jan 26, 2026 2:30:05 PM com.github.jinahya.database.metadata.bind.Context bind
WARNING: unknown result; type: Table, label: READ_ONLY, value: true
Jan 26, 2026 2:30:05 PM com.github.jinahya.database.metadata.bind.Context bind
WARNING: unknown result; type: Table, label: HSQLDB_TYPE, value: MEMORY
Jan 26, 2026 2:30:05 PM com.github.jinahya.database.metadata.bind.Context bind
WARNING: unknown result; type: Table, label: COMMIT_ACTION, value: null
Jan 26, 2026 2:30:05 PM com.github.jinahya.database.metadata.bind.Context bind
WARNING: unknown result; type: Table, label: READ_ONLY, value: true
Jan 26, 2026 2:30:05 PM com.github.jinahya.database.metadata.bind.Context bind
WARNING: unknown result; type: Table, label: HSQLDB_TYPE, value: MEMORY
Jan 26, 2026 2:30:05 PM com.github.jinahya.database.metadata.bind.Context bind
WARNING: unknown result; type: Table, label: COMMIT_ACTION, value: null
Jan 26, 2026 2:30:05 PM com.github.jinahya.database.metadata.bind.Context bind
WARNING: unknown result; type: Table, label: READ_ONLY, value: true
Jan 26, 2026 2:30:05 PM com.github.jinahya.database.metadata.bind.Context bind
WARNING: unknown result; type: Table, label: HSQLDB_TYPE, value: MEMORY
Jan 26, 2026 2:30:05 PM com.github.jinahya.database.metadata.bind.Context bind
WARNING: unknown result; type: Table, label: COMMIT_ACTION, value: null
Jan 26, 2026 2:30:05 PM com.github.jinahya.database.metadata.bind.Context bind
WARNING: unknown result; type: Table, label: READ_ONLY, value: true
Jan 26, 2026 2:30:05 PM com.github.jinahya.database.metadata.bind.Context bind
WARNING: unknown result; type: Table, label: HSQLDB_TYPE, value: MEMORY
Jan 26, 2026 2:30:05 PM com.github.jinahya.database.metadata.bind.Context bind
WARNING: unknown result; type: Table, label: COMMIT_ACTION, value: null
Jan 26, 2026 2:30:05 PM com.github.jinahya.database.metadata.bind.Context bind
WARNING: unknown result; type: Table, label: READ_ONLY, value: true
Jan 26, 2026 2:30:05 PM com.github.jinahya.database.metadata.bind.Context bind
WARNING: unknown result; type: Table, label: HSQLDB_TYPE, value: MEMORY
Jan 26, 2026 2:30:05 PM com.github.jinahya.database.metadata.bind.Context bind
WARNING: unknown result; type: Table, label: COMMIT_ACTION, value: null
Jan 26, 2026 2:30:05 PM com.github.jinahya.database.metadata.bind.Context bind
WARNING: unknown result; type: Table, label: READ_ONLY, value: true
Jan 26, 2026 2:30:05 PM com.github.jinahya.database.metadata.bind.Context bind
WARNING: unknown result; type: Table, label: HSQLDB_TYPE, value: MEMORY
Jan 26, 2026 2:30:05 PM com.github.jinahya.database.metadata.bind.Context bind
WARNING: unknown result; type: Table, label: COMMIT_ACTION, value: null
Jan 26, 2026 2:30:05 PM com.github.jinahya.database.metadata.bind.Context bind
WARNING: unknown result; type: Table, label: READ_ONLY, value: true
Jan 26, 2026 2:30:05 PM com.github.jinahya.database.metadata.bind.Context bind
WARNING: unknown result; type: Table, label: HSQLDB_TYPE, value: MEMORY
Jan 26, 2026 2:30:05 PM com.github.jinahya.database.metadata.bind.Context bind
WARNING: unknown result; type: Table, label: COMMIT_ACTION, value: null
Jan 26, 2026 2:30:05 PM com.github.jinahya.database.metadata.bind.Context bind
WARNING: unknown result; type: Table, label: READ_ONLY, value: true
Jan 26, 2026 2:30:05 PM com.github.jinahya.database.metadata.bind.Context bind
WARNING: unknown result; type: Table, label: HSQLDB_TYPE, value: MEMORY
Jan 26, 2026 2:30:05 PM com.github.jinahya.database.metadata.bind.Context bind
WARNING: unknown result; type: Table, label: COMMIT_ACTION, value: null
Jan 26, 2026 2:30:05 PM com.github.jinahya.database.metadata.bind.Context bind
WARNING: unknown result; type: Table, label: READ_ONLY, value: true
Jan 26, 2026 2:30:05 PM com.github.jinahya.database.metadata.bind.Context bind
WARNING: unknown result; type: Table, label: HSQLDB_TYPE, value: MEMORY
Jan 26, 2026 2:30:05 PM com.github.jinahya.database.metadata.bind.Context bind
WARNING: unknown result; type: Table, label: COMMIT_ACTION, value: null
Jan 26, 2026 2:30:05 PM com.github.jinahya.database.metadata.bind.Context bind
WARNING: unknown result; type: Table, label: READ_ONLY, value: true
Jan 26, 2026 2:30:05 PM com.github.jinahya.database.metadata.bind.Context bind
WARNING: unknown result; type: Table, label: HSQLDB_TYPE, value: MEMORY
Jan 26, 2026 2:30:05 PM com.github.jinahya.database.metadata.bind.Context bind
WARNING: unknown result; type: Table, label: COMMIT_ACTION, value: null
Jan 26, 2026 2:30:05 PM com.github.jinahya.database.metadata.bind.Context bind
WARNING: unknown result; type: Table, label: READ_ONLY, value: true
Jan 26, 2026 2:30:05 PM com.github.jinahya.database.metadata.bind.Context bind
WARNING: unknown result; type: Table, label: HSQLDB_TYPE, value: MEMORY
Jan 26, 2026 2:30:05 PM com.github.jinahya.database.metadata.bind.Context bind
WARNING: unknown result; type: Table, label: COMMIT_ACTION, value: null
Jan 26, 2026 2:30:05 PM com.github.jinahya.database.metadata.bind.Context bind
WARNING: unknown result; type: Table, label: READ_ONLY, value: true
Jan 26, 2026 2:30:05 PM com.github.jinahya.database.metadata.bind.Context bind
WARNING: unknown result; type: Table, label: HSQLDB_TYPE, value: MEMORY
Jan 26, 2026 2:30:05 PM com.github.jinahya.database.metadata.bind.Context bind
WARNING: unknown result; type: Table, label: COMMIT_ACTION, value: null
Jan 26, 2026 2:30:05 PM com.github.jinahya.database.metadata.bind.Context bind
WARNING: unknown result; type: Table, label: READ_ONLY, value: true
Jan 26, 2026 2:30:05 PM com.github.jinahya.database.metadata.bind.Context bind
WARNING: unknown result; type: Table, label: HSQLDB_TYPE, value: MEMORY
Jan 26, 2026 2:30:05 PM com.github.jinahya.database.metadata.bind.Context bind
WARNING: unknown result; type: Table, label: COMMIT_ACTION, value: null
Jan 26, 2026 2:30:05 PM com.github.jinahya.database.metadata.bind.Context bind
WARNING: unknown result; type: Table, label: READ_ONLY, value: true
Jan 26, 2026 2:30:05 PM com.github.jinahya.database.metadata.bind.Context bind
WARNING: unknown result; type: Table, label: HSQLDB_TYPE, value: MEMORY
Jan 26, 2026 2:30:05 PM com.github.jinahya.database.metadata.bind.Context bind
WARNING: unknown result; type: Table, label: COMMIT_ACTION, value: null
Jan 26, 2026 2:30:05 PM com.github.jinahya.database.metadata.bind.Context bind
WARNING: unknown result; type: Table, label: READ_ONLY, value: true
Jan 26, 2026 2:30:05 PM com.github.jinahya.database.metadata.bind.Context bind
WARNING: unknown result; type: Table, label: HSQLDB_TYPE, value: MEMORY
Jan 26, 2026 2:30:05 PM com.github.jinahya.database.metadata.bind.Context bind
WARNING: unknown result; type: Table, label: COMMIT_ACTION, value: null
Jan 26, 2026 2:30:05 PM com.github.jinahya.database.metadata.bind.Context bind
WARNING: unknown result; type: Table, label: READ_ONLY, value: true
Jan 26, 2026 2:30:05 PM com.github.jinahya.database.metadata.bind.Context bind
WARNING: unknown result; type: Table, label: HSQLDB_TYPE, value: MEMORY
Jan 26, 2026 2:30:05 PM com.github.jinahya.database.metadata.bind.Context bind
WARNING: unknown result; type: Table, label: COMMIT_ACTION, value: null
Jan 26, 2026 2:30:05 PM com.github.jinahya.database.metadata.bind.Context bind
WARNING: unknown result; type: Table, label: READ_ONLY, value: true
Jan 26, 2026 2:30:05 PM com.github.jinahya.database.metadata.bind.Context bind
WARNING: unknown result; type: Table, label: HSQLDB_TYPE, value: MEMORY
Jan 26, 2026 2:30:05 PM com.github.jinahya.database.metadata.bind.Context bind
WARNING: unknown result; type: Table, label: COMMIT_ACTION, value: null
Jan 26, 2026 2:30:05 PM com.github.jinahya.database.metadata.bind.Context bind
WARNING: unknown result; type: Table, label: READ_ONLY, value: true
Jan 26, 2026 2:30:05 PM com.github.jinahya.database.metadata.bind.Context bind
WARNING: unknown result; type: Table, label: HSQLDB_TYPE, value: MEMORY
Jan 26, 2026 2:30:05 PM com.github.jinahya.database.metadata.bind.Context bind
WARNING: unknown result; type: Table, label: COMMIT_ACTION, value: null
Jan 26, 2026 2:30:05 PM com.github.jinahya.database.metadata.bind.Context bind
WARNING: unknown result; type: Table, label: READ_ONLY, value: true
Jan 26, 2026 2:30:05 PM com.github.jinahya.database.metadata.bind.Context bind
WARNING: unknown result; type: Table, label: HSQLDB_TYPE, value: MEMORY
Jan 26, 2026 2:30:05 PM com.github.jinahya.database.metadata.bind.Context bind
WARNING: unknown result; type: Table, label: COMMIT_ACTION, value: null
Jan 26, 2026 2:30:05 PM com.github.jinahya.database.metadata.bind.Context bind
WARNING: unknown result; type: Table, label: READ_ONLY, value: true
Jan 26, 2026 2:30:05 PM com.github.jinahya.database.metadata.bind.Context bind
WARNING: unknown result; type: Table, label: HSQLDB_TYPE, value: MEMORY
Jan 26, 2026 2:30:05 PM com.github.jinahya.database.metadata.bind.Context bind
WARNING: unknown result; type: Table, label: COMMIT_ACTION, value: null
Jan 26, 2026 2:30:05 PM com.github.jinahya.database.metadata.bind.Context bind
WARNING: unknown result; type: Table, label: READ_ONLY, value: true
Jan 26, 2026 2:30:05 PM com.github.jinahya.database.metadata.bind.Context bind
WARNING: unknown result; type: Table, label: HSQLDB_TYPE, value: MEMORY
Jan 26, 2026 2:30:05 PM com.github.jinahya.database.metadata.bind.Context bind
WARNING: unknown result; type: Table, label: COMMIT_ACTION, value: null
Jan 26, 2026 2:30:05 PM com.github.jinahya.database.metadata.bind.Context bind
WARNING: unknown result; type: Table, label: READ_ONLY, value: true
Jan 26, 2026 2:30:05 PM com.github.jinahya.database.metadata.bind.Context bind
WARNING: unknown result; type: Table, label: HSQLDB_TYPE, value: MEMORY
Jan 26, 2026 2:30:05 PM com.github.jinahya.database.metadata.bind.Context bind
WARNING: unknown result; type: Table, label: COMMIT_ACTION, value: null
Jan 26, 2026 2:30:05 PM com.github.jinahya.database.metadata.bind.Context bind
WARNING: unknown result; type: Table, label: READ_ONLY, value: true
Jan 26, 2026 2:30:05 PM com.github.jinahya.database.metadata.bind.Context bind
WARNING: unknown result; type: Table, label: HSQLDB_TYPE, value: MEMORY
Jan 26, 2026 2:30:05 PM com.github.jinahya.database.metadata.bind.Context bind
WARNING: unknown result; type: Table, label: COMMIT_ACTION, value: null
Jan 26, 2026 2:30:05 PM com.github.jinahya.database.metadata.bind.Context bind
WARNING: unknown result; type: Table, label: READ_ONLY, value: true
Jan 26, 2026 2:30:05 PM com.github.jinahya.database.metadata.bind.Context bind
WARNING: unknown result; type: Table, label: HSQLDB_TYPE, value: MEMORY
Jan 26, 2026 2:30:05 PM com.github.jinahya.database.metadata.bind.Context bind
WARNING: unknown result; type: Table, label: COMMIT_ACTION, value: null
Jan 26, 2026 2:30:05 PM com.github.jinahya.database.metadata.bind.Context bind
WARNING: unknown result; type: Table, label: READ_ONLY, value: true
Jan 26, 2026 2:30:05 PM com.github.jinahya.database.metadata.bind.Context bind
WARNING: unknown result; type: Table, label: HSQLDB_TYPE, value: MEMORY
Jan 26, 2026 2:30:05 PM com.github.jinahya.database.metadata.bind.Context bind
WARNING: unknown result; type: Table, label: COMMIT_ACTION, value: null
Jan 26, 2026 2:30:05 PM com.github.jinahya.database.metadata.bind.Context bind
WARNING: unknown result; type: Table, label: READ_ONLY, value: true
Jan 26, 2026 2:30:05 PM com.github.jinahya.database.metadata.bind.Context bind
WARNING: unknown result; type: Table, label: HSQLDB_TYPE, value: MEMORY
Jan 26, 2026 2:30:05 PM com.github.jinahya.database.metadata.bind.Context bind
WARNING: unknown result; type: Table, label: COMMIT_ACTION, value: null
Jan 26, 2026 2:30:05 PM com.github.jinahya.database.metadata.bind.Context bind
WARNING: unknown result; type: Table, label: READ_ONLY, value: true
Jan 26, 2026 2:30:05 PM com.github.jinahya.database.metadata.bind.Context bind
WARNING: unknown result; type: Table, label: HSQLDB_TYPE, value: MEMORY
Jan 26, 2026 2:30:05 PM com.github.jinahya.database.metadata.bind.Context bind
WARNING: unknown result; type: Table, label: COMMIT_ACTION, value: null
Jan 26, 2026 2:30:05 PM com.github.jinahya.database.metadata.bind.Context bind
WARNING: unknown result; type: Table, label: READ_ONLY, value: true
Jan 26, 2026 2:30:05 PM com.github.jinahya.database.metadata.bind.Context bind
WARNING: unknown result; type: Table, label: HSQLDB_TYPE, value: MEMORY
Jan 26, 2026 2:30:05 PM com.github.jinahya.database.metadata.bind.Context bind
WARNING: unknown result; type: Table, label: COMMIT_ACTION, value: null
Jan 26, 2026 2:30:05 PM com.github.jinahya.database.metadata.bind.Context bind
WARNING: unknown result; type: Table, label: READ_ONLY, value: true
Jan 26, 2026 2:30:05 PM com.github.jinahya.database.metadata.bind.Context bind
WARNING: unknown result; type: Table, label: HSQLDB_TYPE, value: MEMORY
Jan 26, 2026 2:30:05 PM com.github.jinahya.database.metadata.bind.Context bind
WARNING: unknown result; type: Table, label: COMMIT_ACTION, value: null
Jan 26, 2026 2:30:05 PM com.github.jinahya.database.metadata.bind.Context bind
WARNING: unknown result; type: Table, label: READ_ONLY, value: true
Jan 26, 2026 2:30:05 PM com.github.jinahya.database.metadata.bind.Context bind
WARNING: unknown result; type: Table, label: HSQLDB_TYPE, value: MEMORY
Jan 26, 2026 2:30:05 PM com.github.jinahya.database.metadata.bind.Context bind
WARNING: unknown result; type: Table, label: COMMIT_ACTION, value: null
Jan 26, 2026 2:30:05 PM com.github.jinahya.database.metadata.bind.Context bind
WARNING: unknown result; type: Table, label: READ_ONLY, value: true
Jan 26, 2026 2:30:05 PM com.github.jinahya.database.metadata.bind.Context bind
WARNING: unknown result; type: Table, label: HSQLDB_TYPE, value: MEMORY
Jan 26, 2026 2:30:05 PM com.github.jinahya.database.metadata.bind.Context bind
WARNING: unknown result; type: Table, label: COMMIT_ACTION, value: null
Jan 26, 2026 2:30:05 PM com.github.jinahya.database.metadata.bind.Context bind
WARNING: unknown result; type: Table, label: READ_ONLY, value: true
Jan 26, 2026 2:30:05 PM com.github.jinahya.database.metadata.bind.Context bind
WARNING: unknown result; type: Table, label: HSQLDB_TYPE, value: MEMORY
Jan 26, 2026 2:30:05 PM com.github.jinahya.database.metadata.bind.Context bind
WARNING: unknown result; type: Table, label: COMMIT_ACTION, value: null
Jan 26, 2026 2:30:05 PM com.github.jinahya.database.metadata.bind.Context bind
WARNING: unknown result; type: Table, label: READ_ONLY, value: true
Jan 26, 2026 2:30:05 PM com.github.jinahya.database.metadata.bind.Context bind
WARNING: unknown result; type: Table, label: HSQLDB_TYPE, value: MEMORY
Jan 26, 2026 2:30:05 PM com.github.jinahya.database.metadata.bind.Context bind
WARNING: unknown result; type: Table, label: COMMIT_ACTION, value: null
Jan 26, 2026 2:30:05 PM com.github.jinahya.database.metadata.bind.Context bind
WARNING: unknown result; type: Table, label: READ_ONLY, value: true
Jan 26, 2026 2:30:05 PM com.github.jinahya.database.metadata.bind.Context bind
WARNING: unknown result; type: Table, label: HSQLDB_TYPE, value: MEMORY
Jan 26, 2026 2:30:05 PM com.github.jinahya.database.metadata.bind.Context bind
WARNING: unknown result; type: Table, label: COMMIT_ACTION, value: null
Jan 26, 2026 2:30:05 PM com.github.jinahya.database.metadata.bind.Context bind
WARNING: unknown result; type: Table, label: READ_ONLY, value: true
Jan 26, 2026 2:30:05 PM com.github.jinahya.database.metadata.bind.Context bind
WARNING: unknown result; type: Table, label: HSQLDB_TYPE, value: MEMORY
Jan 26, 2026 2:30:05 PM com.github.jinahya.database.metadata.bind.Context bind
WARNING: unknown result; type: Table, label: COMMIT_ACTION, value: null
Jan 26, 2026 2:30:05 PM com.github.jinahya.database.metadata.bind.Context bind
WARNING: unknown result; type: Table, label: READ_ONLY, value: true
Jan 26, 2026 2:30:05 PM com.github.jinahya.database.metadata.bind.Context bind
WARNING: unknown result; type: Table, label: HSQLDB_TYPE, value: MEMORY
Jan 26, 2026 2:30:05 PM com.github.jinahya.database.metadata.bind.Context bind
WARNING: unknown result; type: Table, label: COMMIT_ACTION, value: null
Jan 26, 2026 2:30:05 PM com.github.jinahya.database.metadata.bind.Context bind
WARNING: unknown result; type: Table, label: READ_ONLY, value: true
Jan 26, 2026 2:30:05 PM com.github.jinahya.database.metadata.bind.Context bind
WARNING: unknown result; type: Table, label: HSQLDB_TYPE, value: MEMORY
Jan 26, 2026 2:30:05 PM com.github.jinahya.database.metadata.bind.Context bind
WARNING: unknown result; type: Table, label: COMMIT_ACTION, value: null
Jan 26, 2026 2:30:05 PM com.github.jinahya.database.metadata.bind.Context bind
WARNING: unknown result; type: Table, label: READ_ONLY, value: true
Jan 26, 2026 2:30:05 PM com.github.jinahya.database.metadata.bind.Context bind
WARNING: unknown result; type: Table, label: HSQLDB_TYPE, value: MEMORY
Jan 26, 2026 2:30:05 PM com.github.jinahya.database.metadata.bind.Context bind
WARNING: unknown result; type: Table, label: COMMIT_ACTION, value: null
Jan 26, 2026 2:30:05 PM com.github.jinahya.database.metadata.bind.Context bind
WARNING: unknown result; type: Table, label: READ_ONLY, value: true
Jan 26, 2026 2:30:05 PM com.github.jinahya.database.metadata.bind.Context bind
WARNING: unknown result; type: Table, label: HSQLDB_TYPE, value: MEMORY
Jan 26, 2026 2:30:05 PM com.github.jinahya.database.metadata.bind.Context bind
WARNING: unknown result; type: Table, label: COMMIT_ACTION, value: null
Jan 26, 2026 2:30:05 PM com.github.jinahya.database.metadata.bind.Context bind
WARNING: unknown result; type: Table, label: READ_ONLY, value: true
Jan 26, 2026 2:30:05 PM com.github.jinahya.database.metadata.bind.Context bind
WARNING: unknown result; type: Table, label: HSQLDB_TYPE, value: MEMORY
Jan 26, 2026 2:30:05 PM com.github.jinahya.database.metadata.bind.Context bind
WARNING: unknown result; type: Table, label: COMMIT_ACTION, value: null
Jan 26, 2026 2:30:05 PM com.github.jinahya.database.metadata.bind.Context bind
WARNING: unknown result; type: Table, label: READ_ONLY, value: true
Jan 26, 2026 2:30:05 PM com.github.jinahya.database.metadata.bind.Context bind
WARNING: unknown result; type: Table, label: HSQLDB_TYPE, value: MEMORY
Jan 26, 2026 2:30:05 PM com.github.jinahya.database.metadata.bind.Context bind
WARNING: unknown result; type: Table, label: COMMIT_ACTION, value: null
Jan 26, 2026 2:30:05 PM com.github.jinahya.database.metadata.bind.Context bind
WARNING: unknown result; type: Table, label: READ_ONLY, value: true
Jan 26, 2026 2:30:05 PM com.github.jinahya.database.metadata.bind.Context bind
WARNING: unknown result; type: Table, label: HSQLDB_TYPE, value: MEMORY
Jan 26, 2026 2:30:05 PM com.github.jinahya.database.metadata.bind.Context bind
WARNING: unknown result; type: Table, label: COMMIT_ACTION, value: null
Jan 26, 2026 2:30:05 PM com.github.jinahya.database.metadata.bind.Context bind
WARNING: unknown result; type: Table, label: READ_ONLY, value: true
Jan 26, 2026 2:30:05 PM com.github.jinahya.database.metadata.bind.Context bind
WARNING: unknown result; type: Table, label: HSQLDB_TYPE, value: MEMORY
Jan 26, 2026 2:30:05 PM com.github.jinahya.database.metadata.bind.Context bind
WARNING: unknown result; type: Table, label: COMMIT_ACTION, value: null
Jan 26, 2026 2:30:05 PM com.github.jinahya.database.metadata.bind.Context bind
WARNING: unknown result; type: Table, label: READ_ONLY, value: true
Jan 26, 2026 2:30:05 PM com.github.jinahya.database.metadata.bind.Context bind
WARNING: unknown result; type: Table, label: HSQLDB_TYPE, value: MEMORY
Jan 26, 2026 2:30:05 PM com.github.jinahya.database.metadata.bind.Context bind
WARNING: unknown result; type: Table, label: COMMIT_ACTION, value: null
Jan 26, 2026 2:30:05 PM com.github.jinahya.database.metadata.bind.Context bind
WARNING: unknown result; type: Table, label: READ_ONLY, value: false
Jan 26, 2026 2:30:05 PM com.github.jinahya.database.metadata.bind.Context bind
WARNING: unknown result; type: Table, label: HSQLDB_TYPE, value: MEMORY
Jan 26, 2026 2:30:05 PM com.github.jinahya.database.metadata.bind.Context bind
WARNING: unknown result; type: Table, label: COMMIT_ACTION, value: null
Jan 26, 2026 2:30:05 PM com.github.jinahya.database.metadata.bind.Context bind
WARNING: unknown result; type: Table, label: READ_ONLY, value: false
Jan 26, 2026 2:30:05 PM com.github.jinahya.database.metadata.bind.Context bind
WARNING: unknown result; type: Table, label: HSQLDB_TYPE, value: MEMORY
Jan 26, 2026 2:30:05 PM com.github.jinahya.database.metadata.bind.Context bind
WARNING: unknown result; type: Table, label: COMMIT_ACTION, value: null
Jan 26, 2026 2:30:05 PM com.github.jinahya.database.metadata.bind.Context bind
WARNING: unknown result; type: Table, label: READ_ONLY, value: false
Jan 26, 2026 2:30:05 PM com.github.jinahya.database.metadata.bind.Context bind
WARNING: unknown result; type: Table, label: HSQLDB_TYPE, value: MEMORY
Jan 26, 2026 2:30:05 PM com.github.jinahya.database.metadata.bind.Context bind
WARNING: unknown result; type: Table, label: COMMIT_ACTION, value: null
Jan 26, 2026 2:30:05 PM com.github.jinahya.database.metadata.bind.Context bind
WARNING: unknown result; type: Table, label: READ_ONLY, value: false
Jan 26, 2026 2:30:05 PM com.github.jinahya.database.metadata.bind.Context bind
WARNING: unknown result; type: Table, label: HSQLDB_TYPE, value: MEMORY
Jan 26, 2026 2:30:05 PM com.github.jinahya.database.metadata.bind.Context bind
WARNING: unknown result; type: IndexInfo, label: ROW_CARDINALITY, value: null
Jan 26, 2026 2:30:05 PM com.github.jinahya.database.metadata.bind.Context bind
WARNING: unknown result; type: IndexInfo, label: ROW_CARDINALITY, value: null
Jan 26, 2026 2:30:05 PM com.github.jinahya.database.metadata.bind.Context bind
WARNING: unknown result; type: IndexInfo, label: ROW_CARDINALITY, value: null
Jan 26, 2026 2:30:05 PM com.github.jinahya.database.metadata.bind.Context bind
WARNING: unknown result; type: IndexInfo, label: ROW_CARDINALITY, value: null
Jan 26, 2026 2:30:05 PM com.github.jinahya.database.metadata.bind.Context bind
WARNING: unknown result; type: IndexInfo, label: ROW_CARDINALITY, value: null
Jan 26, 2026 2:30:05 PM com.github.jinahya.database.metadata.bind.Context bind
WARNING: unknown result; type: IndexInfo, label: ROW_CARDINALITY, value: null
Jan 26, 2026 2:30:05 PM com.github.jinahya.database.metadata.bind.Context bind
WARNING: unknown result; type: IndexInfo, label: ROW_CARDINALITY, value: null
Jan 26, 2026 2:30:05 PM com.github.jinahya.database.metadata.bind.Context bind
WARNING: unknown result; type: IndexInfo, label: ROW_CARDINALITY, value: null
Jan 26, 2026 2:30:05 PM com.github.jinahya.database.metadata.bind.Context bind
WARNING: unknown result; type: IndexInfo, label: ROW_CARDINALITY, value: null
Jan 26, 2026 2:30:05 PM com.github.jinahya.database.metadata.bind.Context bind
WARNING: unknown result; type: IndexInfo, label: ROW_CARDINALITY, value: null
Jan 26, 2026 2:30:05 PM com.github.jinahya.database.metadata.bind.Context bind
WARNING: unknown result; type: IndexInfo, label: ROW_CARDINALITY, value: null
Jan 26, 2026 2:30:05 PM com.github.jinahya.database.metadata.bind.Context bind
WARNING: unknown result; type: IndexInfo, label: ROW_CARDINALITY, value: null
Jan 26, 2026 2:30:05 PM com.github.jinahya.database.metadata.bind.Context bind
WARNING: unknown result; type: IndexInfo, label: ROW_CARDINALITY, value: null
Jan 26, 2026 2:30:05 PM com.github.jinahya.database.metadata.bind.Context bind
WARNING: unknown result; type: IndexInfo, label: ROW_CARDINALITY, value: null
Jan 26, 2026 2:30:05 PM com.github.jinahya.database.metadata.bind.Context bind
WARNING: unknown result; type: IndexInfo, label: ROW_CARDINALITY, value: null
Jan 26, 2026 2:30:05 PM com.github.jinahya.database.metadata.bind.Context bind
WARNING: unknown result; type: IndexInfo, label: ROW_CARDINALITY, value: null
Jan 26, 2026 2:30:05 PM com.github.jinahya.database.metadata.bind.Context bind
WARNING: unknown result; type: IndexInfo, label: ROW_CARDINALITY, value: null
Jan 26, 2026 2:30:05 PM com.github.jinahya.database.metadata.bind.Context bind
WARNING: unknown result; type: IndexInfo, label: ROW_CARDINALITY, value: null
Jan 26, 2026 2:30:05 PM com.github.jinahya.database.metadata.bind.Context bind
WARNING: unknown result; type: IndexInfo, label: ROW_CARDINALITY, value: null
Jan 26, 2026 2:30:05 PM com.github.jinahya.database.metadata.bind.Context bind
WARNING: unknown result; type: IndexInfo, label: ROW_CARDINALITY, value: null
Jan 26, 2026 2:30:05 PM com.github.jinahya.database.metadata.bind.Context bind
WARNING: unknown result; type: IndexInfo, label: ROW_CARDINALITY, value: null
Jan 26, 2026 2:30:05 PM com.github.jinahya.database.metadata.bind.Context bind
WARNING: unknown result; type: IndexInfo, label: ROW_CARDINALITY, value: null
Jan 26, 2026 2:30:05 PM com.github.jinahya.database.metadata.bind.Context bind
WARNING: unknown result; type: IndexInfo, label: ROW_CARDINALITY, value: null
Jan 26, 2026 2:30:05 PM com.github.jinahya.database.metadata.bind.Context bind
WARNING: unknown result; type: IndexInfo, label: ROW_CARDINALITY, value: null
Jan 26, 2026 2:30:05 PM com.github.jinahya.database.metadata.bind.Context bind
WARNING: unknown result; type: IndexInfo, label: ROW_CARDINALITY, value: null
Jan 26, 2026 2:30:05 PM com.github.jinahya.database.metadata.bind.Context bind
WARNING: unknown result; type: IndexInfo, label: ROW_CARDINALITY, value: null
Jan 26, 2026 2:30:05 PM com.github.jinahya.database.metadata.bind.Context bind
WARNING: unknown result; type: IndexInfo, label: ROW_CARDINALITY, value: null
Jan 26, 2026 2:30:05 PM com.github.jinahya.database.metadata.bind.Context bind
WARNING: unknown result; type: IndexInfo, label: ROW_CARDINALITY, value: null
Jan 26, 2026 2:30:05 PM com.github.jinahya.database.metadata.bind.Context bind
WARNING: unknown result; type: IndexInfo, label: ROW_CARDINALITY, value: null
Jan 26, 2026 2:30:05 PM com.github.jinahya.database.metadata.bind.Context bind
WARNING: unknown result; type: IndexInfo, label: ROW_CARDINALITY, value: null
Jan 26, 2026 2:30:05 PM com.github.jinahya.database.metadata.bind.Context bind
WARNING: unknown result; type: IndexInfo, label: ROW_CARDINALITY, value: null
Jan 26, 2026 2:30:05 PM com.github.jinahya.database.metadata.bind.Context bind
WARNING: unknown result; type: IndexInfo, label: ROW_CARDINALITY, value: null
Jan 26, 2026 2:30:05 PM com.github.jinahya.database.metadata.bind.Context bind
WARNING: unknown result; type: Procedure, label: COL_4, value: null
Jan 26, 2026 2:30:05 PM com.github.jinahya.database.metadata.bind.Context bind
WARNING: unknown result; type: Procedure, label: COL_6, value: null
Jan 26, 2026 2:30:05 PM com.github.jinahya.database.metadata.bind.Context bind
WARNING: unknown result; type: Procedure, label: COL_5, value: null
Jan 26, 2026 2:30:05 PM com.github.jinahya.database.metadata.bind.Context bind
WARNING: unknown result; type: Procedure, label: COL_4, value: null
Jan 26, 2026 2:30:05 PM com.github.jinahya.database.metadata.bind.Context bind
WARNING: unknown result; type: Procedure, label: COL_6, value: null
Jan 26, 2026 2:30:05 PM com.github.jinahya.database.metadata.bind.Context bind
WARNING: unknown result; type: Procedure, label: COL_5, value: null
Jan 26, 2026 2:30:05 PM com.github.jinahya.database.metadata.bind.Context bind
WARNING: unknown result; type: Procedure, label: COL_4, value: null
Jan 26, 2026 2:30:05 PM com.github.jinahya.database.metadata.bind.Context bind
WARNING: unknown result; type: Procedure, label: COL_6, value: null
Jan 26, 2026 2:30:05 PM com.github.jinahya.database.metadata.bind.Context bind
WARNING: unknown result; type: Procedure, label: COL_5, value: null
Jan 26, 2026 2:30:05 PM com.github.jinahya.database.metadata.bind.Context bind
WARNING: unknown result; type: Procedure, label: COL_4, value: null
Jan 26, 2026 2:30:05 PM com.github.jinahya.database.metadata.bind.Context bind
WARNING: unknown result; type: Procedure, label: COL_6, value: null
Jan 26, 2026 2:30:05 PM com.github.jinahya.database.metadata.bind.Context bind
WARNING: unknown result; type: Procedure, label: COL_5, value: null
Jan 26, 2026 2:30:05 PM com.github.jinahya.database.metadata.bind.Context bind
WARNING: unknown result; type: Procedure, label: COL_4, value: null
Jan 26, 2026 2:30:05 PM com.github.jinahya.database.metadata.bind.Context bind
WARNING: unknown result; type: Procedure, label: COL_6, value: null
Jan 26, 2026 2:30:05 PM com.github.jinahya.database.metadata.bind.Context bind
WARNING: unknown result; type: Procedure, label: COL_5, value: null
Jan 26, 2026 2:30:05 PM com.github.jinahya.database.metadata.bind.Context bind
WARNING: unknown result; type: Procedure, label: COL_4, value: null
Jan 26, 2026 2:30:05 PM com.github.jinahya.database.metadata.bind.Context bind
WARNING: unknown result; type: Procedure, label: COL_6, value: null
Jan 26, 2026 2:30:05 PM com.github.jinahya.database.metadata.bind.Context bind
WARNING: unknown result; type: Procedure, label: COL_5, value: null
Jan 26, 2026 2:30:05 PM com.github.jinahya.database.metadata.bind.Context bind
WARNING: unknown result; type: Procedure, label: COL_4, value: null
Jan 26, 2026 2:30:05 PM com.github.jinahya.database.metadata.bind.Context bind
WARNING: unknown result; type: Procedure, label: COL_6, value: null
Jan 26, 2026 2:30:05 PM com.github.jinahya.database.metadata.bind.Context bind
WARNING: unknown result; type: Procedure, label: COL_5, value: null
Jan 26, 2026 2:30:05 PM com.github.jinahya.database.metadata.bind.Context bind
WARNING: unknown result; type: Procedure, label: COL_4, value: null
Jan 26, 2026 2:30:05 PM com.github.jinahya.database.metadata.bind.Context bind
WARNING: unknown result; type: Procedure, label: COL_6, value: null
Jan 26, 2026 2:30:05 PM com.github.jinahya.database.metadata.bind.Context bind
WARNING: unknown result; type: Procedure, label: COL_5, value: null
Jan 26, 2026 2:30:05 PM com.github.jinahya.database.metadata.bind.Context bind
WARNING: unknown result; type: Procedure, label: COL_4, value: null
Jan 26, 2026 2:30:05 PM com.github.jinahya.database.metadata.bind.Context bind
WARNING: unknown result; type: Procedure, label: COL_6, value: null
Jan 26, 2026 2:30:05 PM com.github.jinahya.database.metadata.bind.Context bind
WARNING: unknown result; type: Procedure, label: COL_5, value: null
Jan 26, 2026 2:30:05 PM com.github.jinahya.database.metadata.bind.Context bind
WARNING: unknown result; type: Procedure, label: COL_4, value: null
Jan 26, 2026 2:30:05 PM com.github.jinahya.database.metadata.bind.Context bind
WARNING: unknown result; type: Procedure, label: COL_6, value: null
Jan 26, 2026 2:30:05 PM com.github.jinahya.database.metadata.bind.Context bind
WARNING: unknown result; type: Procedure, label: COL_5, value: null
Jan 26, 2026 2:30:05 PM com.github.jinahya.database.metadata.bind.Context bind
WARNING: unknown result; type: Schema, label: IS_DEFAULT, value: false
Jan 26, 2026 2:30:05 PM com.github.jinahya.database.metadata.bind.Context bind
WARNING: unknown result; type: Schema, label: IS_DEFAULT, value: true
Jan 26, 2026 2:30:05 PM com.github.jinahya.database.metadata.bind.Context bind
WARNING: unknown result; type: Schema, label: IS_DEFAULT, value: false
Jan 26, 2026 2:30:05 PM com.github.jinahya.database.metadata.bind.Context bind
WARNING: unknown result; type: Table, label: COMMIT_ACTION, value: null
Jan 26, 2026 2:30:05 PM com.github.jinahya.database.metadata.bind.Context bind
WARNING: unknown result; type: Table, label: READ_ONLY, value: true
Jan 26, 2026 2:30:05 PM com.github.jinahya.database.metadata.bind.Context bind
WARNING: unknown result; type: Table, label: HSQLDB_TYPE, value: MEMORY
Jan 26, 2026 2:30:05 PM com.github.jinahya.database.metadata.bind.Context bind
WARNING: unknown result; type: Table, label: COMMIT_ACTION, value: null
Jan 26, 2026 2:30:05 PM com.github.jinahya.database.metadata.bind.Context bind
WARNING: unknown result; type: Table, label: READ_ONLY, value: true
Jan 26, 2026 2:30:05 PM com.github.jinahya.database.metadata.bind.Context bind
WARNING: unknown result; type: Table, label: HSQLDB_TYPE, value: MEMORY
Jan 26, 2026 2:30:05 PM com.github.jinahya.database.metadata.bind.Context bind
WARNING: unknown result; type: Table, label: COMMIT_ACTION, value: null
Jan 26, 2026 2:30:05 PM com.github.jinahya.database.metadata.bind.Context bind
WARNING: unknown result; type: Table, label: READ_ONLY, value: true
Jan 26, 2026 2:30:05 PM com.github.jinahya.database.metadata.bind.Context bind
WARNING: unknown result; type: Table, label: HSQLDB_TYPE, value: MEMORY
Jan 26, 2026 2:30:05 PM com.github.jinahya.database.metadata.bind.Context bind
WARNING: unknown result; type: Table, label: COMMIT_ACTION, value: null
Jan 26, 2026 2:30:05 PM com.github.jinahya.database.metadata.bind.Context bind
WARNING: unknown result; type: Table, label: READ_ONLY, value: true
Jan 26, 2026 2:30:05 PM com.github.jinahya.database.metadata.bind.Context bind
WARNING: unknown result; type: Table, label: HSQLDB_TYPE, value: MEMORY
Jan 26, 2026 2:30:05 PM com.github.jinahya.database.metadata.bind.Context bind
WARNING: unknown result; type: Table, label: COMMIT_ACTION, value: null
Jan 26, 2026 2:30:05 PM com.github.jinahya.database.metadata.bind.Context bind
WARNING: unknown result; type: Table, label: READ_ONLY, value: true
Jan 26, 2026 2:30:05 PM com.github.jinahya.database.metadata.bind.Context bind
WARNING: unknown result; type: Table, label: HSQLDB_TYPE, value: MEMORY
Jan 26, 2026 2:30:05 PM com.github.jinahya.database.metadata.bind.Context bind
WARNING: unknown result; type: Table, label: COMMIT_ACTION, value: null
Jan 26, 2026 2:30:05 PM com.github.jinahya.database.metadata.bind.Context bind
WARNING: unknown result; type: Table, label: READ_ONLY, value: true
Jan 26, 2026 2:30:05 PM com.github.jinahya.database.metadata.bind.Context bind
WARNING: unknown result; type: Table, label: HSQLDB_TYPE, value: MEMORY
Jan 26, 2026 2:30:05 PM com.github.jinahya.database.metadata.bind.Context bind
WARNING: unknown result; type: Table, label: COMMIT_ACTION, value: null
Jan 26, 2026 2:30:05 PM com.github.jinahya.database.metadata.bind.Context bind
WARNING: unknown result; type: Table, label: READ_ONLY, value: true
Jan 26, 2026 2:30:05 PM com.github.jinahya.database.metadata.bind.Context bind
WARNING: unknown result; type: Table, label: HSQLDB_TYPE, value: MEMORY
Jan 26, 2026 2:30:05 PM com.github.jinahya.database.metadata.bind.Context bind
WARNING: unknown result; type: Table, label: COMMIT_ACTION, value: null
Jan 26, 2026 2:30:05 PM com.github.jinahya.database.metadata.bind.Context bind
WARNING: unknown result; type: Table, label: READ_ONLY, value: true
Jan 26, 2026 2:30:05 PM com.github.jinahya.database.metadata.bind.Context bind
WARNING: unknown result; type: Table, label: HSQLDB_TYPE, value: MEMORY
Jan 26, 2026 2:30:05 PM com.github.jinahya.database.metadata.bind.Context bind
WARNING: unknown result; type: Table, label: COMMIT_ACTION, value: null
Jan 26, 2026 2:30:05 PM com.github.jinahya.database.metadata.bind.Context bind
WARNING: unknown result; type: Table, label: READ_ONLY, value: true
Jan 26, 2026 2:30:05 PM com.github.jinahya.database.metadata.bind.Context bind
WARNING: unknown result; type: Table, label: HSQLDB_TYPE, value: MEMORY
Jan 26, 2026 2:30:05 PM com.github.jinahya.database.metadata.bind.Context bind
WARNING: unknown result; type: Table, label: COMMIT_ACTION, value: null
Jan 26, 2026 2:30:05 PM com.github.jinahya.database.metadata.bind.Context bind
WARNING: unknown result; type: Table, label: READ_ONLY, value: true
Jan 26, 2026 2:30:05 PM com.github.jinahya.database.metadata.bind.Context bind
WARNING: unknown result; type: Table, label: HSQLDB_TYPE, value: MEMORY
Jan 26, 2026 2:30:05 PM com.github.jinahya.database.metadata.bind.Context bind
WARNING: unknown result; type: Table, label: COMMIT_ACTION, value: null
Jan 26, 2026 2:30:05 PM com.github.jinahya.database.metadata.bind.Context bind
WARNING: unknown result; type: Table, label: READ_ONLY, value: true
Jan 26, 2026 2:30:05 PM com.github.jinahya.database.metadata.bind.Context bind
WARNING: unknown result; type: Table, label: HSQLDB_TYPE, value: MEMORY
Jan 26, 2026 2:30:05 PM com.github.jinahya.database.metadata.bind.Context bind
WARNING: unknown result; type: Table, label: COMMIT_ACTION, value: null
Jan 26, 2026 2:30:05 PM com.github.jinahya.database.metadata.bind.Context bind
WARNING: unknown result; type: Table, label: READ_ONLY, value: true
Jan 26, 2026 2:30:05 PM com.github.jinahya.database.metadata.bind.Context bind
WARNING: unknown result; type: Table, label: HSQLDB_TYPE, value: MEMORY
Jan 26, 2026 2:30:05 PM com.github.jinahya.database.metadata.bind.Context bind
WARNING: unknown result; type: Table, label: COMMIT_ACTION, value: null
Jan 26, 2026 2:30:05 PM com.github.jinahya.database.metadata.bind.Context bind
WARNING: unknown result; type: Table, label: READ_ONLY, value: true
Jan 26, 2026 2:30:05 PM com.github.jinahya.database.metadata.bind.Context bind
WARNING: unknown result; type: Table, label: HSQLDB_TYPE, value: MEMORY
Jan 26, 2026 2:30:05 PM com.github.jinahya.database.metadata.bind.Context bind
WARNING: unknown result; type: Table, label: COMMIT_ACTION, value: null
Jan 26, 2026 2:30:05 PM com.github.jinahya.database.metadata.bind.Context bind
WARNING: unknown result; type: Table, label: READ_ONLY, value: true
Jan 26, 2026 2:30:05 PM com.github.jinahya.database.metadata.bind.Context bind
WARNING: unknown result; type: Table, label: HSQLDB_TYPE, value: MEMORY
Jan 26, 2026 2:30:05 PM com.github.jinahya.database.metadata.bind.Context bind
WARNING: unknown result; type: Table, label: COMMIT_ACTION, value: null
Jan 26, 2026 2:30:05 PM com.github.jinahya.database.metadata.bind.Context bind
WARNING: unknown result; type: Table, label: READ_ONLY, value: true
Jan 26, 2026 2:30:05 PM com.github.jinahya.database.metadata.bind.Context bind
WARNING: unknown result; type: Table, label: HSQLDB_TYPE, value: MEMORY
Jan 26, 2026 2:30:05 PM com.github.jinahya.database.metadata.bind.Context bind
WARNING: unknown result; type: Table, label: COMMIT_ACTION, value: null
Jan 26, 2026 2:30:05 PM com.github.jinahya.database.metadata.bind.Context bind
WARNING: unknown result; type: Table, label: READ_ONLY, value: true
Jan 26, 2026 2:30:05 PM com.github.jinahya.database.metadata.bind.Context bind
WARNING: unknown result; type: Table, label: HSQLDB_TYPE, value: MEMORY
Jan 26, 2026 2:30:05 PM com.github.jinahya.database.metadata.bind.Context bind
WARNING: unknown result; type: Table, label: COMMIT_ACTION, value: null
Jan 26, 2026 2:30:05 PM com.github.jinahya.database.metadata.bind.Context bind
WARNING: unknown result; type: Table, label: READ_ONLY, value: true
Jan 26, 2026 2:30:05 PM com.github.jinahya.database.metadata.bind.Context bind
WARNING: unknown result; type: Table, label: HSQLDB_TYPE, value: MEMORY
Jan 26, 2026 2:30:05 PM com.github.jinahya.database.metadata.bind.Context bind
WARNING: unknown result; type: Table, label: COMMIT_ACTION, value: null
Jan 26, 2026 2:30:05 PM com.github.jinahya.database.metadata.bind.Context bind
WARNING: unknown result; type: Table, label: READ_ONLY, value: true
Jan 26, 2026 2:30:05 PM com.github.jinahya.database.metadata.bind.Context bind
WARNING: unknown result; type: Table, label: HSQLDB_TYPE, value: MEMORY
Jan 26, 2026 2:30:05 PM com.github.jinahya.database.metadata.bind.Context bind
WARNING: unknown result; type: Table, label: COMMIT_ACTION, value: null
Jan 26, 2026 2:30:05 PM com.github.jinahya.database.metadata.bind.Context bind
WARNING: unknown result; type: Table, label: READ_ONLY, value: true
Jan 26, 2026 2:30:05 PM com.github.jinahya.database.metadata.bind.Context bind
WARNING: unknown result; type: Table, label: HSQLDB_TYPE, value: MEMORY
Jan 26, 2026 2:30:05 PM com.github.jinahya.database.metadata.bind.Context bind
WARNING: unknown result; type: Table, label: COMMIT_ACTION, value: null
Jan 26, 2026 2:30:05 PM com.github.jinahya.database.metadata.bind.Context bind
WARNING: unknown result; type: Table, label: READ_ONLY, value: true
Jan 26, 2026 2:30:05 PM com.github.jinahya.database.metadata.bind.Context bind
WARNING: unknown result; type: Table, label: HSQLDB_TYPE, value: MEMORY
Jan 26, 2026 2:30:05 PM com.github.jinahya.database.metadata.bind.Context bind
WARNING: unknown result; type: Table, label: COMMIT_ACTION, value: null
Jan 26, 2026 2:30:05 PM com.github.jinahya.database.metadata.bind.Context bind
WARNING: unknown result; type: Table, label: READ_ONLY, value: true
Jan 26, 2026 2:30:05 PM com.github.jinahya.database.metadata.bind.Context bind
WARNING: unknown result; type: Table, label: HSQLDB_TYPE, value: MEMORY
Jan 26, 2026 2:30:05 PM com.github.jinahya.database.metadata.bind.Context bind
WARNING: unknown result; type: Table, label: COMMIT_ACTION, value: null
Jan 26, 2026 2:30:05 PM com.github.jinahya.database.metadata.bind.Context bind
WARNING: unknown result; type: Table, label: READ_ONLY, value: true
Jan 26, 2026 2:30:05 PM com.github.jinahya.database.metadata.bind.Context bind
WARNING: unknown result; type: Table, label: HSQLDB_TYPE, value: MEMORY
Jan 26, 2026 2:30:05 PM com.github.jinahya.database.metadata.bind.Context bind
WARNING: unknown result; type: Table, label: COMMIT_ACTION, value: null
Jan 26, 2026 2:30:05 PM com.github.jinahya.database.metadata.bind.Context bind
WARNING: unknown result; type: Table, label: READ_ONLY, value: true
Jan 26, 2026 2:30:05 PM com.github.jinahya.database.metadata.bind.Context bind
WARNING: unknown result; type: Table, label: HSQLDB_TYPE, value: MEMORY
Jan 26, 2026 2:30:05 PM com.github.jinahya.database.metadata.bind.Context bind
WARNING: unknown result; type: Table, label: COMMIT_ACTION, value: null
Jan 26, 2026 2:30:05 PM com.github.jinahya.database.metadata.bind.Context bind
WARNING: unknown result; type: Table, label: READ_ONLY, value: true
Jan 26, 2026 2:30:05 PM com.github.jinahya.database.metadata.bind.Context bind
WARNING: unknown result; type: Table, label: HSQLDB_TYPE, value: MEMORY
Jan 26, 2026 2:30:05 PM com.github.jinahya.database.metadata.bind.Context bind
WARNING: unknown result; type: Table, label: COMMIT_ACTION, value: null
Jan 26, 2026 2:30:05 PM com.github.jinahya.database.metadata.bind.Context bind
WARNING: unknown result; type: Table, label: READ_ONLY, value: true
Jan 26, 2026 2:30:05 PM com.github.jinahya.database.metadata.bind.Context bind
WARNING: unknown result; type: Table, label: HSQLDB_TYPE, value: MEMORY
Jan 26, 2026 2:30:05 PM com.github.jinahya.database.metadata.bind.Context bind
WARNING: unknown result; type: Table, label: COMMIT_ACTION, value: null
Jan 26, 2026 2:30:05 PM com.github.jinahya.database.metadata.bind.Context bind
WARNING: unknown result; type: Table, label: READ_ONLY, value: true
Jan 26, 2026 2:30:05 PM com.github.jinahya.database.metadata.bind.Context bind
WARNING: unknown result; type: Table, label: HSQLDB_TYPE, value: MEMORY
Jan 26, 2026 2:30:05 PM com.github.jinahya.database.metadata.bind.Context bind
WARNING: unknown result; type: Table, label: COMMIT_ACTION, value: null
Jan 26, 2026 2:30:05 PM com.github.jinahya.database.metadata.bind.Context bind
WARNING: unknown result; type: Table, label: READ_ONLY, value: true
Jan 26, 2026 2:30:05 PM com.github.jinahya.database.metadata.bind.Context bind
WARNING: unknown result; type: Table, label: HSQLDB_TYPE, value: MEMORY
Jan 26, 2026 2:30:05 PM com.github.jinahya.database.metadata.bind.Context bind
WARNING: unknown result; type: Table, label: COMMIT_ACTION, value: null
Jan 26, 2026 2:30:05 PM com.github.jinahya.database.metadata.bind.Context bind
WARNING: unknown result; type: Table, label: READ_ONLY, value: true
Jan 26, 2026 2:30:05 PM com.github.jinahya.database.metadata.bind.Context bind
WARNING: unknown result; type: Table, label: HSQLDB_TYPE, value: MEMORY
Jan 26, 2026 2:30:05 PM com.github.jinahya.database.metadata.bind.Context bind
WARNING: unknown result; type: Table, label: COMMIT_ACTION, value: null
Jan 26, 2026 2:30:05 PM com.github.jinahya.database.metadata.bind.Context bind
WARNING: unknown result; type: Table, label: READ_ONLY, value: true
Jan 26, 2026 2:30:05 PM com.github.jinahya.database.metadata.bind.Context bind
WARNING: unknown result; type: Table, label: HSQLDB_TYPE, value: MEMORY
Jan 26, 2026 2:30:05 PM com.github.jinahya.database.metadata.bind.Context bind
WARNING: unknown result; type: Table, label: COMMIT_ACTION, value: null
Jan 26, 2026 2:30:05 PM com.github.jinahya.database.metadata.bind.Context bind
WARNING: unknown result; type: Table, label: READ_ONLY, value: true
Jan 26, 2026 2:30:05 PM com.github.jinahya.database.metadata.bind.Context bind
WARNING: unknown result; type: Table, label: HSQLDB_TYPE, value: MEMORY
Jan 26, 2026 2:30:05 PM com.github.jinahya.database.metadata.bind.Context bind
WARNING: unknown result; type: Table, label: COMMIT_ACTION, value: null
Jan 26, 2026 2:30:05 PM com.github.jinahya.database.metadata.bind.Context bind
WARNING: unknown result; type: Table, label: READ_ONLY, value: true
Jan 26, 2026 2:30:05 PM com.github.jinahya.database.metadata.bind.Context bind
WARNING: unknown result; type: Table, label: HSQLDB_TYPE, value: MEMORY
Jan 26, 2026 2:30:05 PM com.github.jinahya.database.metadata.bind.Context bind
WARNING: unknown result; type: Table, label: COMMIT_ACTION, value: null
Jan 26, 2026 2:30:05 PM com.github.jinahya.database.metadata.bind.Context bind
WARNING: unknown result; type: Table, label: READ_ONLY, value: true
Jan 26, 2026 2:30:05 PM com.github.jinahya.database.metadata.bind.Context bind
WARNING: unknown result; type: Table, label: HSQLDB_TYPE, value: MEMORY
Jan 26, 2026 2:30:05 PM com.github.jinahya.database.metadata.bind.Context bind
WARNING: unknown result; type: Table, label: COMMIT_ACTION, value: null
Jan 26, 2026 2:30:05 PM com.github.jinahya.database.metadata.bind.Context bind
WARNING: unknown result; type: Table, label: READ_ONLY, value: true
Jan 26, 2026 2:30:05 PM com.github.jinahya.database.metadata.bind.Context bind
WARNING: unknown result; type: Table, label: HSQLDB_TYPE, value: MEMORY
Jan 26, 2026 2:30:05 PM com.github.jinahya.database.metadata.bind.Context bind
WARNING: unknown result; type: Table, label: COMMIT_ACTION, value: null
Jan 26, 2026 2:30:05 PM com.github.jinahya.database.metadata.bind.Context bind
WARNING: unknown result; type: Table, label: READ_ONLY, value: true
Jan 26, 2026 2:30:05 PM com.github.jinahya.database.metadata.bind.Context bind
WARNING: unknown result; type: Table, label: HSQLDB_TYPE, value: MEMORY
Jan 26, 2026 2:30:05 PM com.github.jinahya.database.metadata.bind.Context bind
WARNING: unknown result; type: Table, label: COMMIT_ACTION, value: null
Jan 26, 2026 2:30:05 PM com.github.jinahya.database.metadata.bind.Context bind
WARNING: unknown result; type: Table, label: READ_ONLY, value: true
Jan 26, 2026 2:30:05 PM com.github.jinahya.database.metadata.bind.Context bind
WARNING: unknown result; type: Table, label: HSQLDB_TYPE, value: MEMORY
Jan 26, 2026 2:30:05 PM com.github.jinahya.database.metadata.bind.Context bind
WARNING: unknown result; type: Table, label: COMMIT_ACTION, value: null
Jan 26, 2026 2:30:05 PM com.github.jinahya.database.metadata.bind.Context bind
WARNING: unknown result; type: Table, label: READ_ONLY, value: true
Jan 26, 2026 2:30:05 PM com.github.jinahya.database.metadata.bind.Context bind
WARNING: unknown result; type: Table, label: HSQLDB_TYPE, value: MEMORY
Jan 26, 2026 2:30:05 PM com.github.jinahya.database.metadata.bind.Context bind
WARNING: unknown result; type: Table, label: COMMIT_ACTION, value: null
Jan 26, 2026 2:30:05 PM com.github.jinahya.database.metadata.bind.Context bind
WARNING: unknown result; type: Table, label: READ_ONLY, value: true
Jan 26, 2026 2:30:05 PM com.github.jinahya.database.metadata.bind.Context bind
WARNING: unknown result; type: Table, label: HSQLDB_TYPE, value: MEMORY
Jan 26, 2026 2:30:05 PM com.github.jinahya.database.metadata.bind.Context bind
WARNING: unknown result; type: Table, label: COMMIT_ACTION, value: null
Jan 26, 2026 2:30:05 PM com.github.jinahya.database.metadata.bind.Context bind
WARNING: unknown result; type: Table, label: READ_ONLY, value: true
Jan 26, 2026 2:30:05 PM com.github.jinahya.database.metadata.bind.Context bind
WARNING: unknown result; type: Table, label: HSQLDB_TYPE, value: MEMORY
Jan 26, 2026 2:30:05 PM com.github.jinahya.database.metadata.bind.Context bind
WARNING: unknown result; type: Table, label: COMMIT_ACTION, value: null
Jan 26, 2026 2:30:05 PM com.github.jinahya.database.metadata.bind.Context bind
WARNING: unknown result; type: Table, label: READ_ONLY, value: true
Jan 26, 2026 2:30:05 PM com.github.jinahya.database.metadata.bind.Context bind
WARNING: unknown result; type: Table, label: HSQLDB_TYPE, value: MEMORY
Jan 26, 2026 2:30:05 PM com.github.jinahya.database.metadata.bind.Context bind
WARNING: unknown result; type: Table, label: COMMIT_ACTION, value: null
Jan 26, 2026 2:30:05 PM com.github.jinahya.database.metadata.bind.Context bind
WARNING: unknown result; type: Table, label: READ_ONLY, value: true
Jan 26, 2026 2:30:05 PM com.github.jinahya.database.metadata.bind.Context bind
WARNING: unknown result; type: Table, label: HSQLDB_TYPE, value: MEMORY
Jan 26, 2026 2:30:05 PM com.github.jinahya.database.metadata.bind.Context bind
WARNING: unknown result; type: Table, label: COMMIT_ACTION, value: null
Jan 26, 2026 2:30:05 PM com.github.jinahya.database.metadata.bind.Context bind
WARNING: unknown result; type: Table, label: READ_ONLY, value: true
Jan 26, 2026 2:30:05 PM com.github.jinahya.database.metadata.bind.Context bind
WARNING: unknown result; type: Table, label: HSQLDB_TYPE, value: MEMORY
Jan 26, 2026 2:30:05 PM com.github.jinahya.database.metadata.bind.Context bind
WARNING: unknown result; type: Table, label: COMMIT_ACTION, value: null
Jan 26, 2026 2:30:05 PM com.github.jinahya.database.metadata.bind.Context bind
WARNING: unknown result; type: Table, label: READ_ONLY, value: true
Jan 26, 2026 2:30:05 PM com.github.jinahya.database.metadata.bind.Context bind
WARNING: unknown result; type: Table, label: HSQLDB_TYPE, value: MEMORY
Jan 26, 2026 2:30:05 PM com.github.jinahya.database.metadata.bind.Context bind
WARNING: unknown result; type: Table, label: COMMIT_ACTION, value: null
Jan 26, 2026 2:30:05 PM com.github.jinahya.database.metadata.bind.Context bind
WARNING: unknown result; type: Table, label: READ_ONLY, value: true
Jan 26, 2026 2:30:05 PM com.github.jinahya.database.metadata.bind.Context bind
WARNING: unknown result; type: Table, label: HSQLDB_TYPE, value: MEMORY
Jan 26, 2026 2:30:05 PM com.github.jinahya.database.metadata.bind.Context bind
WARNING: unknown result; type: Table, label: COMMIT_ACTION, value: null
Jan 26, 2026 2:30:05 PM com.github.jinahya.database.metadata.bind.Context bind
WARNING: unknown result; type: Table, label: READ_ONLY, value: true
Jan 26, 2026 2:30:05 PM com.github.jinahya.database.metadata.bind.Context bind
WARNING: unknown result; type: Table, label: HSQLDB_TYPE, value: MEMORY
Jan 26, 2026 2:30:05 PM com.github.jinahya.database.metadata.bind.Context bind
WARNING: unknown result; type: Table, label: COMMIT_ACTION, value: null
Jan 26, 2026 2:30:05 PM com.github.jinahya.database.metadata.bind.Context bind
WARNING: unknown result; type: Table, label: READ_ONLY, value: true
Jan 26, 2026 2:30:05 PM com.github.jinahya.database.metadata.bind.Context bind
WARNING: unknown result; type: Table, label: HSQLDB_TYPE, value: MEMORY
Jan 26, 2026 2:30:05 PM com.github.jinahya.database.metadata.bind.Context bind
WARNING: unknown result; type: Table, label: COMMIT_ACTION, value: null
Jan 26, 2026 2:30:05 PM com.github.jinahya.database.metadata.bind.Context bind
WARNING: unknown result; type: Table, label: READ_ONLY, value: true
Jan 26, 2026 2:30:05 PM com.github.jinahya.database.metadata.bind.Context bind
WARNING: unknown result; type: Table, label: HSQLDB_TYPE, value: MEMORY
Jan 26, 2026 2:30:05 PM com.github.jinahya.database.metadata.bind.Context bind
WARNING: unknown result; type: Table, label: COMMIT_ACTION, value: null
Jan 26, 2026 2:30:05 PM com.github.jinahya.database.metadata.bind.Context bind
WARNING: unknown result; type: Table, label: READ_ONLY, value: true
Jan 26, 2026 2:30:05 PM com.github.jinahya.database.metadata.bind.Context bind
WARNING: unknown result; type: Table, label: HSQLDB_TYPE, value: MEMORY
Jan 26, 2026 2:30:05 PM com.github.jinahya.database.metadata.bind.Context bind
WARNING: unknown result; type: Table, label: COMMIT_ACTION, value: null
Jan 26, 2026 2:30:05 PM com.github.jinahya.database.metadata.bind.Context bind
WARNING: unknown result; type: Table, label: READ_ONLY, value: true
Jan 26, 2026 2:30:05 PM com.github.jinahya.database.metadata.bind.Context bind
WARNING: unknown result; type: Table, label: HSQLDB_TYPE, value: MEMORY
Jan 26, 2026 2:30:05 PM com.github.jinahya.database.metadata.bind.Context bind
WARNING: unknown result; type: Table, label: COMMIT_ACTION, value: null
Jan 26, 2026 2:30:05 PM com.github.jinahya.database.metadata.bind.Context bind
WARNING: unknown result; type: Table, label: READ_ONLY, value: true
Jan 26, 2026 2:30:05 PM com.github.jinahya.database.metadata.bind.Context bind
WARNING: unknown result; type: Table, label: HSQLDB_TYPE, value: MEMORY
Jan 26, 2026 2:30:05 PM com.github.jinahya.database.metadata.bind.Context bind
WARNING: unknown result; type: Table, label: COMMIT_ACTION, value: null
Jan 26, 2026 2:30:05 PM com.github.jinahya.database.metadata.bind.Context bind
WARNING: unknown result; type: Table, label: READ_ONLY, value: true
Jan 26, 2026 2:30:05 PM com.github.jinahya.database.metadata.bind.Context bind
WARNING: unknown result; type: Table, label: HSQLDB_TYPE, value: MEMORY
Jan 26, 2026 2:30:05 PM com.github.jinahya.database.metadata.bind.Context bind
WARNING: unknown result; type: Table, label: COMMIT_ACTION, value: null
Jan 26, 2026 2:30:05 PM com.github.jinahya.database.metadata.bind.Context bind
WARNING: unknown result; type: Table, label: READ_ONLY, value: true
Jan 26, 2026 2:30:05 PM com.github.jinahya.database.metadata.bind.Context bind
WARNING: unknown result; type: Table, label: HSQLDB_TYPE, value: MEMORY
Jan 26, 2026 2:30:05 PM com.github.jinahya.database.metadata.bind.Context bind
WARNING: unknown result; type: Table, label: COMMIT_ACTION, value: null
Jan 26, 2026 2:30:05 PM com.github.jinahya.database.metadata.bind.Context bind
WARNING: unknown result; type: Table, label: READ_ONLY, value: true
Jan 26, 2026 2:30:05 PM com.github.jinahya.database.metadata.bind.Context bind
WARNING: unknown result; type: Table, label: HSQLDB_TYPE, value: MEMORY
Jan 26, 2026 2:30:05 PM com.github.jinahya.database.metadata.bind.Context bind
WARNING: unknown result; type: Table, label: COMMIT_ACTION, value: null
Jan 26, 2026 2:30:05 PM com.github.jinahya.database.metadata.bind.Context bind
WARNING: unknown result; type: Table, label: READ_ONLY, value: true
Jan 26, 2026 2:30:05 PM com.github.jinahya.database.metadata.bind.Context bind
WARNING: unknown result; type: Table, label: HSQLDB_TYPE, value: MEMORY
Jan 26, 2026 2:30:05 PM com.github.jinahya.database.metadata.bind.Context bind
WARNING: unknown result; type: Table, label: COMMIT_ACTION, value: null
Jan 26, 2026 2:30:05 PM com.github.jinahya.database.metadata.bind.Context bind
WARNING: unknown result; type: Table, label: READ_ONLY, value: true
Jan 26, 2026 2:30:05 PM com.github.jinahya.database.metadata.bind.Context bind
WARNING: unknown result; type: Table, label: HSQLDB_TYPE, value: MEMORY
Jan 26, 2026 2:30:05 PM com.github.jinahya.database.metadata.bind.Context bind
WARNING: unknown result; type: Table, label: COMMIT_ACTION, value: null
Jan 26, 2026 2:30:05 PM com.github.jinahya.database.metadata.bind.Context bind
WARNING: unknown result; type: Table, label: READ_ONLY, value: true
Jan 26, 2026 2:30:05 PM com.github.jinahya.database.metadata.bind.Context bind
WARNING: unknown result; type: Table, label: HSQLDB_TYPE, value: MEMORY
Jan 26, 2026 2:30:05 PM com.github.jinahya.database.metadata.bind.Context bind
WARNING: unknown result; type: Table, label: COMMIT_ACTION, value: null
Jan 26, 2026 2:30:05 PM com.github.jinahya.database.metadata.bind.Context bind
WARNING: unknown result; type: Table, label: READ_ONLY, value: true
Jan 26, 2026 2:30:05 PM com.github.jinahya.database.metadata.bind.Context bind
WARNING: unknown result; type: Table, label: HSQLDB_TYPE, value: MEMORY
Jan 26, 2026 2:30:05 PM com.github.jinahya.database.metadata.bind.Context bind
WARNING: unknown result; type: Table, label: COMMIT_ACTION, value: null
Jan 26, 2026 2:30:05 PM com.github.jinahya.database.metadata.bind.Context bind
WARNING: unknown result; type: Table, label: READ_ONLY, value: true
Jan 26, 2026 2:30:05 PM com.github.jinahya.database.metadata.bind.Context bind
WARNING: unknown result; type: Table, label: HSQLDB_TYPE, value: MEMORY
Jan 26, 2026 2:30:05 PM com.github.jinahya.database.metadata.bind.Context bind
WARNING: unknown result; type: Table, label: COMMIT_ACTION, value: null
Jan 26, 2026 2:30:05 PM com.github.jinahya.database.metadata.bind.Context bind
WARNING: unknown result; type: Table, label: READ_ONLY, value: true
Jan 26, 2026 2:30:05 PM com.github.jinahya.database.metadata.bind.Context bind
WARNING: unknown result; type: Table, label: HSQLDB_TYPE, value: MEMORY
Jan 26, 2026 2:30:05 PM com.github.jinahya.database.metadata.bind.Context bind
WARNING: unknown result; type: Table, label: COMMIT_ACTION, value: null
Jan 26, 2026 2:30:05 PM com.github.jinahya.database.metadata.bind.Context bind
WARNING: unknown result; type: Table, label: READ_ONLY, value: true
Jan 26, 2026 2:30:05 PM com.github.jinahya.database.metadata.bind.Context bind
WARNING: unknown result; type: Table, label: HSQLDB_TYPE, value: MEMORY
Jan 26, 2026 2:30:05 PM com.github.jinahya.database.metadata.bind.Context bind
WARNING: unknown result; type: Table, label: COMMIT_ACTION, value: null
Jan 26, 2026 2:30:05 PM com.github.jinahya.database.metadata.bind.Context bind
WARNING: unknown result; type: Table, label: READ_ONLY, value: true
Jan 26, 2026 2:30:05 PM com.github.jinahya.database.metadata.bind.Context bind
WARNING: unknown result; type: Table, label: HSQLDB_TYPE, value: MEMORY
Jan 26, 2026 2:30:05 PM com.github.jinahya.database.metadata.bind.Context bind
WARNING: unknown result; type: Table, label: COMMIT_ACTION, value: null
Jan 26, 2026 2:30:05 PM com.github.jinahya.database.metadata.bind.Context bind
WARNING: unknown result; type: Table, label: READ_ONLY, value: true
Jan 26, 2026 2:30:05 PM com.github.jinahya.database.metadata.bind.Context bind
WARNING: unknown result; type: Table, label: HSQLDB_TYPE, value: MEMORY
Jan 26, 2026 2:30:05 PM com.github.jinahya.database.metadata.bind.Context bind
WARNING: unknown result; type: Table, label: COMMIT_ACTION, value: null
Jan 26, 2026 2:30:05 PM com.github.jinahya.database.metadata.bind.Context bind
WARNING: unknown result; type: Table, label: READ_ONLY, value: true
Jan 26, 2026 2:30:05 PM com.github.jinahya.database.metadata.bind.Context bind
WARNING: unknown result; type: Table, label: HSQLDB_TYPE, value: MEMORY
Jan 26, 2026 2:30:05 PM com.github.jinahya.database.metadata.bind.Context bind
WARNING: unknown result; type: Table, label: COMMIT_ACTION, value: null
Jan 26, 2026 2:30:05 PM com.github.jinahya.database.metadata.bind.Context bind
WARNING: unknown result; type: Table, label: READ_ONLY, value: true
Jan 26, 2026 2:30:05 PM com.github.jinahya.database.metadata.bind.Context bind
WARNING: unknown result; type: Table, label: HSQLDB_TYPE, value: MEMORY
Jan 26, 2026 2:30:05 PM com.github.jinahya.database.metadata.bind.Context bind
WARNING: unknown result; type: Table, label: COMMIT_ACTION, value: null
Jan 26, 2026 2:30:05 PM com.github.jinahya.database.metadata.bind.Context bind
WARNING: unknown result; type: Table, label: READ_ONLY, value: true
Jan 26, 2026 2:30:05 PM com.github.jinahya.database.metadata.bind.Context bind
WARNING: unknown result; type: Table, label: HSQLDB_TYPE, value: MEMORY
Jan 26, 2026 2:30:05 PM com.github.jinahya.database.metadata.bind.Context bind
WARNING: unknown result; type: Table, label: COMMIT_ACTION, value: null
Jan 26, 2026 2:30:05 PM com.github.jinahya.database.metadata.bind.Context bind
WARNING: unknown result; type: Table, label: READ_ONLY, value: true
Jan 26, 2026 2:30:05 PM com.github.jinahya.database.metadata.bind.Context bind
WARNING: unknown result; type: Table, label: HSQLDB_TYPE, value: MEMORY
Jan 26, 2026 2:30:05 PM com.github.jinahya.database.metadata.bind.Context bind
WARNING: unknown result; type: Table, label: COMMIT_ACTION, value: null
Jan 26, 2026 2:30:05 PM com.github.jinahya.database.metadata.bind.Context bind
WARNING: unknown result; type: Table, label: READ_ONLY, value: true
Jan 26, 2026 2:30:05 PM com.github.jinahya.database.metadata.bind.Context bind
WARNING: unknown result; type: Table, label: HSQLDB_TYPE, value: MEMORY
Jan 26, 2026 2:30:05 PM com.github.jinahya.database.metadata.bind.Context bind
WARNING: unknown result; type: Table, label: COMMIT_ACTION, value: null
Jan 26, 2026 2:30:05 PM com.github.jinahya.database.metadata.bind.Context bind
WARNING: unknown result; type: Table, label: READ_ONLY, value: true
Jan 26, 2026 2:30:05 PM com.github.jinahya.database.metadata.bind.Context bind
WARNING: unknown result; type: Table, label: HSQLDB_TYPE, value: MEMORY
Jan 26, 2026 2:30:05 PM com.github.jinahya.database.metadata.bind.Context bind
WARNING: unknown result; type: Table, label: COMMIT_ACTION, value: null
Jan 26, 2026 2:30:05 PM com.github.jinahya.database.metadata.bind.Context bind
WARNING: unknown result; type: Table, label: READ_ONLY, value: true
Jan 26, 2026 2:30:05 PM com.github.jinahya.database.metadata.bind.Context bind
WARNING: unknown result; type: Table, label: HSQLDB_TYPE, value: MEMORY
Jan 26, 2026 2:30:05 PM com.github.jinahya.database.metadata.bind.Context bind
WARNING: unknown result; type: Table, label: COMMIT_ACTION, value: null
Jan 26, 2026 2:30:05 PM com.github.jinahya.database.metadata.bind.Context bind
WARNING: unknown result; type: Table, label: READ_ONLY, value: true
Jan 26, 2026 2:30:05 PM com.github.jinahya.database.metadata.bind.Context bind
WARNING: unknown result; type: Table, label: HSQLDB_TYPE, value: MEMORY
Jan 26, 2026 2:30:05 PM com.github.jinahya.database.metadata.bind.Context bind
WARNING: unknown result; type: Table, label: COMMIT_ACTION, value: null
Jan 26, 2026 2:30:05 PM com.github.jinahya.database.metadata.bind.Context bind
WARNING: unknown result; type: Table, label: READ_ONLY, value: true
Jan 26, 2026 2:30:05 PM com.github.jinahya.database.metadata.bind.Context bind
WARNING: unknown result; type: Table, label: HSQLDB_TYPE, value: MEMORY
Jan 26, 2026 2:30:05 PM com.github.jinahya.database.metadata.bind.Context bind
WARNING: unknown result; type: Table, label: COMMIT_ACTION, value: null
Jan 26, 2026 2:30:05 PM com.github.jinahya.database.metadata.bind.Context bind
WARNING: unknown result; type: Table, label: READ_ONLY, value: true
Jan 26, 2026 2:30:05 PM com.github.jinahya.database.metadata.bind.Context bind
WARNING: unknown result; type: Table, label: HSQLDB_TYPE, value: MEMORY
Jan 26, 2026 2:30:05 PM com.github.jinahya.database.metadata.bind.Context bind
WARNING: unknown result; type: Table, label: COMMIT_ACTION, value: null
Jan 26, 2026 2:30:05 PM com.github.jinahya.database.metadata.bind.Context bind
WARNING: unknown result; type: Table, label: READ_ONLY, value: true
Jan 26, 2026 2:30:05 PM com.github.jinahya.database.metadata.bind.Context bind
WARNING: unknown result; type: Table, label: HSQLDB_TYPE, value: MEMORY
Jan 26, 2026 2:30:05 PM com.github.jinahya.database.metadata.bind.Context bind
WARNING: unknown result; type: Table, label: COMMIT_ACTION, value: null
Jan 26, 2026 2:30:05 PM com.github.jinahya.database.metadata.bind.Context bind
WARNING: unknown result; type: Table, label: READ_ONLY, value: true
Jan 26, 2026 2:30:05 PM com.github.jinahya.database.metadata.bind.Context bind
WARNING: unknown result; type: Table, label: HSQLDB_TYPE, value: MEMORY
Jan 26, 2026 2:30:05 PM com.github.jinahya.database.metadata.bind.Context bind
WARNING: unknown result; type: Table, label: COMMIT_ACTION, value: null
Jan 26, 2026 2:30:05 PM com.github.jinahya.database.metadata.bind.Context bind
WARNING: unknown result; type: Table, label: READ_ONLY, value: true
Jan 26, 2026 2:30:05 PM com.github.jinahya.database.metadata.bind.Context bind
WARNING: unknown result; type: Table, label: HSQLDB_TYPE, value: MEMORY
Jan 26, 2026 2:30:05 PM com.github.jinahya.database.metadata.bind.Context bind
WARNING: unknown result; type: Table, label: COMMIT_ACTION, value: null
Jan 26, 2026 2:30:05 PM com.github.jinahya.database.metadata.bind.Context bind
WARNING: unknown result; type: Table, label: READ_ONLY, value: true
Jan 26, 2026 2:30:05 PM com.github.jinahya.database.metadata.bind.Context bind
WARNING: unknown result; type: Table, label: HSQLDB_TYPE, value: MEMORY
Jan 26, 2026 2:30:05 PM com.github.jinahya.database.metadata.bind.Context bind
WARNING: unknown result; type: Table, label: COMMIT_ACTION, value: null
Jan 26, 2026 2:30:05 PM com.github.jinahya.database.metadata.bind.Context bind
WARNING: unknown result; type: Table, label: READ_ONLY, value: true
Jan 26, 2026 2:30:05 PM com.github.jinahya.database.metadata.bind.Context bind
WARNING: unknown result; type: Table, label: HSQLDB_TYPE, value: MEMORY
Jan 26, 2026 2:30:05 PM com.github.jinahya.database.metadata.bind.Context bind
WARNING: unknown result; type: Table, label: COMMIT_ACTION, value: null
Jan 26, 2026 2:30:05 PM com.github.jinahya.database.metadata.bind.Context bind
WARNING: unknown result; type: Table, label: READ_ONLY, value: true
Jan 26, 2026 2:30:05 PM com.github.jinahya.database.metadata.bind.Context bind
WARNING: unknown result; type: Table, label: HSQLDB_TYPE, value: MEMORY
Jan 26, 2026 2:30:05 PM com.github.jinahya.database.metadata.bind.Context bind
WARNING: unknown result; type: Table, label: COMMIT_ACTION, value: null
Jan 26, 2026 2:30:05 PM com.github.jinahya.database.metadata.bind.Context bind
WARNING: unknown result; type: Table, label: READ_ONLY, value: true
Jan 26, 2026 2:30:05 PM com.github.jinahya.database.metadata.bind.Context bind
WARNING: unknown result; type: Table, label: HSQLDB_TYPE, value: MEMORY
Jan 26, 2026 2:30:05 PM com.github.jinahya.database.metadata.bind.Context bind
WARNING: unknown result; type: Table, label: COMMIT_ACTION, value: null
Jan 26, 2026 2:30:05 PM com.github.jinahya.database.metadata.bind.Context bind
WARNING: unknown result; type: Table, label: READ_ONLY, value: true
Jan 26, 2026 2:30:05 PM com.github.jinahya.database.metadata.bind.Context bind
WARNING: unknown result; type: Table, label: HSQLDB_TYPE, value: MEMORY
Jan 26, 2026 2:30:05 PM com.github.jinahya.database.metadata.bind.Context bind
WARNING: unknown result; type: Table, label: COMMIT_ACTION, value: null
Jan 26, 2026 2:30:05 PM com.github.jinahya.database.metadata.bind.Context bind
WARNING: unknown result; type: Table, label: READ_ONLY, value: true
Jan 26, 2026 2:30:05 PM com.github.jinahya.database.metadata.bind.Context bind
WARNING: unknown result; type: Table, label: HSQLDB_TYPE, value: MEMORY
Jan 26, 2026 2:30:05 PM com.github.jinahya.database.metadata.bind.Context bind
WARNING: unknown result; type: Table, label: COMMIT_ACTION, value: null
Jan 26, 2026 2:30:05 PM com.github.jinahya.database.metadata.bind.Context bind
WARNING: unknown result; type: Table, label: READ_ONLY, value: true
Jan 26, 2026 2:30:05 PM com.github.jinahya.database.metadata.bind.Context bind
WARNING: unknown result; type: Table, label: HSQLDB_TYPE, value: MEMORY
Jan 26, 2026 2:30:05 PM com.github.jinahya.database.metadata.bind.Context bind
WARNING: unknown result; type: Table, label: COMMIT_ACTION, value: null
Jan 26, 2026 2:30:05 PM com.github.jinahya.database.metadata.bind.Context bind
WARNING: unknown result; type: Table, label: READ_ONLY, value: true
Jan 26, 2026 2:30:05 PM com.github.jinahya.database.metadata.bind.Context bind
WARNING: unknown result; type: Table, label: HSQLDB_TYPE, value: MEMORY
Jan 26, 2026 2:30:05 PM com.github.jinahya.database.metadata.bind.Context bind
WARNING: unknown result; type: Table, label: COMMIT_ACTION, value: null
Jan 26, 2026 2:30:05 PM com.github.jinahya.database.metadata.bind.Context bind
WARNING: unknown result; type: Table, label: READ_ONLY, value: true
Jan 26, 2026 2:30:05 PM com.github.jinahya.database.metadata.bind.Context bind
WARNING: unknown result; type: Table, label: HSQLDB_TYPE, value: MEMORY
Jan 26, 2026 2:30:05 PM com.github.jinahya.database.metadata.bind.Context bind
WARNING: unknown result; type: Table, label: COMMIT_ACTION, value: null
Jan 26, 2026 2:30:05 PM com.github.jinahya.database.metadata.bind.Context bind
WARNING: unknown result; type: Table, label: READ_ONLY, value: true
Jan 26, 2026 2:30:05 PM com.github.jinahya.database.metadata.bind.Context bind
WARNING: unknown result; type: Table, label: HSQLDB_TYPE, value: MEMORY
Jan 26, 2026 2:30:05 PM com.github.jinahya.database.metadata.bind.Context bind
WARNING: unknown result; type: Table, label: COMMIT_ACTION, value: null
Jan 26, 2026 2:30:05 PM com.github.jinahya.database.metadata.bind.Context bind
WARNING: unknown result; type: Table, label: READ_ONLY, value: true
Jan 26, 2026 2:30:05 PM com.github.jinahya.database.metadata.bind.Context bind
WARNING: unknown result; type: Table, label: HSQLDB_TYPE, value: MEMORY
Jan 26, 2026 2:30:05 PM com.github.jinahya.database.metadata.bind.Context bind
WARNING: unknown result; type: Table, label: COMMIT_ACTION, value: null
Jan 26, 2026 2:30:05 PM com.github.jinahya.database.metadata.bind.Context bind
WARNING: unknown result; type: Table, label: READ_ONLY, value: true
Jan 26, 2026 2:30:05 PM com.github.jinahya.database.metadata.bind.Context bind
WARNING: unknown result; type: Table, label: HSQLDB_TYPE, value: MEMORY
Jan 26, 2026 2:30:05 PM com.github.jinahya.database.metadata.bind.Context bind
WARNING: unknown result; type: Table, label: COMMIT_ACTION, value: null
Jan 26, 2026 2:30:05 PM com.github.jinahya.database.metadata.bind.Context bind
WARNING: unknown result; type: Table, label: READ_ONLY, value: true
Jan 26, 2026 2:30:05 PM com.github.jinahya.database.metadata.bind.Context bind
WARNING: unknown result; type: Table, label: HSQLDB_TYPE, value: MEMORY
Jan 26, 2026 2:30:05 PM com.github.jinahya.database.metadata.bind.Context bind
WARNING: unknown result; type: Table, label: COMMIT_ACTION, value: null
Jan 26, 2026 2:30:05 PM com.github.jinahya.database.metadata.bind.Context bind
WARNING: unknown result; type: Table, label: READ_ONLY, value: true
Jan 26, 2026 2:30:05 PM com.github.jinahya.database.metadata.bind.Context bind
WARNING: unknown result; type: Table, label: HSQLDB_TYPE, value: MEMORY
Jan 26, 2026 2:30:05 PM com.github.jinahya.database.metadata.bind.Context bind
WARNING: unknown result; type: Table, label: COMMIT_ACTION, value: null
Jan 26, 2026 2:30:05 PM com.github.jinahya.database.metadata.bind.Context bind
WARNING: unknown result; type: Table, label: READ_ONLY, value: true
Jan 26, 2026 2:30:05 PM com.github.jinahya.database.metadata.bind.Context bind
WARNING: unknown result; type: Table, label: HSQLDB_TYPE, value: MEMORY
Jan 26, 2026 2:30:05 PM com.github.jinahya.database.metadata.bind.Context bind
WARNING: unknown result; type: Table, label: COMMIT_ACTION, value: null
Jan 26, 2026 2:30:05 PM com.github.jinahya.database.metadata.bind.Context bind
WARNING: unknown result; type: Table, label: READ_ONLY, value: true
Jan 26, 2026 2:30:05 PM com.github.jinahya.database.metadata.bind.Context bind
WARNING: unknown result; type: Table, label: HSQLDB_TYPE, value: MEMORY
Jan 26, 2026 2:30:05 PM com.github.jinahya.database.metadata.bind.Context bind
WARNING: unknown result; type: Table, label: COMMIT_ACTION, value: null
Jan 26, 2026 2:30:05 PM com.github.jinahya.database.metadata.bind.Context bind
WARNING: unknown result; type: Table, label: READ_ONLY, value: true
Jan 26, 2026 2:30:05 PM com.github.jinahya.database.metadata.bind.Context bind
WARNING: unknown result; type: Table, label: HSQLDB_TYPE, value: MEMORY
Jan 26, 2026 2:30:05 PM com.github.jinahya.database.metadata.bind.Context bind
WARNING: unknown result; type: Table, label: COMMIT_ACTION, value: null
Jan 26, 2026 2:30:05 PM com.github.jinahya.database.metadata.bind.Context bind
WARNING: unknown result; type: Table, label: READ_ONLY, value: true
Jan 26, 2026 2:30:05 PM com.github.jinahya.database.metadata.bind.Context bind
WARNING: unknown result; type: Table, label: HSQLDB_TYPE, value: MEMORY
Jan 26, 2026 2:30:05 PM com.github.jinahya.database.metadata.bind.Context bind
WARNING: unknown result; type: Table, label: COMMIT_ACTION, value: null
Jan 26, 2026 2:30:05 PM com.github.jinahya.database.metadata.bind.Context bind
WARNING: unknown result; type: Table, label: READ_ONLY, value: true
Jan 26, 2026 2:30:05 PM com.github.jinahya.database.metadata.bind.Context bind
WARNING: unknown result; type: Table, label: HSQLDB_TYPE, value: MEMORY
Jan 26, 2026 2:30:05 PM com.github.jinahya.database.metadata.bind.Context bind
WARNING: unknown result; type: Table, label: COMMIT_ACTION, value: null
Jan 26, 2026 2:30:05 PM com.github.jinahya.database.metadata.bind.Context bind
WARNING: unknown result; type: Table, label: READ_ONLY, value: true
Jan 26, 2026 2:30:05 PM com.github.jinahya.database.metadata.bind.Context bind
WARNING: unknown result; type: Table, label: HSQLDB_TYPE, value: MEMORY
Jan 26, 2026 2:30:05 PM com.github.jinahya.database.metadata.bind.Context bind
WARNING: unknown result; type: Table, label: COMMIT_ACTION, value: null
Jan 26, 2026 2:30:05 PM com.github.jinahya.database.metadata.bind.Context bind
WARNING: unknown result; type: Table, label: READ_ONLY, value: true
Jan 26, 2026 2:30:05 PM com.github.jinahya.database.metadata.bind.Context bind
WARNING: unknown result; type: Table, label: HSQLDB_TYPE, value: MEMORY
Jan 26, 2026 2:30:05 PM com.github.jinahya.database.metadata.bind.Context bind
WARNING: unknown result; type: Table, label: COMMIT_ACTION, value: null
Jan 26, 2026 2:30:05 PM com.github.jinahya.database.metadata.bind.Context bind
WARNING: unknown result; type: Table, label: READ_ONLY, value: true
Jan 26, 2026 2:30:05 PM com.github.jinahya.database.metadata.bind.Context bind
WARNING: unknown result; type: Table, label: HSQLDB_TYPE, value: MEMORY
Jan 26, 2026 2:30:05 PM com.github.jinahya.database.metadata.bind.Context bind
WARNING: unknown result; type: Table, label: COMMIT_ACTION, value: null
Jan 26, 2026 2:30:05 PM com.github.jinahya.database.metadata.bind.Context bind
WARNING: unknown result; type: Table, label: READ_ONLY, value: true
Jan 26, 2026 2:30:05 PM com.github.jinahya.database.metadata.bind.Context bind
WARNING: unknown result; type: Table, label: HSQLDB_TYPE, value: MEMORY
Jan 26, 2026 2:30:05 PM com.github.jinahya.database.metadata.bind.Context bind
WARNING: unknown result; type: Table, label: COMMIT_ACTION, value: null
Jan 26, 2026 2:30:05 PM com.github.jinahya.database.metadata.bind.Context bind
WARNING: unknown result; type: Table, label: READ_ONLY, value: true
Jan 26, 2026 2:30:05 PM com.github.jinahya.database.metadata.bind.Context bind
WARNING: unknown result; type: Table, label: HSQLDB_TYPE, value: MEMORY
Jan 26, 2026 2:30:06 PM com.github.jinahya.database.metadata.bind.Context bind
WARNING: unknown result; type: Procedure, label: COL_4, value: null
Jan 26, 2026 2:30:06 PM com.github.jinahya.database.metadata.bind.Context bind
WARNING: unknown result; type: Procedure, label: COL_6, value: null
Jan 26, 2026 2:30:06 PM com.github.jinahya.database.metadata.bind.Context bind
WARNING: unknown result; type: Procedure, label: COL_5, value: null
Jan 26, 2026 2:30:06 PM com.github.jinahya.database.metadata.bind.Context bind
WARNING: unknown result; type: Procedure, label: COL_4, value: null
Jan 26, 2026 2:30:06 PM com.github.jinahya.database.metadata.bind.Context bind
WARNING: unknown result; type: Procedure, label: COL_6, value: null
Jan 26, 2026 2:30:06 PM com.github.jinahya.database.metadata.bind.Context bind
WARNING: unknown result; type: Procedure, label: COL_5, value: null
Jan 26, 2026 2:30:06 PM com.github.jinahya.database.metadata.bind.Context bind
WARNING: unknown result; type: Procedure, label: COL_4, value: null
Jan 26, 2026 2:30:06 PM com.github.jinahya.database.metadata.bind.Context bind
WARNING: unknown result; type: Procedure, label: COL_6, value: null
Jan 26, 2026 2:30:06 PM com.github.jinahya.database.metadata.bind.Context bind
WARNING: unknown result; type: Procedure, label: COL_5, value: null
Jan 26, 2026 2:30:06 PM com.github.jinahya.database.metadata.bind.Context bind
WARNING: unknown result; type: Procedure, label: COL_4, value: null
Jan 26, 2026 2:30:06 PM com.github.jinahya.database.metadata.bind.Context bind
WARNING: unknown result; type: Procedure, label: COL_6, value: null
Jan 26, 2026 2:30:06 PM com.github.jinahya.database.metadata.bind.Context bind
WARNING: unknown result; type: Procedure, label: COL_5, value: null
Jan 26, 2026 2:30:06 PM com.github.jinahya.database.metadata.bind.Context bind
WARNING: unknown result; type: Procedure, label: COL_4, value: null
Jan 26, 2026 2:30:06 PM com.github.jinahya.database.metadata.bind.Context bind
WARNING: unknown result; type: Procedure, label: COL_6, value: null
Jan 26, 2026 2:30:06 PM com.github.jinahya.database.metadata.bind.Context bind
WARNING: unknown result; type: Procedure, label: COL_5, value: null
Jan 26, 2026 2:30:06 PM com.github.jinahya.database.metadata.bind.Context bind
WARNING: unknown result; type: Procedure, label: COL_4, value: null
Jan 26, 2026 2:30:06 PM com.github.jinahya.database.metadata.bind.Context bind
WARNING: unknown result; type: Procedure, label: COL_6, value: null
Jan 26, 2026 2:30:06 PM com.github.jinahya.database.metadata.bind.Context bind
WARNING: unknown result; type: Procedure, label: COL_5, value: null
Jan 26, 2026 2:30:06 PM com.github.jinahya.database.metadata.bind.Context bind
WARNING: unknown result; type: Procedure, label: COL_4, value: null
Jan 26, 2026 2:30:06 PM com.github.jinahya.database.metadata.bind.Context bind
WARNING: unknown result; type: Procedure, label: COL_6, value: null
Jan 26, 2026 2:30:06 PM com.github.jinahya.database.metadata.bind.Context bind
WARNING: unknown result; type: Procedure, label: COL_5, value: null
Jan 26, 2026 2:30:06 PM com.github.jinahya.database.metadata.bind.Context bind
WARNING: unknown result; type: Procedure, label: COL_4, value: null
Jan 26, 2026 2:30:06 PM com.github.jinahya.database.metadata.bind.Context bind
WARNING: unknown result; type: Procedure, label: COL_6, value: null
Jan 26, 2026 2:30:06 PM com.github.jinahya.database.metadata.bind.Context bind
WARNING: unknown result; type: Procedure, label: COL_5, value: null
Jan 26, 2026 2:30:06 PM com.github.jinahya.database.metadata.bind.Context bind
WARNING: unknown result; type: Procedure, label: COL_4, value: null
Jan 26, 2026 2:30:06 PM com.github.jinahya.database.metadata.bind.Context bind
WARNING: unknown result; type: Procedure, label: COL_6, value: null
Jan 26, 2026 2:30:06 PM com.github.jinahya.database.metadata.bind.Context bind
WARNING: unknown result; type: Procedure, label: COL_5, value: null
Jan 26, 2026 2:30:06 PM com.github.jinahya.database.metadata.bind.Context bind
WARNING: unknown result; type: Procedure, label: COL_4, value: null
Jan 26, 2026 2:30:06 PM com.github.jinahya.database.metadata.bind.Context bind
WARNING: unknown result; type: Procedure, label: COL_6, value: null
Jan 26, 2026 2:30:06 PM com.github.jinahya.database.metadata.bind.Context bind
WARNING: unknown result; type: Procedure, label: COL_5, value: null
Jan 26, 2026 2:30:06 PM com.github.jinahya.database.metadata.bind.Context bind
WARNING: unknown result; type: Table, label: COMMIT_ACTION, value: null
Jan 26, 2026 2:30:06 PM com.github.jinahya.database.metadata.bind.Context bind
WARNING: unknown result; type: Table, label: READ_ONLY, value: false
Jan 26, 2026 2:30:06 PM com.github.jinahya.database.metadata.bind.Context bind
WARNING: unknown result; type: Table, label: HSQLDB_TYPE, value: MEMORY
Jan 26, 2026 2:30:06 PM com.github.jinahya.database.metadata.bind.Context bind
WARNING: unknown result; type: Table, label: COMMIT_ACTION, value: null
Jan 26, 2026 2:30:06 PM com.github.jinahya.database.metadata.bind.Context bind
WARNING: unknown result; type: Table, label: READ_ONLY, value: false
Jan 26, 2026 2:30:06 PM com.github.jinahya.database.metadata.bind.Context bind
WARNING: unknown result; type: Table, label: HSQLDB_TYPE, value: MEMORY
Jan 26, 2026 2:30:06 PM com.github.jinahya.database.metadata.bind.Context bind
WARNING: unknown result; type: Table, label: COMMIT_ACTION, value: null
Jan 26, 2026 2:30:06 PM com.github.jinahya.database.metadata.bind.Context bind
WARNING: unknown result; type: Table, label: READ_ONLY, value: false
Jan 26, 2026 2:30:06 PM com.github.jinahya.database.metadata.bind.Context bind
WARNING: unknown result; type: Table, label: HSQLDB_TYPE, value: MEMORY
Jan 26, 2026 2:30:06 PM com.github.jinahya.database.metadata.bind.Context bind
WARNING: unknown result; type: Table, label: COMMIT_ACTION, value: null
Jan 26, 2026 2:30:06 PM com.github.jinahya.database.metadata.bind.Context bind
WARNING: unknown result; type: Table, label: READ_ONLY, value: false
Jan 26, 2026 2:30:06 PM com.github.jinahya.database.metadata.bind.Context bind
WARNING: unknown result; type: Table, label: HSQLDB_TYPE, value: MEMORY
Jan 26, 2026 2:30:06 PM com.github.jinahya.database.metadata.bind.Context bind
WARNING: unknown result; type: IndexInfo, label: ROW_CARDINALITY, value: null
Jan 26, 2026 2:30:06 PM com.github.jinahya.database.metadata.bind.Context bind
WARNING: unknown result; type: IndexInfo, label: ROW_CARDINALITY, value: null
Jan 26, 2026 2:30:06 PM com.github.jinahya.database.metadata.bind.Context bind
WARNING: unknown result; type: IndexInfo, label: ROW_CARDINALITY, value: null
Jan 26, 2026 2:30:06 PM com.github.jinahya.database.metadata.bind.Context bind
WARNING: unknown result; type: IndexInfo, label: ROW_CARDINALITY, value: null
Jan 26, 2026 2:30:06 PM com.github.jinahya.database.metadata.bind.Context bind
WARNING: unknown result; type: IndexInfo, label: ROW_CARDINALITY, value: null
Jan 26, 2026 2:30:06 PM com.github.jinahya.database.metadata.bind.Context bind
WARNING: unknown result; type: IndexInfo, label: ROW_CARDINALITY, value: null
Jan 26, 2026 2:30:06 PM com.github.jinahya.database.metadata.bind.Context bind
WARNING: unknown result; type: IndexInfo, label: ROW_CARDINALITY, value: null
Jan 26, 2026 2:30:06 PM com.github.jinahya.database.metadata.bind.Context bind
WARNING: unknown result; type: IndexInfo, label: ROW_CARDINALITY, value: null
Jan 26, 2026 2:30:06 PM com.github.jinahya.database.metadata.bind.Context bind
WARNING: unknown result; type: IndexInfo, label: ROW_CARDINALITY, value: null
Jan 26, 2026 2:30:06 PM com.github.jinahya.database.metadata.bind.Context bind
WARNING: unknown result; type: IndexInfo, label: ROW_CARDINALITY, value: null
Jan 26, 2026 2:30:06 PM com.github.jinahya.database.metadata.bind.Context bind
WARNING: unknown result; type: IndexInfo, label: ROW_CARDINALITY, value: null
Jan 26, 2026 2:30:06 PM com.github.jinahya.database.metadata.bind.Context bind
WARNING: unknown result; type: IndexInfo, label: ROW_CARDINALITY, value: null
Jan 26, 2026 2:30:06 PM com.github.jinahya.database.metadata.bind.Context bind
WARNING: unknown result; type: IndexInfo, label: ROW_CARDINALITY, value: null
Jan 26, 2026 2:30:06 PM com.github.jinahya.database.metadata.bind.Context bind
WARNING: unknown result; type: IndexInfo, label: ROW_CARDINALITY, value: null
Jan 26, 2026 2:30:06 PM com.github.jinahya.database.metadata.bind.Context bind
WARNING: unknown result; type: IndexInfo, label: ROW_CARDINALITY, value: null
Jan 26, 2026 2:30:06 PM com.github.jinahya.database.metadata.bind.Context bind
WARNING: unknown result; type: IndexInfo, label: ROW_CARDINALITY, value: null
Jan 26, 2026 2:30:06 PM com.github.jinahya.database.metadata.bind.Context bind
WARNING: unknown result; type: IndexInfo, label: ROW_CARDINALITY, value: null
Jan 26, 2026 2:30:06 PM com.github.jinahya.database.metadata.bind.Context bind
WARNING: unknown result; type: IndexInfo, label: ROW_CARDINALITY, value: null
Jan 26, 2026 2:30:06 PM com.github.jinahya.database.metadata.bind.Context bind
WARNING: unknown result; type: IndexInfo, label: ROW_CARDINALITY, value: null
Jan 26, 2026 2:30:06 PM com.github.jinahya.database.metadata.bind.Context bind
WARNING: unknown result; type: IndexInfo, label: ROW_CARDINALITY, value: null
Jan 26, 2026 2:30:06 PM com.github.jinahya.database.metadata.bind.Context bind
WARNING: unknown result; type: IndexInfo, label: ROW_CARDINALITY, value: null
Jan 26, 2026 2:30:06 PM com.github.jinahya.database.metadata.bind.Context bind
WARNING: unknown result; type: IndexInfo, label: ROW_CARDINALITY, value: null
Jan 26, 2026 2:30:06 PM com.github.jinahya.database.metadata.bind.Context bind
WARNING: unknown result; type: IndexInfo, label: ROW_CARDINALITY, value: null
Jan 26, 2026 2:30:06 PM com.github.jinahya.database.metadata.bind.Context bind
WARNING: unknown result; type: IndexInfo, label: ROW_CARDINALITY, value: null
Jan 26, 2026 2:30:06 PM com.github.jinahya.database.metadata.bind.Context bind
WARNING: unknown result; type: IndexInfo, label: ROW_CARDINALITY, value: null
Jan 26, 2026 2:30:06 PM com.github.jinahya.database.metadata.bind.Context bind
WARNING: unknown result; type: IndexInfo, label: ROW_CARDINALITY, value: null
Jan 26, 2026 2:30:06 PM com.github.jinahya.database.metadata.bind.Context bind
WARNING: unknown result; type: IndexInfo, label: ROW_CARDINALITY, value: null
Jan 26, 2026 2:30:06 PM com.github.jinahya.database.metadata.bind.Context bind
WARNING: unknown result; type: IndexInfo, label: ROW_CARDINALITY, value: null
Jan 26, 2026 2:30:06 PM com.github.jinahya.database.metadata.bind.Context bind
WARNING: unknown result; type: IndexInfo, label: ROW_CARDINALITY, value: null
Jan 26, 2026 2:30:06 PM com.github.jinahya.database.metadata.bind.Context bind
WARNING: unknown result; type: IndexInfo, label: ROW_CARDINALITY, value: null
Jan 26, 2026 2:30:06 PM com.github.jinahya.database.metadata.bind.Context bind
WARNING: unknown result; type: IndexInfo, label: ROW_CARDINALITY, value: null
Jan 26, 2026 2:30:06 PM com.github.jinahya.database.metadata.bind.Context bind
WARNING: unknown result; type: IndexInfo, label: ROW_CARDINALITY, value: null
Jan 26, 2026 2:30:06 PM com.github.jinahya.database.metadata.bind.Context bind
WARNING: unknown result; type: Schema, label: IS_DEFAULT, value: false
Jan 26, 2026 2:30:06 PM com.github.jinahya.database.metadata.bind.Context bind
WARNING: unknown result; type: Schema, label: IS_DEFAULT, value: true
Jan 26, 2026 2:30:06 PM com.github.jinahya.database.metadata.bind.Context bind
WARNING: unknown result; type: Schema, label: IS_DEFAULT, value: false
Jan 26, 2026 2:30:06 PM com.github.jinahya.database.metadata.bind.Context bind
WARNING: unknown result; type: Table, label: COMMIT_ACTION, value: null
Jan 26, 2026 2:30:06 PM com.github.jinahya.database.metadata.bind.Context bind
WARNING: unknown result; type: Table, label: READ_ONLY, value: true
Jan 26, 2026 2:30:06 PM com.github.jinahya.database.metadata.bind.Context bind
WARNING: unknown result; type: Table, label: HSQLDB_TYPE, value: MEMORY
Jan 26, 2026 2:30:06 PM com.github.jinahya.database.metadata.bind.Context bind
WARNING: unknown result; type: Table, label: COMMIT_ACTION, value: null
Jan 26, 2026 2:30:06 PM com.github.jinahya.database.metadata.bind.Context bind
WARNING: unknown result; type: Table, label: READ_ONLY, value: true
Jan 26, 2026 2:30:06 PM com.github.jinahya.database.metadata.bind.Context bind
WARNING: unknown result; type: Table, label: HSQLDB_TYPE, value: MEMORY
Jan 26, 2026 2:30:06 PM com.github.jinahya.database.metadata.bind.Context bind
WARNING: unknown result; type: Table, label: COMMIT_ACTION, value: null
Jan 26, 2026 2:30:06 PM com.github.jinahya.database.metadata.bind.Context bind
WARNING: unknown result; type: Table, label: READ_ONLY, value: true
Jan 26, 2026 2:30:06 PM com.github.jinahya.database.metadata.bind.Context bind
WARNING: unknown result; type: Table, label: HSQLDB_TYPE, value: MEMORY
Jan 26, 2026 2:30:06 PM com.github.jinahya.database.metadata.bind.Context bind
WARNING: unknown result; type: Table, label: COMMIT_ACTION, value: null
Jan 26, 2026 2:30:06 PM com.github.jinahya.database.metadata.bind.Context bind
WARNING: unknown result; type: Table, label: READ_ONLY, value: true
Jan 26, 2026 2:30:06 PM com.github.jinahya.database.metadata.bind.Context bind
WARNING: unknown result; type: Table, label: HSQLDB_TYPE, value: MEMORY
Jan 26, 2026 2:30:06 PM com.github.jinahya.database.metadata.bind.Context bind
WARNING: unknown result; type: Table, label: COMMIT_ACTION, value: null
Jan 26, 2026 2:30:06 PM com.github.jinahya.database.metadata.bind.Context bind
WARNING: unknown result; type: Table, label: READ_ONLY, value: true
Jan 26, 2026 2:30:06 PM com.github.jinahya.database.metadata.bind.Context bind
WARNING: unknown result; type: Table, label: HSQLDB_TYPE, value: MEMORY
Jan 26, 2026 2:30:06 PM com.github.jinahya.database.metadata.bind.Context bind
WARNING: unknown result; type: Table, label: COMMIT_ACTION, value: null
Jan 26, 2026 2:30:06 PM com.github.jinahya.database.metadata.bind.Context bind
WARNING: unknown result; type: Table, label: READ_ONLY, value: true
Jan 26, 2026 2:30:06 PM com.github.jinahya.database.metadata.bind.Context bind
WARNING: unknown result; type: Table, label: HSQLDB_TYPE, value: MEMORY
Jan 26, 2026 2:30:06 PM com.github.jinahya.database.metadata.bind.Context bind
WARNING: unknown result; type: Table, label: COMMIT_ACTION, value: null
Jan 26, 2026 2:30:06 PM com.github.jinahya.database.metadata.bind.Context bind
WARNING: unknown result; type: Table, label: READ_ONLY, value: true
Jan 26, 2026 2:30:06 PM com.github.jinahya.database.metadata.bind.Context bind
WARNING: unknown result; type: Table, label: HSQLDB_TYPE, value: MEMORY
Jan 26, 2026 2:30:06 PM com.github.jinahya.database.metadata.bind.Context bind
WARNING: unknown result; type: Table, label: COMMIT_ACTION, value: null
Jan 26, 2026 2:30:06 PM com.github.jinahya.database.metadata.bind.Context bind
WARNING: unknown result; type: Table, label: READ_ONLY, value: true
Jan 26, 2026 2:30:06 PM com.github.jinahya.database.metadata.bind.Context bind
WARNING: unknown result; type: Table, label: HSQLDB_TYPE, value: MEMORY
Jan 26, 2026 2:30:06 PM com.github.jinahya.database.metadata.bind.Context bind
WARNING: unknown result; type: Table, label: COMMIT_ACTION, value: null
Jan 26, 2026 2:30:06 PM com.github.jinahya.database.metadata.bind.Context bind
WARNING: unknown result; type: Table, label: READ_ONLY, value: true
Jan 26, 2026 2:30:06 PM com.github.jinahya.database.metadata.bind.Context bind
WARNING: unknown result; type: Table, label: HSQLDB_TYPE, value: MEMORY
Jan 26, 2026 2:30:06 PM com.github.jinahya.database.metadata.bind.Context bind
WARNING: unknown result; type: Table, label: COMMIT_ACTION, value: null
Jan 26, 2026 2:30:06 PM com.github.jinahya.database.metadata.bind.Context bind
WARNING: unknown result; type: Table, label: READ_ONLY, value: true
Jan 26, 2026 2:30:06 PM com.github.jinahya.database.metadata.bind.Context bind
WARNING: unknown result; type: Table, label: HSQLDB_TYPE, value: MEMORY
Jan 26, 2026 2:30:06 PM com.github.jinahya.database.metadata.bind.Context bind
WARNING: unknown result; type: Table, label: COMMIT_ACTION, value: null
Jan 26, 2026 2:30:06 PM com.github.jinahya.database.metadata.bind.Context bind
WARNING: unknown result; type: Table, label: READ_ONLY, value: true
Jan 26, 2026 2:30:06 PM com.github.jinahya.database.metadata.bind.Context bind
WARNING: unknown result; type: Table, label: HSQLDB_TYPE, value: MEMORY
Jan 26, 2026 2:30:06 PM com.github.jinahya.database.metadata.bind.Context bind
WARNING: unknown result; type: Table, label: COMMIT_ACTION, value: null
Jan 26, 2026 2:30:06 PM com.github.jinahya.database.metadata.bind.Context bind
WARNING: unknown result; type: Table, label: READ_ONLY, value: true
Jan 26, 2026 2:30:06 PM com.github.jinahya.database.metadata.bind.Context bind
WARNING: unknown result; type: Table, label: HSQLDB_TYPE, value: MEMORY
Jan 26, 2026 2:30:06 PM com.github.jinahya.database.metadata.bind.Context bind
WARNING: unknown result; type: Table, label: COMMIT_ACTION, value: null
Jan 26, 2026 2:30:06 PM com.github.jinahya.database.metadata.bind.Context bind
WARNING: unknown result; type: Table, label: READ_ONLY, value: true
Jan 26, 2026 2:30:06 PM com.github.jinahya.database.metadata.bind.Context bind
WARNING: unknown result; type: Table, label: HSQLDB_TYPE, value: MEMORY
Jan 26, 2026 2:30:06 PM com.github.jinahya.database.metadata.bind.Context bind
WARNING: unknown result; type: Table, label: COMMIT_ACTION, value: null
Jan 26, 2026 2:30:06 PM com.github.jinahya.database.metadata.bind.Context bind
WARNING: unknown result; type: Table, label: READ_ONLY, value: true
Jan 26, 2026 2:30:06 PM com.github.jinahya.database.metadata.bind.Context bind
WARNING: unknown result; type: Table, label: HSQLDB_TYPE, value: MEMORY
Jan 26, 2026 2:30:06 PM com.github.jinahya.database.metadata.bind.Context bind
WARNING: unknown result; type: Table, label: COMMIT_ACTION, value: null
Jan 26, 2026 2:30:06 PM com.github.jinahya.database.metadata.bind.Context bind
WARNING: unknown result; type: Table, label: READ_ONLY, value: true
Jan 26, 2026 2:30:06 PM com.github.jinahya.database.metadata.bind.Context bind
WARNING: unknown result; type: Table, label: HSQLDB_TYPE, value: MEMORY
Jan 26, 2026 2:30:06 PM com.github.jinahya.database.metadata.bind.Context bind
WARNING: unknown result; type: Table, label: COMMIT_ACTION, value: null
Jan 26, 2026 2:30:06 PM com.github.jinahya.database.metadata.bind.Context bind
WARNING: unknown result; type: Table, label: READ_ONLY, value: true
Jan 26, 2026 2:30:06 PM com.github.jinahya.database.metadata.bind.Context bind
WARNING: unknown result; type: Table, label: HSQLDB_TYPE, value: MEMORY
Jan 26, 2026 2:30:06 PM com.github.jinahya.database.metadata.bind.Context bind
WARNING: unknown result; type: Table, label: COMMIT_ACTION, value: null
Jan 26, 2026 2:30:06 PM com.github.jinahya.database.metadata.bind.Context bind
WARNING: unknown result; type: Table, label: READ_ONLY, value: true
Jan 26, 2026 2:30:06 PM com.github.jinahya.database.metadata.bind.Context bind
WARNING: unknown result; type: Table, label: HSQLDB_TYPE, value: MEMORY
Jan 26, 2026 2:30:06 PM com.github.jinahya.database.metadata.bind.Context bind
WARNING: unknown result; type: Table, label: COMMIT_ACTION, value: null
Jan 26, 2026 2:30:06 PM com.github.jinahya.database.metadata.bind.Context bind
WARNING: unknown result; type: Table, label: READ_ONLY, value: true
Jan 26, 2026 2:30:06 PM com.github.jinahya.database.metadata.bind.Context bind
WARNING: unknown result; type: Table, label: HSQLDB_TYPE, value: MEMORY
Jan 26, 2026 2:30:06 PM com.github.jinahya.database.metadata.bind.Context bind
WARNING: unknown result; type: Table, label: COMMIT_ACTION, value: null
Jan 26, 2026 2:30:06 PM com.github.jinahya.database.metadata.bind.Context bind
WARNING: unknown result; type: Table, label: READ_ONLY, value: true
Jan 26, 2026 2:30:06 PM com.github.jinahya.database.metadata.bind.Context bind
WARNING: unknown result; type: Table, label: HSQLDB_TYPE, value: MEMORY
Jan 26, 2026 2:30:06 PM com.github.jinahya.database.metadata.bind.Context bind
WARNING: unknown result; type: Table, label: COMMIT_ACTION, value: null
Jan 26, 2026 2:30:06 PM com.github.jinahya.database.metadata.bind.Context bind
WARNING: unknown result; type: Table, label: READ_ONLY, value: true
Jan 26, 2026 2:30:06 PM com.github.jinahya.database.metadata.bind.Context bind
WARNING: unknown result; type: Table, label: HSQLDB_TYPE, value: MEMORY
Jan 26, 2026 2:30:06 PM com.github.jinahya.database.metadata.bind.Context bind
WARNING: unknown result; type: Table, label: COMMIT_ACTION, value: null
Jan 26, 2026 2:30:06 PM com.github.jinahya.database.metadata.bind.Context bind
WARNING: unknown result; type: Table, label: READ_ONLY, value: true
Jan 26, 2026 2:30:06 PM com.github.jinahya.database.metadata.bind.Context bind
WARNING: unknown result; type: Table, label: HSQLDB_TYPE, value: MEMORY
Jan 26, 2026 2:30:06 PM com.github.jinahya.database.metadata.bind.Context bind
WARNING: unknown result; type: Table, label: COMMIT_ACTION, value: null
Jan 26, 2026 2:30:06 PM com.github.jinahya.database.metadata.bind.Context bind
WARNING: unknown result; type: Table, label: READ_ONLY, value: true
Jan 26, 2026 2:30:06 PM com.github.jinahya.database.metadata.bind.Context bind
WARNING: unknown result; type: Table, label: HSQLDB_TYPE, value: MEMORY
Jan 26, 2026 2:30:06 PM com.github.jinahya.database.metadata.bind.Context bind
WARNING: unknown result; type: Table, label: COMMIT_ACTION, value: null
Jan 26, 2026 2:30:06 PM com.github.jinahya.database.metadata.bind.Context bind
WARNING: unknown result; type: Table, label: READ_ONLY, value: true
Jan 26, 2026 2:30:06 PM com.github.jinahya.database.metadata.bind.Context bind
WARNING: unknown result; type: Table, label: HSQLDB_TYPE, value: MEMORY
Jan 26, 2026 2:30:06 PM com.github.jinahya.database.metadata.bind.Context bind
WARNING: unknown result; type: Table, label: COMMIT_ACTION, value: null
Jan 26, 2026 2:30:06 PM com.github.jinahya.database.metadata.bind.Context bind
WARNING: unknown result; type: Table, label: READ_ONLY, value: true
Jan 26, 2026 2:30:06 PM com.github.jinahya.database.metadata.bind.Context bind
WARNING: unknown result; type: Table, label: HSQLDB_TYPE, value: MEMORY
Jan 26, 2026 2:30:06 PM com.github.jinahya.database.metadata.bind.Context bind
WARNING: unknown result; type: Table, label: COMMIT_ACTION, value: null
Jan 26, 2026 2:30:06 PM com.github.jinahya.database.metadata.bind.Context bind
WARNING: unknown result; type: Table, label: READ_ONLY, value: true
Jan 26, 2026 2:30:06 PM com.github.jinahya.database.metadata.bind.Context bind
WARNING: unknown result; type: Table, label: HSQLDB_TYPE, value: MEMORY
Jan 26, 2026 2:30:06 PM com.github.jinahya.database.metadata.bind.Context bind
WARNING: unknown result; type: Table, label: COMMIT_ACTION, value: null
Jan 26, 2026 2:30:06 PM com.github.jinahya.database.metadata.bind.Context bind
WARNING: unknown result; type: Table, label: READ_ONLY, value: true
Jan 26, 2026 2:30:06 PM com.github.jinahya.database.metadata.bind.Context bind
WARNING: unknown result; type: Table, label: HSQLDB_TYPE, value: MEMORY
Jan 26, 2026 2:30:06 PM com.github.jinahya.database.metadata.bind.Context bind
WARNING: unknown result; type: Table, label: COMMIT_ACTION, value: null
Jan 26, 2026 2:30:06 PM com.github.jinahya.database.metadata.bind.Context bind
WARNING: unknown result; type: Table, label: READ_ONLY, value: true
Jan 26, 2026 2:30:06 PM com.github.jinahya.database.metadata.bind.Context bind
WARNING: unknown result; type: Table, label: HSQLDB_TYPE, value: MEMORY
Jan 26, 2026 2:30:06 PM com.github.jinahya.database.metadata.bind.Context bind
WARNING: unknown result; type: Table, label: COMMIT_ACTION, value: null
Jan 26, 2026 2:30:06 PM com.github.jinahya.database.metadata.bind.Context bind
WARNING: unknown result; type: Table, label: READ_ONLY, value: true
Jan 26, 2026 2:30:06 PM com.github.jinahya.database.metadata.bind.Context bind
WARNING: unknown result; type: Table, label: HSQLDB_TYPE, value: MEMORY
Jan 26, 2026 2:30:06 PM com.github.jinahya.database.metadata.bind.Context bind
WARNING: unknown result; type: Table, label: COMMIT_ACTION, value: null
Jan 26, 2026 2:30:06 PM com.github.jinahya.database.metadata.bind.Context bind
WARNING: unknown result; type: Table, label: READ_ONLY, value: true
Jan 26, 2026 2:30:06 PM com.github.jinahya.database.metadata.bind.Context bind
WARNING: unknown result; type: Table, label: HSQLDB_TYPE, value: MEMORY
Jan 26, 2026 2:30:06 PM com.github.jinahya.database.metadata.bind.Context bind
WARNING: unknown result; type: Table, label: COMMIT_ACTION, value: null
Jan 26, 2026 2:30:06 PM com.github.jinahya.database.metadata.bind.Context bind
WARNING: unknown result; type: Table, label: READ_ONLY, value: true
Jan 26, 2026 2:30:06 PM com.github.jinahya.database.metadata.bind.Context bind
WARNING: unknown result; type: Table, label: HSQLDB_TYPE, value: MEMORY
Jan 26, 2026 2:30:06 PM com.github.jinahya.database.metadata.bind.Context bind
WARNING: unknown result; type: Table, label: COMMIT_ACTION, value: null
Jan 26, 2026 2:30:06 PM com.github.jinahya.database.metadata.bind.Context bind
WARNING: unknown result; type: Table, label: READ_ONLY, value: true
Jan 26, 2026 2:30:06 PM com.github.jinahya.database.metadata.bind.Context bind
WARNING: unknown result; type: Table, label: HSQLDB_TYPE, value: MEMORY
Jan 26, 2026 2:30:06 PM com.github.jinahya.database.metadata.bind.Context bind
WARNING: unknown result; type: Table, label: COMMIT_ACTION, value: null
Jan 26, 2026 2:30:06 PM com.github.jinahya.database.metadata.bind.Context bind
WARNING: unknown result; type: Table, label: READ_ONLY, value: true
Jan 26, 2026 2:30:06 PM com.github.jinahya.database.metadata.bind.Context bind
WARNING: unknown result; type: Table, label: HSQLDB_TYPE, value: MEMORY
Jan 26, 2026 2:30:06 PM com.github.jinahya.database.metadata.bind.Context bind
WARNING: unknown result; type: Table, label: COMMIT_ACTION, value: null
Jan 26, 2026 2:30:06 PM com.github.jinahya.database.metadata.bind.Context bind
WARNING: unknown result; type: Table, label: READ_ONLY, value: true
Jan 26, 2026 2:30:06 PM com.github.jinahya.database.metadata.bind.Context bind
WARNING: unknown result; type: Table, label: HSQLDB_TYPE, value: MEMORY
Jan 26, 2026 2:30:06 PM com.github.jinahya.database.metadata.bind.Context bind
WARNING: unknown result; type: Table, label: COMMIT_ACTION, value: null
Jan 26, 2026 2:30:06 PM com.github.jinahya.database.metadata.bind.Context bind
WARNING: unknown result; type: Table, label: READ_ONLY, value: true
Jan 26, 2026 2:30:06 PM com.github.jinahya.database.metadata.bind.Context bind
WARNING: unknown result; type: Table, label: HSQLDB_TYPE, value: MEMORY
Jan 26, 2026 2:30:06 PM com.github.jinahya.database.metadata.bind.Context bind
WARNING: unknown result; type: Table, label: COMMIT_ACTION, value: null
Jan 26, 2026 2:30:06 PM com.github.jinahya.database.metadata.bind.Context bind
WARNING: unknown result; type: Table, label: READ_ONLY, value: true
Jan 26, 2026 2:30:06 PM com.github.jinahya.database.metadata.bind.Context bind
WARNING: unknown result; type: Table, label: HSQLDB_TYPE, value: MEMORY
Jan 26, 2026 2:30:06 PM com.github.jinahya.database.metadata.bind.Context bind
WARNING: unknown result; type: Table, label: COMMIT_ACTION, value: null
Jan 26, 2026 2:30:06 PM com.github.jinahya.database.metadata.bind.Context bind
WARNING: unknown result; type: Table, label: READ_ONLY, value: true
Jan 26, 2026 2:30:06 PM com.github.jinahya.database.metadata.bind.Context bind
WARNING: unknown result; type: Table, label: HSQLDB_TYPE, value: MEMORY
Jan 26, 2026 2:30:06 PM com.github.jinahya.database.metadata.bind.Context bind
WARNING: unknown result; type: Table, label: COMMIT_ACTION, value: null
Jan 26, 2026 2:30:06 PM com.github.jinahya.database.metadata.bind.Context bind
WARNING: unknown result; type: Table, label: READ_ONLY, value: true
Jan 26, 2026 2:30:06 PM com.github.jinahya.database.metadata.bind.Context bind
WARNING: unknown result; type: Table, label: HSQLDB_TYPE, value: MEMORY
Jan 26, 2026 2:30:06 PM com.github.jinahya.database.metadata.bind.Context bind
WARNING: unknown result; type: Table, label: COMMIT_ACTION, value: null
Jan 26, 2026 2:30:06 PM com.github.jinahya.database.metadata.bind.Context bind
WARNING: unknown result; type: Table, label: READ_ONLY, value: true
Jan 26, 2026 2:30:06 PM com.github.jinahya.database.metadata.bind.Context bind
WARNING: unknown result; type: Table, label: HSQLDB_TYPE, value: MEMORY
Jan 26, 2026 2:30:06 PM com.github.jinahya.database.metadata.bind.Context bind
WARNING: unknown result; type: Table, label: COMMIT_ACTION, value: null
Jan 26, 2026 2:30:06 PM com.github.jinahya.database.metadata.bind.Context bind
WARNING: unknown result; type: Table, label: READ_ONLY, value: true
Jan 26, 2026 2:30:06 PM com.github.jinahya.database.metadata.bind.Context bind
WARNING: unknown result; type: Table, label: HSQLDB_TYPE, value: MEMORY
Jan 26, 2026 2:30:06 PM com.github.jinahya.database.metadata.bind.Context bind
WARNING: unknown result; type: Table, label: COMMIT_ACTION, value: null
Jan 26, 2026 2:30:06 PM com.github.jinahya.database.metadata.bind.Context bind
WARNING: unknown result; type: Table, label: READ_ONLY, value: true
Jan 26, 2026 2:30:06 PM com.github.jinahya.database.metadata.bind.Context bind
WARNING: unknown result; type: Table, label: HSQLDB_TYPE, value: MEMORY
Jan 26, 2026 2:30:06 PM com.github.jinahya.database.metadata.bind.Context bind
WARNING: unknown result; type: Table, label: COMMIT_ACTION, value: null
Jan 26, 2026 2:30:06 PM com.github.jinahya.database.metadata.bind.Context bind
WARNING: unknown result; type: Table, label: READ_ONLY, value: true
Jan 26, 2026 2:30:06 PM com.github.jinahya.database.metadata.bind.Context bind
WARNING: unknown result; type: Table, label: HSQLDB_TYPE, value: MEMORY
Jan 26, 2026 2:30:06 PM com.github.jinahya.database.metadata.bind.Context bind
WARNING: unknown result; type: Table, label: COMMIT_ACTION, value: null
Jan 26, 2026 2:30:06 PM com.github.jinahya.database.metadata.bind.Context bind
WARNING: unknown result; type: Table, label: READ_ONLY, value: true
Jan 26, 2026 2:30:06 PM com.github.jinahya.database.metadata.bind.Context bind
WARNING: unknown result; type: Table, label: HSQLDB_TYPE, value: MEMORY
Jan 26, 2026 2:30:06 PM com.github.jinahya.database.metadata.bind.Context bind
WARNING: unknown result; type: Table, label: COMMIT_ACTION, value: null
Jan 26, 2026 2:30:06 PM com.github.jinahya.database.metadata.bind.Context bind
WARNING: unknown result; type: Table, label: READ_ONLY, value: true
Jan 26, 2026 2:30:06 PM com.github.jinahya.database.metadata.bind.Context bind
WARNING: unknown result; type: Table, label: HSQLDB_TYPE, value: MEMORY
Jan 26, 2026 2:30:06 PM com.github.jinahya.database.metadata.bind.Context bind
WARNING: unknown result; type: Table, label: COMMIT_ACTION, value: null
Jan 26, 2026 2:30:06 PM com.github.jinahya.database.metadata.bind.Context bind
WARNING: unknown result; type: Table, label: READ_ONLY, value: true
Jan 26, 2026 2:30:06 PM com.github.jinahya.database.metadata.bind.Context bind
WARNING: unknown result; type: Table, label: HSQLDB_TYPE, value: MEMORY
Jan 26, 2026 2:30:06 PM com.github.jinahya.database.metadata.bind.Context bind
WARNING: unknown result; type: Table, label: COMMIT_ACTION, value: null
Jan 26, 2026 2:30:06 PM com.github.jinahya.database.metadata.bind.Context bind
WARNING: unknown result; type: Table, label: READ_ONLY, value: true
Jan 26, 2026 2:30:06 PM com.github.jinahya.database.metadata.bind.Context bind
WARNING: unknown result; type: Table, label: HSQLDB_TYPE, value: MEMORY
Jan 26, 2026 2:30:06 PM com.github.jinahya.database.metadata.bind.Context bind
WARNING: unknown result; type: Table, label: COMMIT_ACTION, value: null
Jan 26, 2026 2:30:06 PM com.github.jinahya.database.metadata.bind.Context bind
WARNING: unknown result; type: Table, label: READ_ONLY, value: true
Jan 26, 2026 2:30:06 PM com.github.jinahya.database.metadata.bind.Context bind
WARNING: unknown result; type: Table, label: HSQLDB_TYPE, value: MEMORY
Jan 26, 2026 2:30:06 PM com.github.jinahya.database.metadata.bind.Context bind
WARNING: unknown result; type: Table, label: COMMIT_ACTION, value: null
Jan 26, 2026 2:30:06 PM com.github.jinahya.database.metadata.bind.Context bind
WARNING: unknown result; type: Table, label: READ_ONLY, value: true
Jan 26, 2026 2:30:06 PM com.github.jinahya.database.metadata.bind.Context bind
WARNING: unknown result; type: Table, label: HSQLDB_TYPE, value: MEMORY
Jan 26, 2026 2:30:06 PM com.github.jinahya.database.metadata.bind.Context bind
WARNING: unknown result; type: Table, label: COMMIT_ACTION, value: null
Jan 26, 2026 2:30:06 PM com.github.jinahya.database.metadata.bind.Context bind
WARNING: unknown result; type: Table, label: READ_ONLY, value: true
Jan 26, 2026 2:30:06 PM com.github.jinahya.database.metadata.bind.Context bind
WARNING: unknown result; type: Table, label: HSQLDB_TYPE, value: MEMORY
Jan 26, 2026 2:30:06 PM com.github.jinahya.database.metadata.bind.Context bind
WARNING: unknown result; type: Table, label: COMMIT_ACTION, value: null
Jan 26, 2026 2:30:06 PM com.github.jinahya.database.metadata.bind.Context bind
WARNING: unknown result; type: Table, label: READ_ONLY, value: true
Jan 26, 2026 2:30:06 PM com.github.jinahya.database.metadata.bind.Context bind
WARNING: unknown result; type: Table, label: HSQLDB_TYPE, value: MEMORY
Jan 26, 2026 2:30:06 PM com.github.jinahya.database.metadata.bind.Context bind
WARNING: unknown result; type: Table, label: COMMIT_ACTION, value: null
Jan 26, 2026 2:30:06 PM com.github.jinahya.database.metadata.bind.Context bind
WARNING: unknown result; type: Table, label: READ_ONLY, value: true
Jan 26, 2026 2:30:06 PM com.github.jinahya.database.metadata.bind.Context bind
WARNING: unknown result; type: Table, label: HSQLDB_TYPE, value: MEMORY
Jan 26, 2026 2:30:06 PM com.github.jinahya.database.metadata.bind.Context bind
WARNING: unknown result; type: Table, label: COMMIT_ACTION, value: null
Jan 26, 2026 2:30:06 PM com.github.jinahya.database.metadata.bind.Context bind
WARNING: unknown result; type: Table, label: READ_ONLY, value: true
Jan 26, 2026 2:30:06 PM com.github.jinahya.database.metadata.bind.Context bind
WARNING: unknown result; type: Table, label: HSQLDB_TYPE, value: MEMORY
Jan 26, 2026 2:30:06 PM com.github.jinahya.database.metadata.bind.Context bind
WARNING: unknown result; type: Table, label: COMMIT_ACTION, value: null
Jan 26, 2026 2:30:06 PM com.github.jinahya.database.metadata.bind.Context bind
WARNING: unknown result; type: Table, label: READ_ONLY, value: true
Jan 26, 2026 2:30:06 PM com.github.jinahya.database.metadata.bind.Context bind
WARNING: unknown result; type: Table, label: HSQLDB_TYPE, value: MEMORY
Jan 26, 2026 2:30:06 PM com.github.jinahya.database.metadata.bind.Context bind
WARNING: unknown result; type: Table, label: COMMIT_ACTION, value: null
Jan 26, 2026 2:30:06 PM com.github.jinahya.database.metadata.bind.Context bind
WARNING: unknown result; type: Table, label: READ_ONLY, value: true
Jan 26, 2026 2:30:06 PM com.github.jinahya.database.metadata.bind.Context bind
WARNING: unknown result; type: Table, label: HSQLDB_TYPE, value: MEMORY
Jan 26, 2026 2:30:06 PM com.github.jinahya.database.metadata.bind.Context bind
WARNING: unknown result; type: Table, label: COMMIT_ACTION, value: null
Jan 26, 2026 2:30:06 PM com.github.jinahya.database.metadata.bind.Context bind
WARNING: unknown result; type: Table, label: READ_ONLY, value: true
Jan 26, 2026 2:30:06 PM com.github.jinahya.database.metadata.bind.Context bind
WARNING: unknown result; type: Table, label: HSQLDB_TYPE, value: MEMORY
Jan 26, 2026 2:30:06 PM com.github.jinahya.database.metadata.bind.Context bind
WARNING: unknown result; type: Table, label: COMMIT_ACTION, value: null
Jan 26, 2026 2:30:06 PM com.github.jinahya.database.metadata.bind.Context bind
WARNING: unknown result; type: Table, label: READ_ONLY, value: true
Jan 26, 2026 2:30:06 PM com.github.jinahya.database.metadata.bind.Context bind
WARNING: unknown result; type: Table, label: HSQLDB_TYPE, value: MEMORY
Jan 26, 2026 2:30:06 PM com.github.jinahya.database.metadata.bind.Context bind
WARNING: unknown result; type: Table, label: COMMIT_ACTION, value: null
Jan 26, 2026 2:30:06 PM com.github.jinahya.database.metadata.bind.Context bind
WARNING: unknown result; type: Table, label: READ_ONLY, value: true
Jan 26, 2026 2:30:06 PM com.github.jinahya.database.metadata.bind.Context bind
WARNING: unknown result; type: Table, label: HSQLDB_TYPE, value: MEMORY
Jan 26, 2026 2:30:06 PM com.github.jinahya.database.metadata.bind.Context bind
WARNING: unknown result; type: Table, label: COMMIT_ACTION, value: null
Jan 26, 2026 2:30:06 PM com.github.jinahya.database.metadata.bind.Context bind
WARNING: unknown result; type: Table, label: READ_ONLY, value: true
Jan 26, 2026 2:30:06 PM com.github.jinahya.database.metadata.bind.Context bind
WARNING: unknown result; type: Table, label: HSQLDB_TYPE, value: MEMORY
Jan 26, 2026 2:30:06 PM com.github.jinahya.database.metadata.bind.Context bind
WARNING: unknown result; type: Table, label: COMMIT_ACTION, value: null
Jan 26, 2026 2:30:06 PM com.github.jinahya.database.metadata.bind.Context bind
WARNING: unknown result; type: Table, label: READ_ONLY, value: true
Jan 26, 2026 2:30:06 PM com.github.jinahya.database.metadata.bind.Context bind
WARNING: unknown result; type: Table, label: HSQLDB_TYPE, value: MEMORY
Jan 26, 2026 2:30:06 PM com.github.jinahya.database.metadata.bind.Context bind
WARNING: unknown result; type: Table, label: COMMIT_ACTION, value: null
Jan 26, 2026 2:30:06 PM com.github.jinahya.database.metadata.bind.Context bind
WARNING: unknown result; type: Table, label: READ_ONLY, value: true
Jan 26, 2026 2:30:06 PM com.github.jinahya.database.metadata.bind.Context bind
WARNING: unknown result; type: Table, label: HSQLDB_TYPE, value: MEMORY
Jan 26, 2026 2:30:06 PM com.github.jinahya.database.metadata.bind.Context bind
WARNING: unknown result; type: Table, label: COMMIT_ACTION, value: null
Jan 26, 2026 2:30:06 PM com.github.jinahya.database.metadata.bind.Context bind
WARNING: unknown result; type: Table, label: READ_ONLY, value: true
Jan 26, 2026 2:30:06 PM com.github.jinahya.database.metadata.bind.Context bind
WARNING: unknown result; type: Table, label: HSQLDB_TYPE, value: MEMORY
Jan 26, 2026 2:30:06 PM com.github.jinahya.database.metadata.bind.Context bind
WARNING: unknown result; type: Table, label: COMMIT_ACTION, value: null
Jan 26, 2026 2:30:06 PM com.github.jinahya.database.metadata.bind.Context bind
WARNING: unknown result; type: Table, label: READ_ONLY, value: true
Jan 26, 2026 2:30:06 PM com.github.jinahya.database.metadata.bind.Context bind
WARNING: unknown result; type: Table, label: HSQLDB_TYPE, value: MEMORY
Jan 26, 2026 2:30:06 PM com.github.jinahya.database.metadata.bind.Context bind
WARNING: unknown result; type: Table, label: COMMIT_ACTION, value: null
Jan 26, 2026 2:30:06 PM com.github.jinahya.database.metadata.bind.Context bind
WARNING: unknown result; type: Table, label: READ_ONLY, value: true
Jan 26, 2026 2:30:06 PM com.github.jinahya.database.metadata.bind.Context bind
WARNING: unknown result; type: Table, label: HSQLDB_TYPE, value: MEMORY
Jan 26, 2026 2:30:06 PM com.github.jinahya.database.metadata.bind.Context bind
WARNING: unknown result; type: Table, label: COMMIT_ACTION, value: null
Jan 26, 2026 2:30:06 PM com.github.jinahya.database.metadata.bind.Context bind
WARNING: unknown result; type: Table, label: READ_ONLY, value: true
Jan 26, 2026 2:30:06 PM com.github.jinahya.database.metadata.bind.Context bind
WARNING: unknown result; type: Table, label: HSQLDB_TYPE, value: MEMORY
Jan 26, 2026 2:30:06 PM com.github.jinahya.database.metadata.bind.Context bind
WARNING: unknown result; type: Table, label: COMMIT_ACTION, value: null
Jan 26, 2026 2:30:06 PM com.github.jinahya.database.metadata.bind.Context bind
WARNING: unknown result; type: Table, label: READ_ONLY, value: true
Jan 26, 2026 2:30:06 PM com.github.jinahya.database.metadata.bind.Context bind
WARNING: unknown result; type: Table, label: HSQLDB_TYPE, value: MEMORY
Jan 26, 2026 2:30:06 PM com.github.jinahya.database.metadata.bind.Context bind
WARNING: unknown result; type: Table, label: COMMIT_ACTION, value: null
Jan 26, 2026 2:30:06 PM com.github.jinahya.database.metadata.bind.Context bind
WARNING: unknown result; type: Table, label: READ_ONLY, value: true
Jan 26, 2026 2:30:06 PM com.github.jinahya.database.metadata.bind.Context bind
WARNING: unknown result; type: Table, label: HSQLDB_TYPE, value: MEMORY
Jan 26, 2026 2:30:06 PM com.github.jinahya.database.metadata.bind.Context bind
WARNING: unknown result; type: Table, label: COMMIT_ACTION, value: null
Jan 26, 2026 2:30:06 PM com.github.jinahya.database.metadata.bind.Context bind
WARNING: unknown result; type: Table, label: READ_ONLY, value: true
Jan 26, 2026 2:30:06 PM com.github.jinahya.database.metadata.bind.Context bind
WARNING: unknown result; type: Table, label: HSQLDB_TYPE, value: MEMORY
Jan 26, 2026 2:30:06 PM com.github.jinahya.database.metadata.bind.Context bind
WARNING: unknown result; type: Table, label: COMMIT_ACTION, value: null
Jan 26, 2026 2:30:06 PM com.github.jinahya.database.metadata.bind.Context bind
WARNING: unknown result; type: Table, label: READ_ONLY, value: true
Jan 26, 2026 2:30:06 PM com.github.jinahya.database.metadata.bind.Context bind
WARNING: unknown result; type: Table, label: HSQLDB_TYPE, value: MEMORY
Jan 26, 2026 2:30:06 PM com.github.jinahya.database.metadata.bind.Context bind
WARNING: unknown result; type: Table, label: COMMIT_ACTION, value: null
Jan 26, 2026 2:30:06 PM com.github.jinahya.database.metadata.bind.Context bind
WARNING: unknown result; type: Table, label: READ_ONLY, value: true
Jan 26, 2026 2:30:06 PM com.github.jinahya.database.metadata.bind.Context bind
WARNING: unknown result; type: Table, label: HSQLDB_TYPE, value: MEMORY
Jan 26, 2026 2:30:06 PM com.github.jinahya.database.metadata.bind.Context bind
WARNING: unknown result; type: Table, label: COMMIT_ACTION, value: null
Jan 26, 2026 2:30:06 PM com.github.jinahya.database.metadata.bind.Context bind
WARNING: unknown result; type: Table, label: READ_ONLY, value: true
Jan 26, 2026 2:30:06 PM com.github.jinahya.database.metadata.bind.Context bind
WARNING: unknown result; type: Table, label: HSQLDB_TYPE, value: MEMORY
Jan 26, 2026 2:30:06 PM com.github.jinahya.database.metadata.bind.Context bind
WARNING: unknown result; type: Table, label: COMMIT_ACTION, value: null
Jan 26, 2026 2:30:06 PM com.github.jinahya.database.metadata.bind.Context bind
WARNING: unknown result; type: Table, label: READ_ONLY, value: true
Jan 26, 2026 2:30:06 PM com.github.jinahya.database.metadata.bind.Context bind
WARNING: unknown result; type: Table, label: HSQLDB_TYPE, value: MEMORY
Jan 26, 2026 2:30:06 PM com.github.jinahya.database.metadata.bind.Context bind
WARNING: unknown result; type: Table, label: COMMIT_ACTION, value: null
Jan 26, 2026 2:30:06 PM com.github.jinahya.database.metadata.bind.Context bind
WARNING: unknown result; type: Table, label: READ_ONLY, value: true
Jan 26, 2026 2:30:06 PM com.github.jinahya.database.metadata.bind.Context bind
WARNING: unknown result; type: Table, label: HSQLDB_TYPE, value: MEMORY
Jan 26, 2026 2:30:06 PM com.github.jinahya.database.metadata.bind.Context bind
WARNING: unknown result; type: Table, label: COMMIT_ACTION, value: null
Jan 26, 2026 2:30:06 PM com.github.jinahya.database.metadata.bind.Context bind
WARNING: unknown result; type: Table, label: READ_ONLY, value: true
Jan 26, 2026 2:30:06 PM com.github.jinahya.database.metadata.bind.Context bind
WARNING: unknown result; type: Table, label: HSQLDB_TYPE, value: MEMORY
Jan 26, 2026 2:30:06 PM com.github.jinahya.database.metadata.bind.Context bind
WARNING: unknown result; type: Table, label: COMMIT_ACTION, value: null
Jan 26, 2026 2:30:06 PM com.github.jinahya.database.metadata.bind.Context bind
WARNING: unknown result; type: Table, label: READ_ONLY, value: true
Jan 26, 2026 2:30:06 PM com.github.jinahya.database.metadata.bind.Context bind
WARNING: unknown result; type: Table, label: HSQLDB_TYPE, value: MEMORY
Jan 26, 2026 2:30:06 PM com.github.jinahya.database.metadata.bind.Context bind
WARNING: unknown result; type: Table, label: COMMIT_ACTION, value: null
Jan 26, 2026 2:30:06 PM com.github.jinahya.database.metadata.bind.Context bind
WARNING: unknown result; type: Table, label: READ_ONLY, value: true
Jan 26, 2026 2:30:06 PM com.github.jinahya.database.metadata.bind.Context bind
WARNING: unknown result; type: Table, label: HSQLDB_TYPE, value: MEMORY
Jan 26, 2026 2:30:06 PM com.github.jinahya.database.metadata.bind.Context bind
WARNING: unknown result; type: Table, label: COMMIT_ACTION, value: null
Jan 26, 2026 2:30:06 PM com.github.jinahya.database.metadata.bind.Context bind
WARNING: unknown result; type: Table, label: READ_ONLY, value: true
Jan 26, 2026 2:30:06 PM com.github.jinahya.database.metadata.bind.Context bind
WARNING: unknown result; type: Table, label: HSQLDB_TYPE, value: MEMORY
Jan 26, 2026 2:30:06 PM com.github.jinahya.database.metadata.bind.Context bind
WARNING: unknown result; type: Table, label: COMMIT_ACTION, value: null
Jan 26, 2026 2:30:06 PM com.github.jinahya.database.metadata.bind.Context bind
WARNING: unknown result; type: Table, label: READ_ONLY, value: true
Jan 26, 2026 2:30:06 PM com.github.jinahya.database.metadata.bind.Context bind
WARNING: unknown result; type: Table, label: HSQLDB_TYPE, value: MEMORY
Jan 26, 2026 2:30:06 PM com.github.jinahya.database.metadata.bind.Context bind
WARNING: unknown result; type: Table, label: COMMIT_ACTION, value: null
Jan 26, 2026 2:30:06 PM com.github.jinahya.database.metadata.bind.Context bind
WARNING: unknown result; type: Table, label: READ_ONLY, value: true
Jan 26, 2026 2:30:06 PM com.github.jinahya.database.metadata.bind.Context bind
WARNING: unknown result; type: Table, label: HSQLDB_TYPE, value: MEMORY
Jan 26, 2026 2:30:06 PM com.github.jinahya.database.metadata.bind.Context bind
WARNING: unknown result; type: Table, label: COMMIT_ACTION, value: null
Jan 26, 2026 2:30:06 PM com.github.jinahya.database.metadata.bind.Context bind
WARNING: unknown result; type: Table, label: READ_ONLY, value: true
Jan 26, 2026 2:30:06 PM com.github.jinahya.database.metadata.bind.Context bind
WARNING: unknown result; type: Table, label: HSQLDB_TYPE, value: MEMORY
Jan 26, 2026 2:30:06 PM com.github.jinahya.database.metadata.bind.Context bind
WARNING: unknown result; type: Table, label: COMMIT_ACTION, value: null
Jan 26, 2026 2:30:06 PM com.github.jinahya.database.metadata.bind.Context bind
WARNING: unknown result; type: Table, label: READ_ONLY, value: true
Jan 26, 2026 2:30:06 PM com.github.jinahya.database.metadata.bind.Context bind
WARNING: unknown result; type: Table, label: HSQLDB_TYPE, value: MEMORY
Jan 26, 2026 2:30:06 PM com.github.jinahya.database.metadata.bind.Context bind
WARNING: unknown result; type: Table, label: COMMIT_ACTION, value: null
Jan 26, 2026 2:30:06 PM com.github.jinahya.database.metadata.bind.Context bind
WARNING: unknown result; type: Table, label: READ_ONLY, value: true
Jan 26, 2026 2:30:06 PM com.github.jinahya.database.metadata.bind.Context bind
WARNING: unknown result; type: Table, label: HSQLDB_TYPE, value: MEMORY
Jan 26, 2026 2:30:06 PM com.github.jinahya.database.metadata.bind.Context bind
WARNING: unknown result; type: Table, label: COMMIT_ACTION, value: null
Jan 26, 2026 2:30:06 PM com.github.jinahya.database.metadata.bind.Context bind
WARNING: unknown result; type: Table, label: READ_ONLY, value: true
Jan 26, 2026 2:30:06 PM com.github.jinahya.database.metadata.bind.Context bind
WARNING: unknown result; type: Table, label: HSQLDB_TYPE, value: MEMORY
Jan 26, 2026 2:30:06 PM com.github.jinahya.database.metadata.bind.Context bind
WARNING: unknown result; type: Table, label: COMMIT_ACTION, value: null
Jan 26, 2026 2:30:06 PM com.github.jinahya.database.metadata.bind.Context bind
WARNING: unknown result; type: Table, label: READ_ONLY, value: true
Jan 26, 2026 2:30:06 PM com.github.jinahya.database.metadata.bind.Context bind
WARNING: unknown result; type: Table, label: HSQLDB_TYPE, value: MEMORY
Jan 26, 2026 2:30:06 PM com.github.jinahya.database.metadata.bind.Context bind
WARNING: unknown result; type: Table, label: COMMIT_ACTION, value: null
Jan 26, 2026 2:30:06 PM com.github.jinahya.database.metadata.bind.Context bind
WARNING: unknown result; type: Table, label: READ_ONLY, value: true
Jan 26, 2026 2:30:06 PM com.github.jinahya.database.metadata.bind.Context bind
WARNING: unknown result; type: Table, label: HSQLDB_TYPE, value: MEMORY
Jan 26, 2026 2:30:06 PM com.github.jinahya.database.metadata.bind.Context bind
WARNING: unknown result; type: Table, label: COMMIT_ACTION, value: null
Jan 26, 2026 2:30:06 PM com.github.jinahya.database.metadata.bind.Context bind
WARNING: unknown result; type: Table, label: READ_ONLY, value: true
Jan 26, 2026 2:30:06 PM com.github.jinahya.database.metadata.bind.Context bind
WARNING: unknown result; type: Table, label: HSQLDB_TYPE, value: MEMORY
Jan 26, 2026 2:30:06 PM com.github.jinahya.database.metadata.bind.Context bind
WARNING: unknown result; type: Table, label: COMMIT_ACTION, value: null
Jan 26, 2026 2:30:06 PM com.github.jinahya.database.metadata.bind.Context bind
WARNING: unknown result; type: Table, label: READ_ONLY, value: true
Jan 26, 2026 2:30:06 PM com.github.jinahya.database.metadata.bind.Context bind
WARNING: unknown result; type: Table, label: HSQLDB_TYPE, value: MEMORY
Jan 26, 2026 2:30:06 PM com.github.jinahya.database.metadata.bind.Context bind
WARNING: unknown result; type: Table, label: COMMIT_ACTION, value: null
Jan 26, 2026 2:30:06 PM com.github.jinahya.database.metadata.bind.Context bind
WARNING: unknown result; type: Table, label: READ_ONLY, value: true
Jan 26, 2026 2:30:06 PM com.github.jinahya.database.metadata.bind.Context bind
WARNING: unknown result; type: Table, label: HSQLDB_TYPE, value: MEMORY
Jan 26, 2026 2:30:06 PM com.github.jinahya.database.metadata.bind.Context bind
WARNING: unknown result; type: Table, label: COMMIT_ACTION, value: null
Jan 26, 2026 2:30:06 PM com.github.jinahya.database.metadata.bind.Context bind
WARNING: unknown result; type: Table, label: READ_ONLY, value: true
Jan 26, 2026 2:30:06 PM com.github.jinahya.database.metadata.bind.Context bind
WARNING: unknown result; type: Table, label: HSQLDB_TYPE, value: MEMORY
Jan 26, 2026 2:30:06 PM com.github.jinahya.database.metadata.bind.Context bind
WARNING: unknown result; type: Table, label: COMMIT_ACTION, value: null
Jan 26, 2026 2:30:06 PM com.github.jinahya.database.metadata.bind.Context bind
WARNING: unknown result; type: Table, label: READ_ONLY, value: true
Jan 26, 2026 2:30:06 PM com.github.jinahya.database.metadata.bind.Context bind
WARNING: unknown result; type: Table, label: HSQLDB_TYPE, value: MEMORY
Jan 26, 2026 2:30:06 PM com.github.jinahya.database.metadata.bind.Context bind
WARNING: unknown result; type: Table, label: COMMIT_ACTION, value: null
Jan 26, 2026 2:30:06 PM com.github.jinahya.database.metadata.bind.Context bind
WARNING: unknown result; type: Table, label: READ_ONLY, value: true
Jan 26, 2026 2:30:06 PM com.github.jinahya.database.metadata.bind.Context bind
WARNING: unknown result; type: Table, label: HSQLDB_TYPE, value: MEMORY
Jan 26, 2026 2:30:06 PM com.github.jinahya.database.metadata.bind.Context bind
WARNING: unknown result; type: Table, label: COMMIT_ACTION, value: null
Jan 26, 2026 2:30:06 PM com.github.jinahya.database.metadata.bind.Context bind
WARNING: unknown result; type: Table, label: READ_ONLY, value: true
Jan 26, 2026 2:30:06 PM com.github.jinahya.database.metadata.bind.Context bind
WARNING: unknown result; type: Table, label: HSQLDB_TYPE, value: MEMORY
Jan 26, 2026 2:30:06 PM com.github.jinahya.database.metadata.bind.Context bind
WARNING: unknown result; type: Table, label: COMMIT_ACTION, value: null
Jan 26, 2026 2:30:06 PM com.github.jinahya.database.metadata.bind.Context bind
WARNING: unknown result; type: Table, label: READ_ONLY, value: true
Jan 26, 2026 2:30:06 PM com.github.jinahya.database.metadata.bind.Context bind
WARNING: unknown result; type: Table, label: HSQLDB_TYPE, value: MEMORY
Jan 26, 2026 2:30:06 PM com.github.jinahya.database.metadata.bind.Context bind
WARNING: unknown result; type: Table, label: COMMIT_ACTION, value: null
Jan 26, 2026 2:30:06 PM com.github.jinahya.database.metadata.bind.Context bind
WARNING: unknown result; type: Table, label: READ_ONLY, value: true
Jan 26, 2026 2:30:06 PM com.github.jinahya.database.metadata.bind.Context bind
WARNING: unknown result; type: Table, label: HSQLDB_TYPE, value: MEMORY
Jan 26, 2026 2:30:06 PM com.github.jinahya.database.metadata.bind.Context bind
WARNING: unknown result; type: Table, label: COMMIT_ACTION, value: null
Jan 26, 2026 2:30:06 PM com.github.jinahya.database.metadata.bind.Context bind
WARNING: unknown result; type: Table, label: READ_ONLY, value: true
Jan 26, 2026 2:30:06 PM com.github.jinahya.database.metadata.bind.Context bind
WARNING: unknown result; type: Table, label: HSQLDB_TYPE, value: MEMORY
Jan 26, 2026 2:30:06 PM com.github.jinahya.database.metadata.bind.Context bind
WARNING: unknown result; type: Table, label: COMMIT_ACTION, value: null
Jan 26, 2026 2:30:06 PM com.github.jinahya.database.metadata.bind.Context bind
WARNING: unknown result; type: Table, label: READ_ONLY, value: true
Jan 26, 2026 2:30:06 PM com.github.jinahya.database.metadata.bind.Context bind
WARNING: unknown result; type: Table, label: HSQLDB_TYPE, value: MEMORY
Jan 26, 2026 2:30:06 PM com.github.jinahya.database.metadata.bind.Context bind
WARNING: unknown result; type: Table, label: COMMIT_ACTION, value: null
Jan 26, 2026 2:30:06 PM com.github.jinahya.database.metadata.bind.Context bind
WARNING: unknown result; type: Table, label: READ_ONLY, value: true
Jan 26, 2026 2:30:06 PM com.github.jinahya.database.metadata.bind.Context bind
WARNING: unknown result; type: Table, label: HSQLDB_TYPE, value: MEMORY
Jan 26, 2026 2:30:06 PM com.github.jinahya.database.metadata.bind.Context bind
WARNING: unknown result; type: Table, label: COMMIT_ACTION, value: null
Jan 26, 2026 2:30:06 PM com.github.jinahya.database.metadata.bind.Context bind
WARNING: unknown result; type: Table, label: READ_ONLY, value: true
Jan 26, 2026 2:30:06 PM com.github.jinahya.database.metadata.bind.Context bind
WARNING: unknown result; type: Table, label: HSQLDB_TYPE, value: MEMORY
Jan 26, 2026 2:30:06 PM com.github.jinahya.database.metadata.bind.Context bind
WARNING: unknown result; type: Table, label: COMMIT_ACTION, value: null
Jan 26, 2026 2:30:06 PM com.github.jinahya.database.metadata.bind.Context bind
WARNING: unknown result; type: Table, label: READ_ONLY, value: true
Jan 26, 2026 2:30:06 PM com.github.jinahya.database.metadata.bind.Context bind
WARNING: unknown result; type: Table, label: HSQLDB_TYPE, value: MEMORY
Jan 26, 2026 2:30:06 PM com.github.jinahya.database.metadata.bind.Context bind
WARNING: unknown result; type: Table, label: COMMIT_ACTION, value: null
Jan 26, 2026 2:30:06 PM com.github.jinahya.database.metadata.bind.Context bind
WARNING: unknown result; type: Table, label: READ_ONLY, value: true
Jan 26, 2026 2:30:06 PM com.github.jinahya.database.metadata.bind.Context bind
WARNING: unknown result; type: Table, label: HSQLDB_TYPE, value: MEMORY
Jan 26, 2026 2:30:06 PM com.github.jinahya.database.metadata.bind.Context bind
WARNING: unknown result; type: Procedure, label: COL_4, value: null
Jan 26, 2026 2:30:06 PM com.github.jinahya.database.metadata.bind.Context bind
WARNING: unknown result; type: Procedure, label: COL_6, value: null
Jan 26, 2026 2:30:06 PM com.github.jinahya.database.metadata.bind.Context bind
WARNING: unknown result; type: Procedure, label: COL_5, value: null
Jan 26, 2026 2:30:06 PM com.github.jinahya.database.metadata.bind.Context bind
WARNING: unknown result; type: Procedure, label: COL_4, value: null
Jan 26, 2026 2:30:06 PM com.github.jinahya.database.metadata.bind.Context bind
WARNING: unknown result; type: Procedure, label: COL_6, value: null
Jan 26, 2026 2:30:06 PM com.github.jinahya.database.metadata.bind.Context bind
WARNING: unknown result; type: Procedure, label: COL_5, value: null
Jan 26, 2026 2:30:06 PM com.github.jinahya.database.metadata.bind.Context bind
WARNING: unknown result; type: Procedure, label: COL_4, value: null
Jan 26, 2026 2:30:06 PM com.github.jinahya.database.metadata.bind.Context bind
WARNING: unknown result; type: Procedure, label: COL_6, value: null
Jan 26, 2026 2:30:06 PM com.github.jinahya.database.metadata.bind.Context bind
WARNING: unknown result; type: Procedure, label: COL_5, value: null
Jan 26, 2026 2:30:06 PM com.github.jinahya.database.metadata.bind.Context bind
WARNING: unknown result; type: Procedure, label: COL_4, value: null
Jan 26, 2026 2:30:06 PM com.github.jinahya.database.metadata.bind.Context bind
WARNING: unknown result; type: Procedure, label: COL_6, value: null
Jan 26, 2026 2:30:06 PM com.github.jinahya.database.metadata.bind.Context bind
WARNING: unknown result; type: Procedure, label: COL_5, value: null
Jan 26, 2026 2:30:06 PM com.github.jinahya.database.metadata.bind.Context bind
WARNING: unknown result; type: Procedure, label: COL_4, value: null
Jan 26, 2026 2:30:06 PM com.github.jinahya.database.metadata.bind.Context bind
WARNING: unknown result; type: Procedure, label: COL_6, value: null
Jan 26, 2026 2:30:06 PM com.github.jinahya.database.metadata.bind.Context bind
WARNING: unknown result; type: Procedure, label: COL_5, value: null
Jan 26, 2026 2:30:06 PM com.github.jinahya.database.metadata.bind.Context bind
WARNING: unknown result; type: Procedure, label: COL_4, value: null
Jan 26, 2026 2:30:06 PM com.github.jinahya.database.metadata.bind.Context bind
WARNING: unknown result; type: Procedure, label: COL_6, value: null
Jan 26, 2026 2:30:06 PM com.github.jinahya.database.metadata.bind.Context bind
WARNING: unknown result; type: Procedure, label: COL_5, value: null
Jan 26, 2026 2:30:06 PM com.github.jinahya.database.metadata.bind.Context bind
WARNING: unknown result; type: Procedure, label: COL_4, value: null
Jan 26, 2026 2:30:06 PM com.github.jinahya.database.metadata.bind.Context bind
WARNING: unknown result; type: Procedure, label: COL_6, value: null
Jan 26, 2026 2:30:06 PM com.github.jinahya.database.metadata.bind.Context bind
WARNING: unknown result; type: Procedure, label: COL_5, value: null
Jan 26, 2026 2:30:06 PM com.github.jinahya.database.metadata.bind.Context bind
WARNING: unknown result; type: Procedure, label: COL_4, value: null
Jan 26, 2026 2:30:06 PM com.github.jinahya.database.metadata.bind.Context bind
WARNING: unknown result; type: Procedure, label: COL_6, value: null
Jan 26, 2026 2:30:06 PM com.github.jinahya.database.metadata.bind.Context bind
WARNING: unknown result; type: Procedure, label: COL_5, value: null
Jan 26, 2026 2:30:06 PM com.github.jinahya.database.metadata.bind.Context bind
WARNING: unknown result; type: Procedure, label: COL_4, value: null
Jan 26, 2026 2:30:06 PM com.github.jinahya.database.metadata.bind.Context bind
WARNING: unknown result; type: Procedure, label: COL_6, value: null
Jan 26, 2026 2:30:06 PM com.github.jinahya.database.metadata.bind.Context bind
WARNING: unknown result; type: Procedure, label: COL_5, value: null
Jan 26, 2026 2:30:06 PM com.github.jinahya.database.metadata.bind.Context bind
WARNING: unknown result; type: Procedure, label: COL_4, value: null
Jan 26, 2026 2:30:06 PM com.github.jinahya.database.metadata.bind.Context bind
WARNING: unknown result; type: Procedure, label: COL_6, value: null
Jan 26, 2026 2:30:06 PM com.github.jinahya.database.metadata.bind.Context bind
WARNING: unknown result; type: Procedure, label: COL_5, value: null
Jan 26, 2026 2:30:06 PM com.github.jinahya.database.metadata.bind.Context bind
WARNING: unknown result; type: Table, label: COMMIT_ACTION, value: null
Jan 26, 2026 2:30:06 PM com.github.jinahya.database.metadata.bind.Context bind
WARNING: unknown result; type: Table, label: READ_ONLY, value: false
Jan 26, 2026 2:30:06 PM com.github.jinahya.database.metadata.bind.Context bind
WARNING: unknown result; type: Table, label: HSQLDB_TYPE, value: MEMORY
Jan 26, 2026 2:30:06 PM com.github.jinahya.database.metadata.bind.Context bind
WARNING: unknown result; type: Table, label: COMMIT_ACTION, value: null
Jan 26, 2026 2:30:06 PM com.github.jinahya.database.metadata.bind.Context bind
WARNING: unknown result; type: Table, label: READ_ONLY, value: false
Jan 26, 2026 2:30:06 PM com.github.jinahya.database.metadata.bind.Context bind
WARNING: unknown result; type: Table, label: HSQLDB_TYPE, value: MEMORY
Jan 26, 2026 2:30:06 PM com.github.jinahya.database.metadata.bind.Context bind
WARNING: unknown result; type: Table, label: COMMIT_ACTION, value: null
Jan 26, 2026 2:30:06 PM com.github.jinahya.database.metadata.bind.Context bind
WARNING: unknown result; type: Table, label: READ_ONLY, value: false
Jan 26, 2026 2:30:06 PM com.github.jinahya.database.metadata.bind.Context bind
WARNING: unknown result; type: Table, label: HSQLDB_TYPE, value: MEMORY
Jan 26, 2026 2:30:06 PM com.github.jinahya.database.metadata.bind.Context bind
WARNING: unknown result; type: Table, label: COMMIT_ACTION, value: null
Jan 26, 2026 2:30:06 PM com.github.jinahya.database.metadata.bind.Context bind
WARNING: unknown result; type: Table, label: READ_ONLY, value: false
Jan 26, 2026 2:30:06 PM com.github.jinahya.database.metadata.bind.Context bind
WARNING: unknown result; type: Table, label: HSQLDB_TYPE, value: MEMORY
Jan 26, 2026 2:30:06 PM com.github.jinahya.database.metadata.bind.Context bind
WARNING: unknown result; type: IndexInfo, label: ROW_CARDINALITY, value: null
Jan 26, 2026 2:30:06 PM com.github.jinahya.database.metadata.bind.Context bind
WARNING: unknown result; type: IndexInfo, label: ROW_CARDINALITY, value: null
Jan 26, 2026 2:30:06 PM com.github.jinahya.database.metadata.bind.Context bind
WARNING: unknown result; type: IndexInfo, label: ROW_CARDINALITY, value: null
Jan 26, 2026 2:30:06 PM com.github.jinahya.database.metadata.bind.Context bind
WARNING: unknown result; type: IndexInfo, label: ROW_CARDINALITY, value: null
Jan 26, 2026 2:30:06 PM com.github.jinahya.database.metadata.bind.Context bind
WARNING: unknown result; type: IndexInfo, label: ROW_CARDINALITY, value: null
Jan 26, 2026 2:30:06 PM com.github.jinahya.database.metadata.bind.Context bind
WARNING: unknown result; type: IndexInfo, label: ROW_CARDINALITY, value: null
Jan 26, 2026 2:30:06 PM com.github.jinahya.database.metadata.bind.Context bind
WARNING: unknown result; type: IndexInfo, label: ROW_CARDINALITY, value: null
Jan 26, 2026 2:30:06 PM com.github.jinahya.database.metadata.bind.Context bind
WARNING: unknown result; type: IndexInfo, label: ROW_CARDINALITY, value: null
Jan 26, 2026 2:30:06 PM com.github.jinahya.database.metadata.bind.Context bind
WARNING: unknown result; type: IndexInfo, label: ROW_CARDINALITY, value: null
Jan 26, 2026 2:30:06 PM com.github.jinahya.database.metadata.bind.Context bind
WARNING: unknown result; type: IndexInfo, label: ROW_CARDINALITY, value: null
Jan 26, 2026 2:30:06 PM com.github.jinahya.database.metadata.bind.Context bind
WARNING: unknown result; type: IndexInfo, label: ROW_CARDINALITY, value: null
Jan 26, 2026 2:30:06 PM com.github.jinahya.database.metadata.bind.Context bind
WARNING: unknown result; type: IndexInfo, label: ROW_CARDINALITY, value: null
Jan 26, 2026 2:30:06 PM com.github.jinahya.database.metadata.bind.Context bind
WARNING: unknown result; type: IndexInfo, label: ROW_CARDINALITY, value: null
Jan 26, 2026 2:30:06 PM com.github.jinahya.database.metadata.bind.Context bind
WARNING: unknown result; type: IndexInfo, label: ROW_CARDINALITY, value: null
Jan 26, 2026 2:30:06 PM com.github.jinahya.database.metadata.bind.Context bind
WARNING: unknown result; type: IndexInfo, label: ROW_CARDINALITY, value: null
Jan 26, 2026 2:30:06 PM com.github.jinahya.database.metadata.bind.Context bind
WARNING: unknown result; type: IndexInfo, label: ROW_CARDINALITY, value: null
Jan 26, 2026 2:30:06 PM com.github.jinahya.database.metadata.bind.Context bind
WARNING: unknown result; type: IndexInfo, label: ROW_CARDINALITY, value: null
Jan 26, 2026 2:30:06 PM com.github.jinahya.database.metadata.bind.Context bind
WARNING: unknown result; type: IndexInfo, label: ROW_CARDINALITY, value: null
Jan 26, 2026 2:30:06 PM com.github.jinahya.database.metadata.bind.Context bind
WARNING: unknown result; type: IndexInfo, label: ROW_CARDINALITY, value: null
Jan 26, 2026 2:30:06 PM com.github.jinahya.database.metadata.bind.Context bind
WARNING: unknown result; type: IndexInfo, label: ROW_CARDINALITY, value: null
Jan 26, 2026 2:30:06 PM com.github.jinahya.database.metadata.bind.Context bind
WARNING: unknown result; type: IndexInfo, label: ROW_CARDINALITY, value: null
Jan 26, 2026 2:30:06 PM com.github.jinahya.database.metadata.bind.Context bind
WARNING: unknown result; type: IndexInfo, label: ROW_CARDINALITY, value: null
Jan 26, 2026 2:30:06 PM com.github.jinahya.database.metadata.bind.Context bind
WARNING: unknown result; type: IndexInfo, label: ROW_CARDINALITY, value: null
Jan 26, 2026 2:30:06 PM com.github.jinahya.database.metadata.bind.Context bind
WARNING: unknown result; type: IndexInfo, label: ROW_CARDINALITY, value: null
Jan 26, 2026 2:30:06 PM com.github.jinahya.database.metadata.bind.Context bind
WARNING: unknown result; type: IndexInfo, label: ROW_CARDINALITY, value: null
Jan 26, 2026 2:30:06 PM com.github.jinahya.database.metadata.bind.Context bind
WARNING: unknown result; type: IndexInfo, label: ROW_CARDINALITY, value: null
Jan 26, 2026 2:30:06 PM com.github.jinahya.database.metadata.bind.Context bind
WARNING: unknown result; type: IndexInfo, label: ROW_CARDINALITY, value: null
Jan 26, 2026 2:30:06 PM com.github.jinahya.database.metadata.bind.Context bind
WARNING: unknown result; type: IndexInfo, label: ROW_CARDINALITY, value: null
Jan 26, 2026 2:30:06 PM com.github.jinahya.database.metadata.bind.Context bind
WARNING: unknown result; type: IndexInfo, label: ROW_CARDINALITY, value: null
Jan 26, 2026 2:30:06 PM com.github.jinahya.database.metadata.bind.Context bind
WARNING: unknown result; type: IndexInfo, label: ROW_CARDINALITY, value: null
Jan 26, 2026 2:30:06 PM com.github.jinahya.database.metadata.bind.Context bind
WARNING: unknown result; type: IndexInfo, label: ROW_CARDINALITY, value: null
Jan 26, 2026 2:30:06 PM com.github.jinahya.database.metadata.bind.Context bind
WARNING: unknown result; type: IndexInfo, label: ROW_CARDINALITY, value: null
Jan 26, 2026 2:30:06 PM com.github.jinahya.database.metadata.bind.Context bind
WARNING: unknown result; type: Table, label: COMMIT_ACTION, value: null
Jan 26, 2026 2:30:06 PM com.github.jinahya.database.metadata.bind.Context bind
WARNING: unknown result; type: Table, label: READ_ONLY, value: true
Jan 26, 2026 2:30:06 PM com.github.jinahya.database.metadata.bind.Context bind
WARNING: unknown result; type: Table, label: HSQLDB_TYPE, value: MEMORY
Jan 26, 2026 2:30:06 PM com.github.jinahya.database.metadata.bind.Context bind
WARNING: unknown result; type: Table, label: COMMIT_ACTION, value: null
Jan 26, 2026 2:30:06 PM com.github.jinahya.database.metadata.bind.Context bind
WARNING: unknown result; type: Table, label: READ_ONLY, value: true
Jan 26, 2026 2:30:06 PM com.github.jinahya.database.metadata.bind.Context bind
WARNING: unknown result; type: Table, label: HSQLDB_TYPE, value: MEMORY
Jan 26, 2026 2:30:06 PM com.github.jinahya.database.metadata.bind.Context bind
WARNING: unknown result; type: Table, label: COMMIT_ACTION, value: null
Jan 26, 2026 2:30:06 PM com.github.jinahya.database.metadata.bind.Context bind
WARNING: unknown result; type: Table, label: READ_ONLY, value: true
Jan 26, 2026 2:30:06 PM com.github.jinahya.database.metadata.bind.Context bind
WARNING: unknown result; type: Table, label: HSQLDB_TYPE, value: MEMORY
Jan 26, 2026 2:30:06 PM com.github.jinahya.database.metadata.bind.Context bind
WARNING: unknown result; type: Table, label: COMMIT_ACTION, value: null
Jan 26, 2026 2:30:06 PM com.github.jinahya.database.metadata.bind.Context bind
WARNING: unknown result; type: Table, label: READ_ONLY, value: true
Jan 26, 2026 2:30:06 PM com.github.jinahya.database.metadata.bind.Context bind
WARNING: unknown result; type: Table, label: HSQLDB_TYPE, value: MEMORY
Jan 26, 2026 2:30:06 PM com.github.jinahya.database.metadata.bind.Context bind
WARNING: unknown result; type: Table, label: COMMIT_ACTION, value: null
Jan 26, 2026 2:30:06 PM com.github.jinahya.database.metadata.bind.Context bind
WARNING: unknown result; type: Table, label: READ_ONLY, value: true
Jan 26, 2026 2:30:06 PM com.github.jinahya.database.metadata.bind.Context bind
WARNING: unknown result; type: Table, label: HSQLDB_TYPE, value: MEMORY
Jan 26, 2026 2:30:06 PM com.github.jinahya.database.metadata.bind.Context bind
WARNING: unknown result; type: Table, label: COMMIT_ACTION, value: null
Jan 26, 2026 2:30:06 PM com.github.jinahya.database.metadata.bind.Context bind
WARNING: unknown result; type: Table, label: READ_ONLY, value: true
Jan 26, 2026 2:30:06 PM com.github.jinahya.database.metadata.bind.Context bind
WARNING: unknown result; type: Table, label: HSQLDB_TYPE, value: MEMORY
Jan 26, 2026 2:30:06 PM com.github.jinahya.database.metadata.bind.Context bind
WARNING: unknown result; type: Table, label: COMMIT_ACTION, value: null
Jan 26, 2026 2:30:06 PM com.github.jinahya.database.metadata.bind.Context bind
WARNING: unknown result; type: Table, label: READ_ONLY, value: true
Jan 26, 2026 2:30:06 PM com.github.jinahya.database.metadata.bind.Context bind
WARNING: unknown result; type: Table, label: HSQLDB_TYPE, value: MEMORY
Jan 26, 2026 2:30:06 PM com.github.jinahya.database.metadata.bind.Context bind
WARNING: unknown result; type: Table, label: COMMIT_ACTION, value: null
Jan 26, 2026 2:30:06 PM com.github.jinahya.database.metadata.bind.Context bind
WARNING: unknown result; type: Table, label: READ_ONLY, value: true
Jan 26, 2026 2:30:06 PM com.github.jinahya.database.metadata.bind.Context bind
WARNING: unknown result; type: Table, label: HSQLDB_TYPE, value: MEMORY
Jan 26, 2026 2:30:06 PM com.github.jinahya.database.metadata.bind.Context bind
WARNING: unknown result; type: Table, label: COMMIT_ACTION, value: null
Jan 26, 2026 2:30:06 PM com.github.jinahya.database.metadata.bind.Context bind
WARNING: unknown result; type: Table, label: READ_ONLY, value: true
Jan 26, 2026 2:30:06 PM com.github.jinahya.database.metadata.bind.Context bind
WARNING: unknown result; type: Table, label: HSQLDB_TYPE, value: MEMORY
Jan 26, 2026 2:30:06 PM com.github.jinahya.database.metadata.bind.Context bind
WARNING: unknown result; type: Table, label: COMMIT_ACTION, value: null
Jan 26, 2026 2:30:06 PM com.github.jinahya.database.metadata.bind.Context bind
WARNING: unknown result; type: Table, label: READ_ONLY, value: true
Jan 26, 2026 2:30:06 PM com.github.jinahya.database.metadata.bind.Context bind
WARNING: unknown result; type: Table, label: HSQLDB_TYPE, value: MEMORY
Jan 26, 2026 2:30:06 PM com.github.jinahya.database.metadata.bind.Context bind
WARNING: unknown result; type: Table, label: COMMIT_ACTION, value: null
Jan 26, 2026 2:30:06 PM com.github.jinahya.database.metadata.bind.Context bind
WARNING: unknown result; type: Table, label: READ_ONLY, value: true
Jan 26, 2026 2:30:06 PM com.github.jinahya.database.metadata.bind.Context bind
WARNING: unknown result; type: Table, label: HSQLDB_TYPE, value: MEMORY
Jan 26, 2026 2:30:06 PM com.github.jinahya.database.metadata.bind.Context bind
WARNING: unknown result; type: Table, label: COMMIT_ACTION, value: null
Jan 26, 2026 2:30:06 PM com.github.jinahya.database.metadata.bind.Context bind
WARNING: unknown result; type: Table, label: READ_ONLY, value: true
Jan 26, 2026 2:30:06 PM com.github.jinahya.database.metadata.bind.Context bind
WARNING: unknown result; type: Table, label: HSQLDB_TYPE, value: MEMORY
Jan 26, 2026 2:30:06 PM com.github.jinahya.database.metadata.bind.Context bind
WARNING: unknown result; type: Table, label: COMMIT_ACTION, value: null
Jan 26, 2026 2:30:06 PM com.github.jinahya.database.metadata.bind.Context bind
WARNING: unknown result; type: Table, label: READ_ONLY, value: true
Jan 26, 2026 2:30:06 PM com.github.jinahya.database.metadata.bind.Context bind
WARNING: unknown result; type: Table, label: HSQLDB_TYPE, value: MEMORY
Jan 26, 2026 2:30:06 PM com.github.jinahya.database.metadata.bind.Context bind
WARNING: unknown result; type: Table, label: COMMIT_ACTION, value: null
Jan 26, 2026 2:30:06 PM com.github.jinahya.database.metadata.bind.Context bind
WARNING: unknown result; type: Table, label: READ_ONLY, value: true
Jan 26, 2026 2:30:06 PM com.github.jinahya.database.metadata.bind.Context bind
WARNING: unknown result; type: Table, label: HSQLDB_TYPE, value: MEMORY
Jan 26, 2026 2:30:06 PM com.github.jinahya.database.metadata.bind.Context bind
WARNING: unknown result; type: Table, label: COMMIT_ACTION, value: null
Jan 26, 2026 2:30:06 PM com.github.jinahya.database.metadata.bind.Context bind
WARNING: unknown result; type: Table, label: READ_ONLY, value: true
Jan 26, 2026 2:30:06 PM com.github.jinahya.database.metadata.bind.Context bind
WARNING: unknown result; type: Table, label: HSQLDB_TYPE, value: MEMORY
Jan 26, 2026 2:30:06 PM com.github.jinahya.database.metadata.bind.Context bind
WARNING: unknown result; type: Table, label: COMMIT_ACTION, value: null
Jan 26, 2026 2:30:06 PM com.github.jinahya.database.metadata.bind.Context bind
WARNING: unknown result; type: Table, label: READ_ONLY, value: true
Jan 26, 2026 2:30:06 PM com.github.jinahya.database.metadata.bind.Context bind
WARNING: unknown result; type: Table, label: HSQLDB_TYPE, value: MEMORY
Jan 26, 2026 2:30:06 PM com.github.jinahya.database.metadata.bind.Context bind
WARNING: unknown result; type: Table, label: COMMIT_ACTION, value: null
Jan 26, 2026 2:30:06 PM com.github.jinahya.database.metadata.bind.Context bind
WARNING: unknown result; type: Table, label: READ_ONLY, value: true
Jan 26, 2026 2:30:06 PM com.github.jinahya.database.metadata.bind.Context bind
WARNING: unknown result; type: Table, label: HSQLDB_TYPE, value: MEMORY
Jan 26, 2026 2:30:06 PM com.github.jinahya.database.metadata.bind.Context bind
WARNING: unknown result; type: Table, label: COMMIT_ACTION, value: null
Jan 26, 2026 2:30:06 PM com.github.jinahya.database.metadata.bind.Context bind
WARNING: unknown result; type: Table, label: READ_ONLY, value: true
Jan 26, 2026 2:30:06 PM com.github.jinahya.database.metadata.bind.Context bind
WARNING: unknown result; type: Table, label: HSQLDB_TYPE, value: MEMORY
Jan 26, 2026 2:30:06 PM com.github.jinahya.database.metadata.bind.Context bind
WARNING: unknown result; type: Table, label: COMMIT_ACTION, value: null
Jan 26, 2026 2:30:06 PM com.github.jinahya.database.metadata.bind.Context bind
WARNING: unknown result; type: Table, label: READ_ONLY, value: true
Jan 26, 2026 2:30:06 PM com.github.jinahya.database.metadata.bind.Context bind
WARNING: unknown result; type: Table, label: HSQLDB_TYPE, value: MEMORY
Jan 26, 2026 2:30:06 PM com.github.jinahya.database.metadata.bind.Context bind
WARNING: unknown result; type: Table, label: COMMIT_ACTION, value: null
Jan 26, 2026 2:30:06 PM com.github.jinahya.database.metadata.bind.Context bind
WARNING: unknown result; type: Table, label: READ_ONLY, value: true
Jan 26, 2026 2:30:06 PM com.github.jinahya.database.metadata.bind.Context bind
WARNING: unknown result; type: Table, label: HSQLDB_TYPE, value: MEMORY
Jan 26, 2026 2:30:06 PM com.github.jinahya.database.metadata.bind.Context bind
WARNING: unknown result; type: Table, label: COMMIT_ACTION, value: null
Jan 26, 2026 2:30:06 PM com.github.jinahya.database.metadata.bind.Context bind
WARNING: unknown result; type: Table, label: READ_ONLY, value: true
Jan 26, 2026 2:30:06 PM com.github.jinahya.database.metadata.bind.Context bind
WARNING: unknown result; type: Table, label: HSQLDB_TYPE, value: MEMORY
Jan 26, 2026 2:30:06 PM com.github.jinahya.database.metadata.bind.Context bind
WARNING: unknown result; type: Table, label: COMMIT_ACTION, value: null
Jan 26, 2026 2:30:06 PM com.github.jinahya.database.metadata.bind.Context bind
WARNING: unknown result; type: Table, label: READ_ONLY, value: true
Jan 26, 2026 2:30:06 PM com.github.jinahya.database.metadata.bind.Context bind
WARNING: unknown result; type: Table, label: HSQLDB_TYPE, value: MEMORY
Jan 26, 2026 2:30:06 PM com.github.jinahya.database.metadata.bind.Context bind
WARNING: unknown result; type: Table, label: COMMIT_ACTION, value: null
Jan 26, 2026 2:30:06 PM com.github.jinahya.database.metadata.bind.Context bind
WARNING: unknown result; type: Table, label: READ_ONLY, value: true
Jan 26, 2026 2:30:06 PM com.github.jinahya.database.metadata.bind.Context bind
WARNING: unknown result; type: Table, label: HSQLDB_TYPE, value: MEMORY
Jan 26, 2026 2:30:06 PM com.github.jinahya.database.metadata.bind.Context bind
WARNING: unknown result; type: Table, label: COMMIT_ACTION, value: null
Jan 26, 2026 2:30:06 PM com.github.jinahya.database.metadata.bind.Context bind
WARNING: unknown result; type: Table, label: READ_ONLY, value: true
Jan 26, 2026 2:30:06 PM com.github.jinahya.database.metadata.bind.Context bind
WARNING: unknown result; type: Table, label: HSQLDB_TYPE, value: MEMORY
Jan 26, 2026 2:30:06 PM com.github.jinahya.database.metadata.bind.Context bind
WARNING: unknown result; type: Table, label: COMMIT_ACTION, value: null
Jan 26, 2026 2:30:06 PM com.github.jinahya.database.metadata.bind.Context bind
WARNING: unknown result; type: Table, label: READ_ONLY, value: true
Jan 26, 2026 2:30:06 PM com.github.jinahya.database.metadata.bind.Context bind
WARNING: unknown result; type: Table, label: HSQLDB_TYPE, value: MEMORY
Jan 26, 2026 2:30:06 PM com.github.jinahya.database.metadata.bind.Context bind
WARNING: unknown result; type: Table, label: COMMIT_ACTION, value: null
Jan 26, 2026 2:30:06 PM com.github.jinahya.database.metadata.bind.Context bind
WARNING: unknown result; type: Table, label: READ_ONLY, value: true
Jan 26, 2026 2:30:06 PM com.github.jinahya.database.metadata.bind.Context bind
WARNING: unknown result; type: Table, label: HSQLDB_TYPE, value: MEMORY
Jan 26, 2026 2:30:06 PM com.github.jinahya.database.metadata.bind.Context bind
WARNING: unknown result; type: Table, label: COMMIT_ACTION, value: null
Jan 26, 2026 2:30:06 PM com.github.jinahya.database.metadata.bind.Context bind
WARNING: unknown result; type: Table, label: READ_ONLY, value: true
Jan 26, 2026 2:30:06 PM com.github.jinahya.database.metadata.bind.Context bind
WARNING: unknown result; type: Table, label: HSQLDB_TYPE, value: MEMORY
Jan 26, 2026 2:30:06 PM com.github.jinahya.database.metadata.bind.Context bind
WARNING: unknown result; type: Table, label: COMMIT_ACTION, value: null
Jan 26, 2026 2:30:06 PM com.github.jinahya.database.metadata.bind.Context bind
WARNING: unknown result; type: Table, label: READ_ONLY, value: true
Jan 26, 2026 2:30:06 PM com.github.jinahya.database.metadata.bind.Context bind
WARNING: unknown result; type: Table, label: HSQLDB_TYPE, value: MEMORY
Jan 26, 2026 2:30:06 PM com.github.jinahya.database.metadata.bind.Context bind
WARNING: unknown result; type: Table, label: COMMIT_ACTION, value: null
Jan 26, 2026 2:30:06 PM com.github.jinahya.database.metadata.bind.Context bind
WARNING: unknown result; type: Table, label: READ_ONLY, value: true
Jan 26, 2026 2:30:06 PM com.github.jinahya.database.metadata.bind.Context bind
WARNING: unknown result; type: Table, label: HSQLDB_TYPE, value: MEMORY
Jan 26, 2026 2:30:06 PM com.github.jinahya.database.metadata.bind.Context bind
WARNING: unknown result; type: Table, label: COMMIT_ACTION, value: null
Jan 26, 2026 2:30:06 PM com.github.jinahya.database.metadata.bind.Context bind
WARNING: unknown result; type: Table, label: READ_ONLY, value: true
Jan 26, 2026 2:30:06 PM com.github.jinahya.database.metadata.bind.Context bind
WARNING: unknown result; type: Table, label: HSQLDB_TYPE, value: MEMORY
Jan 26, 2026 2:30:06 PM com.github.jinahya.database.metadata.bind.Context bind
WARNING: unknown result; type: Table, label: COMMIT_ACTION, value: null
Jan 26, 2026 2:30:06 PM com.github.jinahya.database.metadata.bind.Context bind
WARNING: unknown result; type: Table, label: READ_ONLY, value: true
Jan 26, 2026 2:30:06 PM com.github.jinahya.database.metadata.bind.Context bind
WARNING: unknown result; type: Table, label: HSQLDB_TYPE, value: MEMORY
Jan 26, 2026 2:30:06 PM com.github.jinahya.database.metadata.bind.Context bind
WARNING: unknown result; type: Table, label: COMMIT_ACTION, value: null
Jan 26, 2026 2:30:06 PM com.github.jinahya.database.metadata.bind.Context bind
WARNING: unknown result; type: Table, label: READ_ONLY, value: true
Jan 26, 2026 2:30:06 PM com.github.jinahya.database.metadata.bind.Context bind
WARNING: unknown result; type: Table, label: HSQLDB_TYPE, value: MEMORY
Jan 26, 2026 2:30:06 PM com.github.jinahya.database.metadata.bind.Context bind
WARNING: unknown result; type: Table, label: COMMIT_ACTION, value: null
Jan 26, 2026 2:30:06 PM com.github.jinahya.database.metadata.bind.Context bind
WARNING: unknown result; type: Table, label: READ_ONLY, value: true
Jan 26, 2026 2:30:06 PM com.github.jinahya.database.metadata.bind.Context bind
WARNING: unknown result; type: Table, label: HSQLDB_TYPE, value: MEMORY
Jan 26, 2026 2:30:06 PM com.github.jinahya.database.metadata.bind.Context bind
WARNING: unknown result; type: Table, label: COMMIT_ACTION, value: null
Jan 26, 2026 2:30:06 PM com.github.jinahya.database.metadata.bind.Context bind
WARNING: unknown result; type: Table, label: READ_ONLY, value: true
Jan 26, 2026 2:30:06 PM com.github.jinahya.database.metadata.bind.Context bind
WARNING: unknown result; type: Table, label: HSQLDB_TYPE, value: MEMORY
Jan 26, 2026 2:30:06 PM com.github.jinahya.database.metadata.bind.Context bind
WARNING: unknown result; type: Table, label: COMMIT_ACTION, value: null
Jan 26, 2026 2:30:06 PM com.github.jinahya.database.metadata.bind.Context bind
WARNING: unknown result; type: Table, label: READ_ONLY, value: true
Jan 26, 2026 2:30:06 PM com.github.jinahya.database.metadata.bind.Context bind
WARNING: unknown result; type: Table, label: HSQLDB_TYPE, value: MEMORY
Jan 26, 2026 2:30:06 PM com.github.jinahya.database.metadata.bind.Context bind
WARNING: unknown result; type: Table, label: COMMIT_ACTION, value: null
Jan 26, 2026 2:30:06 PM com.github.jinahya.database.metadata.bind.Context bind
WARNING: unknown result; type: Table, label: READ_ONLY, value: true
Jan 26, 2026 2:30:06 PM com.github.jinahya.database.metadata.bind.Context bind
WARNING: unknown result; type: Table, label: HSQLDB_TYPE, value: MEMORY
Jan 26, 2026 2:30:06 PM com.github.jinahya.database.metadata.bind.Context bind
WARNING: unknown result; type: Table, label: COMMIT_ACTION, value: null
Jan 26, 2026 2:30:06 PM com.github.jinahya.database.metadata.bind.Context bind
WARNING: unknown result; type: Table, label: READ_ONLY, value: true
Jan 26, 2026 2:30:06 PM com.github.jinahya.database.metadata.bind.Context bind
WARNING: unknown result; type: Table, label: HSQLDB_TYPE, value: MEMORY
Jan 26, 2026 2:30:06 PM com.github.jinahya.database.metadata.bind.Context bind
WARNING: unknown result; type: Table, label: COMMIT_ACTION, value: null
Jan 26, 2026 2:30:06 PM com.github.jinahya.database.metadata.bind.Context bind
WARNING: unknown result; type: Table, label: READ_ONLY, value: true
Jan 26, 2026 2:30:06 PM com.github.jinahya.database.metadata.bind.Context bind
WARNING: unknown result; type: Table, label: HSQLDB_TYPE, value: MEMORY
Jan 26, 2026 2:30:06 PM com.github.jinahya.database.metadata.bind.Context bind
WARNING: unknown result; type: Table, label: COMMIT_ACTION, value: null
Jan 26, 2026 2:30:06 PM com.github.jinahya.database.metadata.bind.Context bind
WARNING: unknown result; type: Table, label: READ_ONLY, value: true
Jan 26, 2026 2:30:06 PM com.github.jinahya.database.metadata.bind.Context bind
WARNING: unknown result; type: Table, label: HSQLDB_TYPE, value: MEMORY
Jan 26, 2026 2:30:06 PM com.github.jinahya.database.metadata.bind.Context bind
WARNING: unknown result; type: Table, label: COMMIT_ACTION, value: null
Jan 26, 2026 2:30:06 PM com.github.jinahya.database.metadata.bind.Context bind
WARNING: unknown result; type: Table, label: READ_ONLY, value: true
Jan 26, 2026 2:30:06 PM com.github.jinahya.database.metadata.bind.Context bind
WARNING: unknown result; type: Table, label: HSQLDB_TYPE, value: MEMORY
Jan 26, 2026 2:30:06 PM com.github.jinahya.database.metadata.bind.Context bind
WARNING: unknown result; type: Table, label: COMMIT_ACTION, value: null
Jan 26, 2026 2:30:06 PM com.github.jinahya.database.metadata.bind.Context bind
WARNING: unknown result; type: Table, label: READ_ONLY, value: true
Jan 26, 2026 2:30:06 PM com.github.jinahya.database.metadata.bind.Context bind
WARNING: unknown result; type: Table, label: HSQLDB_TYPE, value: MEMORY
Jan 26, 2026 2:30:06 PM com.github.jinahya.database.metadata.bind.Context bind
WARNING: unknown result; type: Table, label: COMMIT_ACTION, value: null
Jan 26, 2026 2:30:06 PM com.github.jinahya.database.metadata.bind.Context bind
WARNING: unknown result; type: Table, label: READ_ONLY, value: true
Jan 26, 2026 2:30:06 PM com.github.jinahya.database.metadata.bind.Context bind
WARNING: unknown result; type: Table, label: HSQLDB_TYPE, value: MEMORY
Jan 26, 2026 2:30:06 PM com.github.jinahya.database.metadata.bind.Context bind
WARNING: unknown result; type: Table, label: COMMIT_ACTION, value: null
Jan 26, 2026 2:30:06 PM com.github.jinahya.database.metadata.bind.Context bind
WARNING: unknown result; type: Table, label: READ_ONLY, value: true
Jan 26, 2026 2:30:06 PM com.github.jinahya.database.metadata.bind.Context bind
WARNING: unknown result; type: Table, label: HSQLDB_TYPE, value: MEMORY
Jan 26, 2026 2:30:06 PM com.github.jinahya.database.metadata.bind.Context bind
WARNING: unknown result; type: Table, label: COMMIT_ACTION, value: null
Jan 26, 2026 2:30:06 PM com.github.jinahya.database.metadata.bind.Context bind
WARNING: unknown result; type: Table, label: READ_ONLY, value: true
Jan 26, 2026 2:30:06 PM com.github.jinahya.database.metadata.bind.Context bind
WARNING: unknown result; type: Table, label: HSQLDB_TYPE, value: MEMORY
Jan 26, 2026 2:30:06 PM com.github.jinahya.database.metadata.bind.Context bind
WARNING: unknown result; type: Table, label: COMMIT_ACTION, value: null
Jan 26, 2026 2:30:06 PM com.github.jinahya.database.metadata.bind.Context bind
WARNING: unknown result; type: Table, label: READ_ONLY, value: true
Jan 26, 2026 2:30:06 PM com.github.jinahya.database.metadata.bind.Context bind
WARNING: unknown result; type: Table, label: HSQLDB_TYPE, value: MEMORY
Jan 26, 2026 2:30:06 PM com.github.jinahya.database.metadata.bind.Context bind
WARNING: unknown result; type: Table, label: COMMIT_ACTION, value: null
Jan 26, 2026 2:30:06 PM com.github.jinahya.database.metadata.bind.Context bind
WARNING: unknown result; type: Table, label: READ_ONLY, value: true
Jan 26, 2026 2:30:06 PM com.github.jinahya.database.metadata.bind.Context bind
WARNING: unknown result; type: Table, label: HSQLDB_TYPE, value: MEMORY
Jan 26, 2026 2:30:06 PM com.github.jinahya.database.metadata.bind.Context bind
WARNING: unknown result; type: Table, label: COMMIT_ACTION, value: null
Jan 26, 2026 2:30:06 PM com.github.jinahya.database.metadata.bind.Context bind
WARNING: unknown result; type: Table, label: READ_ONLY, value: true
Jan 26, 2026 2:30:06 PM com.github.jinahya.database.metadata.bind.Context bind
WARNING: unknown result; type: Table, label: HSQLDB_TYPE, value: MEMORY
Jan 26, 2026 2:30:06 PM com.github.jinahya.database.metadata.bind.Context bind
WARNING: unknown result; type: Table, label: COMMIT_ACTION, value: null
Jan 26, 2026 2:30:06 PM com.github.jinahya.database.metadata.bind.Context bind
WARNING: unknown result; type: Table, label: READ_ONLY, value: true
Jan 26, 2026 2:30:06 PM com.github.jinahya.database.metadata.bind.Context bind
WARNING: unknown result; type: Table, label: HSQLDB_TYPE, value: MEMORY
Jan 26, 2026 2:30:06 PM com.github.jinahya.database.metadata.bind.Context bind
WARNING: unknown result; type: Table, label: COMMIT_ACTION, value: null
Jan 26, 2026 2:30:06 PM com.github.jinahya.database.metadata.bind.Context bind
WARNING: unknown result; type: Table, label: READ_ONLY, value: true
Jan 26, 2026 2:30:06 PM com.github.jinahya.database.metadata.bind.Context bind
WARNING: unknown result; type: Table, label: HSQLDB_TYPE, value: MEMORY
Jan 26, 2026 2:30:06 PM com.github.jinahya.database.metadata.bind.Context bind
WARNING: unknown result; type: Table, label: COMMIT_ACTION, value: null
Jan 26, 2026 2:30:06 PM com.github.jinahya.database.metadata.bind.Context bind
WARNING: unknown result; type: Table, label: READ_ONLY, value: true
Jan 26, 2026 2:30:06 PM com.github.jinahya.database.metadata.bind.Context bind
WARNING: unknown result; type: Table, label: HSQLDB_TYPE, value: MEMORY
Jan 26, 2026 2:30:06 PM com.github.jinahya.database.metadata.bind.Context bind
WARNING: unknown result; type: Table, label: COMMIT_ACTION, value: null
Jan 26, 2026 2:30:06 PM com.github.jinahya.database.metadata.bind.Context bind
WARNING: unknown result; type: Table, label: READ_ONLY, value: true
Jan 26, 2026 2:30:06 PM com.github.jinahya.database.metadata.bind.Context bind
WARNING: unknown result; type: Table, label: HSQLDB_TYPE, value: MEMORY
Jan 26, 2026 2:30:06 PM com.github.jinahya.database.metadata.bind.Context bind
WARNING: unknown result; type: Table, label: COMMIT_ACTION, value: null
Jan 26, 2026 2:30:06 PM com.github.jinahya.database.metadata.bind.Context bind
WARNING: unknown result; type: Table, label: READ_ONLY, value: true
Jan 26, 2026 2:30:06 PM com.github.jinahya.database.metadata.bind.Context bind
WARNING: unknown result; type: Table, label: HSQLDB_TYPE, value: MEMORY
Jan 26, 2026 2:30:06 PM com.github.jinahya.database.metadata.bind.Context bind
WARNING: unknown result; type: Table, label: COMMIT_ACTION, value: null
Jan 26, 2026 2:30:06 PM com.github.jinahya.database.metadata.bind.Context bind
WARNING: unknown result; type: Table, label: READ_ONLY, value: true
Jan 26, 2026 2:30:06 PM com.github.jinahya.database.metadata.bind.Context bind
WARNING: unknown result; type: Table, label: HSQLDB_TYPE, value: MEMORY
Jan 26, 2026 2:30:06 PM com.github.jinahya.database.metadata.bind.Context bind
WARNING: unknown result; type: Table, label: COMMIT_ACTION, value: null
Jan 26, 2026 2:30:06 PM com.github.jinahya.database.metadata.bind.Context bind
WARNING: unknown result; type: Table, label: READ_ONLY, value: true
Jan 26, 2026 2:30:06 PM com.github.jinahya.database.metadata.bind.Context bind
WARNING: unknown result; type: Table, label: HSQLDB_TYPE, value: MEMORY
Jan 26, 2026 2:30:06 PM com.github.jinahya.database.metadata.bind.Context bind
WARNING: unknown result; type: Table, label: COMMIT_ACTION, value: null
Jan 26, 2026 2:30:06 PM com.github.jinahya.database.metadata.bind.Context bind
WARNING: unknown result; type: Table, label: READ_ONLY, value: true
Jan 26, 2026 2:30:06 PM com.github.jinahya.database.metadata.bind.Context bind
WARNING: unknown result; type: Table, label: HSQLDB_TYPE, value: MEMORY
Jan 26, 2026 2:30:06 PM com.github.jinahya.database.metadata.bind.Context bind
WARNING: unknown result; type: Table, label: COMMIT_ACTION, value: null
Jan 26, 2026 2:30:06 PM com.github.jinahya.database.metadata.bind.Context bind
WARNING: unknown result; type: Table, label: READ_ONLY, value: true
Jan 26, 2026 2:30:06 PM com.github.jinahya.database.metadata.bind.Context bind
WARNING: unknown result; type: Table, label: HSQLDB_TYPE, value: MEMORY
Jan 26, 2026 2:30:06 PM com.github.jinahya.database.metadata.bind.Context bind
WARNING: unknown result; type: Table, label: COMMIT_ACTION, value: null
Jan 26, 2026 2:30:06 PM com.github.jinahya.database.metadata.bind.Context bind
WARNING: unknown result; type: Table, label: READ_ONLY, value: true
Jan 26, 2026 2:30:06 PM com.github.jinahya.database.metadata.bind.Context bind
WARNING: unknown result; type: Table, label: HSQLDB_TYPE, value: MEMORY
Jan 26, 2026 2:30:06 PM com.github.jinahya.database.metadata.bind.Context bind
WARNING: unknown result; type: Table, label: COMMIT_ACTION, value: null
Jan 26, 2026 2:30:06 PM com.github.jinahya.database.metadata.bind.Context bind
WARNING: unknown result; type: Table, label: READ_ONLY, value: true
Jan 26, 2026 2:30:06 PM com.github.jinahya.database.metadata.bind.Context bind
WARNING: unknown result; type: Table, label: HSQLDB_TYPE, value: MEMORY
Jan 26, 2026 2:30:06 PM com.github.jinahya.database.metadata.bind.Context bind
WARNING: unknown result; type: Table, label: COMMIT_ACTION, value: null
Jan 26, 2026 2:30:06 PM com.github.jinahya.database.metadata.bind.Context bind
WARNING: unknown result; type: Table, label: READ_ONLY, value: true
Jan 26, 2026 2:30:06 PM com.github.jinahya.database.metadata.bind.Context bind
WARNING: unknown result; type: Table, label: HSQLDB_TYPE, value: MEMORY
Jan 26, 2026 2:30:06 PM com.github.jinahya.database.metadata.bind.Context bind
WARNING: unknown result; type: Table, label: COMMIT_ACTION, value: null
Jan 26, 2026 2:30:06 PM com.github.jinahya.database.metadata.bind.Context bind
WARNING: unknown result; type: Table, label: READ_ONLY, value: true
Jan 26, 2026 2:30:06 PM com.github.jinahya.database.metadata.bind.Context bind
WARNING: unknown result; type: Table, label: HSQLDB_TYPE, value: MEMORY
Jan 26, 2026 2:30:06 PM com.github.jinahya.database.metadata.bind.Context bind
WARNING: unknown result; type: Table, label: COMMIT_ACTION, value: null
Jan 26, 2026 2:30:06 PM com.github.jinahya.database.metadata.bind.Context bind
WARNING: unknown result; type: Table, label: READ_ONLY, value: true
Jan 26, 2026 2:30:06 PM com.github.jinahya.database.metadata.bind.Context bind
WARNING: unknown result; type: Table, label: HSQLDB_TYPE, value: MEMORY
Jan 26, 2026 2:30:06 PM com.github.jinahya.database.metadata.bind.Context bind
WARNING: unknown result; type: Table, label: COMMIT_ACTION, value: null
Jan 26, 2026 2:30:06 PM com.github.jinahya.database.metadata.bind.Context bind
WARNING: unknown result; type: Table, label: READ_ONLY, value: true
Jan 26, 2026 2:30:06 PM com.github.jinahya.database.metadata.bind.Context bind
WARNING: unknown result; type: Table, label: HSQLDB_TYPE, value: MEMORY
Jan 26, 2026 2:30:06 PM com.github.jinahya.database.metadata.bind.Context bind
WARNING: unknown result; type: Table, label: COMMIT_ACTION, value: null
Jan 26, 2026 2:30:06 PM com.github.jinahya.database.metadata.bind.Context bind
WARNING: unknown result; type: Table, label: READ_ONLY, value: true
Jan 26, 2026 2:30:06 PM com.github.jinahya.database.metadata.bind.Context bind
WARNING: unknown result; type: Table, label: HSQLDB_TYPE, value: MEMORY
Jan 26, 2026 2:30:06 PM com.github.jinahya.database.metadata.bind.Context bind
WARNING: unknown result; type: Table, label: COMMIT_ACTION, value: null
Jan 26, 2026 2:30:06 PM com.github.jinahya.database.metadata.bind.Context bind
WARNING: unknown result; type: Table, label: READ_ONLY, value: true
Jan 26, 2026 2:30:06 PM com.github.jinahya.database.metadata.bind.Context bind
WARNING: unknown result; type: Table, label: HSQLDB_TYPE, value: MEMORY
Jan 26, 2026 2:30:06 PM com.github.jinahya.database.metadata.bind.Context bind
WARNING: unknown result; type: Table, label: COMMIT_ACTION, value: null
Jan 26, 2026 2:30:06 PM com.github.jinahya.database.metadata.bind.Context bind
WARNING: unknown result; type: Table, label: READ_ONLY, value: true
Jan 26, 2026 2:30:06 PM com.github.jinahya.database.metadata.bind.Context bind
WARNING: unknown result; type: Table, label: HSQLDB_TYPE, value: MEMORY
Jan 26, 2026 2:30:06 PM com.github.jinahya.database.metadata.bind.Context bind
WARNING: unknown result; type: Table, label: COMMIT_ACTION, value: null
Jan 26, 2026 2:30:06 PM com.github.jinahya.database.metadata.bind.Context bind
WARNING: unknown result; type: Table, label: READ_ONLY, value: true
Jan 26, 2026 2:30:06 PM com.github.jinahya.database.metadata.bind.Context bind
WARNING: unknown result; type: Table, label: HSQLDB_TYPE, value: MEMORY
Jan 26, 2026 2:30:06 PM com.github.jinahya.database.metadata.bind.Context bind
WARNING: unknown result; type: Table, label: COMMIT_ACTION, value: null
Jan 26, 2026 2:30:06 PM com.github.jinahya.database.metadata.bind.Context bind
WARNING: unknown result; type: Table, label: READ_ONLY, value: true
Jan 26, 2026 2:30:06 PM com.github.jinahya.database.metadata.bind.Context bind
WARNING: unknown result; type: Table, label: HSQLDB_TYPE, value: MEMORY
Jan 26, 2026 2:30:06 PM com.github.jinahya.database.metadata.bind.Context bind
WARNING: unknown result; type: Table, label: COMMIT_ACTION, value: null
Jan 26, 2026 2:30:06 PM com.github.jinahya.database.metadata.bind.Context bind
WARNING: unknown result; type: Table, label: READ_ONLY, value: true
Jan 26, 2026 2:30:06 PM com.github.jinahya.database.metadata.bind.Context bind
WARNING: unknown result; type: Table, label: HSQLDB_TYPE, value: MEMORY
Jan 26, 2026 2:30:06 PM com.github.jinahya.database.metadata.bind.Context bind
WARNING: unknown result; type: Table, label: COMMIT_ACTION, value: null
Jan 26, 2026 2:30:06 PM com.github.jinahya.database.metadata.bind.Context bind
WARNING: unknown result; type: Table, label: READ_ONLY, value: true
Jan 26, 2026 2:30:06 PM com.github.jinahya.database.metadata.bind.Context bind
WARNING: unknown result; type: Table, label: HSQLDB_TYPE, value: MEMORY
Jan 26, 2026 2:30:06 PM com.github.jinahya.database.metadata.bind.Context bind
WARNING: unknown result; type: Table, label: COMMIT_ACTION, value: null
Jan 26, 2026 2:30:06 PM com.github.jinahya.database.metadata.bind.Context bind
WARNING: unknown result; type: Table, label: READ_ONLY, value: true
Jan 26, 2026 2:30:06 PM com.github.jinahya.database.metadata.bind.Context bind
WARNING: unknown result; type: Table, label: HSQLDB_TYPE, value: MEMORY
Jan 26, 2026 2:30:06 PM com.github.jinahya.database.metadata.bind.Context bind
WARNING: unknown result; type: Table, label: COMMIT_ACTION, value: null
Jan 26, 2026 2:30:06 PM com.github.jinahya.database.metadata.bind.Context bind
WARNING: unknown result; type: Table, label: READ_ONLY, value: true
Jan 26, 2026 2:30:06 PM com.github.jinahya.database.metadata.bind.Context bind
WARNING: unknown result; type: Table, label: HSQLDB_TYPE, value: MEMORY
Jan 26, 2026 2:30:06 PM com.github.jinahya.database.metadata.bind.Context bind
WARNING: unknown result; type: Table, label: COMMIT_ACTION, value: null
Jan 26, 2026 2:30:06 PM com.github.jinahya.database.metadata.bind.Context bind
WARNING: unknown result; type: Table, label: READ_ONLY, value: true
Jan 26, 2026 2:30:06 PM com.github.jinahya.database.metadata.bind.Context bind
WARNING: unknown result; type: Table, label: HSQLDB_TYPE, value: MEMORY
Jan 26, 2026 2:30:06 PM com.github.jinahya.database.metadata.bind.Context bind
WARNING: unknown result; type: Table, label: COMMIT_ACTION, value: null
Jan 26, 2026 2:30:06 PM com.github.jinahya.database.metadata.bind.Context bind
WARNING: unknown result; type: Table, label: READ_ONLY, value: true
Jan 26, 2026 2:30:06 PM com.github.jinahya.database.metadata.bind.Context bind
WARNING: unknown result; type: Table, label: HSQLDB_TYPE, value: MEMORY
Jan 26, 2026 2:30:06 PM com.github.jinahya.database.metadata.bind.Context bind
WARNING: unknown result; type: Table, label: COMMIT_ACTION, value: null
Jan 26, 2026 2:30:06 PM com.github.jinahya.database.metadata.bind.Context bind
WARNING: unknown result; type: Table, label: READ_ONLY, value: true
Jan 26, 2026 2:30:06 PM com.github.jinahya.database.metadata.bind.Context bind
WARNING: unknown result; type: Table, label: HSQLDB_TYPE, value: MEMORY
Jan 26, 2026 2:30:06 PM com.github.jinahya.database.metadata.bind.Context bind
WARNING: unknown result; type: Table, label: COMMIT_ACTION, value: null
Jan 26, 2026 2:30:06 PM com.github.jinahya.database.metadata.bind.Context bind
WARNING: unknown result; type: Table, label: READ_ONLY, value: true
Jan 26, 2026 2:30:06 PM com.github.jinahya.database.metadata.bind.Context bind
WARNING: unknown result; type: Table, label: HSQLDB_TYPE, value: MEMORY
Jan 26, 2026 2:30:06 PM com.github.jinahya.database.metadata.bind.Context bind
WARNING: unknown result; type: Table, label: COMMIT_ACTION, value: null
Jan 26, 2026 2:30:06 PM com.github.jinahya.database.metadata.bind.Context bind
WARNING: unknown result; type: Table, label: READ_ONLY, value: true
Jan 26, 2026 2:30:06 PM com.github.jinahya.database.metadata.bind.Context bind
WARNING: unknown result; type: Table, label: HSQLDB_TYPE, value: MEMORY
Jan 26, 2026 2:30:06 PM com.github.jinahya.database.metadata.bind.Context bind
WARNING: unknown result; type: Table, label: COMMIT_ACTION, value: null
Jan 26, 2026 2:30:06 PM com.github.jinahya.database.metadata.bind.Context bind
WARNING: unknown result; type: Table, label: READ_ONLY, value: true
Jan 26, 2026 2:30:06 PM com.github.jinahya.database.metadata.bind.Context bind
WARNING: unknown result; type: Table, label: HSQLDB_TYPE, value: MEMORY
Jan 26, 2026 2:30:06 PM com.github.jinahya.database.metadata.bind.Context bind
WARNING: unknown result; type: Table, label: COMMIT_ACTION, value: null
Jan 26, 2026 2:30:06 PM com.github.jinahya.database.metadata.bind.Context bind
WARNING: unknown result; type: Table, label: READ_ONLY, value: true
Jan 26, 2026 2:30:06 PM com.github.jinahya.database.metadata.bind.Context bind
WARNING: unknown result; type: Table, label: HSQLDB_TYPE, value: MEMORY
Jan 26, 2026 2:30:06 PM com.github.jinahya.database.metadata.bind.Context bind
WARNING: unknown result; type: Table, label: COMMIT_ACTION, value: null
Jan 26, 2026 2:30:06 PM com.github.jinahya.database.metadata.bind.Context bind
WARNING: unknown result; type: Table, label: READ_ONLY, value: true
Jan 26, 2026 2:30:06 PM com.github.jinahya.database.metadata.bind.Context bind
WARNING: unknown result; type: Table, label: HSQLDB_TYPE, value: MEMORY
Jan 26, 2026 2:30:06 PM com.github.jinahya.database.metadata.bind.Context bind
WARNING: unknown result; type: Table, label: COMMIT_ACTION, value: null
Jan 26, 2026 2:30:06 PM com.github.jinahya.database.metadata.bind.Context bind
WARNING: unknown result; type: Table, label: READ_ONLY, value: true
Jan 26, 2026 2:30:06 PM com.github.jinahya.database.metadata.bind.Context bind
WARNING: unknown result; type: Table, label: HSQLDB_TYPE, value: MEMORY
Jan 26, 2026 2:30:06 PM com.github.jinahya.database.metadata.bind.Context bind
WARNING: unknown result; type: Table, label: COMMIT_ACTION, value: null
Jan 26, 2026 2:30:06 PM com.github.jinahya.database.metadata.bind.Context bind
WARNING: unknown result; type: Table, label: READ_ONLY, value: true
Jan 26, 2026 2:30:06 PM com.github.jinahya.database.metadata.bind.Context bind
WARNING: unknown result; type: Table, label: HSQLDB_TYPE, value: MEMORY
Jan 26, 2026 2:30:06 PM com.github.jinahya.database.metadata.bind.Context bind
WARNING: unknown result; type: Table, label: COMMIT_ACTION, value: null
Jan 26, 2026 2:30:06 PM com.github.jinahya.database.metadata.bind.Context bind
WARNING: unknown result; type: Table, label: READ_ONLY, value: true
Jan 26, 2026 2:30:06 PM com.github.jinahya.database.metadata.bind.Context bind
WARNING: unknown result; type: Table, label: HSQLDB_TYPE, value: MEMORY
Jan 26, 2026 2:30:06 PM com.github.jinahya.database.metadata.bind.Context bind
WARNING: unknown result; type: Table, label: COMMIT_ACTION, value: null
Jan 26, 2026 2:30:06 PM com.github.jinahya.database.metadata.bind.Context bind
WARNING: unknown result; type: Table, label: READ_ONLY, value: true
Jan 26, 2026 2:30:06 PM com.github.jinahya.database.metadata.bind.Context bind
WARNING: unknown result; type: Table, label: HSQLDB_TYPE, value: MEMORY
Jan 26, 2026 2:30:06 PM com.github.jinahya.database.metadata.bind.Context bind
WARNING: unknown result; type: Table, label: COMMIT_ACTION, value: null
Jan 26, 2026 2:30:06 PM com.github.jinahya.database.metadata.bind.Context bind
WARNING: unknown result; type: Table, label: READ_ONLY, value: true
Jan 26, 2026 2:30:06 PM com.github.jinahya.database.metadata.bind.Context bind
WARNING: unknown result; type: Table, label: HSQLDB_TYPE, value: MEMORY
Jan 26, 2026 2:30:06 PM com.github.jinahya.database.metadata.bind.Context bind
WARNING: unknown result; type: Table, label: COMMIT_ACTION, value: null
Jan 26, 2026 2:30:06 PM com.github.jinahya.database.metadata.bind.Context bind
WARNING: unknown result; type: Table, label: READ_ONLY, value: true
Jan 26, 2026 2:30:06 PM com.github.jinahya.database.metadata.bind.Context bind
WARNING: unknown result; type: Table, label: HSQLDB_TYPE, value: MEMORY
Jan 26, 2026 2:30:06 PM com.github.jinahya.database.metadata.bind.Context bind
WARNING: unknown result; type: Table, label: COMMIT_ACTION, value: null
Jan 26, 2026 2:30:06 PM com.github.jinahya.database.metadata.bind.Context bind
WARNING: unknown result; type: Table, label: READ_ONLY, value: true
Jan 26, 2026 2:30:06 PM com.github.jinahya.database.metadata.bind.Context bind
WARNING: unknown result; type: Table, label: HSQLDB_TYPE, value: MEMORY
Jan 26, 2026 2:30:06 PM com.github.jinahya.database.metadata.bind.Context bind
WARNING: unknown result; type: Table, label: COMMIT_ACTION, value: null
Jan 26, 2026 2:30:06 PM com.github.jinahya.database.metadata.bind.Context bind
WARNING: unknown result; type: Table, label: READ_ONLY, value: true
Jan 26, 2026 2:30:06 PM com.github.jinahya.database.metadata.bind.Context bind
WARNING: unknown result; type: Table, label: HSQLDB_TYPE, value: MEMORY
Jan 26, 2026 2:30:06 PM com.github.jinahya.database.metadata.bind.Context bind
WARNING: unknown result; type: Table, label: COMMIT_ACTION, value: null
Jan 26, 2026 2:30:06 PM com.github.jinahya.database.metadata.bind.Context bind
WARNING: unknown result; type: Table, label: READ_ONLY, value: true
Jan 26, 2026 2:30:06 PM com.github.jinahya.database.metadata.bind.Context bind
WARNING: unknown result; type: Table, label: HSQLDB_TYPE, value: MEMORY
Jan 26, 2026 2:30:06 PM com.github.jinahya.database.metadata.bind.Context bind
WARNING: unknown result; type: Table, label: COMMIT_ACTION, value: null
Jan 26, 2026 2:30:06 PM com.github.jinahya.database.metadata.bind.Context bind
WARNING: unknown result; type: Table, label: READ_ONLY, value: true
Jan 26, 2026 2:30:06 PM com.github.jinahya.database.metadata.bind.Context bind
WARNING: unknown result; type: Table, label: HSQLDB_TYPE, value: MEMORY
Jan 26, 2026 2:30:06 PM com.github.jinahya.database.metadata.bind.Context bind
WARNING: unknown result; type: Table, label: COMMIT_ACTION, value: null
Jan 26, 2026 2:30:06 PM com.github.jinahya.database.metadata.bind.Context bind
WARNING: unknown result; type: Table, label: READ_ONLY, value: true
Jan 26, 2026 2:30:06 PM com.github.jinahya.database.metadata.bind.Context bind
WARNING: unknown result; type: Table, label: HSQLDB_TYPE, value: MEMORY
Jan 26, 2026 2:30:06 PM com.github.jinahya.database.metadata.bind.Context bind
WARNING: unknown result; type: Table, label: COMMIT_ACTION, value: null
Jan 26, 2026 2:30:06 PM com.github.jinahya.database.metadata.bind.Context bind
WARNING: unknown result; type: Table, label: READ_ONLY, value: true
Jan 26, 2026 2:30:06 PM com.github.jinahya.database.metadata.bind.Context bind
WARNING: unknown result; type: Table, label: HSQLDB_TYPE, value: MEMORY
Jan 26, 2026 2:30:06 PM com.github.jinahya.database.metadata.bind.Context bind
WARNING: unknown result; type: Table, label: COMMIT_ACTION, value: null
Jan 26, 2026 2:30:06 PM com.github.jinahya.database.metadata.bind.Context bind
WARNING: unknown result; type: Table, label: READ_ONLY, value: true
Jan 26, 2026 2:30:06 PM com.github.jinahya.database.metadata.bind.Context bind
WARNING: unknown result; type: Table, label: HSQLDB_TYPE, value: MEMORY
Jan 26, 2026 2:30:06 PM com.github.jinahya.database.metadata.bind.Context bind
WARNING: unknown result; type: Table, label: COMMIT_ACTION, value: null
Jan 26, 2026 2:30:06 PM com.github.jinahya.database.metadata.bind.Context bind
WARNING: unknown result; type: Table, label: READ_ONLY, value: true
Jan 26, 2026 2:30:06 PM com.github.jinahya.database.metadata.bind.Context bind
WARNING: unknown result; type: Table, label: HSQLDB_TYPE, value: MEMORY
Jan 26, 2026 2:30:06 PM com.github.jinahya.database.metadata.bind.Context bind
WARNING: unknown result; type: Table, label: COMMIT_ACTION, value: null
Jan 26, 2026 2:30:06 PM com.github.jinahya.database.metadata.bind.Context bind
WARNING: unknown result; type: Table, label: READ_ONLY, value: true
Jan 26, 2026 2:30:06 PM com.github.jinahya.database.metadata.bind.Context bind
WARNING: unknown result; type: Table, label: HSQLDB_TYPE, value: MEMORY
Jan 26, 2026 2:30:06 PM com.github.jinahya.database.metadata.bind.Context bind
WARNING: unknown result; type: Table, label: COMMIT_ACTION, value: null
Jan 26, 2026 2:30:06 PM com.github.jinahya.database.metadata.bind.Context bind
WARNING: unknown result; type: Table, label: READ_ONLY, value: true
Jan 26, 2026 2:30:06 PM com.github.jinahya.database.metadata.bind.Context bind
WARNING: unknown result; type: Table, label: HSQLDB_TYPE, value: MEMORY
Jan 26, 2026 2:30:06 PM com.github.jinahya.database.metadata.bind.Context bind
WARNING: unknown result; type: Table, label: COMMIT_ACTION, value: null
Jan 26, 2026 2:30:06 PM com.github.jinahya.database.metadata.bind.Context bind
WARNING: unknown result; type: Table, label: READ_ONLY, value: true
Jan 26, 2026 2:30:06 PM com.github.jinahya.database.metadata.bind.Context bind
WARNING: unknown result; type: Table, label: HSQLDB_TYPE, value: MEMORY
Jan 26, 2026 2:30:06 PM com.github.jinahya.database.metadata.bind.Context bind
WARNING: unknown result; type: Table, label: COMMIT_ACTION, value: null
Jan 26, 2026 2:30:06 PM com.github.jinahya.database.metadata.bind.Context bind
WARNING: unknown result; type: Table, label: READ_ONLY, value: true
Jan 26, 2026 2:30:06 PM com.github.jinahya.database.metadata.bind.Context bind
WARNING: unknown result; type: Table, label: HSQLDB_TYPE, value: MEMORY
Jan 26, 2026 2:30:06 PM com.github.jinahya.database.metadata.bind.Context bind
WARNING: unknown result; type: Table, label: COMMIT_ACTION, value: null
Jan 26, 2026 2:30:06 PM com.github.jinahya.database.metadata.bind.Context bind
WARNING: unknown result; type: Table, label: READ_ONLY, value: true
Jan 26, 2026 2:30:06 PM com.github.jinahya.database.metadata.bind.Context bind
WARNING: unknown result; type: Table, label: HSQLDB_TYPE, value: MEMORY
Jan 26, 2026 2:30:06 PM com.github.jinahya.database.metadata.bind.Context bind
WARNING: unknown result; type: Table, label: COMMIT_ACTION, value: null
Jan 26, 2026 2:30:06 PM com.github.jinahya.database.metadata.bind.Context bind
WARNING: unknown result; type: Table, label: READ_ONLY, value: false
Jan 26, 2026 2:30:06 PM com.github.jinahya.database.metadata.bind.Context bind
WARNING: unknown result; type: Table, label: HSQLDB_TYPE, value: MEMORY
Jan 26, 2026 2:30:06 PM com.github.jinahya.database.metadata.bind.Context bind
WARNING: unknown result; type: Table, label: COMMIT_ACTION, value: null
Jan 26, 2026 2:30:06 PM com.github.jinahya.database.metadata.bind.Context bind
WARNING: unknown result; type: Table, label: READ_ONLY, value: false
Jan 26, 2026 2:30:06 PM com.github.jinahya.database.metadata.bind.Context bind
WARNING: unknown result; type: Table, label: HSQLDB_TYPE, value: MEMORY
Jan 26, 2026 2:30:06 PM com.github.jinahya.database.metadata.bind.Context bind
WARNING: unknown result; type: Table, label: COMMIT_ACTION, value: null
Jan 26, 2026 2:30:06 PM com.github.jinahya.database.metadata.bind.Context bind
WARNING: unknown result; type: Table, label: READ_ONLY, value: false
Jan 26, 2026 2:30:06 PM com.github.jinahya.database.metadata.bind.Context bind
WARNING: unknown result; type: Table, label: HSQLDB_TYPE, value: MEMORY
Jan 26, 2026 2:30:06 PM com.github.jinahya.database.metadata.bind.Context bind
WARNING: unknown result; type: Table, label: COMMIT_ACTION, value: null
Jan 26, 2026 2:30:06 PM com.github.jinahya.database.metadata.bind.Context bind
WARNING: unknown result; type: Table, label: READ_ONLY, value: false
Jan 26, 2026 2:30:06 PM com.github.jinahya.database.metadata.bind.Context bind
WARNING: unknown result; type: Table, label: HSQLDB_TYPE, value: MEMORY
Jan 26, 2026 2:30:06 PM com.github.jinahya.database.metadata.bind.Context bind
WARNING: unknown result; type: IndexInfo, label: ROW_CARDINALITY, value: null
Jan 26, 2026 2:30:06 PM com.github.jinahya.database.metadata.bind.Context bind
WARNING: unknown result; type: IndexInfo, label: ROW_CARDINALITY, value: null
Jan 26, 2026 2:30:06 PM com.github.jinahya.database.metadata.bind.Context bind
WARNING: unknown result; type: IndexInfo, label: ROW_CARDINALITY, value: null
Jan 26, 2026 2:30:06 PM com.github.jinahya.database.metadata.bind.Context bind
WARNING: unknown result; type: IndexInfo, label: ROW_CARDINALITY, value: null
Jan 26, 2026 2:30:06 PM com.github.jinahya.database.metadata.bind.Context bind
WARNING: unknown result; type: IndexInfo, label: ROW_CARDINALITY, value: null
Jan 26, 2026 2:30:06 PM com.github.jinahya.database.metadata.bind.Context bind
WARNING: unknown result; type: IndexInfo, label: ROW_CARDINALITY, value: null
Jan 26, 2026 2:30:06 PM com.github.jinahya.database.metadata.bind.Context bind
WARNING: unknown result; type: IndexInfo, label: ROW_CARDINALITY, value: null
Jan 26, 2026 2:30:06 PM com.github.jinahya.database.metadata.bind.Context bind
WARNING: unknown result; type: IndexInfo, label: ROW_CARDINALITY, value: null
Jan 26, 2026 2:30:06 PM com.github.jinahya.database.metadata.bind.Context bind
WARNING: unknown result; type: IndexInfo, label: ROW_CARDINALITY, value: null
Jan 26, 2026 2:30:06 PM com.github.jinahya.database.metadata.bind.Context bind
WARNING: unknown result; type: IndexInfo, label: ROW_CARDINALITY, value: null
Jan 26, 2026 2:30:06 PM com.github.jinahya.database.metadata.bind.Context bind
WARNING: unknown result; type: IndexInfo, label: ROW_CARDINALITY, value: null
Jan 26, 2026 2:30:06 PM com.github.jinahya.database.metadata.bind.Context bind
WARNING: unknown result; type: IndexInfo, label: ROW_CARDINALITY, value: null
Jan 26, 2026 2:30:06 PM com.github.jinahya.database.metadata.bind.Context bind
WARNING: unknown result; type: IndexInfo, label: ROW_CARDINALITY, value: null
Jan 26, 2026 2:30:06 PM com.github.jinahya.database.metadata.bind.Context bind
WARNING: unknown result; type: IndexInfo, label: ROW_CARDINALITY, value: null
Jan 26, 2026 2:30:06 PM com.github.jinahya.database.metadata.bind.Context bind
WARNING: unknown result; type: IndexInfo, label: ROW_CARDINALITY, value: null
Jan 26, 2026 2:30:06 PM com.github.jinahya.database.metadata.bind.Context bind
WARNING: unknown result; type: IndexInfo, label: ROW_CARDINALITY, value: null
Jan 26, 2026 2:30:06 PM com.github.jinahya.database.metadata.bind.Context bind
WARNING: unknown result; type: IndexInfo, label: ROW_CARDINALITY, value: null
Jan 26, 2026 2:30:06 PM com.github.jinahya.database.metadata.bind.Context bind
WARNING: unknown result; type: IndexInfo, label: ROW_CARDINALITY, value: null
Jan 26, 2026 2:30:06 PM com.github.jinahya.database.metadata.bind.Context bind
WARNING: unknown result; type: IndexInfo, label: ROW_CARDINALITY, value: null
Jan 26, 2026 2:30:06 PM com.github.jinahya.database.metadata.bind.Context bind
WARNING: unknown result; type: IndexInfo, label: ROW_CARDINALITY, value: null
Jan 26, 2026 2:30:06 PM com.github.jinahya.database.metadata.bind.Context bind
WARNING: unknown result; type: IndexInfo, label: ROW_CARDINALITY, value: null
Jan 26, 2026 2:30:06 PM com.github.jinahya.database.metadata.bind.Context bind
WARNING: unknown result; type: IndexInfo, label: ROW_CARDINALITY, value: null
Jan 26, 2026 2:30:06 PM com.github.jinahya.database.metadata.bind.Context bind
WARNING: unknown result; type: IndexInfo, label: ROW_CARDINALITY, value: null
Jan 26, 2026 2:30:06 PM com.github.jinahya.database.metadata.bind.Context bind
WARNING: unknown result; type: IndexInfo, label: ROW_CARDINALITY, value: null
Jan 26, 2026 2:30:06 PM com.github.jinahya.database.metadata.bind.Context bind
WARNING: unknown result; type: IndexInfo, label: ROW_CARDINALITY, value: null
Jan 26, 2026 2:30:06 PM com.github.jinahya.database.metadata.bind.Context bind
WARNING: unknown result; type: IndexInfo, label: ROW_CARDINALITY, value: null
Jan 26, 2026 2:30:06 PM com.github.jinahya.database.metadata.bind.Context bind
WARNING: unknown result; type: IndexInfo, label: ROW_CARDINALITY, value: null
Jan 26, 2026 2:30:06 PM com.github.jinahya.database.metadata.bind.Context bind
WARNING: unknown result; type: IndexInfo, label: ROW_CARDINALITY, value: null
Jan 26, 2026 2:30:06 PM com.github.jinahya.database.metadata.bind.Context bind
WARNING: unknown result; type: IndexInfo, label: ROW_CARDINALITY, value: null
Jan 26, 2026 2:30:06 PM com.github.jinahya.database.metadata.bind.Context bind
WARNING: unknown result; type: IndexInfo, label: ROW_CARDINALITY, value: null
Jan 26, 2026 2:30:06 PM com.github.jinahya.database.metadata.bind.Context bind
WARNING: unknown result; type: IndexInfo, label: ROW_CARDINALITY, value: null
Jan 26, 2026 2:30:06 PM com.github.jinahya.database.metadata.bind.Context bind
WARNING: unknown result; type: IndexInfo, label: ROW_CARDINALITY, value: null
Jan 26, 2026 2:30:06 PM com.github.jinahya.database.metadata.bind.Context bind
WARNING: unknown result; type: TypeInfo, label: INTERVAL_PRECISION, value: null
Jan 26, 2026 2:30:06 PM com.github.jinahya.database.metadata.bind.Context bind
WARNING: unknown result; type: TypeInfo, label: INTERVAL_PRECISION, value: null
Jan 26, 2026 2:30:06 PM com.github.jinahya.database.metadata.bind.Context bind
WARNING: unknown result; type: TypeInfo, label: INTERVAL_PRECISION, value: null
Jan 26, 2026 2:30:06 PM com.github.jinahya.database.metadata.bind.Context bind
WARNING: unknown result; type: TypeInfo, label: INTERVAL_PRECISION, value: null
Jan 26, 2026 2:30:06 PM com.github.jinahya.database.metadata.bind.Context bind
WARNING: unknown result; type: TypeInfo, label: INTERVAL_PRECISION, value: null
Jan 26, 2026 2:30:06 PM com.github.jinahya.database.metadata.bind.Context bind
WARNING: unknown result; type: TypeInfo, label: INTERVAL_PRECISION, value: null
Jan 26, 2026 2:30:06 PM com.github.jinahya.database.metadata.bind.Context bind
WARNING: unknown result; type: TypeInfo, label: INTERVAL_PRECISION, value: null
Jan 26, 2026 2:30:06 PM com.github.jinahya.database.metadata.bind.Context bind
WARNING: unknown result; type: TypeInfo, label: INTERVAL_PRECISION, value: null
Jan 26, 2026 2:30:06 PM com.github.jinahya.database.metadata.bind.Context bind
WARNING: unknown result; type: TypeInfo, label: INTERVAL_PRECISION, value: null
Jan 26, 2026 2:30:06 PM com.github.jinahya.database.metadata.bind.Context bind
WARNING: unknown result; type: TypeInfo, label: INTERVAL_PRECISION, value: null
Jan 26, 2026 2:30:06 PM com.github.jinahya.database.metadata.bind.Context bind
WARNING: unknown result; type: TypeInfo, label: INTERVAL_PRECISION, value: null
Jan 26, 2026 2:30:06 PM com.github.jinahya.database.metadata.bind.Context bind
WARNING: unknown result; type: TypeInfo, label: INTERVAL_PRECISION, value: null
Jan 26, 2026 2:30:06 PM com.github.jinahya.database.metadata.bind.Context bind
WARNING: unknown result; type: TypeInfo, label: INTERVAL_PRECISION, value: null
Jan 26, 2026 2:30:06 PM com.github.jinahya.database.metadata.bind.Context bind
WARNING: unknown result; type: TypeInfo, label: INTERVAL_PRECISION, value: null
Jan 26, 2026 2:30:06 PM com.github.jinahya.database.metadata.bind.Context bind
WARNING: unknown result; type: TypeInfo, label: INTERVAL_PRECISION, value: null
Jan 26, 2026 2:30:06 PM com.github.jinahya.database.metadata.bind.Context bind
WARNING: unknown result; type: TypeInfo, label: INTERVAL_PRECISION, value: null
Jan 26, 2026 2:30:06 PM com.github.jinahya.database.metadata.bind.Context bind
WARNING: unknown result; type: TypeInfo, label: INTERVAL_PRECISION, value: null
Jan 26, 2026 2:30:06 PM com.github.jinahya.database.metadata.bind.Context bind
WARNING: unknown result; type: TypeInfo, label: INTERVAL_PRECISION, value: null
Jan 26, 2026 2:30:06 PM com.github.jinahya.database.metadata.bind.Context bind
WARNING: unknown result; type: TypeInfo, label: INTERVAL_PRECISION, value: null
Jan 26, 2026 2:30:06 PM com.github.jinahya.database.metadata.bind.Context bind
WARNING: unknown result; type: TypeInfo, label: INTERVAL_PRECISION, value: null
Jan 26, 2026 2:30:06 PM com.github.jinahya.database.metadata.bind.Context bind
WARNING: unknown result; type: TypeInfo, label: INTERVAL_PRECISION, value: null
Jan 26, 2026 2:30:06 PM com.github.jinahya.database.metadata.bind.Context bind
WARNING: unknown result; type: TypeInfo, label: INTERVAL_PRECISION, value: null
Jan 26, 2026 2:30:06 PM com.github.jinahya.database.metadata.bind.Context bind
WARNING: unknown result; type: TypeInfo, label: INTERVAL_PRECISION, value: null
Jan 26, 2026 2:30:06 PM com.github.jinahya.database.metadata.bind.Context bind
WARNING: unknown result; type: TypeInfo, label: INTERVAL_PRECISION, value: null
Jan 26, 2026 2:30:06 PM com.github.jinahya.database.metadata.bind.Context bind
WARNING: unknown result; type: TypeInfo, label: INTERVAL_PRECISION, value: null
2334 [main] DEBUG com.github.jinahya.database.metadata.bind.Memory_$_Test - JDBCMajorVersion: 4
2334 [main] DEBUG com.github.jinahya.database.metadata.bind.Memory_$_Test - JDBCMinorVersion: 2
2334 [main] DEBUG com.github.jinahya.database.metadata.bind.Memory_$_Test - SQLKeywords: 
2334 [main] DEBUG com.github.jinahya.database.metadata.bind.Memory_$_Test - SQLStateType: 2
2334 [main] DEBUG com.github.jinahya.database.metadata.bind.Memory_$_Test - URL: jdbc:hsqldb:mem:test
2334 [main] DEBUG com.github.jinahya.database.metadata.bind.Memory_$_Test - catalogAtStart: true
2334 [main] DEBUG com.github.jinahya.database.metadata.bind.Memory_$_Test - catalogSeparator: .
2334 [main] DEBUG com.github.jinahya.database.metadata.bind.Memory_$_Test - catalogTerm: CATALOG
2334 [main] DEBUG com.github.jinahya.database.metadata.bind.Memory_$_Test - connection: org.hsqldb.jdbc.JDBCConnection@2c4069ae
2334 [main] DEBUG com.github.jinahya.database.metadata.bind.Memory_$_Test - databaseMajorVersion: 2
2334 [main] DEBUG com.github.jinahya.database.metadata.bind.Memory_$_Test - databaseMinorVersion: 7
2334 [main] DEBUG com.github.jinahya.database.metadata.bind.Memory_$_Test - databaseProductName: HSQL Database Engine
2335 [main] DEBUG com.github.jinahya.database.metadata.bind.Memory_$_Test - databaseProductVersion: 2.7.4
2335 [main] DEBUG com.github.jinahya.database.metadata.bind.Memory_$_Test - defaultTransactionIsolation: 2
2335 [main] DEBUG com.github.jinahya.database.metadata.bind.Memory_$_Test - driverMajorVersion: 2
2335 [main] DEBUG com.github.jinahya.database.metadata.bind.Memory_$_Test - driverMinorVersion: 7
2335 [main] DEBUG com.github.jinahya.database.metadata.bind.Memory_$_Test - driverName: HSQL Database Engine Driver
2335 [main] DEBUG com.github.jinahya.database.metadata.bind.Memory_$_Test - driverVersion: 2.7.4
2335 [main] DEBUG com.github.jinahya.database.metadata.bind.Memory_$_Test - extraNameCharacters: 
2335 [main] DEBUG com.github.jinahya.database.metadata.bind.Memory_$_Test - identifierQuoteString: "
2335 [main] DEBUG com.github.jinahya.database.metadata.bind.Memory_$_Test - maxBinaryLiteralLength: 0
2335 [main] DEBUG com.github.jinahya.database.metadata.bind.Memory_$_Test - maxCatalogNameLength: 128
2335 [main] DEBUG com.github.jinahya.database.metadata.bind.Memory_$_Test - maxCharLiteralLength: 0
2335 [main] DEBUG com.github.jinahya.database.metadata.bind.Memory_$_Test - maxColumnNameLength: 128
2335 [main] DEBUG com.github.jinahya.database.metadata.bind.Memory_$_Test - maxColumnsInGroupBy: 0
2335 [main] DEBUG com.github.jinahya.database.metadata.bind.Memory_$_Test - maxColumnsInIndex: 0
2335 [main] DEBUG com.github.jinahya.database.metadata.bind.Memory_$_Test - maxColumnsInOrderBy: 0
2335 [main] DEBUG com.github.jinahya.database.metadata.bind.Memory_$_Test - maxColumnsInSelect: 0
2335 [main] DEBUG com.github.jinahya.database.metadata.bind.Memory_$_Test - maxColumnsInTable: 0
2335 [main] DEBUG com.github.jinahya.database.metadata.bind.Memory_$_Test - maxConnections: 0
2335 [main] DEBUG com.github.jinahya.database.metadata.bind.Memory_$_Test - maxCursorNameLength: 128
2335 [main] DEBUG com.github.jinahya.database.metadata.bind.Memory_$_Test - maxIndexLength: 0
2335 [main] DEBUG com.github.jinahya.database.metadata.bind.Memory_$_Test - maxLogicalLobSize: 1099511627776
2335 [main] DEBUG com.github.jinahya.database.metadata.bind.Memory_$_Test - maxProcedureNameLength: 128
2335 [main] DEBUG com.github.jinahya.database.metadata.bind.Memory_$_Test - maxRowSize: 0
2335 [main] DEBUG com.github.jinahya.database.metadata.bind.Memory_$_Test - maxSchemaNameLength: 128
2335 [main] DEBUG com.github.jinahya.database.metadata.bind.Memory_$_Test - maxStatementLength: 0
2335 [main] DEBUG com.github.jinahya.database.metadata.bind.Memory_$_Test - maxStatements: 0
2335 [main] DEBUG com.github.jinahya.database.metadata.bind.Memory_$_Test - maxTableNameLength: 128
2335 [main] DEBUG com.github.jinahya.database.metadata.bind.Memory_$_Test - maxTablesInSelect: 0
2335 [main] DEBUG com.github.jinahya.database.metadata.bind.Memory_$_Test - maxUserNameLength: 128
2335 [main] DEBUG com.github.jinahya.database.metadata.bind.Memory_$_Test - numericFunctions: ABS,ACOS,ASIN,ATAN,ATAN2,BITAND,BITOR,BITXOR,CEILING,COS,COT,DEGREES,EXP,FLOOR,LOG,LOG10,MOD,PI,POWER,RADIANS,RAND,ROUND,ROUNDMAGIC,SIGN,SIN,SQRT,TAN,TRUNCATE
2335 [main] DEBUG com.github.jinahya.database.metadata.bind.Memory_$_Test - procedureTerm: PROCEDURE
2335 [main] DEBUG com.github.jinahya.database.metadata.bind.Memory_$_Test - readOnly: false
2335 [main] DEBUG com.github.jinahya.database.metadata.bind.Memory_$_Test - resultSetHoldability: 1
2335 [main] DEBUG com.github.jinahya.database.metadata.bind.Memory_$_Test - rowIdLifetime: ROWID_UNSUPPORTED
2335 [main] DEBUG com.github.jinahya.database.metadata.bind.Memory_$_Test - schemaTerm: SCHEMA
2335 [main] DEBUG com.github.jinahya.database.metadata.bind.Memory_$_Test - searchStringEscape: \
2335 [main] DEBUG com.github.jinahya.database.metadata.bind.Memory_$_Test - stringFunctions: ASCII,CHAR,CONCAT,DIFFERENCE,HEXTORAW,INSERT,LCASE,LEFT,LENGTH,LOCATE,LTRIM,RAWTOHEX,REPEAT,REPLACE,RIGHT,RTRIM,SOUNDEX,SPACE,SUBSTR,UCASE
2335 [main] DEBUG com.github.jinahya.database.metadata.bind.Memory_$_Test - systemFunctions: DATABASE,IFNULL,USER
2335 [main] DEBUG com.github.jinahya.database.metadata.bind.Memory_$_Test - timeDateFunctions: CURDATE,CURTIME,DATEDIFF,DAYNAME,DAYOFMONTH,DAYOFWEEK,DAYOFYEAR,HOUR,MINUTE,MONTH,MONTHNAME,NOW,QUARTER,SECOND,SECONDS_SINCE_MIDNIGHT,TIMESTAMPADD,TIMESTAMPDIFF,TO_CHAR,WEEK,YEAR
2335 [main] DEBUG com.github.jinahya.database.metadata.bind.Memory_$_Test - userName: SA
2356 [main] DEBUG com.github.jinahya.database.metadata.bind.Memory_$_Test - getNumericFunctions: ABS,ACOS,ASIN,ATAN,ATAN2,BITAND,BITOR,BITXOR,CEILING,COS,COT,DEGREES,EXP,FLOOR,LOG,LOG10,MOD,PI,POWER,RADIANS,RAND,ROUND,ROUNDMAGIC,SIGN,SIN,SQRT,TAN,TRUNCATE
2356 [main] DEBUG com.github.jinahya.database.metadata.bind.Memory_$_Test - getTimeDateFunctions: CURDATE,CURTIME,DATEDIFF,DAYNAME,DAYOFMONTH,DAYOFWEEK,DAYOFYEAR,HOUR,MINUTE,MONTH,MONTHNAME,NOW,QUARTER,SECOND,SECONDS_SINCE_MIDNIGHT,TIMESTAMPADD,TIMESTAMPDIFF,TO_CHAR,WEEK,YEAR
2356 [main] DEBUG com.github.jinahya.database.metadata.bind.Memory_$_Test - allProceduresAreCallable: true
2356 [main] DEBUG com.github.jinahya.database.metadata.bind.Memory_$_Test - allTablesAreSelectable: true
2356 [main] DEBUG com.github.jinahya.database.metadata.bind.Memory_$_Test - nullsAreSortedAtStart: true
2356 [main] DEBUG com.github.jinahya.database.metadata.bind.Memory_$_Test - nullsAreSortedAtEnd: false
2356 [main] DEBUG com.github.jinahya.database.metadata.bind.Memory_$_Test - getDriverMajorVersion: 2
2356 [main] DEBUG com.github.jinahya.database.metadata.bind.Memory_$_Test - getDriverMinorVersion: 7
2356 [main] DEBUG com.github.jinahya.database.metadata.bind.Memory_$_Test - usesLocalFilePerTable: false
2356 [main] DEBUG com.github.jinahya.database.metadata.bind.Memory_$_Test - supportsMixedCaseIdentifiers: false
2356 [main] DEBUG com.github.jinahya.database.metadata.bind.Memory_$_Test - storesUpperCaseIdentifiers: true
2356 [main] DEBUG com.github.jinahya.database.metadata.bind.Memory_$_Test - storesLowerCaseIdentifiers: false
2356 [main] DEBUG com.github.jinahya.database.metadata.bind.Memory_$_Test - storesMixedCaseIdentifiers: false
2356 [main] DEBUG com.github.jinahya.database.metadata.bind.Memory_$_Test - supportsMixedCaseQuotedIdentifiers: true
2356 [main] DEBUG com.github.jinahya.database.metadata.bind.Memory_$_Test - storesUpperCaseQuotedIdentifiers: false
2356 [main] DEBUG com.github.jinahya.database.metadata.bind.Memory_$_Test - storesLowerCaseQuotedIdentifiers: false
2356 [main] DEBUG com.github.jinahya.database.metadata.bind.Memory_$_Test - storesMixedCaseQuotedIdentifiers: false
2356 [main] DEBUG com.github.jinahya.database.metadata.bind.Memory_$_Test - getIdentifierQuoteString: "
2356 [main] DEBUG com.github.jinahya.database.metadata.bind.Memory_$_Test - getSearchStringEscape: \
2356 [main] DEBUG com.github.jinahya.database.metadata.bind.Memory_$_Test - getExtraNameCharacters: 
2356 [main] DEBUG com.github.jinahya.database.metadata.bind.Memory_$_Test - supportsAlterTableWithAddColumn: true
2356 [main] DEBUG com.github.jinahya.database.metadata.bind.Memory_$_Test - supportsAlterTableWithDropColumn: true
2356 [main] DEBUG com.github.jinahya.database.metadata.bind.Memory_$_Test - supportsColumnAliasing: true
2356 [main] DEBUG com.github.jinahya.database.metadata.bind.Memory_$_Test - nullPlusNonNullIsNull: true
2356 [main] DEBUG com.github.jinahya.database.metadata.bind.Memory_$_Test - supportsTableCorrelationNames: true
2356 [main] DEBUG com.github.jinahya.database.metadata.bind.Memory_$_Test - supportsExpressionsInOrderBy: true
2356 [main] DEBUG com.github.jinahya.database.metadata.bind.Memory_$_Test - supportsOrderByUnrelated: true
2356 [main] DEBUG com.github.jinahya.database.metadata.bind.Memory_$_Test - supportsGroupByUnrelated: true
2356 [main] DEBUG com.github.jinahya.database.metadata.bind.Memory_$_Test - supportsGroupByBeyondSelect: true
2356 [main] DEBUG com.github.jinahya.database.metadata.bind.Memory_$_Test - supportsLikeEscapeClause: true
2356 [main] DEBUG com.github.jinahya.database.metadata.bind.Memory_$_Test - supportsMultipleResultSets: true
2357 [main] DEBUG com.github.jinahya.database.metadata.bind.Memory_$_Test - supportsMultipleTransactions: true
2357 [main] DEBUG com.github.jinahya.database.metadata.bind.Memory_$_Test - supportsNonNullableColumns: true
2357 [main] DEBUG com.github.jinahya.database.metadata.bind.Memory_$_Test - supportsMinimumSQLGrammar: true
2357 [main] DEBUG com.github.jinahya.database.metadata.bind.Memory_$_Test - supportsCoreSQLGrammar: true
2357 [main] DEBUG com.github.jinahya.database.metadata.bind.Memory_$_Test - supportsExtendedSQLGrammar: true
2357 [main] DEBUG com.github.jinahya.database.metadata.bind.Memory_$_Test - supportsANSI92EntryLevelSQL: true
2357 [main] DEBUG com.github.jinahya.database.metadata.bind.Memory_$_Test - supportsANSI92IntermediateSQL: true
2357 [main] DEBUG com.github.jinahya.database.metadata.bind.Memory_$_Test - supportsANSI92FullSQL: true
2357 [main] DEBUG com.github.jinahya.database.metadata.bind.Memory_$_Test - supportsFullOuterJoins: true
2357 [main] DEBUG com.github.jinahya.database.metadata.bind.Memory_$_Test - supportsLimitedOuterJoins: true
2357 [main] DEBUG com.github.jinahya.database.metadata.bind.Memory_$_Test - getCatalogSeparator: .
2357 [main] DEBUG com.github.jinahya.database.metadata.bind.Memory_$_Test - supportsSchemasInDataManipulation: true
2357 [main] DEBUG com.github.jinahya.database.metadata.bind.Memory_$_Test - supportsSchemasInProcedureCalls: true
2357 [main] DEBUG com.github.jinahya.database.metadata.bind.Memory_$_Test - supportsSchemasInTableDefinitions: true
2357 [main] DEBUG com.github.jinahya.database.metadata.bind.Memory_$_Test - supportsSchemasInIndexDefinitions: true
2357 [main] DEBUG com.github.jinahya.database.metadata.bind.Memory_$_Test - supportsCatalogsInDataManipulation: true
2357 [main] DEBUG com.github.jinahya.database.metadata.bind.Memory_$_Test - supportsCatalogsInProcedureCalls: true
2357 [main] DEBUG com.github.jinahya.database.metadata.bind.Memory_$_Test - supportsCatalogsInTableDefinitions: true
2357 [main] DEBUG com.github.jinahya.database.metadata.bind.Memory_$_Test - supportsCatalogsInIndexDefinitions: true
2357 [main] DEBUG com.github.jinahya.database.metadata.bind.Memory_$_Test - supportsPositionedDelete: true
2357 [main] DEBUG com.github.jinahya.database.metadata.bind.Memory_$_Test - supportsPositionedUpdate: true
2357 [main] DEBUG com.github.jinahya.database.metadata.bind.Memory_$_Test - supportsSelectForUpdate: true
2357 [main] DEBUG com.github.jinahya.database.metadata.bind.Memory_$_Test - supportsStoredProcedures: true
2357 [main] DEBUG com.github.jinahya.database.metadata.bind.Memory_$_Test - supportsSubqueriesInComparisons: true
2357 [main] DEBUG com.github.jinahya.database.metadata.bind.Memory_$_Test - supportsSubqueriesInExists: true
2357 [main] DEBUG com.github.jinahya.database.metadata.bind.Memory_$_Test - supportsSubqueriesInIns: true
2357 [main] DEBUG com.github.jinahya.database.metadata.bind.Memory_$_Test - supportsSubqueriesInQuantifieds: true
2357 [main] DEBUG com.github.jinahya.database.metadata.bind.Memory_$_Test - supportsCorrelatedSubqueries: true
2357 [main] DEBUG com.github.jinahya.database.metadata.bind.Memory_$_Test - supportsOpenCursorsAcrossCommit: true
2357 [main] DEBUG com.github.jinahya.database.metadata.bind.Memory_$_Test - supportsOpenCursorsAcrossRollback: false
2357 [main] DEBUG com.github.jinahya.database.metadata.bind.Memory_$_Test - supportsOpenStatementsAcrossCommit: true
2357 [main] DEBUG com.github.jinahya.database.metadata.bind.Memory_$_Test - getMaxBinaryLiteralLength: 0
2357 [main] DEBUG com.github.jinahya.database.metadata.bind.Memory_$_Test - getMaxCharLiteralLength: 0
2357 [main] DEBUG com.github.jinahya.database.metadata.bind.Memory_$_Test - getMaxColumnNameLength: 128
2357 [main] DEBUG com.github.jinahya.database.metadata.bind.Memory_$_Test - getMaxColumnsInGroupBy: 0
2357 [main] DEBUG com.github.jinahya.database.metadata.bind.Memory_$_Test - getMaxColumnsInIndex: 0
2357 [main] DEBUG com.github.jinahya.database.metadata.bind.Memory_$_Test - getMaxColumnsInOrderBy: 0
2357 [main] DEBUG com.github.jinahya.database.metadata.bind.Memory_$_Test - getMaxColumnsInSelect: 0
2357 [main] DEBUG com.github.jinahya.database.metadata.bind.Memory_$_Test - getMaxColumnsInTable: 0
2357 [main] DEBUG com.github.jinahya.database.metadata.bind.Memory_$_Test - getMaxCursorNameLength: 128
2357 [main] DEBUG com.github.jinahya.database.metadata.bind.Memory_$_Test - getMaxSchemaNameLength: 128
2357 [main] DEBUG com.github.jinahya.database.metadata.bind.Memory_$_Test - getMaxProcedureNameLength: 128
2357 [main] DEBUG com.github.jinahya.database.metadata.bind.Memory_$_Test - getMaxCatalogNameLength: 128
2357 [main] DEBUG com.github.jinahya.database.metadata.bind.Memory_$_Test - doesMaxRowSizeIncludeBlobs: true
2357 [main] DEBUG com.github.jinahya.database.metadata.bind.Memory_$_Test - getMaxStatementLength: 0
2357 [main] DEBUG com.github.jinahya.database.metadata.bind.Memory_$_Test - getMaxTableNameLength: 128
2357 [main] DEBUG com.github.jinahya.database.metadata.bind.Memory_$_Test - getMaxTablesInSelect: 0
2357 [main] DEBUG com.github.jinahya.database.metadata.bind.Memory_$_Test - getMaxUserNameLength: 128
2357 [main] DEBUG com.github.jinahya.database.metadata.bind.Memory_$_Test - getDefaultTransactionIsolation: 2
2357 [main] DEBUG com.github.jinahya.database.metadata.bind.Memory_$_Test - supportsTransactions: true
2357 [main] DEBUG com.github.jinahya.database.metadata.bind.Memory_$_Test - supportsBatchUpdates: true
2357 [main] DEBUG com.github.jinahya.database.metadata.bind.Memory_$_Test - supportsNamedParameters: true
2357 [main] DEBUG com.github.jinahya.database.metadata.bind.Memory_$_Test - supportsMultipleOpenResults: true
2357 [main] DEBUG com.github.jinahya.database.metadata.bind.Memory_$_Test - supportsGetGeneratedKeys: true
2357 [main] DEBUG com.github.jinahya.database.metadata.bind.Memory_$_Test - getResultSetHoldability: 1
2357 [main] DEBUG com.github.jinahya.database.metadata.bind.Memory_$_Test - getDatabaseMajorVersion: 2
2357 [main] DEBUG com.github.jinahya.database.metadata.bind.Memory_$_Test - getDatabaseMinorVersion: 7
2357 [main] DEBUG com.github.jinahya.database.metadata.bind.Memory_$_Test - getJDBCMajorVersion: 4
2357 [main] DEBUG com.github.jinahya.database.metadata.bind.Memory_$_Test - getJDBCMinorVersion: 2
2357 [main] DEBUG com.github.jinahya.database.metadata.bind.Memory_$_Test - supportsStatementPooling: true
2357 [main] DEBUG com.github.jinahya.database.metadata.bind.Memory_$_Test - generatedKeyAlwaysReturned: true
2357 [main] DEBUG com.github.jinahya.database.metadata.bind.Memory_$_Test - getMaxLogicalLobSize: 1099511627776
2357 [main] DEBUG com.github.jinahya.database.metadata.bind.Memory_$_Test - getDatabaseProductName: HSQL Database Engine
2357 [main] DEBUG com.github.jinahya.database.metadata.bind.Memory_$_Test - getDatabaseProductVersion: 2.7.4
2357 [main] DEBUG com.github.jinahya.database.metadata.bind.Memory_$_Test - getConnection: org.hsqldb.jdbc.JDBCConnection@364ca2
2357 [main] DEBUG com.github.jinahya.database.metadata.bind.Memory_$_Test - getUserName: SA
2357 [main] DEBUG com.github.jinahya.database.metadata.bind.Memory_$_Test - getSQLKeywords: 
2357 [main] DEBUG com.github.jinahya.database.metadata.bind.Memory_$_Test - getStringFunctions: ASCII,CHAR,CONCAT,DIFFERENCE,HEXTORAW,INSERT,LCASE,LEFT,LENGTH,LOCATE,LTRIM,RAWTOHEX,REPEAT,REPLACE,RIGHT,RTRIM,SOUNDEX,SPACE,SUBSTR,UCASE
2357 [main] DEBUG com.github.jinahya.database.metadata.bind.Memory_$_Test - getSystemFunctions: DATABASE,IFNULL,USER
2357 [main] DEBUG com.github.jinahya.database.metadata.bind.Memory_$_Test - supportsDifferentTableCorrelationNames: false
2357 [main] DEBUG com.github.jinahya.database.metadata.bind.Memory_$_Test - supportsIntegrityEnhancementFacility: true
2357 [main] DEBUG com.github.jinahya.database.metadata.bind.Memory_$_Test - supportsSchemasInPrivilegeDefinitions: true
2357 [main] DEBUG com.github.jinahya.database.metadata.bind.Memory_$_Test - supportsCatalogsInPrivilegeDefinitions: true
2357 [main] DEBUG com.github.jinahya.database.metadata.bind.Memory_$_Test - supportsOpenStatementsAcrossRollback: true
2357 [main] DEBUG com.github.jinahya.database.metadata.bind.Memory_$_Test - supportsDataManipulationTransactionsOnly: true
2358 [main] DEBUG com.github.jinahya.database.metadata.bind.Memory_$_Test - dataDefinitionCausesTransactionCommit: true
2358 [main] DEBUG com.github.jinahya.database.metadata.bind.Memory_$_Test - dataDefinitionIgnoredInTransactions: false
2358 [main] DEBUG com.github.jinahya.database.metadata.bind.Memory_$_Test - supportsStoredFunctionsUsingCallSyntax: true
2358 [main] DEBUG com.github.jinahya.database.metadata.bind.Memory_$_Test - autoCommitFailureClosesAllResultSets: false
2358 [main] DEBUG com.github.jinahya.database.metadata.bind.Memory_$_Test - supportsDataDefinitionAndDataManipulationTransactions: false
2358 [main] DEBUG com.github.jinahya.database.metadata.bind.Memory_$_Test - nullsAreSortedHigh: false
2358 [main] DEBUG com.github.jinahya.database.metadata.bind.Memory_$_Test - nullsAreSortedLow: false
2358 [main] DEBUG com.github.jinahya.database.metadata.bind.Memory_$_Test - getDriverName: HSQL Database Engine Driver
2358 [main] DEBUG com.github.jinahya.database.metadata.bind.Memory_$_Test - getDriverVersion: 2.7.4
2358 [main] DEBUG com.github.jinahya.database.metadata.bind.Memory_$_Test - usesLocalFiles: false
2358 [main] DEBUG com.github.jinahya.database.metadata.bind.Memory_$_Test - supportsConvert: true
2358 [main] DEBUG com.github.jinahya.database.metadata.bind.Memory_$_Test - supportsGroupBy: true
2358 [main] DEBUG com.github.jinahya.database.metadata.bind.Memory_$_Test - supportsOuterJoins: true
2358 [main] DEBUG com.github.jinahya.database.metadata.bind.Memory_$_Test - getSchemaTerm: SCHEMA
2358 [main] DEBUG com.github.jinahya.database.metadata.bind.Memory_$_Test - getProcedureTerm: PROCEDURE
2358 [main] DEBUG com.github.jinahya.database.metadata.bind.Memory_$_Test - getCatalogTerm: CATALOG
2358 [main] DEBUG com.github.jinahya.database.metadata.bind.Memory_$_Test - isCatalogAtStart: true
2358 [main] DEBUG com.github.jinahya.database.metadata.bind.Memory_$_Test - supportsUnion: true
2358 [main] DEBUG com.github.jinahya.database.metadata.bind.Memory_$_Test - supportsUnionAll: true
2358 [main] DEBUG com.github.jinahya.database.metadata.bind.Memory_$_Test - getMaxConnections: 0
2358 [main] DEBUG com.github.jinahya.database.metadata.bind.Memory_$_Test - getMaxIndexLength: 0
2358 [main] DEBUG com.github.jinahya.database.metadata.bind.Memory_$_Test - getMaxRowSize: 0
2358 [main] DEBUG com.github.jinahya.database.metadata.bind.Memory_$_Test - getMaxStatements: 0
2358 [main] DEBUG com.github.jinahya.database.metadata.bind.Memory_$_Test - supportsSavepoints: true
2358 [main] DEBUG com.github.jinahya.database.metadata.bind.Memory_$_Test - getSQLStateType: 2
2358 [main] DEBUG com.github.jinahya.database.metadata.bind.Memory_$_Test - locatorsUpdateCopy: false
2358 [main] DEBUG com.github.jinahya.database.metadata.bind.Memory_$_Test - getRowIdLifetime: ROWID_UNSUPPORTED
2358 [main] DEBUG com.github.jinahya.database.metadata.bind.Memory_$_Test - supportsRefCursors: false
2358 [main] DEBUG com.github.jinahya.database.metadata.bind.Memory_$_Test - supportsSharding: false
2358 [main] DEBUG com.github.jinahya.database.metadata.bind.Memory_$_Test - isReadOnly: false
2358 [main] DEBUG com.github.jinahya.database.metadata.bind.Memory_$_Test - getURL: jdbc:hsqldb:mem:test
Jan 26, 2026 2:30:06 PM com.github.jinahya.database.metadata.bind.Context bind
WARNING: unknown result; type: Schema, label: IS_DEFAULT, value: false
Jan 26, 2026 2:30:06 PM com.github.jinahya.database.metadata.bind.Context bind
WARNING: unknown result; type: Schema, label: IS_DEFAULT, value: true
Jan 26, 2026 2:30:06 PM com.github.jinahya.database.metadata.bind.Context bind
WARNING: unknown result; type: Schema, label: IS_DEFAULT, value: false
[INFO] Tests run: 11, Failures: 0, Errors: 0, Skipped: 0, Time elapsed: 1.564 s -- in com.github.jinahya.database.metadata.bind.Memory_Hsql_Test
[INFO] Running com.github.jinahya.database.metadata.bind.AttributeTest
[INFO] Running com.github.jinahya.database.metadata.bind.MetadataType_Test$FieldTest
[INFO] Tests run: 10, Failures: 0, Errors: 0, Skipped: 0, Time elapsed: 0.002 s -- in com.github.jinahya.database.metadata.bind.MetadataType_Test$FieldTest
[INFO] Tests run: 0, Failures: 0, Errors: 0, Skipped: 0, Time elapsed: 0.007 s -- in com.github.jinahya.database.metadata.bind.AttributeTest
[INFO] Running com.github.jinahya.database.metadata.bind.SuperTableTest
[INFO] Running com.github.jinahya.database.metadata.bind.MetadataType_Test$FieldTest
[ERROR] Tests run: 11, Failures: 1, Errors: 0, Skipped: 0, Time elapsed: 0.003 s <<< FAILURE! -- in com.github.jinahya.database.metadata.bind.MetadataType_Test$FieldTest
[ERROR] com.github.jinahya.database.metadata.bind.SuperTableTest.equals__ -- Time elapsed: 0.099 s <<< FAILURE!
java.lang.AssertionError: 
EqualsVerifier found a problem in class com.github.jinahya.database.metadata.bind.SuperTable.
-> Reflexivity: object does not equal an identical copy of itself:
  com.github.jinahya.database.metadata.bind.SuperTable@76120cf0{unmappedColumns={one=java.lang.Object@5b2d5bb8}}{tableCat=one,tableSchem=one,tableName=one,supertableName=one}
If this is intentional, consider suppressing Warning.IDENTICAL_COPY.

For more information, go to: https://www.jqno.nl/equalsverifier/errormessages
(EqualsVerifier 4.0, JDK 25.0.1 running on classpath, on Mac OS X. Mockito: available.)
	at nl.jqno.equalsverifier.api.SingleTypeEqualsVerifierApi.verify(SingleTypeEqualsVerifierApi.java:389)
	at com.github.jinahya.database.metadata.bind.MetadataType_Test.equals__(MetadataType_Test.java:76)
	at java.base/java.lang.reflect.Method.invoke(Method.java:565)
	at java.base/java.util.ArrayList.forEach(ArrayList.java:1604)
	at java.base/java.util.ArrayList.forEach(ArrayList.java:1604)
Caused by: nl.jqno.equalsverifier.internal.exceptions.AssertionException
	at nl.jqno.equalsverifier.internal.util.Assert.assertEquals(Assert.java:25)
	at nl.jqno.equalsverifier.internal.checkers.fieldchecks.ReflexivityFieldCheck.checkReflexivityFor(ReflexivityFieldCheck.java:145)
	at nl.jqno.equalsverifier.internal.checkers.fieldchecks.ReflexivityFieldCheck.checkReferenceReflexivity(ReflexivityFieldCheck.java:56)
	at nl.jqno.equalsverifier.internal.checkers.fieldchecks.ReflexivityFieldCheck.execute(ReflexivityFieldCheck.java:48)
	at nl.jqno.equalsverifier.internal.checkers.FieldInspector.check(FieldInspector.java:20)
	at nl.jqno.equalsverifier.internal.checkers.FieldsChecker.check(FieldsChecker.java:63)
	at nl.jqno.equalsverifier.api.SingleTypeEqualsVerifierApi.verifyWithExamples(SingleTypeEqualsVerifierApi.java:498)
	at nl.jqno.equalsverifier.api.SingleTypeEqualsVerifierApi.performVerification(SingleTypeEqualsVerifierApi.java:459)
	at nl.jqno.equalsverifier.api.SingleTypeEqualsVerifierApi.verify(SingleTypeEqualsVerifierApi.java:386)
	... 4 more

[INFO] Tests run: 0, Failures: 0, Errors: 0, Skipped: 0, Time elapsed: 0.108 s -- in com.github.jinahya.database.metadata.bind.SuperTableTest
[INFO] Running com.github.jinahya.database.metadata.bind.TableTypeTest
[INFO] Running com.github.jinahya.database.metadata.bind.MetadataType_Test$FieldTest
[ERROR] Tests run: 11, Failures: 1, Errors: 0, Skipped: 0, Time elapsed: 0.002 s <<< FAILURE! -- in com.github.jinahya.database.metadata.bind.MetadataType_Test$FieldTest
[ERROR] com.github.jinahya.database.metadata.bind.TableTypeTest.equals__ -- Time elapsed: 0.005 s <<< FAILURE!
java.lang.AssertionError: 
EqualsVerifier found a problem in class com.github.jinahya.database.metadata.bind.TableType.
-> Reflexivity: object does not equal an identical copy of itself:
  com.github.jinahya.database.metadata.bind.TableType@e54175f1{unmappedColumns={one=java.lang.Object@772bca04}}{tableType=one}
If this is intentional, consider suppressing Warning.IDENTICAL_COPY.

For more information, go to: https://www.jqno.nl/equalsverifier/errormessages
(EqualsVerifier 4.0, JDK 25.0.1 running on classpath, on Mac OS X. Mockito: available.)
	at nl.jqno.equalsverifier.api.SingleTypeEqualsVerifierApi.verify(SingleTypeEqualsVerifierApi.java:389)
	at com.github.jinahya.database.metadata.bind.MetadataType_Test.equals__(MetadataType_Test.java:76)
	at java.base/java.lang.reflect.Method.invoke(Method.java:565)
	at java.base/java.util.ArrayList.forEach(ArrayList.java:1604)
	at java.base/java.util.ArrayList.forEach(ArrayList.java:1604)
Caused by: nl.jqno.equalsverifier.internal.exceptions.AssertionException
	at nl.jqno.equalsverifier.internal.util.Assert.assertEquals(Assert.java:25)
	at nl.jqno.equalsverifier.internal.checkers.fieldchecks.ReflexivityFieldCheck.checkReflexivityFor(ReflexivityFieldCheck.java:145)
	at nl.jqno.equalsverifier.internal.checkers.fieldchecks.ReflexivityFieldCheck.checkReferenceReflexivity(ReflexivityFieldCheck.java:56)
	at nl.jqno.equalsverifier.internal.checkers.fieldchecks.ReflexivityFieldCheck.execute(ReflexivityFieldCheck.java:48)
	at nl.jqno.equalsverifier.internal.checkers.FieldInspector.check(FieldInspector.java:20)
	at nl.jqno.equalsverifier.internal.checkers.FieldsChecker.check(FieldsChecker.java:63)
	at nl.jqno.equalsverifier.api.SingleTypeEqualsVerifierApi.verifyWithExamples(SingleTypeEqualsVerifierApi.java:498)
	at nl.jqno.equalsverifier.api.SingleTypeEqualsVerifierApi.performVerification(SingleTypeEqualsVerifierApi.java:459)
	at nl.jqno.equalsverifier.api.SingleTypeEqualsVerifierApi.verify(SingleTypeEqualsVerifierApi.java:386)
	... 4 more

[INFO] Tests run: 0, Failures: 0, Errors: 0, Skipped: 0, Time elapsed: 0.011 s -- in com.github.jinahya.database.metadata.bind.TableTypeTest
[INFO] Running com.github.jinahya.database.metadata.bind.BestRowIdentifierTest
[INFO] Running com.github.jinahya.database.metadata.bind.MetadataType_Test$FieldTest
[INFO] Tests run: 10, Failures: 0, Errors: 0, Skipped: 0, Time elapsed: 0.002 s -- in com.github.jinahya.database.metadata.bind.MetadataType_Test$FieldTest
[INFO] Tests run: 0, Failures: 0, Errors: 0, Skipped: 0, Time elapsed: 0.008 s -- in com.github.jinahya.database.metadata.bind.BestRowIdentifierTest
[INFO] Running com.github.jinahya.database.metadata.bind.FunctionTest
[INFO] Running com.github.jinahya.database.metadata.bind.MetadataType_Test$FieldTest
[ERROR] Tests run: 11, Failures: 1, Errors: 0, Skipped: 0, Time elapsed: 0.002 s <<< FAILURE! -- in com.github.jinahya.database.metadata.bind.MetadataType_Test$FieldTest
[ERROR] com.github.jinahya.database.metadata.bind.FunctionTest.equals__ -- Time elapsed: 0.012 s <<< FAILURE!
java.lang.AssertionError: 
EqualsVerifier found a problem in class com.github.jinahya.database.metadata.bind.Function.
-> Reflexivity: object does not equal an identical copy of itself:
  com.github.jinahya.database.metadata.bind.Function@65f858de{unmappedColumns={one=java.lang.Object@3dda594f}}{functionCat=one,functionSchem=one,functionName=one,remarks=one,functionType=1000,specificName=one}
If this is intentional, consider suppressing Warning.IDENTICAL_COPY.

For more information, go to: https://www.jqno.nl/equalsverifier/errormessages
(EqualsVerifier 4.0, JDK 25.0.1 running on classpath, on Mac OS X. Mockito: available.)
	at nl.jqno.equalsverifier.api.SingleTypeEqualsVerifierApi.verify(SingleTypeEqualsVerifierApi.java:389)
	at com.github.jinahya.database.metadata.bind.MetadataType_Test.equals__(MetadataType_Test.java:76)
	at java.base/java.lang.reflect.Method.invoke(Method.java:565)
	at java.base/java.util.ArrayList.forEach(ArrayList.java:1604)
	at java.base/java.util.ArrayList.forEach(ArrayList.java:1604)
Caused by: nl.jqno.equalsverifier.internal.exceptions.AssertionException
	at nl.jqno.equalsverifier.internal.util.Assert.assertEquals(Assert.java:25)
	at nl.jqno.equalsverifier.internal.checkers.fieldchecks.ReflexivityFieldCheck.checkReflexivityFor(ReflexivityFieldCheck.java:145)
	at nl.jqno.equalsverifier.internal.checkers.fieldchecks.ReflexivityFieldCheck.checkReferenceReflexivity(ReflexivityFieldCheck.java:56)
	at nl.jqno.equalsverifier.internal.checkers.fieldchecks.ReflexivityFieldCheck.execute(ReflexivityFieldCheck.java:48)
	at nl.jqno.equalsverifier.internal.checkers.FieldInspector.check(FieldInspector.java:20)
	at nl.jqno.equalsverifier.internal.checkers.FieldsChecker.check(FieldsChecker.java:63)
	at nl.jqno.equalsverifier.api.SingleTypeEqualsVerifierApi.verifyWithExamples(SingleTypeEqualsVerifierApi.java:498)
	at nl.jqno.equalsverifier.api.SingleTypeEqualsVerifierApi.performVerification(SingleTypeEqualsVerifierApi.java:459)
	at nl.jqno.equalsverifier.api.SingleTypeEqualsVerifierApi.verify(SingleTypeEqualsVerifierApi.java:386)
	... 4 more

[INFO] Tests run: 0, Failures: 0, Errors: 0, Skipped: 0, Time elapsed: 0.019 s -- in com.github.jinahya.database.metadata.bind.FunctionTest
[INFO] Running com.github.jinahya.database.metadata.bind._PackageTest
[INFO] Tests run: 1, Failures: 0, Errors: 0, Skipped: 0, Time elapsed: 0.137 s -- in com.github.jinahya.database.metadata.bind._PackageTest
[INFO] Running com.github.jinahya.database.metadata.bind.VersionColumnTest
[INFO] Running com.github.jinahya.database.metadata.bind.MetadataType_Test$FieldTest
[ERROR] Tests run: 11, Failures: 1, Errors: 0, Skipped: 0, Time elapsed: 0.001 s <<< FAILURE! -- in com.github.jinahya.database.metadata.bind.MetadataType_Test$FieldTest
[ERROR] com.github.jinahya.database.metadata.bind.VersionColumnTest.equals__ -- Time elapsed: 0.011 s <<< FAILURE!
java.lang.AssertionError: 
EqualsVerifier found a problem in class com.github.jinahya.database.metadata.bind.VersionColumn.
-> Reflexivity: object does not equal an identical copy of itself:
  com.github.jinahya.database.metadata.bind.VersionColumn@14f45a39{unmappedColumns={one=java.lang.Object@2aba7683}}{scope=1000,columnName=one,dataType=1000,typeName=one,columnSize=1000,bufferLength=1000,decimalDigits=1000,pseudoColumn=1000}
If this is intentional, consider suppressing Warning.IDENTICAL_COPY.

For more information, go to: https://www.jqno.nl/equalsverifier/errormessages
(EqualsVerifier 4.0, JDK 25.0.1 running on classpath, on Mac OS X. Mockito: available.)
	at nl.jqno.equalsverifier.api.SingleTypeEqualsVerifierApi.verify(SingleTypeEqualsVerifierApi.java:389)
	at com.github.jinahya.database.metadata.bind.MetadataType_Test.equals__(MetadataType_Test.java:76)
	at java.base/java.lang.reflect.Method.invoke(Method.java:565)
	at java.base/java.util.ArrayList.forEach(ArrayList.java:1604)
	at java.base/java.util.ArrayList.forEach(ArrayList.java:1604)
Caused by: nl.jqno.equalsverifier.internal.exceptions.AssertionException
	at nl.jqno.equalsverifier.internal.util.Assert.assertEquals(Assert.java:25)
	at nl.jqno.equalsverifier.internal.checkers.fieldchecks.ReflexivityFieldCheck.checkReflexivityFor(ReflexivityFieldCheck.java:145)
	at nl.jqno.equalsverifier.internal.checkers.fieldchecks.ReflexivityFieldCheck.checkReferenceReflexivity(ReflexivityFieldCheck.java:56)
	at nl.jqno.equalsverifier.internal.checkers.fieldchecks.ReflexivityFieldCheck.execute(ReflexivityFieldCheck.java:48)
	at nl.jqno.equalsverifier.internal.checkers.FieldInspector.check(FieldInspector.java:20)
	at nl.jqno.equalsverifier.internal.checkers.FieldsChecker.check(FieldsChecker.java:63)
	at nl.jqno.equalsverifier.api.SingleTypeEqualsVerifierApi.verifyWithExamples(SingleTypeEqualsVerifierApi.java:498)
	at nl.jqno.equalsverifier.api.SingleTypeEqualsVerifierApi.performVerification(SingleTypeEqualsVerifierApi.java:459)
	at nl.jqno.equalsverifier.api.SingleTypeEqualsVerifierApi.verify(SingleTypeEqualsVerifierApi.java:386)
	... 4 more

[INFO] Tests run: 0, Failures: 0, Errors: 0, Skipped: 0, Time elapsed: 0.017 s -- in com.github.jinahya.database.metadata.bind.VersionColumnTest
[INFO] Running com.github.jinahya.database.metadata.bind.PseudoColumnTest
[INFO] Running com.github.jinahya.database.metadata.bind.MetadataType_Test$FieldTest
[ERROR] Tests run: 11, Failures: 1, Errors: 0, Skipped: 0, Time elapsed: 0.001 s <<< FAILURE! -- in com.github.jinahya.database.metadata.bind.MetadataType_Test$FieldTest
[ERROR] com.github.jinahya.database.metadata.bind.PseudoColumnTest.equals__ -- Time elapsed: 0.015 s <<< FAILURE!
java.lang.AssertionError: 
EqualsVerifier found a problem in class com.github.jinahya.database.metadata.bind.PseudoColumn.
-> Reflexivity: object does not equal an identical copy of itself:
  com.github.jinahya.database.metadata.bind.PseudoColumn@7aa6d29e{unmappedColumns={one=java.lang.Object@637024a5}}{tableCat=one,tableSchem=one,tableName=one,columnName=one,dataType=1000,columnSize=1000,decimalDigits=1000,numPrecRadix=1000,columnUsage=one,remarks=one,charOctetLength=1000,isNullable=one}
If this is intentional, consider suppressing Warning.IDENTICAL_COPY.

For more information, go to: https://www.jqno.nl/equalsverifier/errormessages
(EqualsVerifier 4.0, JDK 25.0.1 running on classpath, on Mac OS X. Mockito: available.)
	at nl.jqno.equalsverifier.api.SingleTypeEqualsVerifierApi.verify(SingleTypeEqualsVerifierApi.java:389)
	at com.github.jinahya.database.metadata.bind.MetadataType_Test.equals__(MetadataType_Test.java:76)
	at java.base/java.lang.reflect.Method.invoke(Method.java:565)
	at java.base/java.util.ArrayList.forEach(ArrayList.java:1604)
	at java.base/java.util.ArrayList.forEach(ArrayList.java:1604)
Caused by: nl.jqno.equalsverifier.internal.exceptions.AssertionException
	at nl.jqno.equalsverifier.internal.util.Assert.assertEquals(Assert.java:25)
	at nl.jqno.equalsverifier.internal.checkers.fieldchecks.ReflexivityFieldCheck.checkReflexivityFor(ReflexivityFieldCheck.java:145)
	at nl.jqno.equalsverifier.internal.checkers.fieldchecks.ReflexivityFieldCheck.checkReferenceReflexivity(ReflexivityFieldCheck.java:56)
	at nl.jqno.equalsverifier.internal.checkers.fieldchecks.ReflexivityFieldCheck.execute(ReflexivityFieldCheck.java:48)
	at nl.jqno.equalsverifier.internal.checkers.FieldInspector.check(FieldInspector.java:20)
	at nl.jqno.equalsverifier.internal.checkers.FieldsChecker.check(FieldsChecker.java:63)
	at nl.jqno.equalsverifier.api.SingleTypeEqualsVerifierApi.verifyWithExamples(SingleTypeEqualsVerifierApi.java:498)
	at nl.jqno.equalsverifier.api.SingleTypeEqualsVerifierApi.performVerification(SingleTypeEqualsVerifierApi.java:459)
	at nl.jqno.equalsverifier.api.SingleTypeEqualsVerifierApi.verify(SingleTypeEqualsVerifierApi.java:386)
	... 4 more

[INFO] Tests run: 0, Failures: 0, Errors: 0, Skipped: 0, Time elapsed: 0.022 s -- in com.github.jinahya.database.metadata.bind.PseudoColumnTest
[INFO] Running com.github.jinahya.database.metadata.bind.Memory_Sqlite_Test
WARNING: A restricted method in java.lang.System has been called
WARNING: java.lang.System::load has been called by org.sqlite.SQLiteJDBCLoader in an unnamed module (file:/Users/jin.kwon/.m2/repository/org/xerial/sqlite-jdbc/3.51.1.0/sqlite-jdbc-3.51.1.0.jar)
WARNING: Use --enable-native-access=ALL-UNNAMED to avoid a warning for callers in this module
WARNING: Restricted methods will be blocked in a future release unless native access is enabled

3177 [main] WARN  com.github.jinahya.database.metadata.bind.Memory_$_Test - not supported
java.sql.SQLFeatureNotSupportedException: Not yet implemented by SQLite JDBC driver
	at org.sqlite.jdbc3.JDBC3DatabaseMetaData.getFunctionColumns(JDBC3DatabaseMetaData.java:1951)
	at com.github.jinahya.database.metadata.bind.Context.getFunctionColumnsAndAcceptEach(Context.java:881)
	at com.github.jinahya.database.metadata.bind.Context.getFunctionColumnsAndAddAll(Context.java:893)
	at com.github.jinahya.database.metadata.bind.Context.getFunctionColumns(Context.java:922)
	at com.github.jinahya.database.metadata.bind.Memory_$_Test.functionColumns(Memory_$_Test.java:188)
	at java.base/jdk.internal.reflect.DirectMethodHandleAccessor.invoke(DirectMethodHandleAccessor.java:104)
	at java.base/java.lang.reflect.Method.invoke(Method.java:565)
	at org.junit.platform.commons.util.ReflectionUtils.invokeMethod(ReflectionUtils.java:701)
	at org.junit.platform.commons.support.ReflectionSupport.invokeMethod(ReflectionSupport.java:502)
	at org.junit.jupiter.engine.support.MethodReflectionUtils.invoke(MethodReflectionUtils.java:45)
	at org.junit.jupiter.engine.execution.MethodInvocation.proceed(MethodInvocation.java:61)
	at org.junit.jupiter.engine.execution.InvocationInterceptorChain$ValidatingInvocation.proceed(InvocationInterceptorChain.java:124)
	at org.junit.jupiter.engine.extension.TimeoutExtension.intercept(TimeoutExtension.java:163)
	at org.junit.jupiter.engine.extension.TimeoutExtension.interceptTestableMethod(TimeoutExtension.java:148)
	at org.junit.jupiter.engine.extension.TimeoutExtension.interceptTestMethod(TimeoutExtension.java:86)
	at org.junit.jupiter.engine.execution.InterceptingExecutableInvoker$ReflectiveInterceptorCall.lambda$ofVoidMethod$0(InterceptingExecutableInvoker.java:123)
	at org.junit.jupiter.engine.execution.InterceptingExecutableInvoker.lambda$invoke$0(InterceptingExecutableInvoker.java:105)
	at org.junit.jupiter.engine.execution.InvocationInterceptorChain$InterceptedInvocation.proceed(InvocationInterceptorChain.java:99)
	at org.junit.jupiter.engine.execution.InvocationInterceptorChain.proceed(InvocationInterceptorChain.java:66)
	at org.junit.jupiter.engine.execution.InvocationInterceptorChain.chainAndInvoke(InvocationInterceptorChain.java:47)
	at org.junit.jupiter.engine.execution.InvocationInterceptorChain.invoke(InvocationInterceptorChain.java:39)
	at org.junit.jupiter.engine.execution.InterceptingExecutableInvoker.invoke(InterceptingExecutableInvoker.java:104)
	at org.junit.jupiter.engine.execution.InterceptingExecutableInvoker.invoke(InterceptingExecutableInvoker.java:98)
	at org.junit.jupiter.engine.execution.InterceptingExecutableInvoker.invokeVoid(InterceptingExecutableInvoker.java:71)
	at org.junit.jupiter.engine.descriptor.TestMethodTestDescriptor.lambda$invokeTestMethod$0(TestMethodTestDescriptor.java:219)
	at org.junit.platform.engine.support.hierarchical.ThrowableCollector.execute(ThrowableCollector.java:74)
	at org.junit.jupiter.engine.descriptor.TestMethodTestDescriptor.invokeTestMethod(TestMethodTestDescriptor.java:215)
	at org.junit.jupiter.engine.descriptor.TestMethodTestDescriptor.execute(TestMethodTestDescriptor.java:157)
	at org.junit.jupiter.engine.descriptor.TestMethodTestDescriptor.execute(TestMethodTestDescriptor.java:70)
	at org.junit.platform.engine.support.hierarchical.NodeTestTask.lambda$executeRecursively$2(NodeTestTask.java:176)
	at org.junit.platform.engine.support.hierarchical.ThrowableCollector.execute(ThrowableCollector.java:74)
	at org.junit.platform.engine.support.hierarchical.NodeTestTask.lambda$executeRecursively$1(NodeTestTask.java:166)
	at org.junit.platform.engine.support.hierarchical.Node.around(Node.java:138)
	at org.junit.platform.engine.support.hierarchical.NodeTestTask.lambda$executeRecursively$0(NodeTestTask.java:164)
	at org.junit.platform.engine.support.hierarchical.ThrowableCollector.execute(ThrowableCollector.java:74)
	at org.junit.platform.engine.support.hierarchical.NodeTestTask.executeRecursively(NodeTestTask.java:163)
	at org.junit.platform.engine.support.hierarchical.NodeTestTask.execute(NodeTestTask.java:116)
	at java.base/java.util.ArrayList.forEach(ArrayList.java:1604)
	at org.junit.platform.engine.support.hierarchical.SameThreadHierarchicalTestExecutorService.invokeAll(SameThreadHierarchicalTestExecutorService.java:42)
	at org.junit.platform.engine.support.hierarchical.NodeTestTask.lambda$executeRecursively$2(NodeTestTask.java:180)
	at org.junit.platform.engine.support.hierarchical.ThrowableCollector.execute(ThrowableCollector.java:74)
	at org.junit.platform.engine.support.hierarchical.NodeTestTask.lambda$executeRecursively$1(NodeTestTask.java:166)
	at org.junit.platform.engine.support.hierarchical.Node.around(Node.java:138)
	at org.junit.platform.engine.support.hierarchical.NodeTestTask.lambda$executeRecursively$0(NodeTestTask.java:164)
	at org.junit.platform.engine.support.hierarchical.ThrowableCollector.execute(ThrowableCollector.java:74)
	at org.junit.platform.engine.support.hierarchical.NodeTestTask.executeRecursively(NodeTestTask.java:163)
	at org.junit.platform.engine.support.hierarchical.NodeTestTask.execute(NodeTestTask.java:116)
	at java.base/java.util.ArrayList.forEach(ArrayList.java:1604)
	at org.junit.platform.engine.support.hierarchical.SameThreadHierarchicalTestExecutorService.invokeAll(SameThreadHierarchicalTestExecutorService.java:42)
	at org.junit.platform.engine.support.hierarchical.NodeTestTask.lambda$executeRecursively$2(NodeTestTask.java:180)
	at org.junit.platform.engine.support.hierarchical.ThrowableCollector.execute(ThrowableCollector.java:74)
	at org.junit.platform.engine.support.hierarchical.NodeTestTask.lambda$executeRecursively$1(NodeTestTask.java:166)
	at org.junit.platform.engine.support.hierarchical.Node.around(Node.java:138)
	at org.junit.platform.engine.support.hierarchical.NodeTestTask.lambda$executeRecursively$0(NodeTestTask.java:164)
	at org.junit.platform.engine.support.hierarchical.ThrowableCollector.execute(ThrowableCollector.java:74)
	at org.junit.platform.engine.support.hierarchical.NodeTestTask.executeRecursively(NodeTestTask.java:163)
	at org.junit.platform.engine.support.hierarchical.NodeTestTask.execute(NodeTestTask.java:116)
	at org.junit.platform.engine.support.hierarchical.SameThreadHierarchicalTestExecutorService.submit(SameThreadHierarchicalTestExecutorService.java:36)
	at org.junit.platform.engine.support.hierarchical.HierarchicalTestExecutor.execute(HierarchicalTestExecutor.java:52)
	at org.junit.platform.engine.support.hierarchical.HierarchicalTestEngine.execute(HierarchicalTestEngine.java:58)
	at org.junit.platform.launcher.core.EngineExecutionOrchestrator.executeEngine(EngineExecutionOrchestrator.java:246)
	at org.junit.platform.launcher.core.EngineExecutionOrchestrator.failOrExecuteEngine(EngineExecutionOrchestrator.java:218)
	at org.junit.platform.launcher.core.EngineExecutionOrchestrator.execute(EngineExecutionOrchestrator.java:179)
	at org.junit.platform.launcher.core.EngineExecutionOrchestrator.execute(EngineExecutionOrchestrator.java:108)
	at org.junit.platform.launcher.core.EngineExecutionOrchestrator.lambda$execute$0(EngineExecutionOrchestrator.java:66)
	at org.junit.platform.launcher.core.EngineExecutionOrchestrator.withInterceptedStreams(EngineExecutionOrchestrator.java:157)
	at org.junit.platform.launcher.core.EngineExecutionOrchestrator.execute(EngineExecutionOrchestrator.java:65)
	at org.junit.platform.launcher.core.DefaultLauncher.execute(DefaultLauncher.java:125)
	at org.junit.platform.launcher.core.DefaultLauncher.execute(DefaultLauncher.java:114)
	at org.junit.platform.launcher.core.DelegatingLauncher.execute(DelegatingLauncher.java:58)
	at org.junit.platform.launcher.core.InterceptingLauncher.lambda$execute$2(InterceptingLauncher.java:57)
	at org.junit.platform.launcher.core.ClasspathAlignmentCheckingLauncherInterceptor.intercept(ClasspathAlignmentCheckingLauncherInterceptor.java:25)
	at org.junit.platform.launcher.core.InterceptingLauncher.execute(InterceptingLauncher.java:56)
	at org.junit.platform.launcher.core.DelegatingLauncher.execute(DelegatingLauncher.java:58)
	at java.base/jdk.internal.reflect.DirectMethodHandleAccessor.invoke(DirectMethodHandleAccessor.java:104)
	at java.base/java.lang.reflect.Method.invoke(Method.java:565)
	at org.apache.maven.surefire.api.util.ReflectionUtils.invokeMethodWithArray(ReflectionUtils.java:125)
	at org.apache.maven.surefire.junitplatform.LauncherAdapter.executeWithCancellationToken(LauncherAdapter.java:68)
	at org.apache.maven.surefire.junitplatform.LauncherAdapter.execute(LauncherAdapter.java:54)
	at org.apache.maven.surefire.junitplatform.JUnitPlatformProvider.execute(JUnitPlatformProvider.java:203)
	at org.apache.maven.surefire.junitplatform.JUnitPlatformProvider.invokeAllTests(JUnitPlatformProvider.java:168)
	at org.apache.maven.surefire.junitplatform.JUnitPlatformProvider.invoke(JUnitPlatformProvider.java:136)
	at org.apache.maven.surefire.booter.ForkedBooter.runSuitesInProcess(ForkedBooter.java:385)
	at org.apache.maven.surefire.booter.ForkedBooter.execute(ForkedBooter.java:162)
	at org.apache.maven.surefire.booter.ForkedBooter.run(ForkedBooter.java:507)
	at org.apache.maven.surefire.booter.ForkedBooter.main(ForkedBooter.java:495)
3187 [main] DEBUG com.github.jinahya.database.metadata.bind.Memory_$_Test - com.github.jinahya.database.metadata.bind.Table@230b6193{unmappedColumns={}}{tableCat=null,tableSchem=null,tableName=sqlite_schema,tableType=SYSTEM TABLE,remarks=null,typeCat=null,typeSchem=null,typeName=null,selfReferencingColName=null,refGeneration=null}: []
3192 [main] WARN  com.github.jinahya.database.metadata.bind.Memory_$_Test - not supported
java.sql.SQLFeatureNotSupportedException
	at org.sqlite.jdbc4.JDBC4DatabaseMetaData.getFunctions(JDBC4DatabaseMetaData.java:46)
	at com.github.jinahya.database.metadata.bind.Context.getFunctionsAndAcceptEach(Context.java:832)
	at com.github.jinahya.database.metadata.bind.Context.getFunctionsAndAddAll(Context.java:843)
	at com.github.jinahya.database.metadata.bind.Context.getFunctions(Context.java:869)
	at com.github.jinahya.database.metadata.bind.Memory_$_Test.functions(Memory_$_Test.java:174)
	at java.base/jdk.internal.reflect.DirectMethodHandleAccessor.invoke(DirectMethodHandleAccessor.java:104)
	at java.base/java.lang.reflect.Method.invoke(Method.java:565)
	at org.junit.platform.commons.util.ReflectionUtils.invokeMethod(ReflectionUtils.java:701)
	at org.junit.platform.commons.support.ReflectionSupport.invokeMethod(ReflectionSupport.java:502)
	at org.junit.jupiter.engine.support.MethodReflectionUtils.invoke(MethodReflectionUtils.java:45)
	at org.junit.jupiter.engine.execution.MethodInvocation.proceed(MethodInvocation.java:61)
	at org.junit.jupiter.engine.execution.InvocationInterceptorChain$ValidatingInvocation.proceed(InvocationInterceptorChain.java:124)
	at org.junit.jupiter.engine.extension.TimeoutExtension.intercept(TimeoutExtension.java:163)
	at org.junit.jupiter.engine.extension.TimeoutExtension.interceptTestableMethod(TimeoutExtension.java:148)
	at org.junit.jupiter.engine.extension.TimeoutExtension.interceptTestMethod(TimeoutExtension.java:86)
	at org.junit.jupiter.engine.execution.InterceptingExecutableInvoker$ReflectiveInterceptorCall.lambda$ofVoidMethod$0(InterceptingExecutableInvoker.java:123)
	at org.junit.jupiter.engine.execution.InterceptingExecutableInvoker.lambda$invoke$0(InterceptingExecutableInvoker.java:105)
	at org.junit.jupiter.engine.execution.InvocationInterceptorChain$InterceptedInvocation.proceed(InvocationInterceptorChain.java:99)
	at org.junit.jupiter.engine.execution.InvocationInterceptorChain.proceed(InvocationInterceptorChain.java:66)
	at org.junit.jupiter.engine.execution.InvocationInterceptorChain.chainAndInvoke(InvocationInterceptorChain.java:47)
	at org.junit.jupiter.engine.execution.InvocationInterceptorChain.invoke(InvocationInterceptorChain.java:39)
	at org.junit.jupiter.engine.execution.InterceptingExecutableInvoker.invoke(InterceptingExecutableInvoker.java:104)
	at org.junit.jupiter.engine.execution.InterceptingExecutableInvoker.invoke(InterceptingExecutableInvoker.java:98)
	at org.junit.jupiter.engine.execution.InterceptingExecutableInvoker.invokeVoid(InterceptingExecutableInvoker.java:71)
	at org.junit.jupiter.engine.descriptor.TestMethodTestDescriptor.lambda$invokeTestMethod$0(TestMethodTestDescriptor.java:219)
	at org.junit.platform.engine.support.hierarchical.ThrowableCollector.execute(ThrowableCollector.java:74)
	at org.junit.jupiter.engine.descriptor.TestMethodTestDescriptor.invokeTestMethod(TestMethodTestDescriptor.java:215)
	at org.junit.jupiter.engine.descriptor.TestMethodTestDescriptor.execute(TestMethodTestDescriptor.java:157)
	at org.junit.jupiter.engine.descriptor.TestMethodTestDescriptor.execute(TestMethodTestDescriptor.java:70)
	at org.junit.platform.engine.support.hierarchical.NodeTestTask.lambda$executeRecursively$2(NodeTestTask.java:176)
	at org.junit.platform.engine.support.hierarchical.ThrowableCollector.execute(ThrowableCollector.java:74)
	at org.junit.platform.engine.support.hierarchical.NodeTestTask.lambda$executeRecursively$1(NodeTestTask.java:166)
	at org.junit.platform.engine.support.hierarchical.Node.around(Node.java:138)
	at org.junit.platform.engine.support.hierarchical.NodeTestTask.lambda$executeRecursively$0(NodeTestTask.java:164)
	at org.junit.platform.engine.support.hierarchical.ThrowableCollector.execute(ThrowableCollector.java:74)
	at org.junit.platform.engine.support.hierarchical.NodeTestTask.executeRecursively(NodeTestTask.java:163)
	at org.junit.platform.engine.support.hierarchical.NodeTestTask.execute(NodeTestTask.java:116)
	at java.base/java.util.ArrayList.forEach(ArrayList.java:1604)
	at org.junit.platform.engine.support.hierarchical.SameThreadHierarchicalTestExecutorService.invokeAll(SameThreadHierarchicalTestExecutorService.java:42)
	at org.junit.platform.engine.support.hierarchical.NodeTestTask.lambda$executeRecursively$2(NodeTestTask.java:180)
	at org.junit.platform.engine.support.hierarchical.ThrowableCollector.execute(ThrowableCollector.java:74)
	at org.junit.platform.engine.support.hierarchical.NodeTestTask.lambda$executeRecursively$1(NodeTestTask.java:166)
	at org.junit.platform.engine.support.hierarchical.Node.around(Node.java:138)
	at org.junit.platform.engine.support.hierarchical.NodeTestTask.lambda$executeRecursively$0(NodeTestTask.java:164)
	at org.junit.platform.engine.support.hierarchical.ThrowableCollector.execute(ThrowableCollector.java:74)
	at org.junit.platform.engine.support.hierarchical.NodeTestTask.executeRecursively(NodeTestTask.java:163)
	at org.junit.platform.engine.support.hierarchical.NodeTestTask.execute(NodeTestTask.java:116)
	at java.base/java.util.ArrayList.forEach(ArrayList.java:1604)
	at org.junit.platform.engine.support.hierarchical.SameThreadHierarchicalTestExecutorService.invokeAll(SameThreadHierarchicalTestExecutorService.java:42)
	at org.junit.platform.engine.support.hierarchical.NodeTestTask.lambda$executeRecursively$2(NodeTestTask.java:180)
	at org.junit.platform.engine.support.hierarchical.ThrowableCollector.execute(ThrowableCollector.java:74)
	at org.junit.platform.engine.support.hierarchical.NodeTestTask.lambda$executeRecursively$1(NodeTestTask.java:166)
	at org.junit.platform.engine.support.hierarchical.Node.around(Node.java:138)
	at org.junit.platform.engine.support.hierarchical.NodeTestTask.lambda$executeRecursively$0(NodeTestTask.java:164)
	at org.junit.platform.engine.support.hierarchical.ThrowableCollector.execute(ThrowableCollector.java:74)
	at org.junit.platform.engine.support.hierarchical.NodeTestTask.executeRecursively(NodeTestTask.java:163)
	at org.junit.platform.engine.support.hierarchical.NodeTestTask.execute(NodeTestTask.java:116)
	at org.junit.platform.engine.support.hierarchical.SameThreadHierarchicalTestExecutorService.submit(SameThreadHierarchicalTestExecutorService.java:36)
	at org.junit.platform.engine.support.hierarchical.HierarchicalTestExecutor.execute(HierarchicalTestExecutor.java:52)
	at org.junit.platform.engine.support.hierarchical.HierarchicalTestEngine.execute(HierarchicalTestEngine.java:58)
	at org.junit.platform.launcher.core.EngineExecutionOrchestrator.executeEngine(EngineExecutionOrchestrator.java:246)
	at org.junit.platform.launcher.core.EngineExecutionOrchestrator.failOrExecuteEngine(EngineExecutionOrchestrator.java:218)
	at org.junit.platform.launcher.core.EngineExecutionOrchestrator.execute(EngineExecutionOrchestrator.java:179)
	at org.junit.platform.launcher.core.EngineExecutionOrchestrator.execute(EngineExecutionOrchestrator.java:108)
	at org.junit.platform.launcher.core.EngineExecutionOrchestrator.lambda$execute$0(EngineExecutionOrchestrator.java:66)
	at org.junit.platform.launcher.core.EngineExecutionOrchestrator.withInterceptedStreams(EngineExecutionOrchestrator.java:157)
	at org.junit.platform.launcher.core.EngineExecutionOrchestrator.execute(EngineExecutionOrchestrator.java:65)
	at org.junit.platform.launcher.core.DefaultLauncher.execute(DefaultLauncher.java:125)
	at org.junit.platform.launcher.core.DefaultLauncher.execute(DefaultLauncher.java:114)
	at org.junit.platform.launcher.core.DelegatingLauncher.execute(DelegatingLauncher.java:58)
	at org.junit.platform.launcher.core.InterceptingLauncher.lambda$execute$2(InterceptingLauncher.java:57)
	at org.junit.platform.launcher.core.ClasspathAlignmentCheckingLauncherInterceptor.intercept(ClasspathAlignmentCheckingLauncherInterceptor.java:25)
	at org.junit.platform.launcher.core.InterceptingLauncher.execute(InterceptingLauncher.java:56)
	at org.junit.platform.launcher.core.DelegatingLauncher.execute(DelegatingLauncher.java:58)
	at java.base/jdk.internal.reflect.DirectMethodHandleAccessor.invoke(DirectMethodHandleAccessor.java:104)
	at java.base/java.lang.reflect.Method.invoke(Method.java:565)
	at org.apache.maven.surefire.api.util.ReflectionUtils.invokeMethodWithArray(ReflectionUtils.java:125)
	at org.apache.maven.surefire.junitplatform.LauncherAdapter.executeWithCancellationToken(LauncherAdapter.java:68)
	at org.apache.maven.surefire.junitplatform.LauncherAdapter.execute(LauncherAdapter.java:54)
	at org.apache.maven.surefire.junitplatform.JUnitPlatformProvider.execute(JUnitPlatformProvider.java:203)
	at org.apache.maven.surefire.junitplatform.JUnitPlatformProvider.invokeAllTests(JUnitPlatformProvider.java:168)
	at org.apache.maven.surefire.junitplatform.JUnitPlatformProvider.invoke(JUnitPlatformProvider.java:136)
	at org.apache.maven.surefire.booter.ForkedBooter.runSuitesInProcess(ForkedBooter.java:385)
	at org.apache.maven.surefire.booter.ForkedBooter.execute(ForkedBooter.java:162)
	at org.apache.maven.surefire.booter.ForkedBooter.run(ForkedBooter.java:507)
	at org.apache.maven.surefire.booter.ForkedBooter.main(ForkedBooter.java:495)
3205 [main] DEBUG com.github.jinahya.database.metadata.bind.Memory_$_Test - JDBCMajorVersion: 4
3205 [main] DEBUG com.github.jinahya.database.metadata.bind.Memory_$_Test - JDBCMinorVersion: 2
3205 [main] DEBUG com.github.jinahya.database.metadata.bind.Memory_$_Test - SQLKeywords: ABORT,ACTION,AFTER,ANALYZE,ATTACH,AUTOINCREMENT,BEFORE,CASCADE,CONFLICT,DATABASE,DEFERRABLE,DEFERRED,DESC,DETACH,EXCLUSIVE,EXPLAIN,FAIL,GLOB,IGNORE,INDEX,INDEXED,INITIALLY,INSTEAD,ISNULL,KEY,LIMIT,NOTNULL,OFFSET,PLAN,PRAGMA,QUERY,RAISE,REGEXP,REINDEX,RENAME,REPLACE,RESTRICT,TEMP,TEMPORARY,TRANSACTION,VACUUM,VIEW,VIRTUAL
3205 [main] DEBUG com.github.jinahya.database.metadata.bind.Memory_$_Test - SQLStateType: 2
3205 [main] DEBUG com.github.jinahya.database.metadata.bind.Memory_$_Test - URL: jdbc:sqlite::memory:
3205 [main] DEBUG com.github.jinahya.database.metadata.bind.Memory_$_Test - catalogAtStart: true
3205 [main] DEBUG com.github.jinahya.database.metadata.bind.Memory_$_Test - catalogSeparator: .
3205 [main] DEBUG com.github.jinahya.database.metadata.bind.Memory_$_Test - catalogTerm: catalog
3205 [main] DEBUG com.github.jinahya.database.metadata.bind.Memory_$_Test - connection: org.sqlite.jdbc4.JDBC4Connection@9e0f5e3
3205 [main] DEBUG com.github.jinahya.database.metadata.bind.Memory_$_Test - databaseMajorVersion: 3
3205 [main] DEBUG com.github.jinahya.database.metadata.bind.Memory_$_Test - databaseMinorVersion: 51
3205 [main] DEBUG com.github.jinahya.database.metadata.bind.Memory_$_Test - databaseProductName: SQLite
3205 [main] DEBUG com.github.jinahya.database.metadata.bind.Memory_$_Test - databaseProductVersion: 3.51.1
3205 [main] DEBUG com.github.jinahya.database.metadata.bind.Memory_$_Test - defaultTransactionIsolation: 8
3205 [main] DEBUG com.github.jinahya.database.metadata.bind.Memory_$_Test - driverMajorVersion: 3
3205 [main] DEBUG com.github.jinahya.database.metadata.bind.Memory_$_Test - driverMinorVersion: 51
3206 [main] DEBUG com.github.jinahya.database.metadata.bind.Memory_$_Test - driverName: SQLite JDBC
3206 [main] DEBUG com.github.jinahya.database.metadata.bind.Memory_$_Test - driverVersion: 3.51.1.0
3206 [main] DEBUG com.github.jinahya.database.metadata.bind.Memory_$_Test - extraNameCharacters: 
3206 [main] DEBUG com.github.jinahya.database.metadata.bind.Memory_$_Test - identifierQuoteString: "
3206 [main] DEBUG com.github.jinahya.database.metadata.bind.Memory_$_Test - maxBinaryLiteralLength: 0
3206 [main] DEBUG com.github.jinahya.database.metadata.bind.Memory_$_Test - maxCatalogNameLength: 0
3206 [main] DEBUG com.github.jinahya.database.metadata.bind.Memory_$_Test - maxCharLiteralLength: 0
3206 [main] DEBUG com.github.jinahya.database.metadata.bind.Memory_$_Test - maxColumnNameLength: 0
3206 [main] DEBUG com.github.jinahya.database.metadata.bind.Memory_$_Test - maxColumnsInGroupBy: 0
3206 [main] DEBUG com.github.jinahya.database.metadata.bind.Memory_$_Test - maxColumnsInIndex: 0
3206 [main] DEBUG com.github.jinahya.database.metadata.bind.Memory_$_Test - maxColumnsInOrderBy: 0
3206 [main] DEBUG com.github.jinahya.database.metadata.bind.Memory_$_Test - maxColumnsInSelect: 0
3206 [main] DEBUG com.github.jinahya.database.metadata.bind.Memory_$_Test - maxColumnsInTable: 0
3206 [main] DEBUG com.github.jinahya.database.metadata.bind.Memory_$_Test - maxConnections: 0
3206 [main] DEBUG com.github.jinahya.database.metadata.bind.Memory_$_Test - maxCursorNameLength: 0
3206 [main] DEBUG com.github.jinahya.database.metadata.bind.Memory_$_Test - maxIndexLength: 0
3206 [main] DEBUG com.github.jinahya.database.metadata.bind.Memory_$_Test - maxLogicalLobSize: 0
3206 [main] DEBUG com.github.jinahya.database.metadata.bind.Memory_$_Test - maxProcedureNameLength: 0
3206 [main] DEBUG com.github.jinahya.database.metadata.bind.Memory_$_Test - maxRowSize: 0
3206 [main] DEBUG com.github.jinahya.database.metadata.bind.Memory_$_Test - maxSchemaNameLength: 0
3206 [main] DEBUG com.github.jinahya.database.metadata.bind.Memory_$_Test - maxStatementLength: 0
3206 [main] DEBUG com.github.jinahya.database.metadata.bind.Memory_$_Test - maxStatements: 0
3206 [main] DEBUG com.github.jinahya.database.metadata.bind.Memory_$_Test - maxTableNameLength: 0
3206 [main] DEBUG com.github.jinahya.database.metadata.bind.Memory_$_Test - maxTablesInSelect: 0
3206 [main] DEBUG com.github.jinahya.database.metadata.bind.Memory_$_Test - maxUserNameLength: 0
3206 [main] DEBUG com.github.jinahya.database.metadata.bind.Memory_$_Test - numericFunctions: 
3206 [main] DEBUG com.github.jinahya.database.metadata.bind.Memory_$_Test - procedureTerm: not_implemented
3206 [main] DEBUG com.github.jinahya.database.metadata.bind.Memory_$_Test - readOnly: false
3206 [main] DEBUG com.github.jinahya.database.metadata.bind.Memory_$_Test - resultSetHoldability: 2
Jan 26, 2026 2:30:07 PM com.github.jinahya.database.metadata.bind.Context acceptProperties
SEVERE: failed to invoke public abstract java.sql.RowIdLifetime java.sql.DatabaseMetaData.getRowIdLifetime() throws java.sql.SQLException with org.sqlite.jdbc4.JDBC4DatabaseMetaData@25ca4d48
java.lang.reflect.InvocationTargetException
	at java.base/jdk.internal.reflect.DirectMethodHandleAccessor.invoke(DirectMethodHandleAccessor.java:119)
	at java.base/java.lang.reflect.Method.invoke(Method.java:565)
	at com.github.jinahya.database.metadata.bind.Context.acceptProperties(Context.java:133)
	at com.github.jinahya.database.metadata.bind.Memory_$_Test.lambda$acceptProperties__$0(Memory_$_Test.java:81)
	at com.github.jinahya.database.metadata.bind.Memory_$_Test.lambda$applyContext$0(Memory_$_Test.java:69)
	at com.github.jinahya.database.metadata.bind.Memory_$_Test.applyConnection(Memory_$_Test.java:58)
	at com.github.jinahya.database.metadata.bind.Memory_$_Test.applyContext(Memory_$_Test.java:67)
	at com.github.jinahya.database.metadata.bind.Memory_$_Test.acceptProperties__(Memory_$_Test.java:79)
	at java.base/jdk.internal.reflect.DirectMethodHandleAccessor.invoke(DirectMethodHandleAccessor.java:104)
	at java.base/java.lang.reflect.Method.invoke(Method.java:565)
	at org.junit.platform.commons.util.ReflectionUtils.invokeMethod(ReflectionUtils.java:701)
	at org.junit.platform.commons.support.ReflectionSupport.invokeMethod(ReflectionSupport.java:502)
	at org.junit.jupiter.engine.support.MethodReflectionUtils.invoke(MethodReflectionUtils.java:45)
	at org.junit.jupiter.engine.execution.MethodInvocation.proceed(MethodInvocation.java:61)
	at org.junit.jupiter.engine.execution.InvocationInterceptorChain$ValidatingInvocation.proceed(InvocationInterceptorChain.java:124)
	at org.junit.jupiter.engine.extension.TimeoutExtension.intercept(TimeoutExtension.java:163)
	at org.junit.jupiter.engine.extension.TimeoutExtension.interceptTestableMethod(TimeoutExtension.java:148)
	at org.junit.jupiter.engine.extension.TimeoutExtension.interceptTestMethod(TimeoutExtension.java:86)
	at org.junit.jupiter.engine.execution.InterceptingExecutableInvoker$ReflectiveInterceptorCall.lambda$ofVoidMethod$0(InterceptingExecutableInvoker.java:123)
	at org.junit.jupiter.engine.execution.InterceptingExecutableInvoker.lambda$invoke$0(InterceptingExecutableInvoker.java:105)
	at org.junit.jupiter.engine.execution.InvocationInterceptorChain$InterceptedInvocation.proceed(InvocationInterceptorChain.java:99)
	at org.junit.jupiter.engine.execution.InvocationInterceptorChain.proceed(InvocationInterceptorChain.java:66)
	at org.junit.jupiter.engine.execution.InvocationInterceptorChain.chainAndInvoke(InvocationInterceptorChain.java:47)
	at org.junit.jupiter.engine.execution.InvocationInterceptorChain.invoke(InvocationInterceptorChain.java:39)
	at org.junit.jupiter.engine.execution.InterceptingExecutableInvoker.invoke(InterceptingExecutableInvoker.java:104)
	at org.junit.jupiter.engine.execution.InterceptingExecutableInvoker.invoke(InterceptingExecutableInvoker.java:98)
	at org.junit.jupiter.engine.execution.InterceptingExecutableInvoker.invokeVoid(InterceptingExecutableInvoker.java:71)
	at org.junit.jupiter.engine.descriptor.TestMethodTestDescriptor.lambda$invokeTestMethod$0(TestMethodTestDescriptor.java:219)
	at org.junit.platform.engine.support.hierarchical.ThrowableCollector.execute(ThrowableCollector.java:74)
	at org.junit.jupiter.engine.descriptor.TestMethodTestDescriptor.invokeTestMethod(TestMethodTestDescriptor.java:215)
	at org.junit.jupiter.engine.descriptor.TestMethodTestDescriptor.execute(TestMethodTestDescriptor.java:157)
	at org.junit.jupiter.engine.descriptor.TestMethodTestDescriptor.execute(TestMethodTestDescriptor.java:70)
	at org.junit.platform.engine.support.hierarchical.NodeTestTask.lambda$executeRecursively$2(NodeTestTask.java:176)
	at org.junit.platform.engine.support.hierarchical.ThrowableCollector.execute(ThrowableCollector.java:74)
	at org.junit.platform.engine.support.hierarchical.NodeTestTask.lambda$executeRecursively$1(NodeTestTask.java:166)
	at org.junit.platform.engine.support.hierarchical.Node.around(Node.java:138)
	at org.junit.platform.engine.support.hierarchical.NodeTestTask.lambda$executeRecursively$0(NodeTestTask.java:164)
	at org.junit.platform.engine.support.hierarchical.ThrowableCollector.execute(ThrowableCollector.java:74)
	at org.junit.platform.engine.support.hierarchical.NodeTestTask.executeRecursively(NodeTestTask.java:163)
	at org.junit.platform.engine.support.hierarchical.NodeTestTask.execute(NodeTestTask.java:116)
	at java.base/java.util.ArrayList.forEach(ArrayList.java:1604)
	at org.junit.platform.engine.support.hierarchical.SameThreadHierarchicalTestExecutorService.invokeAll(SameThreadHierarchicalTestExecutorService.java:42)
	at org.junit.platform.engine.support.hierarchical.NodeTestTask.lambda$executeRecursively$2(NodeTestTask.java:180)
	at org.junit.platform.engine.support.hierarchical.ThrowableCollector.execute(ThrowableCollector.java:74)
	at org.junit.platform.engine.support.hierarchical.NodeTestTask.lambda$executeRecursively$1(NodeTestTask.java:166)
	at org.junit.platform.engine.support.hierarchical.Node.around(Node.java:138)
	at org.junit.platform.engine.support.hierarchical.NodeTestTask.lambda$executeRecursively$0(NodeTestTask.java:164)
	at org.junit.platform.engine.support.hierarchical.ThrowableCollector.execute(ThrowableCollector.java:74)
	at org.junit.platform.engine.support.hierarchical.NodeTestTask.executeRecursively(NodeTestTask.java:163)
	at org.junit.platform.engine.support.hierarchical.NodeTestTask.execute(NodeTestTask.java:116)
	at java.base/java.util.ArrayList.forEach(ArrayList.java:1604)
	at org.junit.platform.engine.support.hierarchical.SameThreadHierarchicalTestExecutorService.invokeAll(SameThreadHierarchicalTestExecutorService.java:42)
	at org.junit.platform.engine.support.hierarchical.NodeTestTask.lambda$executeRecursively$2(NodeTestTask.java:180)
	at org.junit.platform.engine.support.hierarchical.ThrowableCollector.execute(ThrowableCollector.java:74)
	at org.junit.platform.engine.support.hierarchical.NodeTestTask.lambda$executeRecursively$1(NodeTestTask.java:166)
	at org.junit.platform.engine.support.hierarchical.Node.around(Node.java:138)
	at org.junit.platform.engine.support.hierarchical.NodeTestTask.lambda$executeRecursively$0(NodeTestTask.java:164)
	at org.junit.platform.engine.support.hierarchical.ThrowableCollector.execute(ThrowableCollector.java:74)
	at org.junit.platform.engine.support.hierarchical.NodeTestTask.executeRecursively(NodeTestTask.java:163)
	at org.junit.platform.engine.support.hierarchical.NodeTestTask.execute(NodeTestTask.java:116)
	at org.junit.platform.engine.support.hierarchical.SameThreadHierarchicalTestExecutorService.submit(SameThreadHierarchicalTestExecutorService.java:36)
	at org.junit.platform.engine.support.hierarchical.HierarchicalTestExecutor.execute(HierarchicalTestExecutor.java:52)
	at org.junit.platform.engine.support.hierarchical.HierarchicalTestEngine.execute(HierarchicalTestEngine.java:58)
	at org.junit.platform.launcher.core.EngineExecutionOrchestrator.executeEngine(EngineExecutionOrchestrator.java:246)
	at org.junit.platform.launcher.core.EngineExecutionOrchestrator.failOrExecuteEngine(EngineExecutionOrchestrator.java:218)
	at org.junit.platform.launcher.core.EngineExecutionOrchestrator.execute(EngineExecutionOrchestrator.java:179)
	at org.junit.platform.launcher.core.EngineExecutionOrchestrator.execute(EngineExecutionOrchestrator.java:108)
	at org.junit.platform.launcher.core.EngineExecutionOrchestrator.lambda$execute$0(EngineExecutionOrchestrator.java:66)
	at org.junit.platform.launcher.core.EngineExecutionOrchestrator.withInterceptedStreams(EngineExecutionOrchestrator.java:157)
	at org.junit.platform.launcher.core.EngineExecutionOrchestrator.execute(EngineExecutionOrchestrator.java:65)
	at org.junit.platform.launcher.core.DefaultLauncher.execute(DefaultLauncher.java:125)
	at org.junit.platform.launcher.core.DefaultLauncher.execute(DefaultLauncher.java:114)
	at org.junit.platform.launcher.core.DelegatingLauncher.execute(DelegatingLauncher.java:58)
	at org.junit.platform.launcher.core.InterceptingLauncher.lambda$execute$2(InterceptingLauncher.java:57)
	at org.junit.platform.launcher.core.ClasspathAlignmentCheckingLauncherInterceptor.intercept(ClasspathAlignmentCheckingLauncherInterceptor.java:25)
	at org.junit.platform.launcher.core.InterceptingLauncher.execute(InterceptingLauncher.java:56)
	at org.junit.platform.launcher.core.DelegatingLauncher.execute(DelegatingLauncher.java:58)
	at java.base/jdk.internal.reflect.DirectMethodHandleAccessor.invoke(DirectMethodHandleAccessor.java:104)
	at java.base/java.lang.reflect.Method.invoke(Method.java:565)
	at org.apache.maven.surefire.api.util.ReflectionUtils.invokeMethodWithArray(ReflectionUtils.java:125)
	at org.apache.maven.surefire.junitplatform.LauncherAdapter.executeWithCancellationToken(LauncherAdapter.java:68)
	at org.apache.maven.surefire.junitplatform.LauncherAdapter.execute(LauncherAdapter.java:54)
	at org.apache.maven.surefire.junitplatform.JUnitPlatformProvider.execute(JUnitPlatformProvider.java:203)
	at org.apache.maven.surefire.junitplatform.JUnitPlatformProvider.invokeAllTests(JUnitPlatformProvider.java:168)
	at org.apache.maven.surefire.junitplatform.JUnitPlatformProvider.invoke(JUnitPlatformProvider.java:136)
	at org.apache.maven.surefire.booter.ForkedBooter.runSuitesInProcess(ForkedBooter.java:385)
	at org.apache.maven.surefire.booter.ForkedBooter.execute(ForkedBooter.java:162)
	at org.apache.maven.surefire.booter.ForkedBooter.run(ForkedBooter.java:507)
	at org.apache.maven.surefire.booter.ForkedBooter.main(ForkedBooter.java:495)
Caused by: java.sql.SQLFeatureNotSupportedException
	at org.sqlite.jdbc4.JDBC4DatabaseMetaData.getRowIdLifetime(JDBC4DatabaseMetaData.java:25)
	at java.base/jdk.internal.reflect.DirectMethodHandleAccessor.invoke(DirectMethodHandleAccessor.java:104)
	... 88 more

3207 [main] DEBUG com.github.jinahya.database.metadata.bind.Memory_$_Test - schemaTerm: schema
3207 [main] DEBUG com.github.jinahya.database.metadata.bind.Memory_$_Test - searchStringEscape: \
3207 [main] DEBUG com.github.jinahya.database.metadata.bind.Memory_$_Test - stringFunctions: 
3207 [main] DEBUG com.github.jinahya.database.metadata.bind.Memory_$_Test - systemFunctions: 
3207 [main] DEBUG com.github.jinahya.database.metadata.bind.Memory_$_Test - timeDateFunctions: DATE,TIME,DATETIME,JULIANDAY,STRFTIME
3207 [main] DEBUG com.github.jinahya.database.metadata.bind.Memory_$_Test - userName: null
3213 [main] DEBUG com.github.jinahya.database.metadata.bind.Memory_$_Test - getNumericFunctions: 
3213 [main] DEBUG com.github.jinahya.database.metadata.bind.Memory_$_Test - getTimeDateFunctions: DATE,TIME,DATETIME,JULIANDAY,STRFTIME
3213 [main] DEBUG com.github.jinahya.database.metadata.bind.Memory_$_Test - allProceduresAreCallable: false
3213 [main] DEBUG com.github.jinahya.database.metadata.bind.Memory_$_Test - allTablesAreSelectable: true
3213 [main] DEBUG com.github.jinahya.database.metadata.bind.Memory_$_Test - nullsAreSortedAtStart: true
3213 [main] DEBUG com.github.jinahya.database.metadata.bind.Memory_$_Test - nullsAreSortedAtEnd: false
3213 [main] DEBUG com.github.jinahya.database.metadata.bind.Memory_$_Test - getDriverMajorVersion: 3
3213 [main] DEBUG com.github.jinahya.database.metadata.bind.Memory_$_Test - getDriverMinorVersion: 51
3213 [main] DEBUG com.github.jinahya.database.metadata.bind.Memory_$_Test - usesLocalFilePerTable: false
3213 [main] DEBUG com.github.jinahya.database.metadata.bind.Memory_$_Test - supportsMixedCaseIdentifiers: true
3213 [main] DEBUG com.github.jinahya.database.metadata.bind.Memory_$_Test - storesUpperCaseIdentifiers: false
3213 [main] DEBUG com.github.jinahya.database.metadata.bind.Memory_$_Test - storesLowerCaseIdentifiers: false
3213 [main] DEBUG com.github.jinahya.database.metadata.bind.Memory_$_Test - storesMixedCaseIdentifiers: true
3213 [main] DEBUG com.github.jinahya.database.metadata.bind.Memory_$_Test - supportsMixedCaseQuotedIdentifiers: false
3213 [main] DEBUG com.github.jinahya.database.metadata.bind.Memory_$_Test - storesUpperCaseQuotedIdentifiers: false
3213 [main] DEBUG com.github.jinahya.database.metadata.bind.Memory_$_Test - storesLowerCaseQuotedIdentifiers: false
3213 [main] DEBUG com.github.jinahya.database.metadata.bind.Memory_$_Test - storesMixedCaseQuotedIdentifiers: false
3213 [main] DEBUG com.github.jinahya.database.metadata.bind.Memory_$_Test - getIdentifierQuoteString: "
3213 [main] DEBUG com.github.jinahya.database.metadata.bind.Memory_$_Test - getSearchStringEscape: \
3213 [main] DEBUG com.github.jinahya.database.metadata.bind.Memory_$_Test - getExtraNameCharacters: 
3213 [main] DEBUG com.github.jinahya.database.metadata.bind.Memory_$_Test - supportsAlterTableWithAddColumn: true
3213 [main] DEBUG com.github.jinahya.database.metadata.bind.Memory_$_Test - supportsAlterTableWithDropColumn: true
3213 [main] DEBUG com.github.jinahya.database.metadata.bind.Memory_$_Test - supportsColumnAliasing: true
3213 [main] DEBUG com.github.jinahya.database.metadata.bind.Memory_$_Test - nullPlusNonNullIsNull: true
3213 [main] DEBUG com.github.jinahya.database.metadata.bind.Memory_$_Test - supportsTableCorrelationNames: false
3213 [main] DEBUG com.github.jinahya.database.metadata.bind.Memory_$_Test - supportsExpressionsInOrderBy: true
3213 [main] DEBUG com.github.jinahya.database.metadata.bind.Memory_$_Test - supportsOrderByUnrelated: false
3213 [main] DEBUG com.github.jinahya.database.metadata.bind.Memory_$_Test - supportsGroupByUnrelated: false
3213 [main] DEBUG com.github.jinahya.database.metadata.bind.Memory_$_Test - supportsGroupByBeyondSelect: false
3213 [main] DEBUG com.github.jinahya.database.metadata.bind.Memory_$_Test - supportsLikeEscapeClause: false
3213 [main] DEBUG com.github.jinahya.database.metadata.bind.Memory_$_Test - supportsMultipleResultSets: false
3213 [main] DEBUG com.github.jinahya.database.metadata.bind.Memory_$_Test - supportsMultipleTransactions: true
3214 [main] DEBUG com.github.jinahya.database.metadata.bind.Memory_$_Test - supportsNonNullableColumns: true
3214 [main] DEBUG com.github.jinahya.database.metadata.bind.Memory_$_Test - supportsMinimumSQLGrammar: true
3214 [main] DEBUG com.github.jinahya.database.metadata.bind.Memory_$_Test - supportsCoreSQLGrammar: true
3214 [main] DEBUG com.github.jinahya.database.metadata.bind.Memory_$_Test - supportsExtendedSQLGrammar: false
3214 [main] DEBUG com.github.jinahya.database.metadata.bind.Memory_$_Test - supportsANSI92EntryLevelSQL: false
3214 [main] DEBUG com.github.jinahya.database.metadata.bind.Memory_$_Test - supportsANSI92IntermediateSQL: false
3214 [main] DEBUG com.github.jinahya.database.metadata.bind.Memory_$_Test - supportsANSI92FullSQL: false
3214 [main] DEBUG com.github.jinahya.database.metadata.bind.Memory_$_Test - supportsFullOuterJoins: true
3214 [main] DEBUG com.github.jinahya.database.metadata.bind.Memory_$_Test - supportsLimitedOuterJoins: true
3214 [main] DEBUG com.github.jinahya.database.metadata.bind.Memory_$_Test - getCatalogSeparator: .
3214 [main] DEBUG com.github.jinahya.database.metadata.bind.Memory_$_Test - supportsSchemasInDataManipulation: false
3214 [main] DEBUG com.github.jinahya.database.metadata.bind.Memory_$_Test - supportsSchemasInProcedureCalls: false
3214 [main] DEBUG com.github.jinahya.database.metadata.bind.Memory_$_Test - supportsSchemasInTableDefinitions: false
3214 [main] DEBUG com.github.jinahya.database.metadata.bind.Memory_$_Test - supportsSchemasInIndexDefinitions: false
3214 [main] DEBUG com.github.jinahya.database.metadata.bind.Memory_$_Test - supportsCatalogsInDataManipulation: false
3214 [main] DEBUG com.github.jinahya.database.metadata.bind.Memory_$_Test - supportsCatalogsInProcedureCalls: false
3214 [main] DEBUG com.github.jinahya.database.metadata.bind.Memory_$_Test - supportsCatalogsInTableDefinitions: false
3214 [main] DEBUG com.github.jinahya.database.metadata.bind.Memory_$_Test - supportsCatalogsInIndexDefinitions: false
3214 [main] DEBUG com.github.jinahya.database.metadata.bind.Memory_$_Test - supportsPositionedDelete: false
3214 [main] DEBUG com.github.jinahya.database.metadata.bind.Memory_$_Test - supportsPositionedUpdate: false
3214 [main] DEBUG com.github.jinahya.database.metadata.bind.Memory_$_Test - supportsSelectForUpdate: false
3214 [main] DEBUG com.github.jinahya.database.metadata.bind.Memory_$_Test - supportsStoredProcedures: false
3214 [main] DEBUG com.github.jinahya.database.metadata.bind.Memory_$_Test - supportsSubqueriesInComparisons: false
3214 [main] DEBUG com.github.jinahya.database.metadata.bind.Memory_$_Test - supportsSubqueriesInExists: true
3214 [main] DEBUG com.github.jinahya.database.metadata.bind.Memory_$_Test - supportsSubqueriesInIns: true
3214 [main] DEBUG com.github.jinahya.database.metadata.bind.Memory_$_Test - supportsSubqueriesInQuantifieds: false
3214 [main] DEBUG com.github.jinahya.database.metadata.bind.Memory_$_Test - supportsCorrelatedSubqueries: false
3214 [main] DEBUG com.github.jinahya.database.metadata.bind.Memory_$_Test - supportsOpenCursorsAcrossCommit: false
3214 [main] DEBUG com.github.jinahya.database.metadata.bind.Memory_$_Test - supportsOpenCursorsAcrossRollback: false
3214 [main] DEBUG com.github.jinahya.database.metadata.bind.Memory_$_Test - supportsOpenStatementsAcrossCommit: false
3214 [main] DEBUG com.github.jinahya.database.metadata.bind.Memory_$_Test - getMaxBinaryLiteralLength: 0
3214 [main] DEBUG com.github.jinahya.database.metadata.bind.Memory_$_Test - getMaxCharLiteralLength: 0
3214 [main] DEBUG com.github.jinahya.database.metadata.bind.Memory_$_Test - getMaxColumnNameLength: 0
3214 [main] DEBUG com.github.jinahya.database.metadata.bind.Memory_$_Test - getMaxColumnsInGroupBy: 0
3214 [main] DEBUG com.github.jinahya.database.metadata.bind.Memory_$_Test - getMaxColumnsInIndex: 0
3214 [main] DEBUG com.github.jinahya.database.metadata.bind.Memory_$_Test - getMaxColumnsInOrderBy: 0
3214 [main] DEBUG com.github.jinahya.database.metadata.bind.Memory_$_Test - getMaxColumnsInSelect: 0
3214 [main] DEBUG com.github.jinahya.database.metadata.bind.Memory_$_Test - getMaxColumnsInTable: 0
3214 [main] DEBUG com.github.jinahya.database.metadata.bind.Memory_$_Test - getMaxCursorNameLength: 0
3214 [main] DEBUG com.github.jinahya.database.metadata.bind.Memory_$_Test - getMaxSchemaNameLength: 0
3214 [main] DEBUG com.github.jinahya.database.metadata.bind.Memory_$_Test - getMaxProcedureNameLength: 0
3214 [main] DEBUG com.github.jinahya.database.metadata.bind.Memory_$_Test - getMaxCatalogNameLength: 0
3214 [main] DEBUG com.github.jinahya.database.metadata.bind.Memory_$_Test - doesMaxRowSizeIncludeBlobs: false
3214 [main] DEBUG com.github.jinahya.database.metadata.bind.Memory_$_Test - getMaxStatementLength: 0
3214 [main] DEBUG com.github.jinahya.database.metadata.bind.Memory_$_Test - getMaxTableNameLength: 0
3214 [main] DEBUG com.github.jinahya.database.metadata.bind.Memory_$_Test - getMaxTablesInSelect: 0
3214 [main] DEBUG com.github.jinahya.database.metadata.bind.Memory_$_Test - getMaxUserNameLength: 0
3214 [main] DEBUG com.github.jinahya.database.metadata.bind.Memory_$_Test - getDefaultTransactionIsolation: 8
3214 [main] DEBUG com.github.jinahya.database.metadata.bind.Memory_$_Test - supportsTransactions: true
3214 [main] DEBUG com.github.jinahya.database.metadata.bind.Memory_$_Test - supportsBatchUpdates: true
3214 [main] DEBUG com.github.jinahya.database.metadata.bind.Memory_$_Test - supportsNamedParameters: true
3214 [main] DEBUG com.github.jinahya.database.metadata.bind.Memory_$_Test - supportsMultipleOpenResults: false
3214 [main] DEBUG com.github.jinahya.database.metadata.bind.Memory_$_Test - supportsGetGeneratedKeys: true
3214 [main] DEBUG com.github.jinahya.database.metadata.bind.Memory_$_Test - getResultSetHoldability: 2
3214 [main] DEBUG com.github.jinahya.database.metadata.bind.Memory_$_Test - getDatabaseMajorVersion: 3
3214 [main] DEBUG com.github.jinahya.database.metadata.bind.Memory_$_Test - getDatabaseMinorVersion: 51
3214 [main] DEBUG com.github.jinahya.database.metadata.bind.Memory_$_Test - getJDBCMajorVersion: 4
3214 [main] DEBUG com.github.jinahya.database.metadata.bind.Memory_$_Test - getJDBCMinorVersion: 2
3214 [main] DEBUG com.github.jinahya.database.metadata.bind.Memory_$_Test - supportsStatementPooling: false
Jan 26, 2026 2:30:07 PM com.github.jinahya.database.metadata.bind.Context acceptValues
SEVERE: failed to invoke public abstract boolean java.sql.DatabaseMetaData.generatedKeyAlwaysReturned() throws java.sql.SQLException with org.sqlite.jdbc4.JDBC4DatabaseMetaData@5aae2f64
java.lang.reflect.InvocationTargetException
	at java.base/jdk.internal.reflect.DirectMethodHandleAccessor.invoke(DirectMethodHandleAccessor.java:119)
	at java.base/java.lang.reflect.Method.invoke(Method.java:565)
	at com.github.jinahya.database.metadata.bind.Context.acceptValues(Context.java:158)
	at com.github.jinahya.database.metadata.bind.Memory_$_Test.lambda$acceptValues__$0(Memory_$_Test.java:94)
	at com.github.jinahya.database.metadata.bind.Memory_$_Test.lambda$applyContext$0(Memory_$_Test.java:69)
	at com.github.jinahya.database.metadata.bind.Memory_$_Test.applyConnection(Memory_$_Test.java:58)
	at com.github.jinahya.database.metadata.bind.Memory_$_Test.applyContext(Memory_$_Test.java:67)
	at com.github.jinahya.database.metadata.bind.Memory_$_Test.acceptValues__(Memory_$_Test.java:93)
	at java.base/jdk.internal.reflect.DirectMethodHandleAccessor.invoke(DirectMethodHandleAccessor.java:104)
	at java.base/java.lang.reflect.Method.invoke(Method.java:565)
	at org.junit.platform.commons.util.ReflectionUtils.invokeMethod(ReflectionUtils.java:701)
	at org.junit.platform.commons.support.ReflectionSupport.invokeMethod(ReflectionSupport.java:502)
	at org.junit.jupiter.engine.support.MethodReflectionUtils.invoke(MethodReflectionUtils.java:45)
	at org.junit.jupiter.engine.execution.MethodInvocation.proceed(MethodInvocation.java:61)
	at org.junit.jupiter.engine.execution.InvocationInterceptorChain$ValidatingInvocation.proceed(InvocationInterceptorChain.java:124)
	at org.junit.jupiter.engine.extension.TimeoutExtension.intercept(TimeoutExtension.java:163)
	at org.junit.jupiter.engine.extension.TimeoutExtension.interceptTestableMethod(TimeoutExtension.java:148)
	at org.junit.jupiter.engine.extension.TimeoutExtension.interceptTestMethod(TimeoutExtension.java:86)
	at org.junit.jupiter.engine.execution.InterceptingExecutableInvoker$ReflectiveInterceptorCall.lambda$ofVoidMethod$0(InterceptingExecutableInvoker.java:123)
	at org.junit.jupiter.engine.execution.InterceptingExecutableInvoker.lambda$invoke$0(InterceptingExecutableInvoker.java:105)
	at org.junit.jupiter.engine.execution.InvocationInterceptorChain$InterceptedInvocation.proceed(InvocationInterceptorChain.java:99)
	at org.junit.jupiter.engine.execution.InvocationInterceptorChain.proceed(InvocationInterceptorChain.java:66)
	at org.junit.jupiter.engine.execution.InvocationInterceptorChain.chainAndInvoke(InvocationInterceptorChain.java:47)
	at org.junit.jupiter.engine.execution.InvocationInterceptorChain.invoke(InvocationInterceptorChain.java:39)
	at org.junit.jupiter.engine.execution.InterceptingExecutableInvoker.invoke(InterceptingExecutableInvoker.java:104)
	at org.junit.jupiter.engine.execution.InterceptingExecutableInvoker.invoke(InterceptingExecutableInvoker.java:98)
	at org.junit.jupiter.engine.execution.InterceptingExecutableInvoker.invokeVoid(InterceptingExecutableInvoker.java:71)
	at org.junit.jupiter.engine.descriptor.TestMethodTestDescriptor.lambda$invokeTestMethod$0(TestMethodTestDescriptor.java:219)
	at org.junit.platform.engine.support.hierarchical.ThrowableCollector.execute(ThrowableCollector.java:74)
	at org.junit.jupiter.engine.descriptor.TestMethodTestDescriptor.invokeTestMethod(TestMethodTestDescriptor.java:215)
	at org.junit.jupiter.engine.descriptor.TestMethodTestDescriptor.execute(TestMethodTestDescriptor.java:157)
	at org.junit.jupiter.engine.descriptor.TestMethodTestDescriptor.execute(TestMethodTestDescriptor.java:70)
	at org.junit.platform.engine.support.hierarchical.NodeTestTask.lambda$executeRecursively$2(NodeTestTask.java:176)
	at org.junit.platform.engine.support.hierarchical.ThrowableCollector.execute(ThrowableCollector.java:74)
	at org.junit.platform.engine.support.hierarchical.NodeTestTask.lambda$executeRecursively$1(NodeTestTask.java:166)
	at org.junit.platform.engine.support.hierarchical.Node.around(Node.java:138)
	at org.junit.platform.engine.support.hierarchical.NodeTestTask.lambda$executeRecursively$0(NodeTestTask.java:164)
	at org.junit.platform.engine.support.hierarchical.ThrowableCollector.execute(ThrowableCollector.java:74)
	at org.junit.platform.engine.support.hierarchical.NodeTestTask.executeRecursively(NodeTestTask.java:163)
	at org.junit.platform.engine.support.hierarchical.NodeTestTask.execute(NodeTestTask.java:116)
	at java.base/java.util.ArrayList.forEach(ArrayList.java:1604)
	at org.junit.platform.engine.support.hierarchical.SameThreadHierarchicalTestExecutorService.invokeAll(SameThreadHierarchicalTestExecutorService.java:42)
	at org.junit.platform.engine.support.hierarchical.NodeTestTask.lambda$executeRecursively$2(NodeTestTask.java:180)
	at org.junit.platform.engine.support.hierarchical.ThrowableCollector.execute(ThrowableCollector.java:74)
	at org.junit.platform.engine.support.hierarchical.NodeTestTask.lambda$executeRecursively$1(NodeTestTask.java:166)
	at org.junit.platform.engine.support.hierarchical.Node.around(Node.java:138)
	at org.junit.platform.engine.support.hierarchical.NodeTestTask.lambda$executeRecursively$0(NodeTestTask.java:164)
	at org.junit.platform.engine.support.hierarchical.ThrowableCollector.execute(ThrowableCollector.java:74)
	at org.junit.platform.engine.support.hierarchical.NodeTestTask.executeRecursively(NodeTestTask.java:163)
	at org.junit.platform.engine.support.hierarchical.NodeTestTask.execute(NodeTestTask.java:116)
	at java.base/java.util.ArrayList.forEach(ArrayList.java:1604)
	at org.junit.platform.engine.support.hierarchical.SameThreadHierarchicalTestExecutorService.invokeAll(SameThreadHierarchicalTestExecutorService.java:42)
	at org.junit.platform.engine.support.hierarchical.NodeTestTask.lambda$executeRecursively$2(NodeTestTask.java:180)
	at org.junit.platform.engine.support.hierarchical.ThrowableCollector.execute(ThrowableCollector.java:74)
	at org.junit.platform.engine.support.hierarchical.NodeTestTask.lambda$executeRecursively$1(NodeTestTask.java:166)
	at org.junit.platform.engine.support.hierarchical.Node.around(Node.java:138)
	at org.junit.platform.engine.support.hierarchical.NodeTestTask.lambda$executeRecursively$0(NodeTestTask.java:164)
	at org.junit.platform.engine.support.hierarchical.ThrowableCollector.execute(ThrowableCollector.java:74)
	at org.junit.platform.engine.support.hierarchical.NodeTestTask.executeRecursively(NodeTestTask.java:163)
	at org.junit.platform.engine.support.hierarchical.NodeTestTask.execute(NodeTestTask.java:116)
	at org.junit.platform.engine.support.hierarchical.SameThreadHierarchicalTestExecutorService.submit(SameThreadHierarchicalTestExecutorService.java:36)
	at org.junit.platform.engine.support.hierarchical.HierarchicalTestExecutor.execute(HierarchicalTestExecutor.java:52)
	at org.junit.platform.engine.support.hierarchical.HierarchicalTestEngine.execute(HierarchicalTestEngine.java:58)
	at org.junit.platform.launcher.core.EngineExecutionOrchestrator.executeEngine(EngineExecutionOrchestrator.java:246)
	at org.junit.platform.launcher.core.EngineExecutionOrchestrator.failOrExecuteEngine(EngineExecutionOrchestrator.java:218)
	at org.junit.platform.launcher.core.EngineExecutionOrchestrator.execute(EngineExecutionOrchestrator.java:179)
	at org.junit.platform.launcher.core.EngineExecutionOrchestrator.execute(EngineExecutionOrchestrator.java:108)
	at org.junit.platform.launcher.core.EngineExecutionOrchestrator.lambda$execute$0(EngineExecutionOrchestrator.java:66)
	at org.junit.platform.launcher.core.EngineExecutionOrchestrator.withInterceptedStreams(EngineExecutionOrchestrator.java:157)
	at org.junit.platform.launcher.core.EngineExecutionOrchestrator.execute(EngineExecutionOrchestrator.java:65)
	at org.junit.platform.launcher.core.DefaultLauncher.execute(DefaultLauncher.java:125)
	at org.junit.platform.launcher.core.DefaultLauncher.execute(DefaultLauncher.java:114)
	at org.junit.platform.launcher.core.DelegatingLauncher.execute(DelegatingLauncher.java:58)
	at org.junit.platform.launcher.core.InterceptingLauncher.lambda$execute$2(InterceptingLauncher.java:57)
	at org.junit.platform.launcher.core.ClasspathAlignmentCheckingLauncherInterceptor.intercept(ClasspathAlignmentCheckingLauncherInterceptor.java:25)
	at org.junit.platform.launcher.core.InterceptingLauncher.execute(InterceptingLauncher.java:56)
	at org.junit.platform.launcher.core.DelegatingLauncher.execute(DelegatingLauncher.java:58)
	at java.base/jdk.internal.reflect.DirectMethodHandleAccessor.invoke(DirectMethodHandleAccessor.java:104)
	at java.base/java.lang.reflect.Method.invoke(Method.java:565)
	at org.apache.maven.surefire.api.util.ReflectionUtils.invokeMethodWithArray(ReflectionUtils.java:125)
	at org.apache.maven.surefire.junitplatform.LauncherAdapter.executeWithCancellationToken(LauncherAdapter.java:68)
	at org.apache.maven.surefire.junitplatform.LauncherAdapter.execute(LauncherAdapter.java:54)
	at org.apache.maven.surefire.junitplatform.JUnitPlatformProvider.execute(JUnitPlatformProvider.java:203)
	at org.apache.maven.surefire.junitplatform.JUnitPlatformProvider.invokeAllTests(JUnitPlatformProvider.java:168)
	at org.apache.maven.surefire.junitplatform.JUnitPlatformProvider.invoke(JUnitPlatformProvider.java:136)
	at org.apache.maven.surefire.booter.ForkedBooter.runSuitesInProcess(ForkedBooter.java:385)
	at org.apache.maven.surefire.booter.ForkedBooter.execute(ForkedBooter.java:162)
	at org.apache.maven.surefire.booter.ForkedBooter.run(ForkedBooter.java:507)
	at org.apache.maven.surefire.booter.ForkedBooter.main(ForkedBooter.java:495)
Caused by: java.sql.SQLFeatureNotSupportedException
	at org.sqlite.jdbc4.JDBC4DatabaseMetaData.generatedKeyAlwaysReturned(JDBC4DatabaseMetaData.java:56)
	at java.base/jdk.internal.reflect.DirectMethodHandleAccessor.invoke(DirectMethodHandleAccessor.java:104)
	... 88 more

3215 [main] DEBUG com.github.jinahya.database.metadata.bind.Memory_$_Test - getMaxLogicalLobSize: 0
3215 [main] DEBUG com.github.jinahya.database.metadata.bind.Memory_$_Test - getDatabaseProductName: SQLite
3215 [main] DEBUG com.github.jinahya.database.metadata.bind.Memory_$_Test - getDatabaseProductVersion: 3.51.1
3215 [main] DEBUG com.github.jinahya.database.metadata.bind.Memory_$_Test - getConnection: org.sqlite.jdbc4.JDBC4Connection@4cf2e5f
3215 [main] DEBUG com.github.jinahya.database.metadata.bind.Memory_$_Test - getUserName: null
3215 [main] DEBUG com.github.jinahya.database.metadata.bind.Memory_$_Test - getSQLKeywords: ABORT,ACTION,AFTER,ANALYZE,ATTACH,AUTOINCREMENT,BEFORE,CASCADE,CONFLICT,DATABASE,DEFERRABLE,DEFERRED,DESC,DETACH,EXCLUSIVE,EXPLAIN,FAIL,GLOB,IGNORE,INDEX,INDEXED,INITIALLY,INSTEAD,ISNULL,KEY,LIMIT,NOTNULL,OFFSET,PLAN,PRAGMA,QUERY,RAISE,REGEXP,REINDEX,RENAME,REPLACE,RESTRICT,TEMP,TEMPORARY,TRANSACTION,VACUUM,VIEW,VIRTUAL
3215 [main] DEBUG com.github.jinahya.database.metadata.bind.Memory_$_Test - getStringFunctions: 
3215 [main] DEBUG com.github.jinahya.database.metadata.bind.Memory_$_Test - getSystemFunctions: 
3215 [main] DEBUG com.github.jinahya.database.metadata.bind.Memory_$_Test - supportsDifferentTableCorrelationNames: false
3215 [main] DEBUG com.github.jinahya.database.metadata.bind.Memory_$_Test - supportsIntegrityEnhancementFacility: false
3215 [main] DEBUG com.github.jinahya.database.metadata.bind.Memory_$_Test - supportsSchemasInPrivilegeDefinitions: false
3215 [main] DEBUG com.github.jinahya.database.metadata.bind.Memory_$_Test - supportsCatalogsInPrivilegeDefinitions: false
3215 [main] DEBUG com.github.jinahya.database.metadata.bind.Memory_$_Test - supportsOpenStatementsAcrossRollback: false
3215 [main] DEBUG com.github.jinahya.database.metadata.bind.Memory_$_Test - supportsDataManipulationTransactionsOnly: false
3215 [main] DEBUG com.github.jinahya.database.metadata.bind.Memory_$_Test - dataDefinitionCausesTransactionCommit: false
3215 [main] DEBUG com.github.jinahya.database.metadata.bind.Memory_$_Test - dataDefinitionIgnoredInTransactions: false
Jan 26, 2026 2:30:07 PM com.github.jinahya.database.metadata.bind.Context acceptValues
SEVERE: failed to invoke public abstract boolean java.sql.DatabaseMetaData.supportsStoredFunctionsUsingCallSyntax() throws java.sql.SQLException with org.sqlite.jdbc4.JDBC4DatabaseMetaData@5aae2f64
java.lang.reflect.InvocationTargetException
	at java.base/jdk.internal.reflect.DirectMethodHandleAccessor.invoke(DirectMethodHandleAccessor.java:119)
	at java.base/java.lang.reflect.Method.invoke(Method.java:565)
	at com.github.jinahya.database.metadata.bind.Context.acceptValues(Context.java:158)
	at com.github.jinahya.database.metadata.bind.Memory_$_Test.lambda$acceptValues__$0(Memory_$_Test.java:94)
	at com.github.jinahya.database.metadata.bind.Memory_$_Test.lambda$applyContext$0(Memory_$_Test.java:69)
	at com.github.jinahya.database.metadata.bind.Memory_$_Test.applyConnection(Memory_$_Test.java:58)
	at com.github.jinahya.database.metadata.bind.Memory_$_Test.applyContext(Memory_$_Test.java:67)
	at com.github.jinahya.database.metadata.bind.Memory_$_Test.acceptValues__(Memory_$_Test.java:93)
	at java.base/jdk.internal.reflect.DirectMethodHandleAccessor.invoke(DirectMethodHandleAccessor.java:104)
	at java.base/java.lang.reflect.Method.invoke(Method.java:565)
	at org.junit.platform.commons.util.ReflectionUtils.invokeMethod(ReflectionUtils.java:701)
	at org.junit.platform.commons.support.ReflectionSupport.invokeMethod(ReflectionSupport.java:502)
	at org.junit.jupiter.engine.support.MethodReflectionUtils.invoke(MethodReflectionUtils.java:45)
	at org.junit.jupiter.engine.execution.MethodInvocation.proceed(MethodInvocation.java:61)
	at org.junit.jupiter.engine.execution.InvocationInterceptorChain$ValidatingInvocation.proceed(InvocationInterceptorChain.java:124)
	at org.junit.jupiter.engine.extension.TimeoutExtension.intercept(TimeoutExtension.java:163)
	at org.junit.jupiter.engine.extension.TimeoutExtension.interceptTestableMethod(TimeoutExtension.java:148)
	at org.junit.jupiter.engine.extension.TimeoutExtension.interceptTestMethod(TimeoutExtension.java:86)
	at org.junit.jupiter.engine.execution.InterceptingExecutableInvoker$ReflectiveInterceptorCall.lambda$ofVoidMethod$0(InterceptingExecutableInvoker.java:123)
	at org.junit.jupiter.engine.execution.InterceptingExecutableInvoker.lambda$invoke$0(InterceptingExecutableInvoker.java:105)
	at org.junit.jupiter.engine.execution.InvocationInterceptorChain$InterceptedInvocation.proceed(InvocationInterceptorChain.java:99)
	at org.junit.jupiter.engine.execution.InvocationInterceptorChain.proceed(InvocationInterceptorChain.java:66)
	at org.junit.jupiter.engine.execution.InvocationInterceptorChain.chainAndInvoke(InvocationInterceptorChain.java:47)
	at org.junit.jupiter.engine.execution.InvocationInterceptorChain.invoke(InvocationInterceptorChain.java:39)
	at org.junit.jupiter.engine.execution.InterceptingExecutableInvoker.invoke(InterceptingExecutableInvoker.java:104)
	at org.junit.jupiter.engine.execution.InterceptingExecutableInvoker.invoke(InterceptingExecutableInvoker.java:98)
	at org.junit.jupiter.engine.execution.InterceptingExecutableInvoker.invokeVoid(InterceptingExecutableInvoker.java:71)
	at org.junit.jupiter.engine.descriptor.TestMethodTestDescriptor.lambda$invokeTestMethod$0(TestMethodTestDescriptor.java:219)
	at org.junit.platform.engine.support.hierarchical.ThrowableCollector.execute(ThrowableCollector.java:74)
	at org.junit.jupiter.engine.descriptor.TestMethodTestDescriptor.invokeTestMethod(TestMethodTestDescriptor.java:215)
	at org.junit.jupiter.engine.descriptor.TestMethodTestDescriptor.execute(TestMethodTestDescriptor.java:157)
	at org.junit.jupiter.engine.descriptor.TestMethodTestDescriptor.execute(TestMethodTestDescriptor.java:70)
	at org.junit.platform.engine.support.hierarchical.NodeTestTask.lambda$executeRecursively$2(NodeTestTask.java:176)
	at org.junit.platform.engine.support.hierarchical.ThrowableCollector.execute(ThrowableCollector.java:74)
	at org.junit.platform.engine.support.hierarchical.NodeTestTask.lambda$executeRecursively$1(NodeTestTask.java:166)
	at org.junit.platform.engine.support.hierarchical.Node.around(Node.java:138)
	at org.junit.platform.engine.support.hierarchical.NodeTestTask.lambda$executeRecursively$0(NodeTestTask.java:164)
	at org.junit.platform.engine.support.hierarchical.ThrowableCollector.execute(ThrowableCollector.java:74)
	at org.junit.platform.engine.support.hierarchical.NodeTestTask.executeRecursively(NodeTestTask.java:163)
	at org.junit.platform.engine.support.hierarchical.NodeTestTask.execute(NodeTestTask.java:116)
	at java.base/java.util.ArrayList.forEach(ArrayList.java:1604)
	at org.junit.platform.engine.support.hierarchical.SameThreadHierarchicalTestExecutorService.invokeAll(SameThreadHierarchicalTestExecutorService.java:42)
	at org.junit.platform.engine.support.hierarchical.NodeTestTask.lambda$executeRecursively$2(NodeTestTask.java:180)
	at org.junit.platform.engine.support.hierarchical.ThrowableCollector.execute(ThrowableCollector.java:74)
	at org.junit.platform.engine.support.hierarchical.NodeTestTask.lambda$executeRecursively$1(NodeTestTask.java:166)
	at org.junit.platform.engine.support.hierarchical.Node.around(Node.java:138)
	at org.junit.platform.engine.support.hierarchical.NodeTestTask.lambda$executeRecursively$0(NodeTestTask.java:164)
	at org.junit.platform.engine.support.hierarchical.ThrowableCollector.execute(ThrowableCollector.java:74)
	at org.junit.platform.engine.support.hierarchical.NodeTestTask.executeRecursively(NodeTestTask.java:163)
	at org.junit.platform.engine.support.hierarchical.NodeTestTask.execute(NodeTestTask.java:116)
	at java.base/java.util.ArrayList.forEach(ArrayList.java:1604)
	at org.junit.platform.engine.support.hierarchical.SameThreadHierarchicalTestExecutorService.invokeAll(SameThreadHierarchicalTestExecutorService.java:42)
	at org.junit.platform.engine.support.hierarchical.NodeTestTask.lambda$executeRecursively$2(NodeTestTask.java:180)
	at org.junit.platform.engine.support.hierarchical.ThrowableCollector.execute(ThrowableCollector.java:74)
	at org.junit.platform.engine.support.hierarchical.NodeTestTask.lambda$executeRecursively$1(NodeTestTask.java:166)
	at org.junit.platform.engine.support.hierarchical.Node.around(Node.java:138)
	at org.junit.platform.engine.support.hierarchical.NodeTestTask.lambda$executeRecursively$0(NodeTestTask.java:164)
	at org.junit.platform.engine.support.hierarchical.ThrowableCollector.execute(ThrowableCollector.java:74)
	at org.junit.platform.engine.support.hierarchical.NodeTestTask.executeRecursively(NodeTestTask.java:163)
	at org.junit.platform.engine.support.hierarchical.NodeTestTask.execute(NodeTestTask.java:116)
	at org.junit.platform.engine.support.hierarchical.SameThreadHierarchicalTestExecutorService.submit(SameThreadHierarchicalTestExecutorService.java:36)
	at org.junit.platform.engine.support.hierarchical.HierarchicalTestExecutor.execute(HierarchicalTestExecutor.java:52)
	at org.junit.platform.engine.support.hierarchical.HierarchicalTestEngine.execute(HierarchicalTestEngine.java:58)
	at org.junit.platform.launcher.core.EngineExecutionOrchestrator.executeEngine(EngineExecutionOrchestrator.java:246)
	at org.junit.platform.launcher.core.EngineExecutionOrchestrator.failOrExecuteEngine(EngineExecutionOrchestrator.java:218)
	at org.junit.platform.launcher.core.EngineExecutionOrchestrator.execute(EngineExecutionOrchestrator.java:179)
	at org.junit.platform.launcher.core.EngineExecutionOrchestrator.execute(EngineExecutionOrchestrator.java:108)
	at org.junit.platform.launcher.core.EngineExecutionOrchestrator.lambda$execute$0(EngineExecutionOrchestrator.java:66)
	at org.junit.platform.launcher.core.EngineExecutionOrchestrator.withInterceptedStreams(EngineExecutionOrchestrator.java:157)
	at org.junit.platform.launcher.core.EngineExecutionOrchestrator.execute(EngineExecutionOrchestrator.java:65)
	at org.junit.platform.launcher.core.DefaultLauncher.execute(DefaultLauncher.java:125)
	at org.junit.platform.launcher.core.DefaultLauncher.execute(DefaultLauncher.java:114)
	at org.junit.platform.launcher.core.DelegatingLauncher.execute(DelegatingLauncher.java:58)
	at org.junit.platform.launcher.core.InterceptingLauncher.lambda$execute$2(InterceptingLauncher.java:57)
	at org.junit.platform.launcher.core.ClasspathAlignmentCheckingLauncherInterceptor.intercept(ClasspathAlignmentCheckingLauncherInterceptor.java:25)
	at org.junit.platform.launcher.core.InterceptingLauncher.execute(InterceptingLauncher.java:56)
	at org.junit.platform.launcher.core.DelegatingLauncher.execute(DelegatingLauncher.java:58)
	at java.base/jdk.internal.reflect.DirectMethodHandleAccessor.invoke(DirectMethodHandleAccessor.java:104)
	at java.base/java.lang.reflect.Method.invoke(Method.java:565)
	at org.apache.maven.surefire.api.util.ReflectionUtils.invokeMethodWithArray(ReflectionUtils.java:125)
	at org.apache.maven.surefire.junitplatform.LauncherAdapter.executeWithCancellationToken(LauncherAdapter.java:68)
	at org.apache.maven.surefire.junitplatform.LauncherAdapter.execute(LauncherAdapter.java:54)
	at org.apache.maven.surefire.junitplatform.JUnitPlatformProvider.execute(JUnitPlatformProvider.java:203)
	at org.apache.maven.surefire.junitplatform.JUnitPlatformProvider.invokeAllTests(JUnitPlatformProvider.java:168)
	at org.apache.maven.surefire.junitplatform.JUnitPlatformProvider.invoke(JUnitPlatformProvider.java:136)
	at org.apache.maven.surefire.booter.ForkedBooter.runSuitesInProcess(ForkedBooter.java:385)
	at org.apache.maven.surefire.booter.ForkedBooter.execute(ForkedBooter.java:162)
	at org.apache.maven.surefire.booter.ForkedBooter.run(ForkedBooter.java:507)
	at org.apache.maven.surefire.booter.ForkedBooter.main(ForkedBooter.java:495)
Caused by: java.sql.SQLFeatureNotSupportedException
	at org.sqlite.jdbc4.JDBC4DatabaseMetaData.supportsStoredFunctionsUsingCallSyntax(JDBC4DatabaseMetaData.java:33)
	at java.base/jdk.internal.reflect.DirectMethodHandleAccessor.invoke(DirectMethodHandleAccessor.java:104)
	... 88 more

Jan 26, 2026 2:30:07 PM com.github.jinahya.database.metadata.bind.Context acceptValues
SEVERE: failed to invoke public abstract boolean java.sql.DatabaseMetaData.autoCommitFailureClosesAllResultSets() throws java.sql.SQLException with org.sqlite.jdbc4.JDBC4DatabaseMetaData@5aae2f64
java.lang.reflect.InvocationTargetException
	at java.base/jdk.internal.reflect.DirectMethodHandleAccessor.invoke(DirectMethodHandleAccessor.java:119)
	at java.base/java.lang.reflect.Method.invoke(Method.java:565)
	at com.github.jinahya.database.metadata.bind.Context.acceptValues(Context.java:158)
	at com.github.jinahya.database.metadata.bind.Memory_$_Test.lambda$acceptValues__$0(Memory_$_Test.java:94)
	at com.github.jinahya.database.metadata.bind.Memory_$_Test.lambda$applyContext$0(Memory_$_Test.java:69)
	at com.github.jinahya.database.metadata.bind.Memory_$_Test.applyConnection(Memory_$_Test.java:58)
	at com.github.jinahya.database.metadata.bind.Memory_$_Test.applyContext(Memory_$_Test.java:67)
	at com.github.jinahya.database.metadata.bind.Memory_$_Test.acceptValues__(Memory_$_Test.java:93)
	at java.base/jdk.internal.reflect.DirectMethodHandleAccessor.invoke(DirectMethodHandleAccessor.java:104)
	at java.base/java.lang.reflect.Method.invoke(Method.java:565)
	at org.junit.platform.commons.util.ReflectionUtils.invokeMethod(ReflectionUtils.java:701)
	at org.junit.platform.commons.support.ReflectionSupport.invokeMethod(ReflectionSupport.java:502)
	at org.junit.jupiter.engine.support.MethodReflectionUtils.invoke(MethodReflectionUtils.java:45)
	at org.junit.jupiter.engine.execution.MethodInvocation.proceed(MethodInvocation.java:61)
	at org.junit.jupiter.engine.execution.InvocationInterceptorChain$ValidatingInvocation.proceed(InvocationInterceptorChain.java:124)
	at org.junit.jupiter.engine.extension.TimeoutExtension.intercept(TimeoutExtension.java:163)
	at org.junit.jupiter.engine.extension.TimeoutExtension.interceptTestableMethod(TimeoutExtension.java:148)
	at org.junit.jupiter.engine.extension.TimeoutExtension.interceptTestMethod(TimeoutExtension.java:86)
	at org.junit.jupiter.engine.execution.InterceptingExecutableInvoker$ReflectiveInterceptorCall.lambda$ofVoidMethod$0(InterceptingExecutableInvoker.java:123)
	at org.junit.jupiter.engine.execution.InterceptingExecutableInvoker.lambda$invoke$0(InterceptingExecutableInvoker.java:105)
	at org.junit.jupiter.engine.execution.InvocationInterceptorChain$InterceptedInvocation.proceed(InvocationInterceptorChain.java:99)
	at org.junit.jupiter.engine.execution.InvocationInterceptorChain.proceed(InvocationInterceptorChain.java:66)
	at org.junit.jupiter.engine.execution.InvocationInterceptorChain.chainAndInvoke(InvocationInterceptorChain.java:47)
	at org.junit.jupiter.engine.execution.InvocationInterceptorChain.invoke(InvocationInterceptorChain.java:39)
	at org.junit.jupiter.engine.execution.InterceptingExecutableInvoker.invoke(InterceptingExecutableInvoker.java:104)
	at org.junit.jupiter.engine.execution.InterceptingExecutableInvoker.invoke(InterceptingExecutableInvoker.java:98)
	at org.junit.jupiter.engine.execution.InterceptingExecutableInvoker.invokeVoid(InterceptingExecutableInvoker.java:71)
	at org.junit.jupiter.engine.descriptor.TestMethodTestDescriptor.lambda$invokeTestMethod$0(TestMethodTestDescriptor.java:219)
	at org.junit.platform.engine.support.hierarchical.ThrowableCollector.execute(ThrowableCollector.java:74)
	at org.junit.jupiter.engine.descriptor.TestMethodTestDescriptor.invokeTestMethod(TestMethodTestDescriptor.java:215)
	at org.junit.jupiter.engine.descriptor.TestMethodTestDescriptor.execute(TestMethodTestDescriptor.java:157)
	at org.junit.jupiter.engine.descriptor.TestMethodTestDescriptor.execute(TestMethodTestDescriptor.java:70)
	at org.junit.platform.engine.support.hierarchical.NodeTestTask.lambda$executeRecursively$2(NodeTestTask.java:176)
	at org.junit.platform.engine.support.hierarchical.ThrowableCollector.execute(ThrowableCollector.java:74)
	at org.junit.platform.engine.support.hierarchical.NodeTestTask.lambda$executeRecursively$1(NodeTestTask.java:166)
	at org.junit.platform.engine.support.hierarchical.Node.around(Node.java:138)
	at org.junit.platform.engine.support.hierarchical.NodeTestTask.lambda$executeRecursively$0(NodeTestTask.java:164)
	at org.junit.platform.engine.support.hierarchical.ThrowableCollector.execute(ThrowableCollector.java:74)
	at org.junit.platform.engine.support.hierarchical.NodeTestTask.executeRecursively(NodeTestTask.java:163)
	at org.junit.platform.engine.support.hierarchical.NodeTestTask.execute(NodeTestTask.java:116)
	at java.base/java.util.ArrayList.forEach(ArrayList.java:1604)
	at org.junit.platform.engine.support.hierarchical.SameThreadHierarchicalTestExecutorService.invokeAll(SameThreadHierarchicalTestExecutorService.java:42)
	at org.junit.platform.engine.support.hierarchical.NodeTestTask.lambda$executeRecursively$2(NodeTestTask.java:180)
	at org.junit.platform.engine.support.hierarchical.ThrowableCollector.execute(ThrowableCollector.java:74)
	at org.junit.platform.engine.support.hierarchical.NodeTestTask.lambda$executeRecursively$1(NodeTestTask.java:166)
	at org.junit.platform.engine.support.hierarchical.Node.around(Node.java:138)
	at org.junit.platform.engine.support.hierarchical.NodeTestTask.lambda$executeRecursively$0(NodeTestTask.java:164)
	at org.junit.platform.engine.support.hierarchical.ThrowableCollector.execute(ThrowableCollector.java:74)
	at org.junit.platform.engine.support.hierarchical.NodeTestTask.executeRecursively(NodeTestTask.java:163)
	at org.junit.platform.engine.support.hierarchical.NodeTestTask.execute(NodeTestTask.java:116)
	at java.base/java.util.ArrayList.forEach(ArrayList.java:1604)
	at org.junit.platform.engine.support.hierarchical.SameThreadHierarchicalTestExecutorService.invokeAll(SameThreadHierarchicalTestExecutorService.java:42)
	at org.junit.platform.engine.support.hierarchical.NodeTestTask.lambda$executeRecursively$2(NodeTestTask.java:180)
	at org.junit.platform.engine.support.hierarchical.ThrowableCollector.execute(ThrowableCollector.java:74)
	at org.junit.platform.engine.support.hierarchical.NodeTestTask.lambda$executeRecursively$1(NodeTestTask.java:166)
	at org.junit.platform.engine.support.hierarchical.Node.around(Node.java:138)
	at org.junit.platform.engine.support.hierarchical.NodeTestTask.lambda$executeRecursively$0(NodeTestTask.java:164)
	at org.junit.platform.engine.support.hierarchical.ThrowableCollector.execute(ThrowableCollector.java:74)
	at org.junit.platform.engine.support.hierarchical.NodeTestTask.executeRecursively(NodeTestTask.java:163)
	at org.junit.platform.engine.support.hierarchical.NodeTestTask.execute(NodeTestTask.java:116)
	at org.junit.platform.engine.support.hierarchical.SameThreadHierarchicalTestExecutorService.submit(SameThreadHierarchicalTestExecutorService.java:36)
	at org.junit.platform.engine.support.hierarchical.HierarchicalTestExecutor.execute(HierarchicalTestExecutor.java:52)
	at org.junit.platform.engine.support.hierarchical.HierarchicalTestEngine.execute(HierarchicalTestEngine.java:58)
	at org.junit.platform.launcher.core.EngineExecutionOrchestrator.executeEngine(EngineExecutionOrchestrator.java:246)
	at org.junit.platform.launcher.core.EngineExecutionOrchestrator.failOrExecuteEngine(EngineExecutionOrchestrator.java:218)
	at org.junit.platform.launcher.core.EngineExecutionOrchestrator.execute(EngineExecutionOrchestrator.java:179)
	at org.junit.platform.launcher.core.EngineExecutionOrchestrator.execute(EngineExecutionOrchestrator.java:108)
	at org.junit.platform.launcher.core.EngineExecutionOrchestrator.lambda$execute$0(EngineExecutionOrchestrator.java:66)
	at org.junit.platform.launcher.core.EngineExecutionOrchestrator.withInterceptedStreams(EngineExecutionOrchestrator.java:157)
	at org.junit.platform.launcher.core.EngineExecutionOrchestrator.execute(EngineExecutionOrchestrator.java:65)
	at org.junit.platform.launcher.core.DefaultLauncher.execute(DefaultLauncher.java:125)
	at org.junit.platform.launcher.core.DefaultLauncher.execute(DefaultLauncher.java:114)
	at org.junit.platform.launcher.core.DelegatingLauncher.execute(DelegatingLauncher.java:58)
	at org.junit.platform.launcher.core.InterceptingLauncher.lambda$execute$2(InterceptingLauncher.java:57)
	at org.junit.platform.launcher.core.ClasspathAlignmentCheckingLauncherInterceptor.intercept(ClasspathAlignmentCheckingLauncherInterceptor.java:25)
	at org.junit.platform.launcher.core.InterceptingLauncher.execute(InterceptingLauncher.java:56)
	at org.junit.platform.launcher.core.DelegatingLauncher.execute(DelegatingLauncher.java:58)
	at java.base/jdk.internal.reflect.DirectMethodHandleAccessor.invoke(DirectMethodHandleAccessor.java:104)
	at java.base/java.lang.reflect.Method.invoke(Method.java:565)
	at org.apache.maven.surefire.api.util.ReflectionUtils.invokeMethodWithArray(ReflectionUtils.java:125)
	at org.apache.maven.surefire.junitplatform.LauncherAdapter.executeWithCancellationToken(LauncherAdapter.java:68)
	at org.apache.maven.surefire.junitplatform.LauncherAdapter.execute(LauncherAdapter.java:54)
	at org.apache.maven.surefire.junitplatform.JUnitPlatformProvider.execute(JUnitPlatformProvider.java:203)
	at org.apache.maven.surefire.junitplatform.JUnitPlatformProvider.invokeAllTests(JUnitPlatformProvider.java:168)
	at org.apache.maven.surefire.junitplatform.JUnitPlatformProvider.invoke(JUnitPlatformProvider.java:136)
	at org.apache.maven.surefire.booter.ForkedBooter.runSuitesInProcess(ForkedBooter.java:385)
	at org.apache.maven.surefire.booter.ForkedBooter.execute(ForkedBooter.java:162)
	at org.apache.maven.surefire.booter.ForkedBooter.run(ForkedBooter.java:507)
	at org.apache.maven.surefire.booter.ForkedBooter.main(ForkedBooter.java:495)
Caused by: java.sql.SQLFeatureNotSupportedException
	at org.sqlite.jdbc4.JDBC4DatabaseMetaData.autoCommitFailureClosesAllResultSets(JDBC4DatabaseMetaData.java:37)
	at java.base/jdk.internal.reflect.DirectMethodHandleAccessor.invoke(DirectMethodHandleAccessor.java:104)
	... 88 more

3216 [main] DEBUG com.github.jinahya.database.metadata.bind.Memory_$_Test - supportsDataDefinitionAndDataManipulationTransactions: true
3216 [main] DEBUG com.github.jinahya.database.metadata.bind.Memory_$_Test - nullsAreSortedHigh: true
3216 [main] DEBUG com.github.jinahya.database.metadata.bind.Memory_$_Test - nullsAreSortedLow: false
3216 [main] DEBUG com.github.jinahya.database.metadata.bind.Memory_$_Test - getDriverName: SQLite JDBC
3216 [main] DEBUG com.github.jinahya.database.metadata.bind.Memory_$_Test - getDriverVersion: 3.51.1.0
3216 [main] DEBUG com.github.jinahya.database.metadata.bind.Memory_$_Test - usesLocalFiles: true
3216 [main] DEBUG com.github.jinahya.database.metadata.bind.Memory_$_Test - supportsConvert: false
3216 [main] DEBUG com.github.jinahya.database.metadata.bind.Memory_$_Test - supportsGroupBy: true
3216 [main] DEBUG com.github.jinahya.database.metadata.bind.Memory_$_Test - supportsOuterJoins: true
3216 [main] DEBUG com.github.jinahya.database.metadata.bind.Memory_$_Test - getSchemaTerm: schema
3216 [main] DEBUG com.github.jinahya.database.metadata.bind.Memory_$_Test - getProcedureTerm: not_implemented
3216 [main] DEBUG com.github.jinahya.database.metadata.bind.Memory_$_Test - getCatalogTerm: catalog
3216 [main] DEBUG com.github.jinahya.database.metadata.bind.Memory_$_Test - isCatalogAtStart: true
3216 [main] DEBUG com.github.jinahya.database.metadata.bind.Memory_$_Test - supportsUnion: true
3216 [main] DEBUG com.github.jinahya.database.metadata.bind.Memory_$_Test - supportsUnionAll: true
3216 [main] DEBUG com.github.jinahya.database.metadata.bind.Memory_$_Test - getMaxConnections: 0
3216 [main] DEBUG com.github.jinahya.database.metadata.bind.Memory_$_Test - getMaxIndexLength: 0
3216 [main] DEBUG com.github.jinahya.database.metadata.bind.Memory_$_Test - getMaxRowSize: 0
3216 [main] DEBUG com.github.jinahya.database.metadata.bind.Memory_$_Test - getMaxStatements: 0
3216 [main] DEBUG com.github.jinahya.database.metadata.bind.Memory_$_Test - supportsSavepoints: true
3216 [main] DEBUG com.github.jinahya.database.metadata.bind.Memory_$_Test - getSQLStateType: 2
3216 [main] DEBUG com.github.jinahya.database.metadata.bind.Memory_$_Test - locatorsUpdateCopy: false
Jan 26, 2026 2:30:07 PM com.github.jinahya.database.metadata.bind.Context acceptValues
SEVERE: failed to invoke public abstract java.sql.RowIdLifetime java.sql.DatabaseMetaData.getRowIdLifetime() throws java.sql.SQLException with org.sqlite.jdbc4.JDBC4DatabaseMetaData@5aae2f64
java.lang.reflect.InvocationTargetException
	at java.base/jdk.internal.reflect.DirectMethodHandleAccessor.invoke(DirectMethodHandleAccessor.java:119)
	at java.base/java.lang.reflect.Method.invoke(Method.java:565)
	at com.github.jinahya.database.metadata.bind.Context.acceptValues(Context.java:158)
	at com.github.jinahya.database.metadata.bind.Memory_$_Test.lambda$acceptValues__$0(Memory_$_Test.java:94)
	at com.github.jinahya.database.metadata.bind.Memory_$_Test.lambda$applyContext$0(Memory_$_Test.java:69)
	at com.github.jinahya.database.metadata.bind.Memory_$_Test.applyConnection(Memory_$_Test.java:58)
	at com.github.jinahya.database.metadata.bind.Memory_$_Test.applyContext(Memory_$_Test.java:67)
	at com.github.jinahya.database.metadata.bind.Memory_$_Test.acceptValues__(Memory_$_Test.java:93)
	at java.base/jdk.internal.reflect.DirectMethodHandleAccessor.invoke(DirectMethodHandleAccessor.java:104)
	at java.base/java.lang.reflect.Method.invoke(Method.java:565)
	at org.junit.platform.commons.util.ReflectionUtils.invokeMethod(ReflectionUtils.java:701)
	at org.junit.platform.commons.support.ReflectionSupport.invokeMethod(ReflectionSupport.java:502)
	at org.junit.jupiter.engine.support.MethodReflectionUtils.invoke(MethodReflectionUtils.java:45)
	at org.junit.jupiter.engine.execution.MethodInvocation.proceed(MethodInvocation.java:61)
	at org.junit.jupiter.engine.execution.InvocationInterceptorChain$ValidatingInvocation.proceed(InvocationInterceptorChain.java:124)
	at org.junit.jupiter.engine.extension.TimeoutExtension.intercept(TimeoutExtension.java:163)
	at org.junit.jupiter.engine.extension.TimeoutExtension.interceptTestableMethod(TimeoutExtension.java:148)
	at org.junit.jupiter.engine.extension.TimeoutExtension.interceptTestMethod(TimeoutExtension.java:86)
	at org.junit.jupiter.engine.execution.InterceptingExecutableInvoker$ReflectiveInterceptorCall.lambda$ofVoidMethod$0(InterceptingExecutableInvoker.java:123)
	at org.junit.jupiter.engine.execution.InterceptingExecutableInvoker.lambda$invoke$0(InterceptingExecutableInvoker.java:105)
	at org.junit.jupiter.engine.execution.InvocationInterceptorChain$InterceptedInvocation.proceed(InvocationInterceptorChain.java:99)
	at org.junit.jupiter.engine.execution.InvocationInterceptorChain.proceed(InvocationInterceptorChain.java:66)
	at org.junit.jupiter.engine.execution.InvocationInterceptorChain.chainAndInvoke(InvocationInterceptorChain.java:47)
	at org.junit.jupiter.engine.execution.InvocationInterceptorChain.invoke(InvocationInterceptorChain.java:39)
	at org.junit.jupiter.engine.execution.InterceptingExecutableInvoker.invoke(InterceptingExecutableInvoker.java:104)
	at org.junit.jupiter.engine.execution.InterceptingExecutableInvoker.invoke(InterceptingExecutableInvoker.java:98)
	at org.junit.jupiter.engine.execution.InterceptingExecutableInvoker.invokeVoid(InterceptingExecutableInvoker.java:71)
	at org.junit.jupiter.engine.descriptor.TestMethodTestDescriptor.lambda$invokeTestMethod$0(TestMethodTestDescriptor.java:219)
	at org.junit.platform.engine.support.hierarchical.ThrowableCollector.execute(ThrowableCollector.java:74)
	at org.junit.jupiter.engine.descriptor.TestMethodTestDescriptor.invokeTestMethod(TestMethodTestDescriptor.java:215)
	at org.junit.jupiter.engine.descriptor.TestMethodTestDescriptor.execute(TestMethodTestDescriptor.java:157)
	at org.junit.jupiter.engine.descriptor.TestMethodTestDescriptor.execute(TestMethodTestDescriptor.java:70)
	at org.junit.platform.engine.support.hierarchical.NodeTestTask.lambda$executeRecursively$2(NodeTestTask.java:176)
	at org.junit.platform.engine.support.hierarchical.ThrowableCollector.execute(ThrowableCollector.java:74)
	at org.junit.platform.engine.support.hierarchical.NodeTestTask.lambda$executeRecursively$1(NodeTestTask.java:166)
	at org.junit.platform.engine.support.hierarchical.Node.around(Node.java:138)
	at org.junit.platform.engine.support.hierarchical.NodeTestTask.lambda$executeRecursively$0(NodeTestTask.java:164)
	at org.junit.platform.engine.support.hierarchical.ThrowableCollector.execute(ThrowableCollector.java:74)
	at org.junit.platform.engine.support.hierarchical.NodeTestTask.executeRecursively(NodeTestTask.java:163)
	at org.junit.platform.engine.support.hierarchical.NodeTestTask.execute(NodeTestTask.java:116)
	at java.base/java.util.ArrayList.forEach(ArrayList.java:1604)
	at org.junit.platform.engine.support.hierarchical.SameThreadHierarchicalTestExecutorService.invokeAll(SameThreadHierarchicalTestExecutorService.java:42)
	at org.junit.platform.engine.support.hierarchical.NodeTestTask.lambda$executeRecursively$2(NodeTestTask.java:180)
	at org.junit.platform.engine.support.hierarchical.ThrowableCollector.execute(ThrowableCollector.java:74)
	at org.junit.platform.engine.support.hierarchical.NodeTestTask.lambda$executeRecursively$1(NodeTestTask.java:166)
	at org.junit.platform.engine.support.hierarchical.Node.around(Node.java:138)
	at org.junit.platform.engine.support.hierarchical.NodeTestTask.lambda$executeRecursively$0(NodeTestTask.java:164)
	at org.junit.platform.engine.support.hierarchical.ThrowableCollector.execute(ThrowableCollector.java:74)
	at org.junit.platform.engine.support.hierarchical.NodeTestTask.executeRecursively(NodeTestTask.java:163)
	at org.junit.platform.engine.support.hierarchical.NodeTestTask.execute(NodeTestTask.java:116)
	at java.base/java.util.ArrayList.forEach(ArrayList.java:1604)
	at org.junit.platform.engine.support.hierarchical.SameThreadHierarchicalTestExecutorService.invokeAll(SameThreadHierarchicalTestExecutorService.java:42)
	at org.junit.platform.engine.support.hierarchical.NodeTestTask.lambda$executeRecursively$2(NodeTestTask.java:180)
	at org.junit.platform.engine.support.hierarchical.ThrowableCollector.execute(ThrowableCollector.java:74)
	at org.junit.platform.engine.support.hierarchical.NodeTestTask.lambda$executeRecursively$1(NodeTestTask.java:166)
	at org.junit.platform.engine.support.hierarchical.Node.around(Node.java:138)
	at org.junit.platform.engine.support.hierarchical.NodeTestTask.lambda$executeRecursively$0(NodeTestTask.java:164)
	at org.junit.platform.engine.support.hierarchical.ThrowableCollector.execute(ThrowableCollector.java:74)
	at org.junit.platform.engine.support.hierarchical.NodeTestTask.executeRecursively(NodeTestTask.java:163)
	at org.junit.platform.engine.support.hierarchical.NodeTestTask.execute(NodeTestTask.java:116)
	at org.junit.platform.engine.support.hierarchical.SameThreadHierarchicalTestExecutorService.submit(SameThreadHierarchicalTestExecutorService.java:36)
	at org.junit.platform.engine.support.hierarchical.HierarchicalTestExecutor.execute(HierarchicalTestExecutor.java:52)
	at org.junit.platform.engine.support.hierarchical.HierarchicalTestEngine.execute(HierarchicalTestEngine.java:58)
	at org.junit.platform.launcher.core.EngineExecutionOrchestrator.executeEngine(EngineExecutionOrchestrator.java:246)
	at org.junit.platform.launcher.core.EngineExecutionOrchestrator.failOrExecuteEngine(EngineExecutionOrchestrator.java:218)
	at org.junit.platform.launcher.core.EngineExecutionOrchestrator.execute(EngineExecutionOrchestrator.java:179)
	at org.junit.platform.launcher.core.EngineExecutionOrchestrator.execute(EngineExecutionOrchestrator.java:108)
	at org.junit.platform.launcher.core.EngineExecutionOrchestrator.lambda$execute$0(EngineExecutionOrchestrator.java:66)
	at org.junit.platform.launcher.core.EngineExecutionOrchestrator.withInterceptedStreams(EngineExecutionOrchestrator.java:157)
	at org.junit.platform.launcher.core.EngineExecutionOrchestrator.execute(EngineExecutionOrchestrator.java:65)
	at org.junit.platform.launcher.core.DefaultLauncher.execute(DefaultLauncher.java:125)
	at org.junit.platform.launcher.core.DefaultLauncher.execute(DefaultLauncher.java:114)
	at org.junit.platform.launcher.core.DelegatingLauncher.execute(DelegatingLauncher.java:58)
	at org.junit.platform.launcher.core.InterceptingLauncher.lambda$execute$2(InterceptingLauncher.java:57)
	at org.junit.platform.launcher.core.ClasspathAlignmentCheckingLauncherInterceptor.intercept(ClasspathAlignmentCheckingLauncherInterceptor.java:25)
	at org.junit.platform.launcher.core.InterceptingLauncher.execute(InterceptingLauncher.java:56)
	at org.junit.platform.launcher.core.DelegatingLauncher.execute(DelegatingLauncher.java:58)
	at java.base/jdk.internal.reflect.DirectMethodHandleAccessor.invoke(DirectMethodHandleAccessor.java:104)
	at java.base/java.lang.reflect.Method.invoke(Method.java:565)
	at org.apache.maven.surefire.api.util.ReflectionUtils.invokeMethodWithArray(ReflectionUtils.java:125)
	at org.apache.maven.surefire.junitplatform.LauncherAdapter.executeWithCancellationToken(LauncherAdapter.java:68)
	at org.apache.maven.surefire.junitplatform.LauncherAdapter.execute(LauncherAdapter.java:54)
	at org.apache.maven.surefire.junitplatform.JUnitPlatformProvider.execute(JUnitPlatformProvider.java:203)
	at org.apache.maven.surefire.junitplatform.JUnitPlatformProvider.invokeAllTests(JUnitPlatformProvider.java:168)
	at org.apache.maven.surefire.junitplatform.JUnitPlatformProvider.invoke(JUnitPlatformProvider.java:136)
	at org.apache.maven.surefire.booter.ForkedBooter.runSuitesInProcess(ForkedBooter.java:385)
	at org.apache.maven.surefire.booter.ForkedBooter.execute(ForkedBooter.java:162)
	at org.apache.maven.surefire.booter.ForkedBooter.run(ForkedBooter.java:507)
	at org.apache.maven.surefire.booter.ForkedBooter.main(ForkedBooter.java:495)
Caused by: java.sql.SQLFeatureNotSupportedException
	at org.sqlite.jdbc4.JDBC4DatabaseMetaData.getRowIdLifetime(JDBC4DatabaseMetaData.java:25)
	at java.base/jdk.internal.reflect.DirectMethodHandleAccessor.invoke(DirectMethodHandleAccessor.java:104)
	... 88 more

3216 [main] DEBUG com.github.jinahya.database.metadata.bind.Memory_$_Test - supportsRefCursors: false
3216 [main] DEBUG com.github.jinahya.database.metadata.bind.Memory_$_Test - supportsSharding: false
3216 [main] DEBUG com.github.jinahya.database.metadata.bind.Memory_$_Test - isReadOnly: false
3216 [main] DEBUG com.github.jinahya.database.metadata.bind.Memory_$_Test - getURL: jdbc:sqlite::memory:
java.sql.SQLFeatureNotSupportedException
	at org.sqlite.jdbc4.JDBC4DatabaseMetaData.getSchemas(JDBC4DatabaseMetaData.java:29)
	at com.github.jinahya.database.metadata.bind.Context.getSchemasAndAcceptEach(Context.java:1473)
	at com.github.jinahya.database.metadata.bind.Context.getSchemasAndAddAll(Context.java:1483)
	at com.github.jinahya.database.metadata.bind.Context.getSchemas(Context.java:1504)
	at com.github.jinahya.database.metadata.bind.Memory_$_Test.schemas(Memory_$_Test.java:203)
	at java.base/jdk.internal.reflect.DirectMethodHandleAccessor.invoke(DirectMethodHandleAccessor.java:104)
	at java.base/java.lang.reflect.Method.invoke(Method.java:565)
	at org.junit.platform.commons.util.ReflectionUtils.invokeMethod(ReflectionUtils.java:701)
	at org.junit.platform.commons.support.ReflectionSupport.invokeMethod(ReflectionSupport.java:502)
	at org.junit.jupiter.engine.support.MethodReflectionUtils.invoke(MethodReflectionUtils.java:45)
	at org.junit.jupiter.engine.execution.MethodInvocation.proceed(MethodInvocation.java:61)
	at org.junit.jupiter.engine.execution.InvocationInterceptorChain$ValidatingInvocation.proceed(InvocationInterceptorChain.java:124)
	at org.junit.jupiter.engine.extension.TimeoutExtension.intercept(TimeoutExtension.java:163)
	at org.junit.jupiter.engine.extension.TimeoutExtension.interceptTestableMethod(TimeoutExtension.java:148)
	at org.junit.jupiter.engine.extension.TimeoutExtension.interceptTestMethod(TimeoutExtension.java:86)
	at org.junit.jupiter.engine.execution.InterceptingExecutableInvoker$ReflectiveInterceptorCall.lambda$ofVoidMethod$0(InterceptingExecutableInvoker.java:123)
	at org.junit.jupiter.engine.execution.InterceptingExecutableInvoker.lambda$invoke$0(InterceptingExecutableInvoker.java:105)
	at org.junit.jupiter.engine.execution.InvocationInterceptorChain$InterceptedInvocation.proceed(InvocationInterceptorChain.java:99)
	at org.junit.jupiter.engine.execution.InvocationInterceptorChain.proceed(InvocationInterceptorChain.java:66)
	at org.junit.jupiter.engine.execution.InvocationInterceptorChain.chainAndInvoke(InvocationInterceptorChain.java:47)
	at org.junit.jupiter.engine.execution.InvocationInterceptorChain.invoke(InvocationInterceptorChain.java:39)
	at org.junit.jupiter.engine.execution.InterceptingExecutableInvoker.invoke(InterceptingExecutableInvoker.java:104)
	at org.junit.jupiter.engine.execution.InterceptingExecutableInvoker.invoke(InterceptingExecutableInvoker.java:98)
	at org.junit.jupiter.engine.execution.InterceptingExecutableInvoker.invokeVoid(InterceptingExecutableInvoker.java:71)
	at org.junit.jupiter.engine.descriptor.TestMethodTestDescriptor.lambda$invokeTestMethod$0(TestMethodTestDescriptor.java:219)
	at org.junit.platform.engine.support.hierarchical.ThrowableCollector.execute(ThrowableCollector.java:74)
	at org.junit.jupiter.engine.descriptor.TestMethodTestDescriptor.invokeTestMethod(TestMethodTestDescriptor.java:215)
	at org.junit.jupiter.engine.descriptor.TestMethodTestDescriptor.execute(TestMethodTestDescriptor.java:157)
	at org.junit.jupiter.engine.descriptor.TestMethodTestDescriptor.execute(TestMethodTestDescriptor.java:70)
	at org.junit.platform.engine.support.hierarchical.NodeTestTask.lambda$executeRecursively$2(NodeTestTask.java:176)
	at org.junit.platform.engine.support.hierarchical.ThrowableCollector.execute(ThrowableCollector.java:74)
	at org.junit.platform.engine.support.hierarchical.NodeTestTask.lambda$executeRecursively$1(NodeTestTask.java:166)
	at org.junit.platform.engine.support.hierarchical.Node.around(Node.java:138)
	at org.junit.platform.engine.support.hierarchical.NodeTestTask.lambda$executeRecursively$0(NodeTestTask.java:164)
	at org.junit.platform.engine.support.hierarchical.ThrowableCollector.execute(ThrowableCollector.java:74)
	at org.junit.platform.engine.support.hierarchical.NodeTestTask.executeRecursively(NodeTestTask.java:163)
	at org.junit.platform.engine.support.hierarchical.NodeTestTask.execute(NodeTestTask.java:116)
	at java.base/java.util.ArrayList.forEach(ArrayList.java:1604)
	at org.junit.platform.engine.support.hierarchical.SameThreadHierarchicalTestExecutorService.invokeAll(SameThreadHierarchicalTestExecutorService.java:42)
	at org.junit.platform.engine.support.hierarchical.NodeTestTask.lambda$executeRecursively$2(NodeTestTask.java:180)
	at org.junit.platform.engine.support.hierarchical.ThrowableCollector.execute(ThrowableCollector.java:74)
	at org.junit.platform.engine.support.hierarchical.NodeTestTask.lambda$executeRecursively$1(NodeTestTask.java:166)
	at org.junit.platform.engine.support.hierarchical.Node.around(Node.java:138)
	at org.junit.platform.engine.support.hierarchical.NodeTestTask.lambda$executeRecursively$0(NodeTestTask.java:164)
	at org.junit.platform.engine.support.hierarchical.ThrowableCollector.execute(ThrowableCollector.java:74)
	at org.junit.platform.engine.support.hierarchical.NodeTestTask.executeRecursively(NodeTestTask.java:163)
	at org.junit.platform.engine.support.hierarchical.NodeTestTask.execute(NodeTestTask.java:116)
	at java.base/java.util.ArrayList.forEach(ArrayList.java:1604)
	at org.junit.platform.engine.support.hierarchical.SameThreadHierarchicalTestExecutorService.invokeAll(SameThreadHierarchicalTestExecutorService.java:42)
	at org.junit.platform.engine.support.hierarchical.NodeTestTask.lambda$executeRecursively$2(NodeTestTask.java:180)
	at org.junit.platform.engine.support.hierarchical.ThrowableCollector.execute(ThrowableCollector.java:74)
	at org.junit.platform.engine.support.hierarchical.NodeTestTask.lambda$executeRecursively$1(NodeTestTask.java:166)
	at org.junit.platform.engine.support.hierarchical.Node.around(Node.java:138)
	at org.junit.platform.engine.support.hierarchical.NodeTestTask.lambda$executeRecursively$0(NodeTestTask.java:164)
	at org.junit.platform.engine.support.hierarchical.ThrowableCollector.execute(ThrowableCollector.java:74)
	at org.junit.platform.engine.support.hierarchical.NodeTestTask.executeRecursively(NodeTestTask.java:163)
	at org.junit.platform.engine.support.hierarchical.NodeTestTask.execute(NodeTestTask.java:116)
	at org.junit.platform.engine.support.hierarchical.SameThreadHierarchicalTestExecutorService.submit(SameThreadHierarchicalTestExecutorService.java:36)
	at org.junit.platform.engine.support.hierarchical.HierarchicalTestExecutor.execute(HierarchicalTestExecutor.java:52)
	at org.junit.platform.engine.support.hierarchical.HierarchicalTestEngine.execute(HierarchicalTestEngine.java:58)
	at org.junit.platform.launcher.core.EngineExecutionOrchestrator.executeEngine(EngineExecutionOrchestrator.java:246)
	at org.junit.platform.launcher.core.EngineExecutionOrchestrator.failOrExecuteEngine(EngineExecutionOrchestrator.java:218)
	at org.junit.platform.launcher.core.EngineExecutionOrchestrator.execute(EngineExecutionOrchestrator.java:179)
	at org.junit.platform.launcher.core.EngineExecutionOrchestrator.execute(EngineExecutionOrchestrator.java:108)
	at org.junit.platform.launcher.core.EngineExecutionOrchestrator.lambda$execute$0(EngineExecutionOrchestrator.java:66)
	at org.junit.platform.launcher.core.EngineExecutionOrchestrator.withInterceptedStreams(EngineExecutionOrchestrator.java:157)
	at org.junit.platform.launcher.core.EngineExecutionOrchestrator.execute(EngineExecutionOrchestrator.java:65)
	at org.junit.platform.launcher.core.DefaultLauncher.execute(DefaultLauncher.java:125)
	at org.junit.platform.launcher.core.DefaultLauncher.execute(DefaultLauncher.java:114)
	at org.junit.platform.launcher.core.DelegatingLauncher.execute(DelegatingLauncher.java:58)
	at org.junit.platform.launcher.core.InterceptingLauncher.lambda$execute$2(InterceptingLauncher.java:57)
	at org.junit.platform.launcher.core.ClasspathAlignmentCheckingLauncherInterceptor.intercept(ClasspathAlignmentCheckingLauncherInterceptor.java:25)
	at org.junit.platform.launcher.core.InterceptingLauncher.execute(InterceptingLauncher.java:56)
	at org.junit.platform.launcher.core.DelegatingLauncher.execute(DelegatingLauncher.java:58)
	at java.base/jdk.internal.reflect.DirectMethodHandleAccessor.invoke(DirectMethodHandleAccessor.java:104)
	at java.base/java.lang.reflect.Method.invoke(Method.java:565)
	at org.apache.maven.surefire.api.util.ReflectionUtils.invokeMethodWithArray(ReflectionUtils.java:125)
	at org.apache.maven.surefire.junitplatform.LauncherAdapter.executeWithCancellationToken(LauncherAdapter.java:68)
	at org.apache.maven.surefire.junitplatform.LauncherAdapter.execute(LauncherAdapter.java:54)
	at org.apache.maven.surefire.junitplatform.JUnitPlatformProvider.execute(JUnitPlatformProvider.java:203)
	at org.apache.maven.surefire.junitplatform.JUnitPlatformProvider.invokeAllTests(JUnitPlatformProvider.java:168)
	at org.apache.maven.surefire.junitplatform.JUnitPlatformProvider.invoke(JUnitPlatformProvider.java:136)
	at org.apache.maven.surefire.booter.ForkedBooter.runSuitesInProcess(ForkedBooter.java:385)
	at org.apache.maven.surefire.booter.ForkedBooter.execute(ForkedBooter.java:162)
	at org.apache.maven.surefire.booter.ForkedBooter.run(ForkedBooter.java:507)
	at org.apache.maven.surefire.booter.ForkedBooter.main(ForkedBooter.java:495)
[INFO] Tests run: 11, Failures: 0, Errors: 0, Skipped: 0, Time elapsed: 0.527 s -- in com.github.jinahya.database.metadata.bind.Memory_Sqlite_Test
[INFO] Running com.github.jinahya.database.metadata.bind.CatalogTest
[INFO] Running com.github.jinahya.database.metadata.bind.MetadataType_Test$FieldTest
[ERROR] Tests run: 11, Failures: 1, Errors: 0, Skipped: 0, Time elapsed: 0.001 s <<< FAILURE! -- in com.github.jinahya.database.metadata.bind.MetadataType_Test$FieldTest
[ERROR] com.github.jinahya.database.metadata.bind.CatalogTest.equals__ -- Time elapsed: 0.005 s <<< FAILURE!
java.lang.AssertionError: 
EqualsVerifier found a problem in class com.github.jinahya.database.metadata.bind.Catalog.
-> Reflexivity: object does not equal an identical copy of itself:
  com.github.jinahya.database.metadata.bind.Catalog@d21ad1a6{unmappedColumns={one=java.lang.Object@39bddf3b}}{tableCat=one}
If this is intentional, consider suppressing Warning.IDENTICAL_COPY.

For more information, go to: https://www.jqno.nl/equalsverifier/errormessages
(EqualsVerifier 4.0, JDK 25.0.1 running on classpath, on Mac OS X. Mockito: available.)
	at nl.jqno.equalsverifier.api.SingleTypeEqualsVerifierApi.verify(SingleTypeEqualsVerifierApi.java:389)
	at com.github.jinahya.database.metadata.bind.MetadataType_Test.equals__(MetadataType_Test.java:76)
	at java.base/java.lang.reflect.Method.invoke(Method.java:565)
	at java.base/java.util.ArrayList.forEach(ArrayList.java:1604)
	at java.base/java.util.ArrayList.forEach(ArrayList.java:1604)
Caused by: nl.jqno.equalsverifier.internal.exceptions.AssertionException
	at nl.jqno.equalsverifier.internal.util.Assert.assertEquals(Assert.java:25)
	at nl.jqno.equalsverifier.internal.checkers.fieldchecks.ReflexivityFieldCheck.checkReflexivityFor(ReflexivityFieldCheck.java:145)
	at nl.jqno.equalsverifier.internal.checkers.fieldchecks.ReflexivityFieldCheck.checkReferenceReflexivity(ReflexivityFieldCheck.java:56)
	at nl.jqno.equalsverifier.internal.checkers.fieldchecks.ReflexivityFieldCheck.execute(ReflexivityFieldCheck.java:48)
	at nl.jqno.equalsverifier.internal.checkers.FieldInspector.check(FieldInspector.java:20)
	at nl.jqno.equalsverifier.internal.checkers.FieldsChecker.check(FieldsChecker.java:63)
	at nl.jqno.equalsverifier.api.SingleTypeEqualsVerifierApi.verifyWithExamples(SingleTypeEqualsVerifierApi.java:498)
	at nl.jqno.equalsverifier.api.SingleTypeEqualsVerifierApi.performVerification(SingleTypeEqualsVerifierApi.java:459)
	at nl.jqno.equalsverifier.api.SingleTypeEqualsVerifierApi.verify(SingleTypeEqualsVerifierApi.java:386)
	... 4 more

[INFO] Tests run: 0, Failures: 0, Errors: 0, Skipped: 0, Time elapsed: 0.008 s -- in com.github.jinahya.database.metadata.bind.CatalogTest
[INFO] Running com.github.jinahya.database.metadata.bind.CrossReferenceTest
[INFO] Running com.github.jinahya.database.metadata.bind.MetadataType_Test$FieldTest
[ERROR] Tests run: 11, Failures: 1, Errors: 0, Skipped: 0, Time elapsed: 0.001 s <<< FAILURE! -- in com.github.jinahya.database.metadata.bind.MetadataType_Test$FieldTest
[ERROR] com.github.jinahya.database.metadata.bind.CrossReferenceTest.equals__ -- Time elapsed: 0.021 s <<< FAILURE!
java.lang.AssertionError: 
EqualsVerifier found a problem in class com.github.jinahya.database.metadata.bind.CrossReference.
-> Reflexivity: object does not equal an identical copy of itself:
  com.github.jinahya.database.metadata.bind.CrossReference@c65e0f1c{unmappedColumns={one=java.lang.Object@ea8c907}}{pktableCat=one,pktableSchem=one,pktableName=one,pkcolumnName=one,fktableCat=one,fktableSchem=one,fktableName=one,fkcolumnName=one,keySeq=1000,updateRule=1000,deleteRule=1000,fkName=one,pkName=one,deferrability=1000}
If this is intentional, consider suppressing Warning.IDENTICAL_COPY.

For more information, go to: https://www.jqno.nl/equalsverifier/errormessages
(EqualsVerifier 4.0, JDK 25.0.1 running on classpath, on Mac OS X. Mockito: available.)
	at nl.jqno.equalsverifier.api.SingleTypeEqualsVerifierApi.verify(SingleTypeEqualsVerifierApi.java:389)
	at com.github.jinahya.database.metadata.bind.MetadataType_Test.equals__(MetadataType_Test.java:76)
	at java.base/java.lang.reflect.Method.invoke(Method.java:565)
	at java.base/java.util.ArrayList.forEach(ArrayList.java:1604)
	at java.base/java.util.ArrayList.forEach(ArrayList.java:1604)
Caused by: nl.jqno.equalsverifier.internal.exceptions.AssertionException
	at nl.jqno.equalsverifier.internal.util.Assert.assertEquals(Assert.java:25)
	at nl.jqno.equalsverifier.internal.checkers.fieldchecks.ReflexivityFieldCheck.checkReflexivityFor(ReflexivityFieldCheck.java:145)
	at nl.jqno.equalsverifier.internal.checkers.fieldchecks.ReflexivityFieldCheck.checkReferenceReflexivity(ReflexivityFieldCheck.java:56)
	at nl.jqno.equalsverifier.internal.checkers.fieldchecks.ReflexivityFieldCheck.execute(ReflexivityFieldCheck.java:48)
	at nl.jqno.equalsverifier.internal.checkers.FieldInspector.check(FieldInspector.java:20)
	at nl.jqno.equalsverifier.internal.checkers.FieldsChecker.check(FieldsChecker.java:63)
	at nl.jqno.equalsverifier.api.SingleTypeEqualsVerifierApi.verifyWithExamples(SingleTypeEqualsVerifierApi.java:498)
	at nl.jqno.equalsverifier.api.SingleTypeEqualsVerifierApi.performVerification(SingleTypeEqualsVerifierApi.java:459)
	at nl.jqno.equalsverifier.api.SingleTypeEqualsVerifierApi.verify(SingleTypeEqualsVerifierApi.java:386)
	... 4 more

[INFO] Tests run: 0, Failures: 0, Errors: 0, Skipped: 0, Time elapsed: 0.028 s -- in com.github.jinahya.database.metadata.bind.CrossReferenceTest
[INFO] Running com.github.jinahya.database.metadata.bind.SchemaTest
[INFO] Running com.github.jinahya.database.metadata.bind.MetadataType_Test$FieldTest
[ERROR] Tests run: 11, Failures: 1, Errors: 0, Skipped: 0, Time elapsed: 0.001 s <<< FAILURE! -- in com.github.jinahya.database.metadata.bind.MetadataType_Test$FieldTest
[ERROR] com.github.jinahya.database.metadata.bind.SchemaTest.equals__ -- Time elapsed: 0.006 s <<< FAILURE!
java.lang.AssertionError: 
EqualsVerifier found a problem in class com.github.jinahya.database.metadata.bind.Schema.
-> Reflexivity: object does not equal an identical copy of itself:
  com.github.jinahya.database.metadata.bind.Schema@8a5bdb0c{unmappedColumns={one=java.lang.Object@76133187}}{tableSchem=one,tableCatalog=one}
If this is intentional, consider suppressing Warning.IDENTICAL_COPY.

For more information, go to: https://www.jqno.nl/equalsverifier/errormessages
(EqualsVerifier 4.0, JDK 25.0.1 running on classpath, on Mac OS X. Mockito: available.)
	at nl.jqno.equalsverifier.api.SingleTypeEqualsVerifierApi.verify(SingleTypeEqualsVerifierApi.java:389)
	at com.github.jinahya.database.metadata.bind.MetadataType_Test.equals__(MetadataType_Test.java:76)
	at java.base/java.lang.reflect.Method.invoke(Method.java:565)
	at java.base/java.util.ArrayList.forEach(ArrayList.java:1604)
	at java.base/java.util.ArrayList.forEach(ArrayList.java:1604)
Caused by: nl.jqno.equalsverifier.internal.exceptions.AssertionException
	at nl.jqno.equalsverifier.internal.util.Assert.assertEquals(Assert.java:25)
	at nl.jqno.equalsverifier.internal.checkers.fieldchecks.ReflexivityFieldCheck.checkReflexivityFor(ReflexivityFieldCheck.java:145)
	at nl.jqno.equalsverifier.internal.checkers.fieldchecks.ReflexivityFieldCheck.checkReferenceReflexivity(ReflexivityFieldCheck.java:56)
	at nl.jqno.equalsverifier.internal.checkers.fieldchecks.ReflexivityFieldCheck.execute(ReflexivityFieldCheck.java:48)
	at nl.jqno.equalsverifier.internal.checkers.FieldInspector.check(FieldInspector.java:20)
	at nl.jqno.equalsverifier.internal.checkers.FieldsChecker.check(FieldsChecker.java:63)
	at nl.jqno.equalsverifier.api.SingleTypeEqualsVerifierApi.verifyWithExamples(SingleTypeEqualsVerifierApi.java:498)
	at nl.jqno.equalsverifier.api.SingleTypeEqualsVerifierApi.performVerification(SingleTypeEqualsVerifierApi.java:459)
	at nl.jqno.equalsverifier.api.SingleTypeEqualsVerifierApi.verify(SingleTypeEqualsVerifierApi.java:386)
	... 4 more

[INFO] Tests run: 0, Failures: 0, Errors: 0, Skipped: 0, Time elapsed: 0.009 s -- in com.github.jinahya.database.metadata.bind.SchemaTest
[INFO] Running com.github.jinahya.database.metadata.bind.ColumnTest
[INFO] Running com.github.jinahya.database.metadata.bind.MetadataType_Test$FieldTest
[ERROR] Tests run: 11, Failures: 1, Errors: 0, Skipped: 0, Time elapsed: 0.001 s <<< FAILURE! -- in com.github.jinahya.database.metadata.bind.MetadataType_Test$FieldTest
[ERROR] com.github.jinahya.database.metadata.bind.ColumnTest.equals__ -- Time elapsed: 0.029 s <<< FAILURE!
java.lang.AssertionError: 
EqualsVerifier found a problem in class com.github.jinahya.database.metadata.bind.Column.
-> Reflexivity: object does not equal an identical copy of itself:
  com.github.jinahya.database.metadata.bind.Column@f4a57f7d{unmappedColumns={one=java.lang.Object@53818d70}}{tableCat=one,tableSchem=one,tableName=one,columnName=one,dataType=1000,typeName=one,columnSize=1000,bufferLength=1000,decimalDigits=1000,numPrecRadix=1000,nullable=1000,remarks=one,columnDef=one,sqlDataType=1000,sqlDatetimeSub=1000,charOctetLength=1000,ordinalPosition=1000,isNullable=one,scopeCatalog=one,scopeSchema=one,scopeTable=one,sourceDataType=1000,isAutoincrement=one,isGeneratedcolumn=one}
If this is intentional, consider suppressing Warning.IDENTICAL_COPY.

For more information, go to: https://www.jqno.nl/equalsverifier/errormessages
(EqualsVerifier 4.0, JDK 25.0.1 running on classpath, on Mac OS X. Mockito: available.)
	at nl.jqno.equalsverifier.api.SingleTypeEqualsVerifierApi.verify(SingleTypeEqualsVerifierApi.java:389)
	at com.github.jinahya.database.metadata.bind.MetadataType_Test.equals__(MetadataType_Test.java:76)
	at java.base/java.lang.reflect.Method.invoke(Method.java:565)
	at java.base/java.util.ArrayList.forEach(ArrayList.java:1604)
	at java.base/java.util.ArrayList.forEach(ArrayList.java:1604)
Caused by: nl.jqno.equalsverifier.internal.exceptions.AssertionException
	at nl.jqno.equalsverifier.internal.util.Assert.assertEquals(Assert.java:25)
	at nl.jqno.equalsverifier.internal.checkers.fieldchecks.ReflexivityFieldCheck.checkReflexivityFor(ReflexivityFieldCheck.java:145)
	at nl.jqno.equalsverifier.internal.checkers.fieldchecks.ReflexivityFieldCheck.checkReferenceReflexivity(ReflexivityFieldCheck.java:56)
	at nl.jqno.equalsverifier.internal.checkers.fieldchecks.ReflexivityFieldCheck.execute(ReflexivityFieldCheck.java:48)
	at nl.jqno.equalsverifier.internal.checkers.FieldInspector.check(FieldInspector.java:20)
	at nl.jqno.equalsverifier.internal.checkers.FieldsChecker.check(FieldsChecker.java:63)
	at nl.jqno.equalsverifier.api.SingleTypeEqualsVerifierApi.verifyWithExamples(SingleTypeEqualsVerifierApi.java:498)
	at nl.jqno.equalsverifier.api.SingleTypeEqualsVerifierApi.performVerification(SingleTypeEqualsVerifierApi.java:459)
	at nl.jqno.equalsverifier.api.SingleTypeEqualsVerifierApi.verify(SingleTypeEqualsVerifierApi.java:386)
	... 4 more

[INFO] Tests run: 0, Failures: 0, Errors: 0, Skipped: 0, Time elapsed: 0.032 s -- in com.github.jinahya.database.metadata.bind.ColumnTest
[INFO] Running com.github.jinahya.database.metadata.bind.ExportedKeyTest
[INFO] Running com.github.jinahya.database.metadata.bind.MetadataType_Test$FieldTest
[ERROR] Tests run: 11, Failures: 1, Errors: 0, Skipped: 0, Time elapsed: 0.001 s <<< FAILURE! -- in com.github.jinahya.database.metadata.bind.MetadataType_Test$FieldTest
[ERROR] com.github.jinahya.database.metadata.bind.ExportedKeyTest.equals__ -- Time elapsed: 0.011 s <<< FAILURE!
java.lang.AssertionError: 
EqualsVerifier found a problem in class com.github.jinahya.database.metadata.bind.ExportedKey.
-> Significant fields: equals does not use updateRule, or it is stateless.

For more information, go to: https://www.jqno.nl/equalsverifier/errormessages
(EqualsVerifier 4.0, JDK 25.0.1 running on classpath, on Mac OS X. Mockito: available.)
	at nl.jqno.equalsverifier.api.SingleTypeEqualsVerifierApi.verify(SingleTypeEqualsVerifierApi.java:389)
	at com.github.jinahya.database.metadata.bind.MetadataType_Test.equals__(MetadataType_Test.java:76)
	at java.base/java.lang.reflect.Method.invoke(Method.java:565)
	at java.base/java.util.ArrayList.forEach(ArrayList.java:1604)
	at java.base/java.util.ArrayList.forEach(ArrayList.java:1604)
Caused by: nl.jqno.equalsverifier.internal.exceptions.AssertionException
	at nl.jqno.equalsverifier.internal.util.Assert.assertTrue(Assert.java:51)
	at nl.jqno.equalsverifier.internal.checkers.fieldchecks.SignificantFieldCheck.assertFieldShouldHaveBeenUsed(SignificantFieldCheck.java:193)
	at nl.jqno.equalsverifier.internal.checkers.fieldchecks.SignificantFieldCheck.assertFieldShouldBeIgnored(SignificantFieldCheck.java:133)
	at nl.jqno.equalsverifier.internal.checkers.fieldchecks.SignificantFieldCheck.checkValues(SignificantFieldCheck.java:76)
	at nl.jqno.equalsverifier.internal.checkers.fieldchecks.SignificantFieldCheck.execute(SignificantFieldCheck.java:45)
	at nl.jqno.equalsverifier.internal.checkers.FieldInspector.check(FieldInspector.java:20)
	at nl.jqno.equalsverifier.internal.checkers.FieldsChecker.check(FieldsChecker.java:74)
	at nl.jqno.equalsverifier.api.SingleTypeEqualsVerifierApi.verifyWithExamples(SingleTypeEqualsVerifierApi.java:498)
	at nl.jqno.equalsverifier.api.SingleTypeEqualsVerifierApi.performVerification(SingleTypeEqualsVerifierApi.java:459)
	at nl.jqno.equalsverifier.api.SingleTypeEqualsVerifierApi.verify(SingleTypeEqualsVerifierApi.java:386)
	... 4 more

[INFO] Tests run: 0, Failures: 0, Errors: 0, Skipped: 0, Time elapsed: 0.015 s -- in com.github.jinahya.database.metadata.bind.ExportedKeyTest
[INFO] Running com.github.jinahya.database.metadata.bind.Memory_H2_Test
3439 [main] DEBUG com.github.jinahya.database.metadata.bind.Memory_$_Test - com.github.jinahya.database.metadata.bind.Table@509e63ec{unmappedColumns={}}{tableCat=TEST,tableSchem=INFORMATION_SCHEMA,tableName=CONSTANTS,tableType=BASE TABLE,remarks=null,typeCat=null,typeSchem=null,typeName=null,selfReferencingColName=null,refGeneration=null}: []
3439 [main] DEBUG com.github.jinahya.database.metadata.bind.Memory_$_Test - com.github.jinahya.database.metadata.bind.Table@51250dd{unmappedColumns={}}{tableCat=TEST,tableSchem=INFORMATION_SCHEMA,tableName=ENUM_VALUES,tableType=BASE TABLE,remarks=null,typeCat=null,typeSchem=null,typeName=null,selfReferencingColName=null,refGeneration=null}: []
3439 [main] DEBUG com.github.jinahya.database.metadata.bind.Memory_$_Test - com.github.jinahya.database.metadata.bind.Table@6251979d{unmappedColumns={}}{tableCat=TEST,tableSchem=INFORMATION_SCHEMA,tableName=INDEXES,tableType=BASE TABLE,remarks=null,typeCat=null,typeSchem=null,typeName=null,selfReferencingColName=null,refGeneration=null}: []
3439 [main] DEBUG com.github.jinahya.database.metadata.bind.Memory_$_Test - com.github.jinahya.database.metadata.bind.Table@6b36ebed{unmappedColumns={}}{tableCat=TEST,tableSchem=INFORMATION_SCHEMA,tableName=INDEX_COLUMNS,tableType=BASE TABLE,remarks=null,typeCat=null,typeSchem=null,typeName=null,selfReferencingColName=null,refGeneration=null}: []
3439 [main] DEBUG com.github.jinahya.database.metadata.bind.Memory_$_Test - com.github.jinahya.database.metadata.bind.Table@f41edbf9{unmappedColumns={}}{tableCat=TEST,tableSchem=INFORMATION_SCHEMA,tableName=INFORMATION_SCHEMA_CATALOG_NAME,tableType=BASE TABLE,remarks=null,typeCat=null,typeSchem=null,typeName=null,selfReferencingColName=null,refGeneration=null}: []
3439 [main] DEBUG com.github.jinahya.database.metadata.bind.Memory_$_Test - com.github.jinahya.database.metadata.bind.Table@270d6e1f{unmappedColumns={}}{tableCat=TEST,tableSchem=INFORMATION_SCHEMA,tableName=IN_DOUBT,tableType=BASE TABLE,remarks=null,typeCat=null,typeSchem=null,typeName=null,selfReferencingColName=null,refGeneration=null}: []
3439 [main] DEBUG com.github.jinahya.database.metadata.bind.Memory_$_Test - com.github.jinahya.database.metadata.bind.Table@c805ab45{unmappedColumns={}}{tableCat=TEST,tableSchem=INFORMATION_SCHEMA,tableName=LOCKS,tableType=BASE TABLE,remarks=null,typeCat=null,typeSchem=null,typeName=null,selfReferencingColName=null,refGeneration=null}: []
3439 [main] DEBUG com.github.jinahya.database.metadata.bind.Memory_$_Test - com.github.jinahya.database.metadata.bind.Table@445a1bd7{unmappedColumns={}}{tableCat=TEST,tableSchem=INFORMATION_SCHEMA,tableName=QUERY_STATISTICS,tableType=BASE TABLE,remarks=null,typeCat=null,typeSchem=null,typeName=null,selfReferencingColName=null,refGeneration=null}: []
3439 [main] DEBUG com.github.jinahya.database.metadata.bind.Memory_$_Test - com.github.jinahya.database.metadata.bind.Table@53c53894{unmappedColumns={}}{tableCat=TEST,tableSchem=INFORMATION_SCHEMA,tableName=RIGHTS,tableType=BASE TABLE,remarks=null,typeCat=null,typeSchem=null,typeName=null,selfReferencingColName=null,refGeneration=null}: []
3439 [main] DEBUG com.github.jinahya.database.metadata.bind.Memory_$_Test - com.github.jinahya.database.metadata.bind.Table@c85a595a{unmappedColumns={}}{tableCat=TEST,tableSchem=INFORMATION_SCHEMA,tableName=ROLES,tableType=BASE TABLE,remarks=null,typeCat=null,typeSchem=null,typeName=null,selfReferencingColName=null,refGeneration=null}: []
3439 [main] DEBUG com.github.jinahya.database.metadata.bind.Memory_$_Test - com.github.jinahya.database.metadata.bind.Table@4617835a{unmappedColumns={}}{tableCat=TEST,tableSchem=INFORMATION_SCHEMA,tableName=SESSIONS,tableType=BASE TABLE,remarks=null,typeCat=null,typeSchem=null,typeName=null,selfReferencingColName=null,refGeneration=null}: []
3439 [main] DEBUG com.github.jinahya.database.metadata.bind.Memory_$_Test - com.github.jinahya.database.metadata.bind.Table@bfffd025{unmappedColumns={}}{tableCat=TEST,tableSchem=INFORMATION_SCHEMA,tableName=SESSION_STATE,tableType=BASE TABLE,remarks=null,typeCat=null,typeSchem=null,typeName=null,selfReferencingColName=null,refGeneration=null}: []
3439 [main] DEBUG com.github.jinahya.database.metadata.bind.Memory_$_Test - com.github.jinahya.database.metadata.bind.Table@47da6ee0{unmappedColumns={}}{tableCat=TEST,tableSchem=INFORMATION_SCHEMA,tableName=SETTINGS,tableType=BASE TABLE,remarks=null,typeCat=null,typeSchem=null,typeName=null,selfReferencingColName=null,refGeneration=null}: []
3439 [main] DEBUG com.github.jinahya.database.metadata.bind.Memory_$_Test - com.github.jinahya.database.metadata.bind.Table@5f55f695{unmappedColumns={}}{tableCat=TEST,tableSchem=INFORMATION_SCHEMA,tableName=SYNONYMS,tableType=BASE TABLE,remarks=null,typeCat=null,typeSchem=null,typeName=null,selfReferencingColName=null,refGeneration=null}: []
3439 [main] DEBUG com.github.jinahya.database.metadata.bind.Memory_$_Test - com.github.jinahya.database.metadata.bind.Table@c88658a5{unmappedColumns={}}{tableCat=TEST,tableSchem=INFORMATION_SCHEMA,tableName=USERS,tableType=BASE TABLE,remarks=null,typeCat=null,typeSchem=null,typeName=null,selfReferencingColName=null,refGeneration=null}: []
3439 [main] DEBUG com.github.jinahya.database.metadata.bind.Memory_$_Test - com.github.jinahya.database.metadata.bind.Table@823b2bfc{unmappedColumns={}}{tableCat=TEST,tableSchem=INFORMATION_SCHEMA,tableName=CHECK_CONSTRAINTS,tableType=VIEW,remarks=null,typeCat=null,typeSchem=null,typeName=null,selfReferencingColName=null,refGeneration=null}: []
3439 [main] DEBUG com.github.jinahya.database.metadata.bind.Memory_$_Test - com.github.jinahya.database.metadata.bind.Table@72e8a0c7{unmappedColumns={}}{tableCat=TEST,tableSchem=INFORMATION_SCHEMA,tableName=COLLATIONS,tableType=VIEW,remarks=null,typeCat=null,typeSchem=null,typeName=null,selfReferencingColName=null,refGeneration=null}: []
3439 [main] DEBUG com.github.jinahya.database.metadata.bind.Memory_$_Test - com.github.jinahya.database.metadata.bind.Table@2718e67a{unmappedColumns={}}{tableCat=TEST,tableSchem=INFORMATION_SCHEMA,tableName=COLUMNS,tableType=VIEW,remarks=null,typeCat=null,typeSchem=null,typeName=null,selfReferencingColName=null,refGeneration=null}: []
3439 [main] DEBUG com.github.jinahya.database.metadata.bind.Memory_$_Test - com.github.jinahya.database.metadata.bind.Table@38a74b28{unmappedColumns={}}{tableCat=TEST,tableSchem=INFORMATION_SCHEMA,tableName=COLUMN_PRIVILEGES,tableType=VIEW,remarks=null,typeCat=null,typeSchem=null,typeName=null,selfReferencingColName=null,refGeneration=null}: []
3439 [main] DEBUG com.github.jinahya.database.metadata.bind.Memory_$_Test - com.github.jinahya.database.metadata.bind.Table@9d0a3137{unmappedColumns={}}{tableCat=TEST,tableSchem=INFORMATION_SCHEMA,tableName=CONSTRAINT_COLUMN_USAGE,tableType=VIEW,remarks=null,typeCat=null,typeSchem=null,typeName=null,selfReferencingColName=null,refGeneration=null}: []
3439 [main] DEBUG com.github.jinahya.database.metadata.bind.Memory_$_Test - com.github.jinahya.database.metadata.bind.Table@5c0412cc{unmappedColumns={}}{tableCat=TEST,tableSchem=INFORMATION_SCHEMA,tableName=DOMAINS,tableType=VIEW,remarks=null,typeCat=null,typeSchem=null,typeName=null,selfReferencingColName=null,refGeneration=null}: []
3439 [main] DEBUG com.github.jinahya.database.metadata.bind.Memory_$_Test - com.github.jinahya.database.metadata.bind.Table@98191dd8{unmappedColumns={}}{tableCat=TEST,tableSchem=INFORMATION_SCHEMA,tableName=DOMAIN_CONSTRAINTS,tableType=VIEW,remarks=null,typeCat=null,typeSchem=null,typeName=null,selfReferencingColName=null,refGeneration=null}: []
3439 [main] DEBUG com.github.jinahya.database.metadata.bind.Memory_$_Test - com.github.jinahya.database.metadata.bind.Table@90f99bf3{unmappedColumns={}}{tableCat=TEST,tableSchem=INFORMATION_SCHEMA,tableName=ELEMENT_TYPES,tableType=VIEW,remarks=null,typeCat=null,typeSchem=null,typeName=null,selfReferencingColName=null,refGeneration=null}: []
3439 [main] DEBUG com.github.jinahya.database.metadata.bind.Memory_$_Test - com.github.jinahya.database.metadata.bind.Table@3f4a3576{unmappedColumns={}}{tableCat=TEST,tableSchem=INFORMATION_SCHEMA,tableName=FIELDS,tableType=VIEW,remarks=null,typeCat=null,typeSchem=null,typeName=null,selfReferencingColName=null,refGeneration=null}: []
3439 [main] DEBUG com.github.jinahya.database.metadata.bind.Memory_$_Test - com.github.jinahya.database.metadata.bind.Table@d4b54015{unmappedColumns={}}{tableCat=TEST,tableSchem=INFORMATION_SCHEMA,tableName=KEY_COLUMN_USAGE,tableType=VIEW,remarks=null,typeCat=null,typeSchem=null,typeName=null,selfReferencingColName=null,refGeneration=null}: []
3439 [main] DEBUG com.github.jinahya.database.metadata.bind.Memory_$_Test - com.github.jinahya.database.metadata.bind.Table@fbf370a7{unmappedColumns={}}{tableCat=TEST,tableSchem=INFORMATION_SCHEMA,tableName=PARAMETERS,tableType=VIEW,remarks=null,typeCat=null,typeSchem=null,typeName=null,selfReferencingColName=null,refGeneration=null}: []
3439 [main] DEBUG com.github.jinahya.database.metadata.bind.Memory_$_Test - com.github.jinahya.database.metadata.bind.Table@e0d8c77d{unmappedColumns={}}{tableCat=TEST,tableSchem=INFORMATION_SCHEMA,tableName=REFERENTIAL_CONSTRAINTS,tableType=VIEW,remarks=null,typeCat=null,typeSchem=null,typeName=null,selfReferencingColName=null,refGeneration=null}: []
3439 [main] DEBUG com.github.jinahya.database.metadata.bind.Memory_$_Test - com.github.jinahya.database.metadata.bind.Table@f2ac6aec{unmappedColumns={}}{tableCat=TEST,tableSchem=INFORMATION_SCHEMA,tableName=ROUTINES,tableType=VIEW,remarks=null,typeCat=null,typeSchem=null,typeName=null,selfReferencingColName=null,refGeneration=null}: []
3439 [main] DEBUG com.github.jinahya.database.metadata.bind.Memory_$_Test - com.github.jinahya.database.metadata.bind.Table@c8c2128b{unmappedColumns={}}{tableCat=TEST,tableSchem=INFORMATION_SCHEMA,tableName=SCHEMATA,tableType=VIEW,remarks=null,typeCat=null,typeSchem=null,typeName=null,selfReferencingColName=null,refGeneration=null}: []
3439 [main] DEBUG com.github.jinahya.database.metadata.bind.Memory_$_Test - com.github.jinahya.database.metadata.bind.Table@2768536f{unmappedColumns={}}{tableCat=TEST,tableSchem=INFORMATION_SCHEMA,tableName=SEQUENCES,tableType=VIEW,remarks=null,typeCat=null,typeSchem=null,typeName=null,selfReferencingColName=null,refGeneration=null}: []
3439 [main] DEBUG com.github.jinahya.database.metadata.bind.Memory_$_Test - com.github.jinahya.database.metadata.bind.Table@56bbf522{unmappedColumns={}}{tableCat=TEST,tableSchem=INFORMATION_SCHEMA,tableName=TABLES,tableType=VIEW,remarks=null,typeCat=null,typeSchem=null,typeName=null,selfReferencingColName=null,refGeneration=null}: []
3439 [main] DEBUG com.github.jinahya.database.metadata.bind.Memory_$_Test - com.github.jinahya.database.metadata.bind.Table@fead89c2{unmappedColumns={}}{tableCat=TEST,tableSchem=INFORMATION_SCHEMA,tableName=TABLE_CONSTRAINTS,tableType=VIEW,remarks=null,typeCat=null,typeSchem=null,typeName=null,selfReferencingColName=null,refGeneration=null}: []
3439 [main] DEBUG com.github.jinahya.database.metadata.bind.Memory_$_Test - com.github.jinahya.database.metadata.bind.Table@b06627d0{unmappedColumns={}}{tableCat=TEST,tableSchem=INFORMATION_SCHEMA,tableName=TABLE_PRIVILEGES,tableType=VIEW,remarks=null,typeCat=null,typeSchem=null,typeName=null,selfReferencingColName=null,refGeneration=null}: []
3439 [main] DEBUG com.github.jinahya.database.metadata.bind.Memory_$_Test - com.github.jinahya.database.metadata.bind.Table@4bef1478{unmappedColumns={}}{tableCat=TEST,tableSchem=INFORMATION_SCHEMA,tableName=TRIGGERS,tableType=VIEW,remarks=null,typeCat=null,typeSchem=null,typeName=null,selfReferencingColName=null,refGeneration=null}: []
3439 [main] DEBUG com.github.jinahya.database.metadata.bind.Memory_$_Test - com.github.jinahya.database.metadata.bind.Table@c88fe50b{unmappedColumns={}}{tableCat=TEST,tableSchem=INFORMATION_SCHEMA,tableName=VIEWS,tableType=VIEW,remarks=null,typeCat=null,typeSchem=null,typeName=null,selfReferencingColName=null,refGeneration=null}: []
Jan 26, 2026 2:30:07 PM com.github.jinahya.database.metadata.bind.Context bind
WARNING: unknown result; type: ClientInfoProperty, label: VALUE, value: 0
3602 [main] DEBUG com.github.jinahya.database.metadata.bind.Memory_$_Test - JDBCMajorVersion: 4
3602 [main] DEBUG com.github.jinahya.database.metadata.bind.Memory_$_Test - JDBCMinorVersion: 3
3602 [main] DEBUG com.github.jinahya.database.metadata.bind.Memory_$_Test - SQLKeywords: CURRENT_CATALOG,CURRENT_SCHEMA,GROUPS,IF,ILIKE,KEY,LIMIT,MINUS,OFFSET,QUALIFY,REGEXP,ROWNUM,TOP,_ROWID_
3602 [main] DEBUG com.github.jinahya.database.metadata.bind.Memory_$_Test - SQLStateType: 2
3602 [main] DEBUG com.github.jinahya.database.metadata.bind.Memory_$_Test - URL: jdbc:h2:mem:test
3602 [main] DEBUG com.github.jinahya.database.metadata.bind.Memory_$_Test - catalogAtStart: true
3602 [main] DEBUG com.github.jinahya.database.metadata.bind.Memory_$_Test - catalogSeparator: .
3602 [main] DEBUG com.github.jinahya.database.metadata.bind.Memory_$_Test - catalogTerm: catalog
3602 [main] DEBUG com.github.jinahya.database.metadata.bind.Memory_$_Test - connection: conn6: url=jdbc:h2:mem:test user=
3603 [main] DEBUG com.github.jinahya.database.metadata.bind.Memory_$_Test - databaseMajorVersion: 2
3603 [main] DEBUG com.github.jinahya.database.metadata.bind.Memory_$_Test - databaseMinorVersion: 4
3603 [main] DEBUG com.github.jinahya.database.metadata.bind.Memory_$_Test - databaseProductName: H2
3603 [main] DEBUG com.github.jinahya.database.metadata.bind.Memory_$_Test - databaseProductVersion: 2.4.240 (2025-09-22)
3603 [main] DEBUG com.github.jinahya.database.metadata.bind.Memory_$_Test - defaultTransactionIsolation: 2
3603 [main] DEBUG com.github.jinahya.database.metadata.bind.Memory_$_Test - driverMajorVersion: 2
3603 [main] DEBUG com.github.jinahya.database.metadata.bind.Memory_$_Test - driverMinorVersion: 4
3603 [main] DEBUG com.github.jinahya.database.metadata.bind.Memory_$_Test - driverName: H2 JDBC Driver
3603 [main] DEBUG com.github.jinahya.database.metadata.bind.Memory_$_Test - driverVersion: 2.4.240 (2025-09-22)
3603 [main] DEBUG com.github.jinahya.database.metadata.bind.Memory_$_Test - extraNameCharacters: 
3603 [main] DEBUG com.github.jinahya.database.metadata.bind.Memory_$_Test - identifierQuoteString: "
3603 [main] DEBUG com.github.jinahya.database.metadata.bind.Memory_$_Test - maxBinaryLiteralLength: 0
3603 [main] DEBUG com.github.jinahya.database.metadata.bind.Memory_$_Test - maxCatalogNameLength: 0
3603 [main] DEBUG com.github.jinahya.database.metadata.bind.Memory_$_Test - maxCharLiteralLength: 0
3603 [main] DEBUG com.github.jinahya.database.metadata.bind.Memory_$_Test - maxColumnNameLength: 0
3603 [main] DEBUG com.github.jinahya.database.metadata.bind.Memory_$_Test - maxColumnsInGroupBy: 0
3603 [main] DEBUG com.github.jinahya.database.metadata.bind.Memory_$_Test - maxColumnsInIndex: 0
3603 [main] DEBUG com.github.jinahya.database.metadata.bind.Memory_$_Test - maxColumnsInOrderBy: 0
3603 [main] DEBUG com.github.jinahya.database.metadata.bind.Memory_$_Test - maxColumnsInSelect: 0
3603 [main] DEBUG com.github.jinahya.database.metadata.bind.Memory_$_Test - maxColumnsInTable: 0
3603 [main] DEBUG com.github.jinahya.database.metadata.bind.Memory_$_Test - maxConnections: 0
3603 [main] DEBUG com.github.jinahya.database.metadata.bind.Memory_$_Test - maxCursorNameLength: 0
3603 [main] DEBUG com.github.jinahya.database.metadata.bind.Memory_$_Test - maxIndexLength: 0
3603 [main] DEBUG com.github.jinahya.database.metadata.bind.Memory_$_Test - maxLogicalLobSize: 0
3603 [main] DEBUG com.github.jinahya.database.metadata.bind.Memory_$_Test - maxProcedureNameLength: 0
3603 [main] DEBUG com.github.jinahya.database.metadata.bind.Memory_$_Test - maxRowSize: 0
3603 [main] DEBUG com.github.jinahya.database.metadata.bind.Memory_$_Test - maxSchemaNameLength: 0
3603 [main] DEBUG com.github.jinahya.database.metadata.bind.Memory_$_Test - maxStatementLength: 0
3603 [main] DEBUG com.github.jinahya.database.metadata.bind.Memory_$_Test - maxStatements: 0
3603 [main] DEBUG com.github.jinahya.database.metadata.bind.Memory_$_Test - maxTableNameLength: 0
3603 [main] DEBUG com.github.jinahya.database.metadata.bind.Memory_$_Test - maxTablesInSelect: 0
3603 [main] DEBUG com.github.jinahya.database.metadata.bind.Memory_$_Test - maxUserNameLength: 0
3604 [main] DEBUG com.github.jinahya.database.metadata.bind.Memory_$_Test - numericFunctions: ABS,ACOS,ASIN,ATAN,COS,COSH,COT,SIN,SINH,TAN,TANH,ATAN2,BITAND,BITOR,BITXOR,BITNOT,BITNAND,BITNOR,BITXNOR,BITGET,BITCOUNT,LSHIFT,RSHIFT,ULSHIFT,URSHIFT,ROTATELEFT,ROTATERIGHT,MOD,CEIL,DEGREES,EXP,FLOOR,LN,LOG,LOG10,ORA_HASH,RADIANS,SQRT,PI,POWER,RAND,RANDOM_UUID,ROUND,SECURE_RAND,SIGN,ENCRYPT,DECRYPT,HASH,TRUNC,COMPRESS,EXPAND,ZERO,GCD,LCM
3604 [main] DEBUG com.github.jinahya.database.metadata.bind.Memory_$_Test - procedureTerm: procedure
3604 [main] DEBUG com.github.jinahya.database.metadata.bind.Memory_$_Test - readOnly: false
3604 [main] DEBUG com.github.jinahya.database.metadata.bind.Memory_$_Test - resultSetHoldability: 2
3604 [main] DEBUG com.github.jinahya.database.metadata.bind.Memory_$_Test - rowIdLifetime: ROWID_UNSUPPORTED
3604 [main] DEBUG com.github.jinahya.database.metadata.bind.Memory_$_Test - schemaTerm: schema
3604 [main] DEBUG com.github.jinahya.database.metadata.bind.Memory_$_Test - searchStringEscape: \
3606 [main] DEBUG com.github.jinahya.database.metadata.bind.Memory_$_Test - stringFunctions: ASCII,BIT_LENGTH,CHAR_LENGTH,OCTET_LENGTH,CHAR,CONCAT,CONCAT_WS,DIFFERENCE,HEXTORAW,RAWTOHEX,INSERT,LOWER,UPPER,LEFT,RIGHT,LOCATE,LPAD,RPAD,LTRIM,RTRIM,BTRIM,TRIM,REGEXP_REPLACE,REGEXP_LIKE,REGEXP_SUBSTR,REPEAT,REPLACE,SOUNDEX,SPACE,STRINGDECODE,STRINGENCODE,STRINGTOUTF8,SUBSTRING,UTF8TOSTRING,QUOTE_IDENT,XMLATTR,XMLNODE,XMLCOMMENT,XMLCDATA,XMLSTARTDOC,XMLTEXT,TO_CHAR,TRANSLATE
3607 [main] DEBUG com.github.jinahya.database.metadata.bind.Memory_$_Test - systemFunctions: ABORT_SESSION,ARRAY_GET,CARDINALITY,ARRAY_CONTAINS,ARRAY_CAT,ARRAY_APPEND,ARRAY_MAX_CARDINALITY,TRIM_ARRAY,ARRAY_SLICE,AUTOCOMMIT,CANCEL_SESSION,CASEWHEN,COALESCE,CONVERT,CURRVAL,CSVWRITE,CURRENT_SCHEMA,CURRENT_CATALOG,DATABASE_PATH,DATA_TYPE_SQL,DB_OBJECT_ID,DB_OBJECT_SQL,DB_OBJECT_SIZE,DB_OBJECT_TOTAL_SIZE,DB_OBJECT_APPROXIMATE_SIZE,DB_OBJECT_APPROXIMATE_TOTAL_SIZE,DECODE,DISK_SPACE_USED,SIGNAL,ESTIMATED_ENVELOPE,FILE_READ,FILE_WRITE,GREATEST,LEAST,LOCK_MODE,LOCK_TIMEOUT,MEMORY_FREE,MEMORY_USED,NEXTVAL,NULLIF,NVL2,READONLY,ROWNUM,SESSION_ID,SET,TRANSACTION_ID,TRUNCATE_VALUE,CURRENT_PATH,CURRENT_ROLE,CURRENT_USER,H2VERSION
3608 [main] DEBUG com.github.jinahya.database.metadata.bind.Memory_$_Test - timeDateFunctions: CURRENT_DATE,CURRENT_TIME,CURRENT_TIMESTAMP,LOCALTIME,LOCALTIMESTAMP,DATEADD,DATEDIFF,DATE_TRUNC,LAST_DAY,DAYNAME,DAY_OF_MONTH,DAY_OF_WEEK,ISO_DAY_OF_WEEK,DAY_OF_YEAR,EXTRACT,FORMATDATETIME,HOUR,MINUTE,MONTH,MONTHNAME,PARSEDATETIME,QUARTER,SECOND,WEEK,ISO_WEEK,YEAR,ISO_YEAR
3608 [main] DEBUG com.github.jinahya.database.metadata.bind.Memory_$_Test - userName: 
3623 [main] DEBUG com.github.jinahya.database.metadata.bind.Memory_$_Test - getNumericFunctions: ABS,ACOS,ASIN,ATAN,COS,COSH,COT,SIN,SINH,TAN,TANH,ATAN2,BITAND,BITOR,BITXOR,BITNOT,BITNAND,BITNOR,BITXNOR,BITGET,BITCOUNT,LSHIFT,RSHIFT,ULSHIFT,URSHIFT,ROTATELEFT,ROTATERIGHT,MOD,CEIL,DEGREES,EXP,FLOOR,LN,LOG,LOG10,ORA_HASH,RADIANS,SQRT,PI,POWER,RAND,RANDOM_UUID,ROUND,SECURE_RAND,SIGN,ENCRYPT,DECRYPT,HASH,TRUNC,COMPRESS,EXPAND,ZERO,GCD,LCM
3625 [main] DEBUG com.github.jinahya.database.metadata.bind.Memory_$_Test - getTimeDateFunctions: CURRENT_DATE,CURRENT_TIME,CURRENT_TIMESTAMP,LOCALTIME,LOCALTIMESTAMP,DATEADD,DATEDIFF,DATE_TRUNC,LAST_DAY,DAYNAME,DAY_OF_MONTH,DAY_OF_WEEK,ISO_DAY_OF_WEEK,DAY_OF_YEAR,EXTRACT,FORMATDATETIME,HOUR,MINUTE,MONTH,MONTHNAME,PARSEDATETIME,QUARTER,SECOND,WEEK,ISO_WEEK,YEAR,ISO_YEAR
3625 [main] DEBUG com.github.jinahya.database.metadata.bind.Memory_$_Test - allProceduresAreCallable: true
3625 [main] DEBUG com.github.jinahya.database.metadata.bind.Memory_$_Test - allTablesAreSelectable: true
3625 [main] DEBUG com.github.jinahya.database.metadata.bind.Memory_$_Test - nullsAreSortedAtStart: false
3625 [main] DEBUG com.github.jinahya.database.metadata.bind.Memory_$_Test - nullsAreSortedAtEnd: false
3625 [main] DEBUG com.github.jinahya.database.metadata.bind.Memory_$_Test - getDriverMajorVersion: 2
3625 [main] DEBUG com.github.jinahya.database.metadata.bind.Memory_$_Test - getDriverMinorVersion: 4
3625 [main] DEBUG com.github.jinahya.database.metadata.bind.Memory_$_Test - usesLocalFilePerTable: false
3625 [main] DEBUG com.github.jinahya.database.metadata.bind.Memory_$_Test - supportsMixedCaseIdentifiers: false
3625 [main] DEBUG com.github.jinahya.database.metadata.bind.Memory_$_Test - storesUpperCaseIdentifiers: true
3625 [main] DEBUG com.github.jinahya.database.metadata.bind.Memory_$_Test - storesLowerCaseIdentifiers: false
3625 [main] DEBUG com.github.jinahya.database.metadata.bind.Memory_$_Test - storesMixedCaseIdentifiers: false
3625 [main] DEBUG com.github.jinahya.database.metadata.bind.Memory_$_Test - supportsMixedCaseQuotedIdentifiers: true
3625 [main] DEBUG com.github.jinahya.database.metadata.bind.Memory_$_Test - storesUpperCaseQuotedIdentifiers: false
3625 [main] DEBUG com.github.jinahya.database.metadata.bind.Memory_$_Test - storesLowerCaseQuotedIdentifiers: false
3625 [main] DEBUG com.github.jinahya.database.metadata.bind.Memory_$_Test - storesMixedCaseQuotedIdentifiers: false
3625 [main] DEBUG com.github.jinahya.database.metadata.bind.Memory_$_Test - getIdentifierQuoteString: "
3625 [main] DEBUG com.github.jinahya.database.metadata.bind.Memory_$_Test - getSearchStringEscape: \
3625 [main] DEBUG com.github.jinahya.database.metadata.bind.Memory_$_Test - getExtraNameCharacters: 
3625 [main] DEBUG com.github.jinahya.database.metadata.bind.Memory_$_Test - supportsAlterTableWithAddColumn: true
3625 [main] DEBUG com.github.jinahya.database.metadata.bind.Memory_$_Test - supportsAlterTableWithDropColumn: true
3625 [main] DEBUG com.github.jinahya.database.metadata.bind.Memory_$_Test - supportsColumnAliasing: true
3625 [main] DEBUG com.github.jinahya.database.metadata.bind.Memory_$_Test - nullPlusNonNullIsNull: true
3625 [main] DEBUG com.github.jinahya.database.metadata.bind.Memory_$_Test - supportsTableCorrelationNames: true
3625 [main] DEBUG com.github.jinahya.database.metadata.bind.Memory_$_Test - supportsExpressionsInOrderBy: true
3625 [main] DEBUG com.github.jinahya.database.metadata.bind.Memory_$_Test - supportsOrderByUnrelated: true
3625 [main] DEBUG com.github.jinahya.database.metadata.bind.Memory_$_Test - supportsGroupByUnrelated: true
3625 [main] DEBUG com.github.jinahya.database.metadata.bind.Memory_$_Test - supportsGroupByBeyondSelect: true
3625 [main] DEBUG com.github.jinahya.database.metadata.bind.Memory_$_Test - supportsLikeEscapeClause: true
3625 [main] DEBUG com.github.jinahya.database.metadata.bind.Memory_$_Test - supportsMultipleResultSets: false
3625 [main] DEBUG com.github.jinahya.database.metadata.bind.Memory_$_Test - supportsMultipleTransactions: true
3625 [main] DEBUG com.github.jinahya.database.metadata.bind.Memory_$_Test - supportsNonNullableColumns: true
3625 [main] DEBUG com.github.jinahya.database.metadata.bind.Memory_$_Test - supportsMinimumSQLGrammar: true
3625 [main] DEBUG com.github.jinahya.database.metadata.bind.Memory_$_Test - supportsCoreSQLGrammar: true
3625 [main] DEBUG com.github.jinahya.database.metadata.bind.Memory_$_Test - supportsExtendedSQLGrammar: false
3625 [main] DEBUG com.github.jinahya.database.metadata.bind.Memory_$_Test - supportsANSI92EntryLevelSQL: true
3625 [main] DEBUG com.github.jinahya.database.metadata.bind.Memory_$_Test - supportsANSI92IntermediateSQL: false
3625 [main] DEBUG com.github.jinahya.database.metadata.bind.Memory_$_Test - supportsANSI92FullSQL: false
3625 [main] DEBUG com.github.jinahya.database.metadata.bind.Memory_$_Test - supportsFullOuterJoins: false
3625 [main] DEBUG com.github.jinahya.database.metadata.bind.Memory_$_Test - supportsLimitedOuterJoins: true
3625 [main] DEBUG com.github.jinahya.database.metadata.bind.Memory_$_Test - getCatalogSeparator: .
3625 [main] DEBUG com.github.jinahya.database.metadata.bind.Memory_$_Test - supportsSchemasInDataManipulation: true
3625 [main] DEBUG com.github.jinahya.database.metadata.bind.Memory_$_Test - supportsSchemasInProcedureCalls: true
3625 [main] DEBUG com.github.jinahya.database.metadata.bind.Memory_$_Test - supportsSchemasInTableDefinitions: true
3625 [main] DEBUG com.github.jinahya.database.metadata.bind.Memory_$_Test - supportsSchemasInIndexDefinitions: true
3625 [main] DEBUG com.github.jinahya.database.metadata.bind.Memory_$_Test - supportsCatalogsInDataManipulation: true
3625 [main] DEBUG com.github.jinahya.database.metadata.bind.Memory_$_Test - supportsCatalogsInProcedureCalls: false
3625 [main] DEBUG com.github.jinahya.database.metadata.bind.Memory_$_Test - supportsCatalogsInTableDefinitions: true
3625 [main] DEBUG com.github.jinahya.database.metadata.bind.Memory_$_Test - supportsCatalogsInIndexDefinitions: true
3625 [main] DEBUG com.github.jinahya.database.metadata.bind.Memory_$_Test - supportsPositionedDelete: false
3625 [main] DEBUG com.github.jinahya.database.metadata.bind.Memory_$_Test - supportsPositionedUpdate: false
3625 [main] DEBUG com.github.jinahya.database.metadata.bind.Memory_$_Test - supportsSelectForUpdate: true
3625 [main] DEBUG com.github.jinahya.database.metadata.bind.Memory_$_Test - supportsStoredProcedures: false
3625 [main] DEBUG com.github.jinahya.database.metadata.bind.Memory_$_Test - supportsSubqueriesInComparisons: true
3625 [main] DEBUG com.github.jinahya.database.metadata.bind.Memory_$_Test - supportsSubqueriesInExists: true
3625 [main] DEBUG com.github.jinahya.database.metadata.bind.Memory_$_Test - supportsSubqueriesInIns: true
3625 [main] DEBUG com.github.jinahya.database.metadata.bind.Memory_$_Test - supportsSubqueriesInQuantifieds: true
3625 [main] DEBUG com.github.jinahya.database.metadata.bind.Memory_$_Test - supportsCorrelatedSubqueries: true
3625 [main] DEBUG com.github.jinahya.database.metadata.bind.Memory_$_Test - supportsOpenCursorsAcrossCommit: false
3625 [main] DEBUG com.github.jinahya.database.metadata.bind.Memory_$_Test - supportsOpenCursorsAcrossRollback: false
3625 [main] DEBUG com.github.jinahya.database.metadata.bind.Memory_$_Test - supportsOpenStatementsAcrossCommit: true
3625 [main] DEBUG com.github.jinahya.database.metadata.bind.Memory_$_Test - getMaxBinaryLiteralLength: 0
3625 [main] DEBUG com.github.jinahya.database.metadata.bind.Memory_$_Test - getMaxCharLiteralLength: 0
3625 [main] DEBUG com.github.jinahya.database.metadata.bind.Memory_$_Test - getMaxColumnNameLength: 0
3625 [main] DEBUG com.github.jinahya.database.metadata.bind.Memory_$_Test - getMaxColumnsInGroupBy: 0
3625 [main] DEBUG com.github.jinahya.database.metadata.bind.Memory_$_Test - getMaxColumnsInIndex: 0
3625 [main] DEBUG com.github.jinahya.database.metadata.bind.Memory_$_Test - getMaxColumnsInOrderBy: 0
3625 [main] DEBUG com.github.jinahya.database.metadata.bind.Memory_$_Test - getMaxColumnsInSelect: 0
3625 [main] DEBUG com.github.jinahya.database.metadata.bind.Memory_$_Test - getMaxColumnsInTable: 0
3625 [main] DEBUG com.github.jinahya.database.metadata.bind.Memory_$_Test - getMaxCursorNameLength: 0
3625 [main] DEBUG com.github.jinahya.database.metadata.bind.Memory_$_Test - getMaxSchemaNameLength: 0
3625 [main] DEBUG com.github.jinahya.database.metadata.bind.Memory_$_Test - getMaxProcedureNameLength: 0
3625 [main] DEBUG com.github.jinahya.database.metadata.bind.Memory_$_Test - getMaxCatalogNameLength: 0
3625 [main] DEBUG com.github.jinahya.database.metadata.bind.Memory_$_Test - doesMaxRowSizeIncludeBlobs: false
3625 [main] DEBUG com.github.jinahya.database.metadata.bind.Memory_$_Test - getMaxStatementLength: 0
3625 [main] DEBUG com.github.jinahya.database.metadata.bind.Memory_$_Test - getMaxTableNameLength: 0
3625 [main] DEBUG com.github.jinahya.database.metadata.bind.Memory_$_Test - getMaxTablesInSelect: 0
3625 [main] DEBUG com.github.jinahya.database.metadata.bind.Memory_$_Test - getMaxUserNameLength: 0
3625 [main] DEBUG com.github.jinahya.database.metadata.bind.Memory_$_Test - getDefaultTransactionIsolation: 2
3625 [main] DEBUG com.github.jinahya.database.metadata.bind.Memory_$_Test - supportsTransactions: true
3625 [main] DEBUG com.github.jinahya.database.metadata.bind.Memory_$_Test - supportsBatchUpdates: true
3625 [main] DEBUG com.github.jinahya.database.metadata.bind.Memory_$_Test - supportsNamedParameters: false
3625 [main] DEBUG com.github.jinahya.database.metadata.bind.Memory_$_Test - supportsMultipleOpenResults: false
3625 [main] DEBUG com.github.jinahya.database.metadata.bind.Memory_$_Test - supportsGetGeneratedKeys: true
3625 [main] DEBUG com.github.jinahya.database.metadata.bind.Memory_$_Test - getResultSetHoldability: 2
3625 [main] DEBUG com.github.jinahya.database.metadata.bind.Memory_$_Test - getDatabaseMajorVersion: 2
3625 [main] DEBUG com.github.jinahya.database.metadata.bind.Memory_$_Test - getDatabaseMinorVersion: 4
3625 [main] DEBUG com.github.jinahya.database.metadata.bind.Memory_$_Test - getJDBCMajorVersion: 4
3625 [main] DEBUG com.github.jinahya.database.metadata.bind.Memory_$_Test - getJDBCMinorVersion: 3
3625 [main] DEBUG com.github.jinahya.database.metadata.bind.Memory_$_Test - supportsStatementPooling: false
3625 [main] DEBUG com.github.jinahya.database.metadata.bind.Memory_$_Test - generatedKeyAlwaysReturned: true
3625 [main] DEBUG com.github.jinahya.database.metadata.bind.Memory_$_Test - getMaxLogicalLobSize: 0
3625 [main] DEBUG com.github.jinahya.database.metadata.bind.Memory_$_Test - getDatabaseProductName: H2
3625 [main] DEBUG com.github.jinahya.database.metadata.bind.Memory_$_Test - getDatabaseProductVersion: 2.4.240 (2025-09-22)
3625 [main] DEBUG com.github.jinahya.database.metadata.bind.Memory_$_Test - getConnection: conn9: url=jdbc:h2:mem:test user=
3625 [main] DEBUG com.github.jinahya.database.metadata.bind.Memory_$_Test - getUserName: 
3625 [main] DEBUG com.github.jinahya.database.metadata.bind.Memory_$_Test - getSQLKeywords: CURRENT_CATALOG,CURRENT_SCHEMA,GROUPS,IF,ILIKE,KEY,LIMIT,MINUS,OFFSET,QUALIFY,REGEXP,ROWNUM,TOP,_ROWID_
3626 [main] DEBUG com.github.jinahya.database.metadata.bind.Memory_$_Test - getStringFunctions: ASCII,BIT_LENGTH,CHAR_LENGTH,OCTET_LENGTH,CHAR,CONCAT,CONCAT_WS,DIFFERENCE,HEXTORAW,RAWTOHEX,INSERT,LOWER,UPPER,LEFT,RIGHT,LOCATE,LPAD,RPAD,LTRIM,RTRIM,BTRIM,TRIM,REGEXP_REPLACE,REGEXP_LIKE,REGEXP_SUBSTR,REPEAT,REPLACE,SOUNDEX,SPACE,STRINGDECODE,STRINGENCODE,STRINGTOUTF8,SUBSTRING,UTF8TOSTRING,QUOTE_IDENT,XMLATTR,XMLNODE,XMLCOMMENT,XMLCDATA,XMLSTARTDOC,XMLTEXT,TO_CHAR,TRANSLATE
3628 [main] DEBUG com.github.jinahya.database.metadata.bind.Memory_$_Test - getSystemFunctions: ABORT_SESSION,ARRAY_GET,CARDINALITY,ARRAY_CONTAINS,ARRAY_CAT,ARRAY_APPEND,ARRAY_MAX_CARDINALITY,TRIM_ARRAY,ARRAY_SLICE,AUTOCOMMIT,CANCEL_SESSION,CASEWHEN,COALESCE,CONVERT,CURRVAL,CSVWRITE,CURRENT_SCHEMA,CURRENT_CATALOG,DATABASE_PATH,DATA_TYPE_SQL,DB_OBJECT_ID,DB_OBJECT_SQL,DB_OBJECT_SIZE,DB_OBJECT_TOTAL_SIZE,DB_OBJECT_APPROXIMATE_SIZE,DB_OBJECT_APPROXIMATE_TOTAL_SIZE,DECODE,DISK_SPACE_USED,SIGNAL,ESTIMATED_ENVELOPE,FILE_READ,FILE_WRITE,GREATEST,LEAST,LOCK_MODE,LOCK_TIMEOUT,MEMORY_FREE,MEMORY_USED,NEXTVAL,NULLIF,NVL2,READONLY,ROWNUM,SESSION_ID,SET,TRANSACTION_ID,TRUNCATE_VALUE,CURRENT_PATH,CURRENT_ROLE,CURRENT_USER,H2VERSION
3628 [main] DEBUG com.github.jinahya.database.metadata.bind.Memory_$_Test - supportsDifferentTableCorrelationNames: false
3628 [main] DEBUG com.github.jinahya.database.metadata.bind.Memory_$_Test - supportsIntegrityEnhancementFacility: true
3628 [main] DEBUG com.github.jinahya.database.metadata.bind.Memory_$_Test - supportsSchemasInPrivilegeDefinitions: true
3628 [main] DEBUG com.github.jinahya.database.metadata.bind.Memory_$_Test - supportsCatalogsInPrivilegeDefinitions: true
3628 [main] DEBUG com.github.jinahya.database.metadata.bind.Memory_$_Test - supportsOpenStatementsAcrossRollback: true
3628 [main] DEBUG com.github.jinahya.database.metadata.bind.Memory_$_Test - supportsDataManipulationTransactionsOnly: true
3628 [main] DEBUG com.github.jinahya.database.metadata.bind.Memory_$_Test - dataDefinitionCausesTransactionCommit: true
3628 [main] DEBUG com.github.jinahya.database.metadata.bind.Memory_$_Test - dataDefinitionIgnoredInTransactions: false
3628 [main] DEBUG com.github.jinahya.database.metadata.bind.Memory_$_Test - supportsStoredFunctionsUsingCallSyntax: true
3628 [main] DEBUG com.github.jinahya.database.metadata.bind.Memory_$_Test - autoCommitFailureClosesAllResultSets: false
3628 [main] DEBUG com.github.jinahya.database.metadata.bind.Memory_$_Test - supportsDataDefinitionAndDataManipulationTransactions: false
3628 [main] DEBUG com.github.jinahya.database.metadata.bind.Memory_$_Test - nullsAreSortedHigh: false
3628 [main] DEBUG com.github.jinahya.database.metadata.bind.Memory_$_Test - nullsAreSortedLow: true
3628 [main] DEBUG com.github.jinahya.database.metadata.bind.Memory_$_Test - getDriverName: H2 JDBC Driver
3628 [main] DEBUG com.github.jinahya.database.metadata.bind.Memory_$_Test - getDriverVersion: 2.4.240 (2025-09-22)
3628 [main] DEBUG com.github.jinahya.database.metadata.bind.Memory_$_Test - usesLocalFiles: true
3628 [main] DEBUG com.github.jinahya.database.metadata.bind.Memory_$_Test - supportsConvert: true
3628 [main] DEBUG com.github.jinahya.database.metadata.bind.Memory_$_Test - supportsGroupBy: true
3628 [main] DEBUG com.github.jinahya.database.metadata.bind.Memory_$_Test - supportsOuterJoins: true
3628 [main] DEBUG com.github.jinahya.database.metadata.bind.Memory_$_Test - getSchemaTerm: schema
3628 [main] DEBUG com.github.jinahya.database.metadata.bind.Memory_$_Test - getProcedureTerm: procedure
3628 [main] DEBUG com.github.jinahya.database.metadata.bind.Memory_$_Test - getCatalogTerm: catalog
3628 [main] DEBUG com.github.jinahya.database.metadata.bind.Memory_$_Test - isCatalogAtStart: true
3628 [main] DEBUG com.github.jinahya.database.metadata.bind.Memory_$_Test - supportsUnion: true
3628 [main] DEBUG com.github.jinahya.database.metadata.bind.Memory_$_Test - supportsUnionAll: true
3628 [main] DEBUG com.github.jinahya.database.metadata.bind.Memory_$_Test - getMaxConnections: 0
3628 [main] DEBUG com.github.jinahya.database.metadata.bind.Memory_$_Test - getMaxIndexLength: 0
3628 [main] DEBUG com.github.jinahya.database.metadata.bind.Memory_$_Test - getMaxRowSize: 0
3628 [main] DEBUG com.github.jinahya.database.metadata.bind.Memory_$_Test - getMaxStatements: 0
3628 [main] DEBUG com.github.jinahya.database.metadata.bind.Memory_$_Test - supportsSavepoints: true
3628 [main] DEBUG com.github.jinahya.database.metadata.bind.Memory_$_Test - getSQLStateType: 2
3628 [main] DEBUG com.github.jinahya.database.metadata.bind.Memory_$_Test - locatorsUpdateCopy: false
3628 [main] DEBUG com.github.jinahya.database.metadata.bind.Memory_$_Test - getRowIdLifetime: ROWID_UNSUPPORTED
3628 [main] DEBUG com.github.jinahya.database.metadata.bind.Memory_$_Test - supportsRefCursors: false
3628 [main] DEBUG com.github.jinahya.database.metadata.bind.Memory_$_Test - supportsSharding: false
3628 [main] DEBUG com.github.jinahya.database.metadata.bind.Memory_$_Test - isReadOnly: false
3628 [main] DEBUG com.github.jinahya.database.metadata.bind.Memory_$_Test - getURL: jdbc:h2:mem:test
[INFO] Tests run: 11, Failures: 0, Errors: 0, Skipped: 0, Time elapsed: 0.321 s -- in com.github.jinahya.database.metadata.bind.Memory_H2_Test
[INFO] Running com.github.jinahya.database.metadata.bind.TableTest
[INFO] Running com.github.jinahya.database.metadata.bind.MetadataType_Test$FieldTest
[ERROR] Tests run: 11, Failures: 1, Errors: 0, Skipped: 0, Time elapsed: 0.001 s <<< FAILURE! -- in com.github.jinahya.database.metadata.bind.MetadataType_Test$FieldTest
[ERROR] com.github.jinahya.database.metadata.bind.TableTest.equals__ -- Time elapsed: 0.022 s <<< FAILURE!
java.lang.AssertionError: 
EqualsVerifier found a problem in class com.github.jinahya.database.metadata.bind.Table.
-> Significant fields: equals does not use tableType, or it is stateless.

For more information, go to: https://www.jqno.nl/equalsverifier/errormessages
(EqualsVerifier 4.0, JDK 25.0.1 running on classpath, on Mac OS X. Mockito: available.)
	at nl.jqno.equalsverifier.api.SingleTypeEqualsVerifierApi.verify(SingleTypeEqualsVerifierApi.java:389)
	at com.github.jinahya.database.metadata.bind.MetadataType_Test.equals__(MetadataType_Test.java:76)
	at java.base/java.lang.reflect.Method.invoke(Method.java:565)
	at java.base/java.util.ArrayList.forEach(ArrayList.java:1604)
	at java.base/java.util.ArrayList.forEach(ArrayList.java:1604)
Caused by: nl.jqno.equalsverifier.internal.exceptions.AssertionException
	at nl.jqno.equalsverifier.internal.util.Assert.assertTrue(Assert.java:51)
	at nl.jqno.equalsverifier.internal.checkers.fieldchecks.SignificantFieldCheck.assertFieldShouldHaveBeenUsed(SignificantFieldCheck.java:193)
	at nl.jqno.equalsverifier.internal.checkers.fieldchecks.SignificantFieldCheck.assertFieldShouldBeIgnored(SignificantFieldCheck.java:133)
	at nl.jqno.equalsverifier.internal.checkers.fieldchecks.SignificantFieldCheck.checkValues(SignificantFieldCheck.java:76)
	at nl.jqno.equalsverifier.internal.checkers.fieldchecks.SignificantFieldCheck.execute(SignificantFieldCheck.java:45)
	at nl.jqno.equalsverifier.internal.checkers.FieldInspector.check(FieldInspector.java:20)
	at nl.jqno.equalsverifier.internal.checkers.FieldsChecker.check(FieldsChecker.java:74)
	at nl.jqno.equalsverifier.api.SingleTypeEqualsVerifierApi.verifyWithExamples(SingleTypeEqualsVerifierApi.java:498)
	at nl.jqno.equalsverifier.api.SingleTypeEqualsVerifierApi.performVerification(SingleTypeEqualsVerifierApi.java:459)
	at nl.jqno.equalsverifier.api.SingleTypeEqualsVerifierApi.verify(SingleTypeEqualsVerifierApi.java:386)
	... 4 more

[INFO] Tests run: 0, Failures: 0, Errors: 0, Skipped: 0, Time elapsed: 0.025 s -- in com.github.jinahya.database.metadata.bind.TableTest
[INFO] Running com.github.jinahya.database.metadata.bind.ReflectionTest
[WARNING] Tests run: 2, Failures: 0, Errors: 0, Skipped: 2, Time elapsed: 0.002 s -- in com.github.jinahya.database.metadata.bind.ReflectionTest
[INFO] Running com.github.jinahya.database.metadata.bind.ProcedureTest
[INFO] Running com.github.jinahya.database.metadata.bind.MetadataType_Test$FieldTest
[ERROR] Tests run: 12, Failures: 1, Errors: 0, Skipped: 0, Time elapsed: 0.001 s <<< FAILURE! -- in com.github.jinahya.database.metadata.bind.MetadataType_Test$FieldTest
[ERROR] com.github.jinahya.database.metadata.bind.ProcedureTest.equals__ -- Time elapsed: 0.005 s <<< FAILURE!
java.lang.AssertionError: 
EqualsVerifier found a problem in class com.github.jinahya.database.metadata.bind.Procedure.
-> Reflexivity: object does not equal an identical copy of itself:
  com.github.jinahya.database.metadata.bind.Procedure@351cfa7{unmappedColumns={one=java.lang.Object@3ab8b8ed}}{procedureCat=one,procedureSchem=one,procedureName=one,remarks=one,procedureType=1000,specificName=one}
If this is intentional, consider suppressing Warning.IDENTICAL_COPY.

For more information, go to: https://www.jqno.nl/equalsverifier/errormessages
(EqualsVerifier 4.0, JDK 25.0.1 running on classpath, on Mac OS X. Mockito: available.)
	at nl.jqno.equalsverifier.api.SingleTypeEqualsVerifierApi.verify(SingleTypeEqualsVerifierApi.java:389)
	at com.github.jinahya.database.metadata.bind.MetadataType_Test.equals__(MetadataType_Test.java:76)
	at java.base/java.lang.reflect.Method.invoke(Method.java:565)
	at java.base/java.util.ArrayList.forEach(ArrayList.java:1604)
	at java.base/java.util.ArrayList.forEach(ArrayList.java:1604)
Caused by: nl.jqno.equalsverifier.internal.exceptions.AssertionException
	at nl.jqno.equalsverifier.internal.util.Assert.assertEquals(Assert.java:25)
	at nl.jqno.equalsverifier.internal.checkers.fieldchecks.ReflexivityFieldCheck.checkReflexivityFor(ReflexivityFieldCheck.java:145)
	at nl.jqno.equalsverifier.internal.checkers.fieldchecks.ReflexivityFieldCheck.checkReferenceReflexivity(ReflexivityFieldCheck.java:56)
	at nl.jqno.equalsverifier.internal.checkers.fieldchecks.ReflexivityFieldCheck.execute(ReflexivityFieldCheck.java:48)
	at nl.jqno.equalsverifier.internal.checkers.FieldInspector.check(FieldInspector.java:20)
	at nl.jqno.equalsverifier.internal.checkers.FieldsChecker.check(FieldsChecker.java:63)
	at nl.jqno.equalsverifier.api.SingleTypeEqualsVerifierApi.verifyWithExamples(SingleTypeEqualsVerifierApi.java:498)
	at nl.jqno.equalsverifier.api.SingleTypeEqualsVerifierApi.performVerification(SingleTypeEqualsVerifierApi.java:459)
	at nl.jqno.equalsverifier.api.SingleTypeEqualsVerifierApi.verify(SingleTypeEqualsVerifierApi.java:386)
	... 4 more

[INFO] Tests run: 0, Failures: 0, Errors: 0, Skipped: 0, Time elapsed: 0.010 s -- in com.github.jinahya.database.metadata.bind.ProcedureTest
[INFO] Running com.github.jinahya.database.metadata.bind.PrimaryKeyTest
[INFO] Running com.github.jinahya.database.metadata.bind.MetadataType_Test$FieldTest
[ERROR] Tests run: 11, Failures: 1, Errors: 0, Skipped: 0, Time elapsed: 0.001 s <<< FAILURE! -- in com.github.jinahya.database.metadata.bind.MetadataType_Test$FieldTest
[ERROR] com.github.jinahya.database.metadata.bind.PrimaryKeyTest.equals__ -- Time elapsed: 0.008 s <<< FAILURE!
java.lang.AssertionError: 
EqualsVerifier found a problem in class com.github.jinahya.database.metadata.bind.PrimaryKey.
-> Reflexivity: object does not equal an identical copy of itself:
  com.github.jinahya.database.metadata.bind.PrimaryKey@56b9801f{unmappedColumns={one=java.lang.Object@668f6e3a}}{tableCat=one,tableSchem=one,tableName=one,columnName=one,keySeq=1000,pkName=one}
If this is intentional, consider suppressing Warning.IDENTICAL_COPY.

For more information, go to: https://www.jqno.nl/equalsverifier/errormessages
(EqualsVerifier 4.0, JDK 25.0.1 running on classpath, on Mac OS X. Mockito: available.)
	at nl.jqno.equalsverifier.api.SingleTypeEqualsVerifierApi.verify(SingleTypeEqualsVerifierApi.java:389)
	at com.github.jinahya.database.metadata.bind.MetadataType_Test.equals__(MetadataType_Test.java:76)
	at java.base/java.lang.reflect.Method.invoke(Method.java:565)
	at java.base/java.util.ArrayList.forEach(ArrayList.java:1604)
	at java.base/java.util.ArrayList.forEach(ArrayList.java:1604)
Caused by: nl.jqno.equalsverifier.internal.exceptions.AssertionException
	at nl.jqno.equalsverifier.internal.util.Assert.assertEquals(Assert.java:25)
	at nl.jqno.equalsverifier.internal.checkers.fieldchecks.ReflexivityFieldCheck.checkReflexivityFor(ReflexivityFieldCheck.java:145)
	at nl.jqno.equalsverifier.internal.checkers.fieldchecks.ReflexivityFieldCheck.checkReferenceReflexivity(ReflexivityFieldCheck.java:56)
	at nl.jqno.equalsverifier.internal.checkers.fieldchecks.ReflexivityFieldCheck.execute(ReflexivityFieldCheck.java:48)
	at nl.jqno.equalsverifier.internal.checkers.FieldInspector.check(FieldInspector.java:20)
	at nl.jqno.equalsverifier.internal.checkers.FieldsChecker.check(FieldsChecker.java:63)
	at nl.jqno.equalsverifier.api.SingleTypeEqualsVerifierApi.verifyWithExamples(SingleTypeEqualsVerifierApi.java:498)
	at nl.jqno.equalsverifier.api.SingleTypeEqualsVerifierApi.performVerification(SingleTypeEqualsVerifierApi.java:459)
	at nl.jqno.equalsverifier.api.SingleTypeEqualsVerifierApi.verify(SingleTypeEqualsVerifierApi.java:386)
	... 4 more

[INFO] Tests run: 0, Failures: 0, Errors: 0, Skipped: 0, Time elapsed: 0.011 s -- in com.github.jinahya.database.metadata.bind.PrimaryKeyTest
[INFO] Running com.github.jinahya.database.metadata.bind.ClientInfoPropertyTest
[INFO] Running com.github.jinahya.database.metadata.bind.MetadataType_Test$FieldTest
[ERROR] Tests run: 11, Failures: 1, Errors: 0, Skipped: 0, Time elapsed: 0.001 s <<< FAILURE! -- in com.github.jinahya.database.metadata.bind.MetadataType_Test$FieldTest
[ERROR] com.github.jinahya.database.metadata.bind.ClientInfoPropertyTest.equals__ -- Time elapsed: 0.004 s <<< FAILURE!
java.lang.AssertionError: 
EqualsVerifier found a problem in class com.github.jinahya.database.metadata.bind.ClientInfoProperty.
-> Reflexivity: object does not equal an identical copy of itself:
  com.github.jinahya.database.metadata.bind.ClientInfoProperty@2be0ee16{unmappedColumns={one=java.lang.Object@7fa897a5}}{name=one,maxLen=1000,defaultValue=one,description=one}
If this is intentional, consider suppressing Warning.IDENTICAL_COPY.

For more information, go to: https://www.jqno.nl/equalsverifier/errormessages
(EqualsVerifier 4.0, JDK 25.0.1 running on classpath, on Mac OS X. Mockito: available.)
	at nl.jqno.equalsverifier.api.SingleTypeEqualsVerifierApi.verify(SingleTypeEqualsVerifierApi.java:389)
	at com.github.jinahya.database.metadata.bind.MetadataType_Test.equals__(MetadataType_Test.java:76)
	at java.base/java.lang.reflect.Method.invoke(Method.java:565)
	at java.base/java.util.ArrayList.forEach(ArrayList.java:1604)
	at java.base/java.util.ArrayList.forEach(ArrayList.java:1604)
Caused by: nl.jqno.equalsverifier.internal.exceptions.AssertionException
	at nl.jqno.equalsverifier.internal.util.Assert.assertEquals(Assert.java:25)
	at nl.jqno.equalsverifier.internal.checkers.fieldchecks.ReflexivityFieldCheck.checkReflexivityFor(ReflexivityFieldCheck.java:145)
	at nl.jqno.equalsverifier.internal.checkers.fieldchecks.ReflexivityFieldCheck.checkReferenceReflexivity(ReflexivityFieldCheck.java:56)
	at nl.jqno.equalsverifier.internal.checkers.fieldchecks.ReflexivityFieldCheck.execute(ReflexivityFieldCheck.java:48)
	at nl.jqno.equalsverifier.internal.checkers.FieldInspector.check(FieldInspector.java:20)
	at nl.jqno.equalsverifier.internal.checkers.FieldsChecker.check(FieldsChecker.java:63)
	at nl.jqno.equalsverifier.api.SingleTypeEqualsVerifierApi.verifyWithExamples(SingleTypeEqualsVerifierApi.java:498)
	at nl.jqno.equalsverifier.api.SingleTypeEqualsVerifierApi.performVerification(SingleTypeEqualsVerifierApi.java:459)
	at nl.jqno.equalsverifier.api.SingleTypeEqualsVerifierApi.verify(SingleTypeEqualsVerifierApi.java:386)
	... 4 more

[INFO] Tests run: 0, Failures: 0, Errors: 0, Skipped: 0, Time elapsed: 0.007 s -- in com.github.jinahya.database.metadata.bind.ClientInfoPropertyTest
[INFO] Running com.github.jinahya.database.metadata.bind.ProcedureColumnTest
[INFO] Running com.github.jinahya.database.metadata.bind.MetadataType_Test$FieldTest
[ERROR] Tests run: 11, Failures: 1, Errors: 0, Skipped: 0, Time elapsed: 0.001 s <<< FAILURE! -- in com.github.jinahya.database.metadata.bind.MetadataType_Test$FieldTest
[ERROR] com.github.jinahya.database.metadata.bind.ProcedureColumnTest.equals__ -- Time elapsed: 0.017 s <<< FAILURE!
java.lang.AssertionError: 
EqualsVerifier found a problem in class com.github.jinahya.database.metadata.bind.ProcedureColumn.
-> Reflexivity: object does not equal an identical copy of itself:
  com.github.jinahya.database.metadata.bind.ProcedureColumn@461d5b80{unmappedColumns={one=java.lang.Object@7cfed246}}{procedureCat=one,procedureSchem=one,procedureName=one,columnName=one,columnType=1000,dataType=1000,typeName=one,precision=1000,length=1000,scale=1000,radix=1000,nullable=1000,remarks=one,columnDef=one,sqlDataType=1000,sqlDatetimeSub=1000,charOctetLength=1000,ordinalPosition=1000,isNullable=one,specificName=one}
If this is intentional, consider suppressing Warning.IDENTICAL_COPY.

For more information, go to: https://www.jqno.nl/equalsverifier/errormessages
(EqualsVerifier 4.0, JDK 25.0.1 running on classpath, on Mac OS X. Mockito: available.)
	at nl.jqno.equalsverifier.api.SingleTypeEqualsVerifierApi.verify(SingleTypeEqualsVerifierApi.java:389)
	at com.github.jinahya.database.metadata.bind.MetadataType_Test.equals__(MetadataType_Test.java:76)
	at java.base/java.lang.reflect.Method.invoke(Method.java:565)
	at java.base/java.util.ArrayList.forEach(ArrayList.java:1604)
	at java.base/java.util.ArrayList.forEach(ArrayList.java:1604)
Caused by: nl.jqno.equalsverifier.internal.exceptions.AssertionException
	at nl.jqno.equalsverifier.internal.util.Assert.assertEquals(Assert.java:25)
	at nl.jqno.equalsverifier.internal.checkers.fieldchecks.ReflexivityFieldCheck.checkReflexivityFor(ReflexivityFieldCheck.java:145)
	at nl.jqno.equalsverifier.internal.checkers.fieldchecks.ReflexivityFieldCheck.checkReferenceReflexivity(ReflexivityFieldCheck.java:56)
	at nl.jqno.equalsverifier.internal.checkers.fieldchecks.ReflexivityFieldCheck.execute(ReflexivityFieldCheck.java:48)
	at nl.jqno.equalsverifier.internal.checkers.FieldInspector.check(FieldInspector.java:20)
	at nl.jqno.equalsverifier.internal.checkers.FieldsChecker.check(FieldsChecker.java:63)
	at nl.jqno.equalsverifier.api.SingleTypeEqualsVerifierApi.verifyWithExamples(SingleTypeEqualsVerifierApi.java:498)
	at nl.jqno.equalsverifier.api.SingleTypeEqualsVerifierApi.performVerification(SingleTypeEqualsVerifierApi.java:459)
	at nl.jqno.equalsverifier.api.SingleTypeEqualsVerifierApi.verify(SingleTypeEqualsVerifierApi.java:386)
	... 4 more

[INFO] Tests run: 0, Failures: 0, Errors: 0, Skipped: 0, Time elapsed: 0.020 s -- in com.github.jinahya.database.metadata.bind.ProcedureColumnTest
[INFO] Running com.github.jinahya.database.metadata.bind.IndexInfoTest
[INFO] Running com.github.jinahya.database.metadata.bind.MetadataType_Test$FieldTest
[ERROR] Tests run: 11, Failures: 1, Errors: 0, Skipped: 0, Time elapsed: 0.001 s <<< FAILURE! -- in com.github.jinahya.database.metadata.bind.MetadataType_Test$FieldTest
[ERROR] com.github.jinahya.database.metadata.bind.IndexInfoTest.equals__ -- Time elapsed: 0.011 s <<< FAILURE!
java.lang.AssertionError: 
EqualsVerifier found a problem in class com.github.jinahya.database.metadata.bind.IndexInfo.
-> Reflexivity: object does not equal an identical copy of itself:
  com.github.jinahya.database.metadata.bind.IndexInfo@71c8b3fd{unmappedColumns={one=java.lang.Object@45cee004}}{tableCat=one,tableSchem=one,tableName=one,nonUnique=true,indexQualifier=one,indexName=one,type=1000,ordinalPosition=1000,columnName=one,ascOrDesc=one,cardinality=1000,pages=1000,filterCondition=one}
If this is intentional, consider suppressing Warning.IDENTICAL_COPY.

For more information, go to: https://www.jqno.nl/equalsverifier/errormessages
(EqualsVerifier 4.0, JDK 25.0.1 running on classpath, on Mac OS X. Mockito: available.)
	at nl.jqno.equalsverifier.api.SingleTypeEqualsVerifierApi.verify(SingleTypeEqualsVerifierApi.java:389)
	at com.github.jinahya.database.metadata.bind.MetadataType_Test.equals__(MetadataType_Test.java:76)
	at java.base/java.lang.reflect.Method.invoke(Method.java:565)
	at java.base/java.util.ArrayList.forEach(ArrayList.java:1604)
	at java.base/java.util.ArrayList.forEach(ArrayList.java:1604)
Caused by: nl.jqno.equalsverifier.internal.exceptions.AssertionException
	at nl.jqno.equalsverifier.internal.util.Assert.assertEquals(Assert.java:25)
	at nl.jqno.equalsverifier.internal.checkers.fieldchecks.ReflexivityFieldCheck.checkReflexivityFor(ReflexivityFieldCheck.java:145)
	at nl.jqno.equalsverifier.internal.checkers.fieldchecks.ReflexivityFieldCheck.checkReferenceReflexivity(ReflexivityFieldCheck.java:56)
	at nl.jqno.equalsverifier.internal.checkers.fieldchecks.ReflexivityFieldCheck.execute(ReflexivityFieldCheck.java:48)
	at nl.jqno.equalsverifier.internal.checkers.FieldInspector.check(FieldInspector.java:20)
	at nl.jqno.equalsverifier.internal.checkers.FieldsChecker.check(FieldsChecker.java:63)
	at nl.jqno.equalsverifier.api.SingleTypeEqualsVerifierApi.verifyWithExamples(SingleTypeEqualsVerifierApi.java:498)
	at nl.jqno.equalsverifier.api.SingleTypeEqualsVerifierApi.performVerification(SingleTypeEqualsVerifierApi.java:459)
	at nl.jqno.equalsverifier.api.SingleTypeEqualsVerifierApi.verify(SingleTypeEqualsVerifierApi.java:386)
	... 4 more

[INFO] Tests run: 0, Failures: 0, Errors: 0, Skipped: 0, Time elapsed: 0.014 s -- in com.github.jinahya.database.metadata.bind.IndexInfoTest
[INFO] Running com.github.jinahya.database.metadata.bind.SuperTypeTest
[INFO] Running com.github.jinahya.database.metadata.bind.MetadataType_Test$FieldTest
[ERROR] Tests run: 11, Failures: 1, Errors: 0, Skipped: 0, Time elapsed: 0.001 s <<< FAILURE! -- in com.github.jinahya.database.metadata.bind.MetadataType_Test$FieldTest
[ERROR] com.github.jinahya.database.metadata.bind.SuperTypeTest.equals__ -- Time elapsed: 0.007 s <<< FAILURE!
java.lang.AssertionError: 
EqualsVerifier found a problem in class com.github.jinahya.database.metadata.bind.SuperType.
-> Reflexivity: object does not equal an identical copy of itself:
  com.github.jinahya.database.metadata.bind.SuperType@51b2af22{unmappedColumns={one=java.lang.Object@4b608ae6}}{typeCat=one,typeSchem=one,typeName=one,supertypeCat=one,supertypeSchem=one,supertypeName=one}
If this is intentional, consider suppressing Warning.IDENTICAL_COPY.

For more information, go to: https://www.jqno.nl/equalsverifier/errormessages
(EqualsVerifier 4.0, JDK 25.0.1 running on classpath, on Mac OS X. Mockito: available.)
	at nl.jqno.equalsverifier.api.SingleTypeEqualsVerifierApi.verify(SingleTypeEqualsVerifierApi.java:389)
	at com.github.jinahya.database.metadata.bind.MetadataType_Test.equals__(MetadataType_Test.java:76)
	at java.base/java.lang.reflect.Method.invoke(Method.java:565)
	at java.base/java.util.ArrayList.forEach(ArrayList.java:1604)
	at java.base/java.util.ArrayList.forEach(ArrayList.java:1604)
Caused by: nl.jqno.equalsverifier.internal.exceptions.AssertionException
	at nl.jqno.equalsverifier.internal.util.Assert.assertEquals(Assert.java:25)
	at nl.jqno.equalsverifier.internal.checkers.fieldchecks.ReflexivityFieldCheck.checkReflexivityFor(ReflexivityFieldCheck.java:145)
	at nl.jqno.equalsverifier.internal.checkers.fieldchecks.ReflexivityFieldCheck.checkReferenceReflexivity(ReflexivityFieldCheck.java:56)
	at nl.jqno.equalsverifier.internal.checkers.fieldchecks.ReflexivityFieldCheck.execute(ReflexivityFieldCheck.java:48)
	at nl.jqno.equalsverifier.internal.checkers.FieldInspector.check(FieldInspector.java:20)
	at nl.jqno.equalsverifier.internal.checkers.FieldsChecker.check(FieldsChecker.java:63)
	at nl.jqno.equalsverifier.api.SingleTypeEqualsVerifierApi.verifyWithExamples(SingleTypeEqualsVerifierApi.java:498)
	at nl.jqno.equalsverifier.api.SingleTypeEqualsVerifierApi.performVerification(SingleTypeEqualsVerifierApi.java:459)
	at nl.jqno.equalsverifier.api.SingleTypeEqualsVerifierApi.verify(SingleTypeEqualsVerifierApi.java:386)
	... 4 more

[INFO] Tests run: 0, Failures: 0, Errors: 0, Skipped: 0, Time elapsed: 0.009 s -- in com.github.jinahya.database.metadata.bind.SuperTypeTest
[INFO] Running com.github.jinahya.database.metadata.bind.TypeInfoTest
[INFO] Running com.github.jinahya.database.metadata.bind.MetadataType_Test$FieldTest
[ERROR] Tests run: 11, Failures: 1, Errors: 0, Skipped: 0, Time elapsed: 0 s <<< FAILURE! -- in com.github.jinahya.database.metadata.bind.MetadataType_Test$FieldTest
[ERROR] com.github.jinahya.database.metadata.bind.TypeInfoTest.equals__ -- Time elapsed: 0.015 s <<< FAILURE!
java.lang.AssertionError: 
EqualsVerifier found a problem in class com.github.jinahya.database.metadata.bind.TypeInfo.
-> Reflexivity: object does not equal an identical copy of itself:
  com.github.jinahya.database.metadata.bind.TypeInfo@6a0cb107{unmappedColumns={one=java.lang.Object@6193f40e}}{typeName=one,dataType=1000,precision=1000,literalPrefix=one,literalSuffix=one,createParams=one,nullable=1000,caseSensitive=true,searchable=1000,unsignedAttribute=true,fixedPrecScale=true,autoIncrement=true,localTypeName=one,minimumScale=1000,maximumScale=1000,sqlDataType=1000,sqlDatetimeSub=1000,numPrecRadix=1000}
If this is intentional, consider suppressing Warning.IDENTICAL_COPY.

For more information, go to: https://www.jqno.nl/equalsverifier/errormessages
(EqualsVerifier 4.0, JDK 25.0.1 running on classpath, on Mac OS X. Mockito: available.)
	at nl.jqno.equalsverifier.api.SingleTypeEqualsVerifierApi.verify(SingleTypeEqualsVerifierApi.java:389)
	at com.github.jinahya.database.metadata.bind.MetadataType_Test.equals__(MetadataType_Test.java:76)
	at java.base/java.lang.reflect.Method.invoke(Method.java:565)
	at java.base/java.util.ArrayList.forEach(ArrayList.java:1604)
	at java.base/java.util.ArrayList.forEach(ArrayList.java:1604)
Caused by: nl.jqno.equalsverifier.internal.exceptions.AssertionException
	at nl.jqno.equalsverifier.internal.util.Assert.assertEquals(Assert.java:25)
	at nl.jqno.equalsverifier.internal.checkers.fieldchecks.ReflexivityFieldCheck.checkReflexivityFor(ReflexivityFieldCheck.java:145)
	at nl.jqno.equalsverifier.internal.checkers.fieldchecks.ReflexivityFieldCheck.checkReferenceReflexivity(ReflexivityFieldCheck.java:56)
	at nl.jqno.equalsverifier.internal.checkers.fieldchecks.ReflexivityFieldCheck.execute(ReflexivityFieldCheck.java:48)
	at nl.jqno.equalsverifier.internal.checkers.FieldInspector.check(FieldInspector.java:20)
	at nl.jqno.equalsverifier.internal.checkers.FieldsChecker.check(FieldsChecker.java:63)
	at nl.jqno.equalsverifier.api.SingleTypeEqualsVerifierApi.verifyWithExamples(SingleTypeEqualsVerifierApi.java:498)
	at nl.jqno.equalsverifier.api.SingleTypeEqualsVerifierApi.performVerification(SingleTypeEqualsVerifierApi.java:459)
	at nl.jqno.equalsverifier.api.SingleTypeEqualsVerifierApi.verify(SingleTypeEqualsVerifierApi.java:386)
	... 4 more

[INFO] Tests run: 0, Failures: 0, Errors: 0, Skipped: 0, Time elapsed: 0.017 s -- in com.github.jinahya.database.metadata.bind.TypeInfoTest
[INFO] Running com.github.jinahya.database.metadata.bind.ColumnPrivilegeTest
[INFO] Running com.github.jinahya.database.metadata.bind.MetadataType_Test$FieldTest
[ERROR] Tests run: 11, Failures: 1, Errors: 0, Skipped: 0, Time elapsed: 0.001 s <<< FAILURE! -- in com.github.jinahya.database.metadata.bind.MetadataType_Test$FieldTest
[ERROR] com.github.jinahya.database.metadata.bind.ColumnPrivilegeTest.equals__ -- Time elapsed: 0.008 s <<< FAILURE!
java.lang.AssertionError: 
EqualsVerifier found a problem in class com.github.jinahya.database.metadata.bind.ColumnPrivilege.
-> Reflexivity: object does not equal an identical copy of itself:
  com.github.jinahya.database.metadata.bind.ColumnPrivilege@fdc58e13{unmappedColumns={one=java.lang.Object@10489785}}{tableCat=one,tableSchem=one,tableName=one,columnName=one,grantor=one,grantee=one,privilege=one,isGrantable=one}
If this is intentional, consider suppressing Warning.IDENTICAL_COPY.

For more information, go to: https://www.jqno.nl/equalsverifier/errormessages
(EqualsVerifier 4.0, JDK 25.0.1 running on classpath, on Mac OS X. Mockito: available.)
	at nl.jqno.equalsverifier.api.SingleTypeEqualsVerifierApi.verify(SingleTypeEqualsVerifierApi.java:389)
	at com.github.jinahya.database.metadata.bind.MetadataType_Test.equals__(MetadataType_Test.java:76)
	at java.base/java.lang.reflect.Method.invoke(Method.java:565)
	at java.base/java.util.ArrayList.forEach(ArrayList.java:1604)
	at java.base/java.util.ArrayList.forEach(ArrayList.java:1604)
Caused by: nl.jqno.equalsverifier.internal.exceptions.AssertionException
	at nl.jqno.equalsverifier.internal.util.Assert.assertEquals(Assert.java:25)
	at nl.jqno.equalsverifier.internal.checkers.fieldchecks.ReflexivityFieldCheck.checkReflexivityFor(ReflexivityFieldCheck.java:145)
	at nl.jqno.equalsverifier.internal.checkers.fieldchecks.ReflexivityFieldCheck.checkReferenceReflexivity(ReflexivityFieldCheck.java:56)
	at nl.jqno.equalsverifier.internal.checkers.fieldchecks.ReflexivityFieldCheck.execute(ReflexivityFieldCheck.java:48)
	at nl.jqno.equalsverifier.internal.checkers.FieldInspector.check(FieldInspector.java:20)
	at nl.jqno.equalsverifier.internal.checkers.FieldsChecker.check(FieldsChecker.java:63)
	at nl.jqno.equalsverifier.api.SingleTypeEqualsVerifierApi.verifyWithExamples(SingleTypeEqualsVerifierApi.java:498)
	at nl.jqno.equalsverifier.api.SingleTypeEqualsVerifierApi.performVerification(SingleTypeEqualsVerifierApi.java:459)
	at nl.jqno.equalsverifier.api.SingleTypeEqualsVerifierApi.verify(SingleTypeEqualsVerifierApi.java:386)
	... 4 more

[INFO] Tests run: 0, Failures: 0, Errors: 0, Skipped: 0, Time elapsed: 0.010 s -- in com.github.jinahya.database.metadata.bind.ColumnPrivilegeTest
[INFO] Running com.github.jinahya.database.metadata.bind.TablePrivilegeTest
[INFO] Running com.github.jinahya.database.metadata.bind.MetadataType_Test$FieldTest
[ERROR] Tests run: 11, Failures: 1, Errors: 0, Skipped: 0, Time elapsed: 0 s <<< FAILURE! -- in com.github.jinahya.database.metadata.bind.MetadataType_Test$FieldTest
[ERROR] com.github.jinahya.database.metadata.bind.TablePrivilegeTest.equals__ -- Time elapsed: 0.007 s <<< FAILURE!
java.lang.AssertionError: 
EqualsVerifier found a problem in class com.github.jinahya.database.metadata.bind.TablePrivilege.
-> Reflexivity: object does not equal an identical copy of itself:
  com.github.jinahya.database.metadata.bind.TablePrivilege@1946c4a6{unmappedColumns={one=java.lang.Object@7239cb6e}}{tableCat=one,tableSchem=one,tableName=one,grantor=one,grantee=one,privilege=one,isGrantable=one}
If this is intentional, consider suppressing Warning.IDENTICAL_COPY.

For more information, go to: https://www.jqno.nl/equalsverifier/errormessages
(EqualsVerifier 4.0, JDK 25.0.1 running on classpath, on Mac OS X. Mockito: available.)
	at nl.jqno.equalsverifier.api.SingleTypeEqualsVerifierApi.verify(SingleTypeEqualsVerifierApi.java:389)
	at com.github.jinahya.database.metadata.bind.MetadataType_Test.equals__(MetadataType_Test.java:76)
	at java.base/java.lang.reflect.Method.invoke(Method.java:565)
	at java.base/java.util.ArrayList.forEach(ArrayList.java:1604)
	at java.base/java.util.ArrayList.forEach(ArrayList.java:1604)
Caused by: nl.jqno.equalsverifier.internal.exceptions.AssertionException
	at nl.jqno.equalsverifier.internal.util.Assert.assertEquals(Assert.java:25)
	at nl.jqno.equalsverifier.internal.checkers.fieldchecks.ReflexivityFieldCheck.checkReflexivityFor(ReflexivityFieldCheck.java:145)
	at nl.jqno.equalsverifier.internal.checkers.fieldchecks.ReflexivityFieldCheck.checkReferenceReflexivity(ReflexivityFieldCheck.java:56)
	at nl.jqno.equalsverifier.internal.checkers.fieldchecks.ReflexivityFieldCheck.execute(ReflexivityFieldCheck.java:48)
	at nl.jqno.equalsverifier.internal.checkers.FieldInspector.check(FieldInspector.java:20)
	at nl.jqno.equalsverifier.internal.checkers.FieldsChecker.check(FieldsChecker.java:63)
	at nl.jqno.equalsverifier.api.SingleTypeEqualsVerifierApi.verifyWithExamples(SingleTypeEqualsVerifierApi.java:498)
	at nl.jqno.equalsverifier.api.SingleTypeEqualsVerifierApi.performVerification(SingleTypeEqualsVerifierApi.java:459)
	at nl.jqno.equalsverifier.api.SingleTypeEqualsVerifierApi.verify(SingleTypeEqualsVerifierApi.java:386)
	... 4 more

[INFO] Tests run: 0, Failures: 0, Errors: 0, Skipped: 0, Time elapsed: 0.008 s -- in com.github.jinahya.database.metadata.bind.TablePrivilegeTest
[INFO] Running com.github.jinahya.database.metadata.bind.FunctionColumnTest
[INFO] Running com.github.jinahya.database.metadata.bind.MetadataType_Test$FieldTest
[ERROR] Tests run: 11, Failures: 1, Errors: 0, Skipped: 0, Time elapsed: 0 s <<< FAILURE! -- in com.github.jinahya.database.metadata.bind.MetadataType_Test$FieldTest
[ERROR] com.github.jinahya.database.metadata.bind.FunctionColumnTest.equals__ -- Time elapsed: 0.021 s <<< FAILURE!
java.lang.AssertionError: 
EqualsVerifier found a problem in class com.github.jinahya.database.metadata.bind.FunctionColumn.
-> Significant fields: equals does not use columnType, or it is stateless.

For more information, go to: https://www.jqno.nl/equalsverifier/errormessages
(EqualsVerifier 4.0, JDK 25.0.1 running on classpath, on Mac OS X. Mockito: available.)
	at nl.jqno.equalsverifier.api.SingleTypeEqualsVerifierApi.verify(SingleTypeEqualsVerifierApi.java:389)
	at com.github.jinahya.database.metadata.bind.MetadataType_Test.equals__(MetadataType_Test.java:76)
	at java.base/java.lang.reflect.Method.invoke(Method.java:565)
	at java.base/java.util.ArrayList.forEach(ArrayList.java:1604)
	at java.base/java.util.ArrayList.forEach(ArrayList.java:1604)
Caused by: nl.jqno.equalsverifier.internal.exceptions.AssertionException
	at nl.jqno.equalsverifier.internal.util.Assert.assertTrue(Assert.java:51)
	at nl.jqno.equalsverifier.internal.checkers.fieldchecks.SignificantFieldCheck.assertFieldShouldHaveBeenUsed(SignificantFieldCheck.java:193)
	at nl.jqno.equalsverifier.internal.checkers.fieldchecks.SignificantFieldCheck.assertFieldShouldBeIgnored(SignificantFieldCheck.java:133)
	at nl.jqno.equalsverifier.internal.checkers.fieldchecks.SignificantFieldCheck.checkValues(SignificantFieldCheck.java:76)
	at nl.jqno.equalsverifier.internal.checkers.fieldchecks.SignificantFieldCheck.execute(SignificantFieldCheck.java:45)
	at nl.jqno.equalsverifier.internal.checkers.FieldInspector.check(FieldInspector.java:20)
	at nl.jqno.equalsverifier.internal.checkers.FieldsChecker.check(FieldsChecker.java:74)
	at nl.jqno.equalsverifier.api.SingleTypeEqualsVerifierApi.verifyWithExamples(SingleTypeEqualsVerifierApi.java:498)
	at nl.jqno.equalsverifier.api.SingleTypeEqualsVerifierApi.performVerification(SingleTypeEqualsVerifierApi.java:459)
	at nl.jqno.equalsverifier.api.SingleTypeEqualsVerifierApi.verify(SingleTypeEqualsVerifierApi.java:386)
	... 4 more

[INFO] Tests run: 0, Failures: 0, Errors: 0, Skipped: 0, Time elapsed: 0.026 s -- in com.github.jinahya.database.metadata.bind.FunctionColumnTest
[INFO] Running com.github.jinahya.database.metadata.bind.ContextTest
3794 [main] DEBUG com.github.jinahya.database.metadata.bind.ContextTest - method: public abstract java.sql.ResultSet java.sql.DatabaseMetaData.getBestRowIdentifier(java.lang.String,java.lang.String,java.lang.String,int,boolean) throws java.sql.SQLException
3794 [main] DEBUG com.github.jinahya.database.metadata.bind.ContextTest - method: public abstract java.sql.ResultSet java.sql.DatabaseMetaData.getClientInfoProperties() throws java.sql.SQLException
3794 [main] DEBUG com.github.jinahya.database.metadata.bind.ContextTest - method: public abstract java.sql.ResultSet java.sql.DatabaseMetaData.getProcedureColumns(java.lang.String,java.lang.String,java.lang.String,java.lang.String) throws java.sql.SQLException
3794 [main] DEBUG com.github.jinahya.database.metadata.bind.ContextTest - method: public abstract java.sql.ResultSet java.sql.DatabaseMetaData.getColumnPrivileges(java.lang.String,java.lang.String,java.lang.String,java.lang.String) throws java.sql.SQLException
3794 [main] DEBUG com.github.jinahya.database.metadata.bind.ContextTest - method: public abstract java.sql.ResultSet java.sql.DatabaseMetaData.getCatalogs() throws java.sql.SQLException
3794 [main] DEBUG com.github.jinahya.database.metadata.bind.ContextTest - method: public abstract java.sql.ResultSet java.sql.DatabaseMetaData.getColumns(java.lang.String,java.lang.String,java.lang.String,java.lang.String) throws java.sql.SQLException
3794 [main] DEBUG com.github.jinahya.database.metadata.bind.ContextTest - method: public abstract java.sql.ResultSet java.sql.DatabaseMetaData.getFunctions(java.lang.String,java.lang.String,java.lang.String) throws java.sql.SQLException
3794 [main] DEBUG com.github.jinahya.database.metadata.bind.ContextTest - method: public abstract java.sql.ResultSet java.sql.DatabaseMetaData.getFunctionColumns(java.lang.String,java.lang.String,java.lang.String,java.lang.String) throws java.sql.SQLException
3794 [main] DEBUG com.github.jinahya.database.metadata.bind.ContextTest - method: public abstract java.sql.ResultSet java.sql.DatabaseMetaData.getSchemas() throws java.sql.SQLException
3794 [main] DEBUG com.github.jinahya.database.metadata.bind.ContextTest - method: public abstract java.sql.ResultSet java.sql.DatabaseMetaData.getSchemas(java.lang.String,java.lang.String) throws java.sql.SQLException
3794 [main] DEBUG com.github.jinahya.database.metadata.bind.ContextTest - method: public abstract java.sql.ResultSet java.sql.DatabaseMetaData.getTables(java.lang.String,java.lang.String,java.lang.String,java.lang.String[]) throws java.sql.SQLException
3794 [main] DEBUG com.github.jinahya.database.metadata.bind.ContextTest - method: public abstract java.sql.ResultSet java.sql.DatabaseMetaData.getTableTypes() throws java.sql.SQLException
3794 [main] DEBUG com.github.jinahya.database.metadata.bind.ContextTest - method: public abstract java.sql.ResultSet java.sql.DatabaseMetaData.getCrossReference(java.lang.String,java.lang.String,java.lang.String,java.lang.String,java.lang.String,java.lang.String) throws java.sql.SQLException
3794 [main] DEBUG com.github.jinahya.database.metadata.bind.ContextTest - method: public abstract java.sql.ResultSet java.sql.DatabaseMetaData.getExportedKeys(java.lang.String,java.lang.String,java.lang.String) throws java.sql.SQLException
3794 [main] DEBUG com.github.jinahya.database.metadata.bind.ContextTest - method: public abstract java.sql.ResultSet java.sql.DatabaseMetaData.getImportedKeys(java.lang.String,java.lang.String,java.lang.String) throws java.sql.SQLException
3794 [main] DEBUG com.github.jinahya.database.metadata.bind.ContextTest - method: public abstract java.sql.ResultSet java.sql.DatabaseMetaData.getIndexInfo(java.lang.String,java.lang.String,java.lang.String,boolean,boolean) throws java.sql.SQLException
3794 [main] DEBUG com.github.jinahya.database.metadata.bind.ContextTest - method: public abstract java.sql.ResultSet java.sql.DatabaseMetaData.getPrimaryKeys(java.lang.String,java.lang.String,java.lang.String) throws java.sql.SQLException
3794 [main] DEBUG com.github.jinahya.database.metadata.bind.ContextTest - method: public abstract java.sql.ResultSet java.sql.DatabaseMetaData.getProcedures(java.lang.String,java.lang.String,java.lang.String) throws java.sql.SQLException
3794 [main] DEBUG com.github.jinahya.database.metadata.bind.ContextTest - method: public abstract java.sql.ResultSet java.sql.DatabaseMetaData.getPseudoColumns(java.lang.String,java.lang.String,java.lang.String,java.lang.String) throws java.sql.SQLException
3794 [main] DEBUG com.github.jinahya.database.metadata.bind.ContextTest - method: public abstract java.sql.ResultSet java.sql.DatabaseMetaData.getSuperTables(java.lang.String,java.lang.String,java.lang.String) throws java.sql.SQLException
3794 [main] DEBUG com.github.jinahya.database.metadata.bind.ContextTest - method: public abstract java.sql.ResultSet java.sql.DatabaseMetaData.getSuperTypes(java.lang.String,java.lang.String,java.lang.String) throws java.sql.SQLException
3794 [main] DEBUG com.github.jinahya.database.metadata.bind.ContextTest - method: public abstract java.sql.ResultSet java.sql.DatabaseMetaData.getTablePrivileges(java.lang.String,java.lang.String,java.lang.String) throws java.sql.SQLException
3794 [main] DEBUG com.github.jinahya.database.metadata.bind.ContextTest - method: public abstract java.sql.ResultSet java.sql.DatabaseMetaData.getTypeInfo() throws java.sql.SQLException
3794 [main] DEBUG com.github.jinahya.database.metadata.bind.ContextTest - method: public abstract java.sql.ResultSet java.sql.DatabaseMetaData.getUDTs(java.lang.String,java.lang.String,java.lang.String,int[]) throws java.sql.SQLException
3794 [main] DEBUG com.github.jinahya.database.metadata.bind.ContextTest - method: public abstract java.sql.ResultSet java.sql.DatabaseMetaData.getVersionColumns(java.lang.String,java.lang.String,java.lang.String) throws java.sql.SQLException
3794 [main] DEBUG com.github.jinahya.database.metadata.bind.ContextTest - method: public abstract java.sql.ResultSet java.sql.DatabaseMetaData.getAttributes(java.lang.String,java.lang.String,java.lang.String,java.lang.String) throws java.sql.SQLException
[INFO] Tests run: 1, Failures: 0, Errors: 0, Skipped: 0, Time elapsed: 0.001 s -- in com.github.jinahya.database.metadata.bind.ContextTest
[INFO] Running com.github.jinahya.database.metadata.bind.Memory_Derby_Test
3884 [main] DEBUG com.github.jinahya.database.metadata.bind.Memory_Derby_Test - driver class: class org.apache.derby.jdbc.EmbeddedDriver
4042 [main] DEBUG com.github.jinahya.database.metadata.bind.Memory_Derby_Test - connection: org.apache.derby.impl.jdbc.EmbedConnection@1584074889 (XID = 166), (SESSIONID = 1), (DATABASE = memory:test), (DRDAID = null) 
Jan 26, 2026 2:30:08 PM com.github.jinahya.database.metadata.bind.Context bind
WARNING: unknown result; type: FunctionColumn, label: METHOD_ID, value: 2
Jan 26, 2026 2:30:08 PM com.github.jinahya.database.metadata.bind.Context bind
WARNING: unknown result; type: FunctionColumn, label: PARAMETER_ID, value: -1
Jan 26, 2026 2:30:08 PM com.github.jinahya.database.metadata.bind.Context bind
WARNING: unknown result; type: FunctionColumn, label: METHOD_ID, value: 2
Jan 26, 2026 2:30:08 PM com.github.jinahya.database.metadata.bind.Context bind
WARNING: unknown result; type: FunctionColumn, label: PARAMETER_ID, value: 0
Jan 26, 2026 2:30:08 PM com.github.jinahya.database.metadata.bind.Context bind
WARNING: unknown result; type: FunctionColumn, label: METHOD_ID, value: 2
Jan 26, 2026 2:30:08 PM com.github.jinahya.database.metadata.bind.Context bind
WARNING: unknown result; type: FunctionColumn, label: PARAMETER_ID, value: 1
Jan 26, 2026 2:30:08 PM com.github.jinahya.database.metadata.bind.Context bind
WARNING: unknown result; type: FunctionColumn, label: METHOD_ID, value: 0
Jan 26, 2026 2:30:08 PM com.github.jinahya.database.metadata.bind.Context bind
WARNING: unknown result; type: FunctionColumn, label: PARAMETER_ID, value: -1
Jan 26, 2026 2:30:08 PM com.github.jinahya.database.metadata.bind.Context bind
WARNING: unknown result; type: FunctionColumn, label: METHOD_ID, value: 1
Jan 26, 2026 2:30:08 PM com.github.jinahya.database.metadata.bind.Context bind
WARNING: unknown result; type: FunctionColumn, label: PARAMETER_ID, value: -1
Jan 26, 2026 2:30:08 PM com.github.jinahya.database.metadata.bind.Context bind
WARNING: unknown result; type: FunctionColumn, label: METHOD_ID, value: 1
Jan 26, 2026 2:30:08 PM com.github.jinahya.database.metadata.bind.Context bind
WARNING: unknown result; type: FunctionColumn, label: PARAMETER_ID, value: 0
Jan 26, 2026 2:30:08 PM com.github.jinahya.database.metadata.bind.Context bind
WARNING: unknown result; type: FunctionColumn, label: METHOD_ID, value: 0
Jan 26, 2026 2:30:08 PM com.github.jinahya.database.metadata.bind.Context bind
WARNING: unknown result; type: FunctionColumn, label: PARAMETER_ID, value: -1
Jan 26, 2026 2:30:08 PM com.github.jinahya.database.metadata.bind.Context bind
WARNING: unknown result; type: FunctionColumn, label: METHOD_ID, value: 1
Jan 26, 2026 2:30:08 PM com.github.jinahya.database.metadata.bind.Context bind
WARNING: unknown result; type: FunctionColumn, label: PARAMETER_ID, value: -1
Jan 26, 2026 2:30:08 PM com.github.jinahya.database.metadata.bind.Context bind
WARNING: unknown result; type: FunctionColumn, label: METHOD_ID, value: 1
Jan 26, 2026 2:30:08 PM com.github.jinahya.database.metadata.bind.Context bind
WARNING: unknown result; type: FunctionColumn, label: PARAMETER_ID, value: 0
Jan 26, 2026 2:30:08 PM com.github.jinahya.database.metadata.bind.Context bind
WARNING: unknown result; type: FunctionColumn, label: METHOD_ID, value: 0
Jan 26, 2026 2:30:08 PM com.github.jinahya.database.metadata.bind.Context bind
WARNING: unknown result; type: FunctionColumn, label: PARAMETER_ID, value: -1
Jan 26, 2026 2:30:08 PM com.github.jinahya.database.metadata.bind.Context bind
WARNING: unknown result; type: FunctionColumn, label: METHOD_ID, value: 0
Jan 26, 2026 2:30:08 PM com.github.jinahya.database.metadata.bind.Context bind
WARNING: unknown result; type: FunctionColumn, label: PARAMETER_ID, value: -1
Jan 26, 2026 2:30:08 PM com.github.jinahya.database.metadata.bind.Context bind
WARNING: unknown result; type: FunctionColumn, label: METHOD_ID, value: 2
Jan 26, 2026 2:30:08 PM com.github.jinahya.database.metadata.bind.Context bind
WARNING: unknown result; type: FunctionColumn, label: PARAMETER_ID, value: -1
Jan 26, 2026 2:30:08 PM com.github.jinahya.database.metadata.bind.Context bind
WARNING: unknown result; type: FunctionColumn, label: METHOD_ID, value: 2
Jan 26, 2026 2:30:08 PM com.github.jinahya.database.metadata.bind.Context bind
WARNING: unknown result; type: FunctionColumn, label: PARAMETER_ID, value: 0
Jan 26, 2026 2:30:08 PM com.github.jinahya.database.metadata.bind.Context bind
WARNING: unknown result; type: FunctionColumn, label: METHOD_ID, value: 2
Jan 26, 2026 2:30:08 PM com.github.jinahya.database.metadata.bind.Context bind
WARNING: unknown result; type: FunctionColumn, label: PARAMETER_ID, value: 1
Jan 26, 2026 2:30:08 PM com.github.jinahya.database.metadata.bind.Context bind
WARNING: unknown result; type: FunctionColumn, label: METHOD_ID, value: 2
Jan 26, 2026 2:30:08 PM com.github.jinahya.database.metadata.bind.Context bind
WARNING: unknown result; type: FunctionColumn, label: PARAMETER_ID, value: -1
Jan 26, 2026 2:30:08 PM com.github.jinahya.database.metadata.bind.Context bind
WARNING: unknown result; type: FunctionColumn, label: METHOD_ID, value: 2
Jan 26, 2026 2:30:08 PM com.github.jinahya.database.metadata.bind.Context bind
WARNING: unknown result; type: FunctionColumn, label: PARAMETER_ID, value: 0
Jan 26, 2026 2:30:08 PM com.github.jinahya.database.metadata.bind.Context bind
WARNING: unknown result; type: FunctionColumn, label: METHOD_ID, value: 2
Jan 26, 2026 2:30:08 PM com.github.jinahya.database.metadata.bind.Context bind
WARNING: unknown result; type: FunctionColumn, label: PARAMETER_ID, value: 1
Jan 26, 2026 2:30:08 PM com.github.jinahya.database.metadata.bind.Context bind
WARNING: unknown result; type: FunctionColumn, label: METHOD_ID, value: 0
Jan 26, 2026 2:30:08 PM com.github.jinahya.database.metadata.bind.Context bind
WARNING: unknown result; type: FunctionColumn, label: PARAMETER_ID, value: -1
Jan 26, 2026 2:30:08 PM com.github.jinahya.database.metadata.bind.Context bind
WARNING: unknown result; type: FunctionColumn, label: METHOD_ID, value: 3
Jan 26, 2026 2:30:08 PM com.github.jinahya.database.metadata.bind.Context bind
WARNING: unknown result; type: FunctionColumn, label: PARAMETER_ID, value: -1
Jan 26, 2026 2:30:08 PM com.github.jinahya.database.metadata.bind.Context bind
WARNING: unknown result; type: FunctionColumn, label: METHOD_ID, value: 3
Jan 26, 2026 2:30:08 PM com.github.jinahya.database.metadata.bind.Context bind
WARNING: unknown result; type: FunctionColumn, label: PARAMETER_ID, value: 0
Jan 26, 2026 2:30:08 PM com.github.jinahya.database.metadata.bind.Context bind
WARNING: unknown result; type: FunctionColumn, label: METHOD_ID, value: 3
Jan 26, 2026 2:30:08 PM com.github.jinahya.database.metadata.bind.Context bind
WARNING: unknown result; type: FunctionColumn, label: PARAMETER_ID, value: 1
Jan 26, 2026 2:30:08 PM com.github.jinahya.database.metadata.bind.Context bind
WARNING: unknown result; type: FunctionColumn, label: METHOD_ID, value: 3
Jan 26, 2026 2:30:08 PM com.github.jinahya.database.metadata.bind.Context bind
WARNING: unknown result; type: FunctionColumn, label: PARAMETER_ID, value: 2
Jan 26, 2026 2:30:08 PM com.github.jinahya.database.metadata.bind.Context bind
WARNING: unknown result; type: FunctionColumn, label: METHOD_ID, value: 1
Jan 26, 2026 2:30:08 PM com.github.jinahya.database.metadata.bind.Context bind
WARNING: unknown result; type: FunctionColumn, label: PARAMETER_ID, value: -1
Jan 26, 2026 2:30:08 PM com.github.jinahya.database.metadata.bind.Context bind
WARNING: unknown result; type: FunctionColumn, label: METHOD_ID, value: 1
Jan 26, 2026 2:30:08 PM com.github.jinahya.database.metadata.bind.Context bind
WARNING: unknown result; type: FunctionColumn, label: PARAMETER_ID, value: 0
Jan 26, 2026 2:30:08 PM com.github.jinahya.database.metadata.bind.Context bind
WARNING: unknown result; type: FunctionColumn, label: METHOD_ID, value: 3
Jan 26, 2026 2:30:08 PM com.github.jinahya.database.metadata.bind.Context bind
WARNING: unknown result; type: FunctionColumn, label: PARAMETER_ID, value: -1
Jan 26, 2026 2:30:08 PM com.github.jinahya.database.metadata.bind.Context bind
WARNING: unknown result; type: FunctionColumn, label: METHOD_ID, value: 3
Jan 26, 2026 2:30:08 PM com.github.jinahya.database.metadata.bind.Context bind
WARNING: unknown result; type: FunctionColumn, label: PARAMETER_ID, value: 0
Jan 26, 2026 2:30:08 PM com.github.jinahya.database.metadata.bind.Context bind
WARNING: unknown result; type: FunctionColumn, label: METHOD_ID, value: 3
Jan 26, 2026 2:30:08 PM com.github.jinahya.database.metadata.bind.Context bind
WARNING: unknown result; type: FunctionColumn, label: PARAMETER_ID, value: 1
Jan 26, 2026 2:30:08 PM com.github.jinahya.database.metadata.bind.Context bind
WARNING: unknown result; type: FunctionColumn, label: METHOD_ID, value: 3
Jan 26, 2026 2:30:08 PM com.github.jinahya.database.metadata.bind.Context bind
WARNING: unknown result; type: FunctionColumn, label: PARAMETER_ID, value: 2
Jan 26, 2026 2:30:08 PM com.github.jinahya.database.metadata.bind.Context bind
WARNING: unknown result; type: FunctionColumn, label: METHOD_ID, value: 3
Jan 26, 2026 2:30:08 PM com.github.jinahya.database.metadata.bind.Context bind
WARNING: unknown result; type: FunctionColumn, label: PARAMETER_ID, value: -1
Jan 26, 2026 2:30:08 PM com.github.jinahya.database.metadata.bind.Context bind
WARNING: unknown result; type: FunctionColumn, label: METHOD_ID, value: 3
Jan 26, 2026 2:30:08 PM com.github.jinahya.database.metadata.bind.Context bind
WARNING: unknown result; type: FunctionColumn, label: PARAMETER_ID, value: 0
Jan 26, 2026 2:30:08 PM com.github.jinahya.database.metadata.bind.Context bind
WARNING: unknown result; type: FunctionColumn, label: METHOD_ID, value: 3
Jan 26, 2026 2:30:08 PM com.github.jinahya.database.metadata.bind.Context bind
WARNING: unknown result; type: FunctionColumn, label: PARAMETER_ID, value: 1
Jan 26, 2026 2:30:08 PM com.github.jinahya.database.metadata.bind.Context bind
WARNING: unknown result; type: FunctionColumn, label: METHOD_ID, value: 3
Jan 26, 2026 2:30:08 PM com.github.jinahya.database.metadata.bind.Context bind
WARNING: unknown result; type: FunctionColumn, label: PARAMETER_ID, value: 2
Jan 26, 2026 2:30:08 PM com.github.jinahya.database.metadata.bind.Context bind
WARNING: unknown result; type: FunctionColumn, label: METHOD_ID, value: 0
Jan 26, 2026 2:30:08 PM com.github.jinahya.database.metadata.bind.Context bind
WARNING: unknown result; type: FunctionColumn, label: PARAMETER_ID, value: -1
Jan 26, 2026 2:30:08 PM com.github.jinahya.database.metadata.bind.Context bind
WARNING: unknown result; type: FunctionColumn, label: METHOD_ID, value: 1
Jan 26, 2026 2:30:08 PM com.github.jinahya.database.metadata.bind.Context bind
WARNING: unknown result; type: FunctionColumn, label: PARAMETER_ID, value: -1
Jan 26, 2026 2:30:08 PM com.github.jinahya.database.metadata.bind.Context bind
WARNING: unknown result; type: FunctionColumn, label: METHOD_ID, value: 1
Jan 26, 2026 2:30:08 PM com.github.jinahya.database.metadata.bind.Context bind
WARNING: unknown result; type: FunctionColumn, label: PARAMETER_ID, value: 0
Jan 26, 2026 2:30:08 PM com.github.jinahya.database.metadata.bind.Context bind
WARNING: unknown result; type: FunctionColumn, label: METHOD_ID, value: 3
Jan 26, 2026 2:30:08 PM com.github.jinahya.database.metadata.bind.Context bind
WARNING: unknown result; type: FunctionColumn, label: PARAMETER_ID, value: -1
Jan 26, 2026 2:30:08 PM com.github.jinahya.database.metadata.bind.Context bind
WARNING: unknown result; type: FunctionColumn, label: METHOD_ID, value: 3
Jan 26, 2026 2:30:08 PM com.github.jinahya.database.metadata.bind.Context bind
WARNING: unknown result; type: FunctionColumn, label: PARAMETER_ID, value: 0
Jan 26, 2026 2:30:08 PM com.github.jinahya.database.metadata.bind.Context bind
WARNING: unknown result; type: FunctionColumn, label: METHOD_ID, value: 3
Jan 26, 2026 2:30:08 PM com.github.jinahya.database.metadata.bind.Context bind
WARNING: unknown result; type: FunctionColumn, label: PARAMETER_ID, value: 1
Jan 26, 2026 2:30:08 PM com.github.jinahya.database.metadata.bind.Context bind
WARNING: unknown result; type: FunctionColumn, label: METHOD_ID, value: 3
Jan 26, 2026 2:30:08 PM com.github.jinahya.database.metadata.bind.Context bind
WARNING: unknown result; type: FunctionColumn, label: PARAMETER_ID, value: 2
Jan 26, 2026 2:30:08 PM com.github.jinahya.database.metadata.bind.Context bind
WARNING: unknown result; type: FunctionColumn, label: METHOD_ID, value: 3
Jan 26, 2026 2:30:08 PM com.github.jinahya.database.metadata.bind.Context bind
WARNING: unknown result; type: FunctionColumn, label: PARAMETER_ID, value: -1
Jan 26, 2026 2:30:08 PM com.github.jinahya.database.metadata.bind.Context bind
WARNING: unknown result; type: FunctionColumn, label: METHOD_ID, value: 3
Jan 26, 2026 2:30:08 PM com.github.jinahya.database.metadata.bind.Context bind
WARNING: unknown result; type: FunctionColumn, label: PARAMETER_ID, value: 0
Jan 26, 2026 2:30:08 PM com.github.jinahya.database.metadata.bind.Context bind
WARNING: unknown result; type: FunctionColumn, label: METHOD_ID, value: 3
Jan 26, 2026 2:30:08 PM com.github.jinahya.database.metadata.bind.Context bind
WARNING: unknown result; type: FunctionColumn, label: PARAMETER_ID, value: 1
Jan 26, 2026 2:30:08 PM com.github.jinahya.database.metadata.bind.Context bind
WARNING: unknown result; type: FunctionColumn, label: METHOD_ID, value: 3
Jan 26, 2026 2:30:08 PM com.github.jinahya.database.metadata.bind.Context bind
WARNING: unknown result; type: FunctionColumn, label: PARAMETER_ID, value: 2
Jan 26, 2026 2:30:08 PM com.github.jinahya.database.metadata.bind.Context bind
WARNING: unknown result; type: FunctionColumn, label: METHOD_ID, value: 3
Jan 26, 2026 2:30:08 PM com.github.jinahya.database.metadata.bind.Context bind
WARNING: unknown result; type: FunctionColumn, label: PARAMETER_ID, value: -1
Jan 26, 2026 2:30:08 PM com.github.jinahya.database.metadata.bind.Context bind
WARNING: unknown result; type: FunctionColumn, label: METHOD_ID, value: 3
Jan 26, 2026 2:30:08 PM com.github.jinahya.database.metadata.bind.Context bind
WARNING: unknown result; type: FunctionColumn, label: PARAMETER_ID, value: 0
Jan 26, 2026 2:30:08 PM com.github.jinahya.database.metadata.bind.Context bind
WARNING: unknown result; type: FunctionColumn, label: METHOD_ID, value: 3
Jan 26, 2026 2:30:08 PM com.github.jinahya.database.metadata.bind.Context bind
WARNING: unknown result; type: FunctionColumn, label: PARAMETER_ID, value: 1
Jan 26, 2026 2:30:08 PM com.github.jinahya.database.metadata.bind.Context bind
WARNING: unknown result; type: FunctionColumn, label: METHOD_ID, value: 3
Jan 26, 2026 2:30:08 PM com.github.jinahya.database.metadata.bind.Context bind
WARNING: unknown result; type: FunctionColumn, label: PARAMETER_ID, value: 2
4245 [main] DEBUG com.github.jinahya.database.metadata.bind.Memory_$_Test - com.github.jinahya.database.metadata.bind.Table@620c32e3{unmappedColumns={}}{tableCat=,tableSchem=SYS,tableName=SYSALIASES,tableType=SYSTEM TABLE,remarks=,typeCat=null,typeSchem=null,typeName=null,selfReferencingColName=null,refGeneration=null}: []
4249 [main] DEBUG com.github.jinahya.database.metadata.bind.Memory_$_Test - com.github.jinahya.database.metadata.bind.Table@ccb104aa{unmappedColumns={}}{tableCat=,tableSchem=SYS,tableName=SYSCHECKS,tableType=SYSTEM TABLE,remarks=,typeCat=null,typeSchem=null,typeName=null,selfReferencingColName=null,refGeneration=null}: []
4249 [main] DEBUG com.github.jinahya.database.metadata.bind.Memory_$_Test - com.github.jinahya.database.metadata.bind.Table@4f391702{unmappedColumns={}}{tableCat=,tableSchem=SYS,tableName=SYSCOLPERMS,tableType=SYSTEM TABLE,remarks=,typeCat=null,typeSchem=null,typeName=null,selfReferencingColName=null,refGeneration=null}: []
4250 [main] DEBUG com.github.jinahya.database.metadata.bind.Memory_$_Test - com.github.jinahya.database.metadata.bind.Table@d12a7bc2{unmappedColumns={}}{tableCat=,tableSchem=SYS,tableName=SYSCOLUMNS,tableType=SYSTEM TABLE,remarks=,typeCat=null,typeSchem=null,typeName=null,selfReferencingColName=null,refGeneration=null}: []
4250 [main] DEBUG com.github.jinahya.database.metadata.bind.Memory_$_Test - com.github.jinahya.database.metadata.bind.Table@fb3ab238{unmappedColumns={}}{tableCat=,tableSchem=SYS,tableName=SYSCONGLOMERATES,tableType=SYSTEM TABLE,remarks=,typeCat=null,typeSchem=null,typeName=null,selfReferencingColName=null,refGeneration=null}: []
4251 [main] DEBUG com.github.jinahya.database.metadata.bind.Memory_$_Test - com.github.jinahya.database.metadata.bind.Table@c5c5009b{unmappedColumns={}}{tableCat=,tableSchem=SYS,tableName=SYSCONSTRAINTS,tableType=SYSTEM TABLE,remarks=,typeCat=null,typeSchem=null,typeName=null,selfReferencingColName=null,refGeneration=null}: []
4251 [main] DEBUG com.github.jinahya.database.metadata.bind.Memory_$_Test - com.github.jinahya.database.metadata.bind.Table@f5315b6c{unmappedColumns={}}{tableCat=,tableSchem=SYS,tableName=SYSDEPENDS,tableType=SYSTEM TABLE,remarks=,typeCat=null,typeSchem=null,typeName=null,selfReferencingColName=null,refGeneration=null}: []
4252 [main] DEBUG com.github.jinahya.database.metadata.bind.Memory_$_Test - com.github.jinahya.database.metadata.bind.Table@a3d2ab1c{unmappedColumns={}}{tableCat=,tableSchem=SYS,tableName=SYSFILES,tableType=SYSTEM TABLE,remarks=,typeCat=null,typeSchem=null,typeName=null,selfReferencingColName=null,refGeneration=null}: []
4252 [main] DEBUG com.github.jinahya.database.metadata.bind.Memory_$_Test - com.github.jinahya.database.metadata.bind.Table@cf427f2d{unmappedColumns={}}{tableCat=,tableSchem=SYS,tableName=SYSFOREIGNKEYS,tableType=SYSTEM TABLE,remarks=,typeCat=null,typeSchem=null,typeName=null,selfReferencingColName=null,refGeneration=null}: []
4252 [main] DEBUG com.github.jinahya.database.metadata.bind.Memory_$_Test - com.github.jinahya.database.metadata.bind.Table@c360d173{unmappedColumns={}}{tableCat=,tableSchem=SYS,tableName=SYSKEYS,tableType=SYSTEM TABLE,remarks=,typeCat=null,typeSchem=null,typeName=null,selfReferencingColName=null,refGeneration=null}: []
4253 [main] DEBUG com.github.jinahya.database.metadata.bind.Memory_$_Test - com.github.jinahya.database.metadata.bind.Table@a45ddc28{unmappedColumns={}}{tableCat=,tableSchem=SYS,tableName=SYSPERMS,tableType=SYSTEM TABLE,remarks=,typeCat=null,typeSchem=null,typeName=null,selfReferencingColName=null,refGeneration=null}: []
4253 [main] DEBUG com.github.jinahya.database.metadata.bind.Memory_$_Test - com.github.jinahya.database.metadata.bind.Table@a47e7f62{unmappedColumns={}}{tableCat=,tableSchem=SYS,tableName=SYSROLES,tableType=SYSTEM TABLE,remarks=,typeCat=null,typeSchem=null,typeName=null,selfReferencingColName=null,refGeneration=null}: []
4254 [main] DEBUG com.github.jinahya.database.metadata.bind.Memory_$_Test - com.github.jinahya.database.metadata.bind.Table@60d47bbe{unmappedColumns={}}{tableCat=,tableSchem=SYS,tableName=SYSROUTINEPERMS,tableType=SYSTEM TABLE,remarks=,typeCat=null,typeSchem=null,typeName=null,selfReferencingColName=null,refGeneration=null}: []
4254 [main] DEBUG com.github.jinahya.database.metadata.bind.Memory_$_Test - com.github.jinahya.database.metadata.bind.Table@ad462d7{unmappedColumns={}}{tableCat=,tableSchem=SYS,tableName=SYSSCHEMAS,tableType=SYSTEM TABLE,remarks=,typeCat=null,typeSchem=null,typeName=null,selfReferencingColName=null,refGeneration=null}: []
4254 [main] DEBUG com.github.jinahya.database.metadata.bind.Memory_$_Test - com.github.jinahya.database.metadata.bind.Table@d9c887f7{unmappedColumns={}}{tableCat=,tableSchem=SYS,tableName=SYSSEQUENCES,tableType=SYSTEM TABLE,remarks=,typeCat=null,typeSchem=null,typeName=null,selfReferencingColName=null,refGeneration=null}: []
4255 [main] DEBUG com.github.jinahya.database.metadata.bind.Memory_$_Test - com.github.jinahya.database.metadata.bind.Table@57a306a3{unmappedColumns={}}{tableCat=,tableSchem=SYS,tableName=SYSSTATEMENTS,tableType=SYSTEM TABLE,remarks=,typeCat=null,typeSchem=null,typeName=null,selfReferencingColName=null,refGeneration=null}: []
4255 [main] DEBUG com.github.jinahya.database.metadata.bind.Memory_$_Test - com.github.jinahya.database.metadata.bind.Table@5ed1b2e2{unmappedColumns={}}{tableCat=,tableSchem=SYS,tableName=SYSSTATISTICS,tableType=SYSTEM TABLE,remarks=,typeCat=null,typeSchem=null,typeName=null,selfReferencingColName=null,refGeneration=null}: []
4255 [main] DEBUG com.github.jinahya.database.metadata.bind.Memory_$_Test - com.github.jinahya.database.metadata.bind.Table@bb1e234{unmappedColumns={}}{tableCat=,tableSchem=SYS,tableName=SYSTABLEPERMS,tableType=SYSTEM TABLE,remarks=,typeCat=null,typeSchem=null,typeName=null,selfReferencingColName=null,refGeneration=null}: []
4256 [main] DEBUG com.github.jinahya.database.metadata.bind.Memory_$_Test - com.github.jinahya.database.metadata.bind.Table@e94f86a4{unmappedColumns={}}{tableCat=,tableSchem=SYS,tableName=SYSTABLES,tableType=SYSTEM TABLE,remarks=,typeCat=null,typeSchem=null,typeName=null,selfReferencingColName=null,refGeneration=null}: []
4256 [main] DEBUG com.github.jinahya.database.metadata.bind.Memory_$_Test - com.github.jinahya.database.metadata.bind.Table@ce431eba{unmappedColumns={}}{tableCat=,tableSchem=SYS,tableName=SYSTRIGGERS,tableType=SYSTEM TABLE,remarks=,typeCat=null,typeSchem=null,typeName=null,selfReferencingColName=null,refGeneration=null}: []
4257 [main] DEBUG com.github.jinahya.database.metadata.bind.Memory_$_Test - com.github.jinahya.database.metadata.bind.Table@a4aa7ead{unmappedColumns={}}{tableCat=,tableSchem=SYS,tableName=SYSUSERS,tableType=SYSTEM TABLE,remarks=,typeCat=null,typeSchem=null,typeName=null,selfReferencingColName=null,refGeneration=null}: []
4257 [main] DEBUG com.github.jinahya.database.metadata.bind.Memory_$_Test - com.github.jinahya.database.metadata.bind.Table@a4b40b13{unmappedColumns={}}{tableCat=,tableSchem=SYS,tableName=SYSVIEWS,tableType=SYSTEM TABLE,remarks=,typeCat=null,typeSchem=null,typeName=null,selfReferencingColName=null,refGeneration=null}: []
4257 [main] DEBUG com.github.jinahya.database.metadata.bind.Memory_$_Test - com.github.jinahya.database.metadata.bind.Table@92321a4e{unmappedColumns={}}{tableCat=,tableSchem=SYSIBM,tableName=SYSDUMMY1,tableType=SYSTEM TABLE,remarks=,typeCat=null,typeSchem=null,typeName=null,selfReferencingColName=null,refGeneration=null}: []
Jan 26, 2026 2:30:08 PM com.github.jinahya.database.metadata.bind.Context bind
WARNING: unknown result; type: Column, label: SCOPE_CATLOG, value: null
Jan 26, 2026 2:30:08 PM com.github.jinahya.database.metadata.bind.Context bind
WARNING: unknown result; type: Column, label: SCOPE_CATLOG, value: null
Jan 26, 2026 2:30:08 PM com.github.jinahya.database.metadata.bind.Context bind
WARNING: unknown result; type: Column, label: SCOPE_CATLOG, value: null
Jan 26, 2026 2:30:08 PM com.github.jinahya.database.metadata.bind.Context bind
WARNING: unknown result; type: Column, label: SCOPE_CATLOG, value: null
Jan 26, 2026 2:30:08 PM com.github.jinahya.database.metadata.bind.Context bind
WARNING: unknown result; type: Column, label: SCOPE_CATLOG, value: null
Jan 26, 2026 2:30:08 PM com.github.jinahya.database.metadata.bind.Context bind
WARNING: unknown result; type: Column, label: SCOPE_CATLOG, value: null
Jan 26, 2026 2:30:08 PM com.github.jinahya.database.metadata.bind.Context bind
WARNING: unknown result; type: Column, label: SCOPE_CATLOG, value: null
Jan 26, 2026 2:30:08 PM com.github.jinahya.database.metadata.bind.Context bind
WARNING: unknown result; type: Column, label: SCOPE_CATLOG, value: null
Jan 26, 2026 2:30:08 PM com.github.jinahya.database.metadata.bind.Context bind
WARNING: unknown result; type: Column, label: SCOPE_CATLOG, value: null
Jan 26, 2026 2:30:08 PM com.github.jinahya.database.metadata.bind.Context bind
WARNING: unknown result; type: Column, label: SCOPE_CATLOG, value: null
Jan 26, 2026 2:30:08 PM com.github.jinahya.database.metadata.bind.Context bind
WARNING: unknown result; type: Column, label: SCOPE_CATLOG, value: null
Jan 26, 2026 2:30:08 PM com.github.jinahya.database.metadata.bind.Context bind
WARNING: unknown result; type: Column, label: SCOPE_CATLOG, value: null
Jan 26, 2026 2:30:08 PM com.github.jinahya.database.metadata.bind.Context bind
WARNING: unknown result; type: Column, label: SCOPE_CATLOG, value: null
Jan 26, 2026 2:30:08 PM com.github.jinahya.database.metadata.bind.Context bind
WARNING: unknown result; type: Column, label: SCOPE_CATLOG, value: null
Jan 26, 2026 2:30:08 PM com.github.jinahya.database.metadata.bind.Context bind
WARNING: unknown result; type: Column, label: SCOPE_CATLOG, value: null
Jan 26, 2026 2:30:08 PM com.github.jinahya.database.metadata.bind.Context bind
WARNING: unknown result; type: Column, label: SCOPE_CATLOG, value: null
Jan 26, 2026 2:30:08 PM com.github.jinahya.database.metadata.bind.Context bind
WARNING: unknown result; type: Column, label: SCOPE_CATLOG, value: null
Jan 26, 2026 2:30:08 PM com.github.jinahya.database.metadata.bind.Context bind
WARNING: unknown result; type: Column, label: SCOPE_CATLOG, value: null
Jan 26, 2026 2:30:08 PM com.github.jinahya.database.metadata.bind.Context bind
WARNING: unknown result; type: Column, label: SCOPE_CATLOG, value: null
Jan 26, 2026 2:30:08 PM com.github.jinahya.database.metadata.bind.Context bind
WARNING: unknown result; type: Column, label: SCOPE_CATLOG, value: null
Jan 26, 2026 2:30:08 PM com.github.jinahya.database.metadata.bind.Context bind
WARNING: unknown result; type: Column, label: SCOPE_CATLOG, value: null
Jan 26, 2026 2:30:08 PM com.github.jinahya.database.metadata.bind.Context bind
WARNING: unknown result; type: Column, label: SCOPE_CATLOG, value: null
Jan 26, 2026 2:30:08 PM com.github.jinahya.database.metadata.bind.Context bind
WARNING: unknown result; type: Column, label: SCOPE_CATLOG, value: null
Jan 26, 2026 2:30:08 PM com.github.jinahya.database.metadata.bind.Context bind
WARNING: unknown result; type: Column, label: SCOPE_CATLOG, value: null
Jan 26, 2026 2:30:08 PM com.github.jinahya.database.metadata.bind.Context bind
WARNING: unknown result; type: Column, label: SCOPE_CATLOG, value: null
Jan 26, 2026 2:30:08 PM com.github.jinahya.database.metadata.bind.Context bind
WARNING: unknown result; type: Column, label: SCOPE_CATLOG, value: null
Jan 26, 2026 2:30:08 PM com.github.jinahya.database.metadata.bind.Context bind
WARNING: unknown result; type: Column, label: SCOPE_CATLOG, value: null
Jan 26, 2026 2:30:08 PM com.github.jinahya.database.metadata.bind.Context bind
WARNING: unknown result; type: Column, label: SCOPE_CATLOG, value: null
Jan 26, 2026 2:30:08 PM com.github.jinahya.database.metadata.bind.Context bind
WARNING: unknown result; type: Column, label: SCOPE_CATLOG, value: null
Jan 26, 2026 2:30:08 PM com.github.jinahya.database.metadata.bind.Context bind
WARNING: unknown result; type: Column, label: SCOPE_CATLOG, value: null
Jan 26, 2026 2:30:08 PM com.github.jinahya.database.metadata.bind.Context bind
WARNING: unknown result; type: Column, label: SCOPE_CATLOG, value: null
Jan 26, 2026 2:30:08 PM com.github.jinahya.database.metadata.bind.Context bind
WARNING: unknown result; type: Column, label: SCOPE_CATLOG, value: null
Jan 26, 2026 2:30:08 PM com.github.jinahya.database.metadata.bind.Context bind
WARNING: unknown result; type: Column, label: SCOPE_CATLOG, value: null
Jan 26, 2026 2:30:08 PM com.github.jinahya.database.metadata.bind.Context bind
WARNING: unknown result; type: Column, label: SCOPE_CATLOG, value: null
Jan 26, 2026 2:30:08 PM com.github.jinahya.database.metadata.bind.Context bind
WARNING: unknown result; type: Column, label: SCOPE_CATLOG, value: null
Jan 26, 2026 2:30:08 PM com.github.jinahya.database.metadata.bind.Context bind
WARNING: unknown result; type: Column, label: SCOPE_CATLOG, value: null
Jan 26, 2026 2:30:08 PM com.github.jinahya.database.metadata.bind.Context bind
WARNING: unknown result; type: Column, label: SCOPE_CATLOG, value: null
Jan 26, 2026 2:30:08 PM com.github.jinahya.database.metadata.bind.Context bind
WARNING: unknown result; type: Column, label: SCOPE_CATLOG, value: null
Jan 26, 2026 2:30:08 PM com.github.jinahya.database.metadata.bind.Context bind
WARNING: unknown result; type: Column, label: SCOPE_CATLOG, value: null
Jan 26, 2026 2:30:08 PM com.github.jinahya.database.metadata.bind.Context bind
WARNING: unknown result; type: Column, label: SCOPE_CATLOG, value: null
Jan 26, 2026 2:30:08 PM com.github.jinahya.database.metadata.bind.Context bind
WARNING: unknown result; type: Column, label: SCOPE_CATLOG, value: null
Jan 26, 2026 2:30:08 PM com.github.jinahya.database.metadata.bind.Context bind
WARNING: unknown result; type: Column, label: SCOPE_CATLOG, value: null
Jan 26, 2026 2:30:08 PM com.github.jinahya.database.metadata.bind.Context bind
WARNING: unknown result; type: Column, label: SCOPE_CATLOG, value: null
Jan 26, 2026 2:30:08 PM com.github.jinahya.database.metadata.bind.Context bind
WARNING: unknown result; type: Column, label: SCOPE_CATLOG, value: null
Jan 26, 2026 2:30:08 PM com.github.jinahya.database.metadata.bind.Context bind
WARNING: unknown result; type: Column, label: SCOPE_CATLOG, value: null
Jan 26, 2026 2:30:08 PM com.github.jinahya.database.metadata.bind.Context bind
WARNING: unknown result; type: Column, label: SCOPE_CATLOG, value: null
Jan 26, 2026 2:30:08 PM com.github.jinahya.database.metadata.bind.Context bind
WARNING: unknown result; type: Column, label: SCOPE_CATLOG, value: null
Jan 26, 2026 2:30:08 PM com.github.jinahya.database.metadata.bind.Context bind
WARNING: unknown result; type: Column, label: SCOPE_CATLOG, value: null
Jan 26, 2026 2:30:08 PM com.github.jinahya.database.metadata.bind.Context bind
WARNING: unknown result; type: Column, label: SCOPE_CATLOG, value: null
Jan 26, 2026 2:30:08 PM com.github.jinahya.database.metadata.bind.Context bind
WARNING: unknown result; type: Column, label: SCOPE_CATLOG, value: null
Jan 26, 2026 2:30:08 PM com.github.jinahya.database.metadata.bind.Context bind
WARNING: unknown result; type: Column, label: SCOPE_CATLOG, value: null
Jan 26, 2026 2:30:08 PM com.github.jinahya.database.metadata.bind.Context bind
WARNING: unknown result; type: Column, label: SCOPE_CATLOG, value: null
Jan 26, 2026 2:30:08 PM com.github.jinahya.database.metadata.bind.Context bind
WARNING: unknown result; type: Column, label: SCOPE_CATLOG, value: null
Jan 26, 2026 2:30:08 PM com.github.jinahya.database.metadata.bind.Context bind
WARNING: unknown result; type: Column, label: SCOPE_CATLOG, value: null
Jan 26, 2026 2:30:08 PM com.github.jinahya.database.metadata.bind.Context bind
WARNING: unknown result; type: Column, label: SCOPE_CATLOG, value: null
Jan 26, 2026 2:30:08 PM com.github.jinahya.database.metadata.bind.Context bind
WARNING: unknown result; type: Column, label: SCOPE_CATLOG, value: null
Jan 26, 2026 2:30:08 PM com.github.jinahya.database.metadata.bind.Context bind
WARNING: unknown result; type: Column, label: SCOPE_CATLOG, value: null
Jan 26, 2026 2:30:08 PM com.github.jinahya.database.metadata.bind.Context bind
WARNING: unknown result; type: Column, label: SCOPE_CATLOG, value: null
Jan 26, 2026 2:30:08 PM com.github.jinahya.database.metadata.bind.Context bind
WARNING: unknown result; type: Column, label: SCOPE_CATLOG, value: null
Jan 26, 2026 2:30:08 PM com.github.jinahya.database.metadata.bind.Context bind
WARNING: unknown result; type: Column, label: SCOPE_CATLOG, value: null
Jan 26, 2026 2:30:08 PM com.github.jinahya.database.metadata.bind.Context bind
WARNING: unknown result; type: Column, label: SCOPE_CATLOG, value: null
Jan 26, 2026 2:30:08 PM com.github.jinahya.database.metadata.bind.Context bind
WARNING: unknown result; type: Column, label: SCOPE_CATLOG, value: null
Jan 26, 2026 2:30:08 PM com.github.jinahya.database.metadata.bind.Context bind
WARNING: unknown result; type: Column, label: SCOPE_CATLOG, value: null
Jan 26, 2026 2:30:08 PM com.github.jinahya.database.metadata.bind.Context bind
WARNING: unknown result; type: Column, label: SCOPE_CATLOG, value: null
Jan 26, 2026 2:30:08 PM com.github.jinahya.database.metadata.bind.Context bind
WARNING: unknown result; type: Column, label: SCOPE_CATLOG, value: null
Jan 26, 2026 2:30:08 PM com.github.jinahya.database.metadata.bind.Context bind
WARNING: unknown result; type: Column, label: SCOPE_CATLOG, value: null
Jan 26, 2026 2:30:08 PM com.github.jinahya.database.metadata.bind.Context bind
WARNING: unknown result; type: Column, label: SCOPE_CATLOG, value: null
Jan 26, 2026 2:30:08 PM com.github.jinahya.database.metadata.bind.Context bind
WARNING: unknown result; type: Column, label: SCOPE_CATLOG, value: null
Jan 26, 2026 2:30:08 PM com.github.jinahya.database.metadata.bind.Context bind
WARNING: unknown result; type: Column, label: SCOPE_CATLOG, value: null
Jan 26, 2026 2:30:08 PM com.github.jinahya.database.metadata.bind.Context bind
WARNING: unknown result; type: Column, label: SCOPE_CATLOG, value: null
Jan 26, 2026 2:30:08 PM com.github.jinahya.database.metadata.bind.Context bind
WARNING: unknown result; type: Column, label: SCOPE_CATLOG, value: null
Jan 26, 2026 2:30:08 PM com.github.jinahya.database.metadata.bind.Context bind
WARNING: unknown result; type: Column, label: SCOPE_CATLOG, value: null
Jan 26, 2026 2:30:08 PM com.github.jinahya.database.metadata.bind.Context bind
WARNING: unknown result; type: Column, label: SCOPE_CATLOG, value: null
Jan 26, 2026 2:30:08 PM com.github.jinahya.database.metadata.bind.Context bind
WARNING: unknown result; type: Column, label: SCOPE_CATLOG, value: null
Jan 26, 2026 2:30:08 PM com.github.jinahya.database.metadata.bind.Context bind
WARNING: unknown result; type: Column, label: SCOPE_CATLOG, value: null
Jan 26, 2026 2:30:08 PM com.github.jinahya.database.metadata.bind.Context bind
WARNING: unknown result; type: Column, label: SCOPE_CATLOG, value: null
Jan 26, 2026 2:30:08 PM com.github.jinahya.database.metadata.bind.Context bind
WARNING: unknown result; type: Column, label: SCOPE_CATLOG, value: null
Jan 26, 2026 2:30:08 PM com.github.jinahya.database.metadata.bind.Context bind
WARNING: unknown result; type: Column, label: SCOPE_CATLOG, value: null
Jan 26, 2026 2:30:08 PM com.github.jinahya.database.metadata.bind.Context bind
WARNING: unknown result; type: Column, label: SCOPE_CATLOG, value: null
Jan 26, 2026 2:30:08 PM com.github.jinahya.database.metadata.bind.Context bind
WARNING: unknown result; type: Column, label: SCOPE_CATLOG, value: null
Jan 26, 2026 2:30:08 PM com.github.jinahya.database.metadata.bind.Context bind
WARNING: unknown result; type: Column, label: SCOPE_CATLOG, value: null
Jan 26, 2026 2:30:08 PM com.github.jinahya.database.metadata.bind.Context bind
WARNING: unknown result; type: Column, label: SCOPE_CATLOG, value: null
Jan 26, 2026 2:30:08 PM com.github.jinahya.database.metadata.bind.Context bind
WARNING: unknown result; type: Column, label: SCOPE_CATLOG, value: null
Jan 26, 2026 2:30:08 PM com.github.jinahya.database.metadata.bind.Context bind
WARNING: unknown result; type: Column, label: SCOPE_CATLOG, value: null
Jan 26, 2026 2:30:08 PM com.github.jinahya.database.metadata.bind.Context bind
WARNING: unknown result; type: Column, label: SCOPE_CATLOG, value: null
Jan 26, 2026 2:30:08 PM com.github.jinahya.database.metadata.bind.Context bind
WARNING: unknown result; type: Column, label: SCOPE_CATLOG, value: null
Jan 26, 2026 2:30:08 PM com.github.jinahya.database.metadata.bind.Context bind
WARNING: unknown result; type: Column, label: SCOPE_CATLOG, value: null
Jan 26, 2026 2:30:08 PM com.github.jinahya.database.metadata.bind.Context bind
WARNING: unknown result; type: Column, label: SCOPE_CATLOG, value: null
Jan 26, 2026 2:30:08 PM com.github.jinahya.database.metadata.bind.Context bind
WARNING: unknown result; type: Column, label: SCOPE_CATLOG, value: null
Jan 26, 2026 2:30:08 PM com.github.jinahya.database.metadata.bind.Context bind
WARNING: unknown result; type: Column, label: SCOPE_CATLOG, value: null
Jan 26, 2026 2:30:08 PM com.github.jinahya.database.metadata.bind.Context bind
WARNING: unknown result; type: Column, label: SCOPE_CATLOG, value: null
Jan 26, 2026 2:30:08 PM com.github.jinahya.database.metadata.bind.Context bind
WARNING: unknown result; type: Column, label: SCOPE_CATLOG, value: null
Jan 26, 2026 2:30:08 PM com.github.jinahya.database.metadata.bind.Context bind
WARNING: unknown result; type: Column, label: SCOPE_CATLOG, value: null
Jan 26, 2026 2:30:08 PM com.github.jinahya.database.metadata.bind.Context bind
WARNING: unknown result; type: Column, label: SCOPE_CATLOG, value: null
Jan 26, 2026 2:30:08 PM com.github.jinahya.database.metadata.bind.Context bind
WARNING: unknown result; type: Column, label: SCOPE_CATLOG, value: null
Jan 26, 2026 2:30:08 PM com.github.jinahya.database.metadata.bind.Context bind
WARNING: unknown result; type: Column, label: SCOPE_CATLOG, value: null
Jan 26, 2026 2:30:08 PM com.github.jinahya.database.metadata.bind.Context bind
WARNING: unknown result; type: Column, label: SCOPE_CATLOG, value: null
Jan 26, 2026 2:30:08 PM com.github.jinahya.database.metadata.bind.Context bind
WARNING: unknown result; type: Column, label: SCOPE_CATLOG, value: null
Jan 26, 2026 2:30:08 PM com.github.jinahya.database.metadata.bind.Context bind
WARNING: unknown result; type: Column, label: SCOPE_CATLOG, value: null
Jan 26, 2026 2:30:08 PM com.github.jinahya.database.metadata.bind.Context bind
WARNING: unknown result; type: Column, label: SCOPE_CATLOG, value: null
Jan 26, 2026 2:30:08 PM com.github.jinahya.database.metadata.bind.Context bind
WARNING: unknown result; type: Column, label: SCOPE_CATLOG, value: null
Jan 26, 2026 2:30:08 PM com.github.jinahya.database.metadata.bind.Context bind
WARNING: unknown result; type: Column, label: SCOPE_CATLOG, value: null
Jan 26, 2026 2:30:08 PM com.github.jinahya.database.metadata.bind.Context bind
WARNING: unknown result; type: Column, label: SCOPE_CATLOG, value: null
Jan 26, 2026 2:30:08 PM com.github.jinahya.database.metadata.bind.Context bind
WARNING: unknown result; type: Column, label: SCOPE_CATLOG, value: null
Jan 26, 2026 2:30:08 PM com.github.jinahya.database.metadata.bind.Context bind
WARNING: unknown result; type: Column, label: SCOPE_CATLOG, value: null
Jan 26, 2026 2:30:08 PM com.github.jinahya.database.metadata.bind.Context bind
WARNING: unknown result; type: Column, label: SCOPE_CATLOG, value: null
Jan 26, 2026 2:30:08 PM com.github.jinahya.database.metadata.bind.Context bind
WARNING: unknown result; type: Column, label: SCOPE_CATLOG, value: null
Jan 26, 2026 2:30:08 PM com.github.jinahya.database.metadata.bind.Context bind
WARNING: unknown result; type: Column, label: SCOPE_CATLOG, value: null
Jan 26, 2026 2:30:08 PM com.github.jinahya.database.metadata.bind.Context bind
WARNING: unknown result; type: Column, label: SCOPE_CATLOG, value: null
Jan 26, 2026 2:30:08 PM com.github.jinahya.database.metadata.bind.Context bind
WARNING: unknown result; type: Column, label: SCOPE_CATLOG, value: null
Jan 26, 2026 2:30:08 PM com.github.jinahya.database.metadata.bind.Context bind
WARNING: unknown result; type: Column, label: SCOPE_CATLOG, value: null
Jan 26, 2026 2:30:08 PM com.github.jinahya.database.metadata.bind.Context bind
WARNING: unknown result; type: Column, label: SCOPE_CATLOG, value: null
Jan 26, 2026 2:30:08 PM com.github.jinahya.database.metadata.bind.Context bind
WARNING: unknown result; type: Column, label: SCOPE_CATLOG, value: null
Jan 26, 2026 2:30:08 PM com.github.jinahya.database.metadata.bind.Context bind
WARNING: unknown result; type: Column, label: SCOPE_CATLOG, value: null
Jan 26, 2026 2:30:08 PM com.github.jinahya.database.metadata.bind.Context bind
WARNING: unknown result; type: Column, label: SCOPE_CATLOG, value: null
Jan 26, 2026 2:30:08 PM com.github.jinahya.database.metadata.bind.Context bind
WARNING: unknown result; type: Column, label: SCOPE_CATLOG, value: null
Jan 26, 2026 2:30:08 PM com.github.jinahya.database.metadata.bind.Context bind
WARNING: unknown result; type: Column, label: SCOPE_CATLOG, value: null
Jan 26, 2026 2:30:08 PM com.github.jinahya.database.metadata.bind.Context bind
WARNING: unknown result; type: Column, label: SCOPE_CATLOG, value: null
Jan 26, 2026 2:30:08 PM com.github.jinahya.database.metadata.bind.Context bind
WARNING: unknown result; type: Column, label: SCOPE_CATLOG, value: null
Jan 26, 2026 2:30:08 PM com.github.jinahya.database.metadata.bind.Context bind
WARNING: unknown result; type: Column, label: SCOPE_CATLOG, value: null
Jan 26, 2026 2:30:08 PM com.github.jinahya.database.metadata.bind.Context bind
WARNING: unknown result; type: Column, label: SCOPE_CATLOG, value: null
Jan 26, 2026 2:30:08 PM com.github.jinahya.database.metadata.bind.Context bind
WARNING: unknown result; type: Column, label: SCOPE_CATLOG, value: null
Jan 26, 2026 2:30:08 PM com.github.jinahya.database.metadata.bind.Context bind
WARNING: unknown result; type: Column, label: SCOPE_CATLOG, value: null
Jan 26, 2026 2:30:08 PM com.github.jinahya.database.metadata.bind.Context bind
WARNING: unknown result; type: Column, label: SCOPE_CATLOG, value: null
Jan 26, 2026 2:30:08 PM com.github.jinahya.database.metadata.bind.Context bind
WARNING: unknown result; type: Column, label: SCOPE_CATLOG, value: null
Jan 26, 2026 2:30:08 PM com.github.jinahya.database.metadata.bind.Context bind
WARNING: unknown result; type: Column, label: SCOPE_CATLOG, value: null
Jan 26, 2026 2:30:08 PM com.github.jinahya.database.metadata.bind.Context bind
WARNING: unknown result; type: Column, label: SCOPE_CATLOG, value: null
Jan 26, 2026 2:30:08 PM com.github.jinahya.database.metadata.bind.Context bind
WARNING: unknown result; type: Column, label: SCOPE_CATLOG, value: null
Jan 26, 2026 2:30:08 PM com.github.jinahya.database.metadata.bind.Context bind
WARNING: unknown result; type: Column, label: SCOPE_CATLOG, value: null
Jan 26, 2026 2:30:08 PM com.github.jinahya.database.metadata.bind.Context bind
WARNING: unknown result; type: Column, label: SCOPE_CATLOG, value: null
Jan 26, 2026 2:30:08 PM com.github.jinahya.database.metadata.bind.Context bind
WARNING: unknown result; type: Column, label: SCOPE_CATLOG, value: null
Jan 26, 2026 2:30:08 PM com.github.jinahya.database.metadata.bind.Context bind
WARNING: unknown result; type: Column, label: SCOPE_CATLOG, value: null
Jan 26, 2026 2:30:08 PM com.github.jinahya.database.metadata.bind.Context bind
WARNING: unknown result; type: Column, label: SCOPE_CATLOG, value: null
Jan 26, 2026 2:30:08 PM com.github.jinahya.database.metadata.bind.Context bind
WARNING: unknown result; type: Column, label: SCOPE_CATLOG, value: null
Jan 26, 2026 2:30:08 PM com.github.jinahya.database.metadata.bind.Context bind
WARNING: unknown result; type: Column, label: SCOPE_CATLOG, value: null
Jan 26, 2026 2:30:08 PM com.github.jinahya.database.metadata.bind.Context bind
WARNING: unknown result; type: Column, label: SCOPE_CATLOG, value: null
Jan 26, 2026 2:30:08 PM com.github.jinahya.database.metadata.bind.Context bind
WARNING: unknown result; type: Column, label: SCOPE_CATLOG, value: null
Jan 26, 2026 2:30:08 PM com.github.jinahya.database.metadata.bind.Context bind
WARNING: unknown result; type: Column, label: SCOPE_CATLOG, value: null
Jan 26, 2026 2:30:08 PM com.github.jinahya.database.metadata.bind.Context bind
WARNING: unknown result; type: Column, label: SCOPE_CATLOG, value: null
Jan 26, 2026 2:30:08 PM com.github.jinahya.database.metadata.bind.Context bind
WARNING: unknown result; type: Column, label: SCOPE_CATLOG, value: null
Jan 26, 2026 2:30:08 PM com.github.jinahya.database.metadata.bind.Context bind
WARNING: unknown result; type: Column, label: SCOPE_CATLOG, value: null
Jan 26, 2026 2:30:08 PM com.github.jinahya.database.metadata.bind.Context bind
WARNING: unknown result; type: Column, label: SCOPE_CATLOG, value: null
Jan 26, 2026 2:30:08 PM com.github.jinahya.database.metadata.bind.Context bind
WARNING: unknown result; type: Column, label: SCOPE_CATLOG, value: null
Jan 26, 2026 2:30:08 PM com.github.jinahya.database.metadata.bind.Context bind
WARNING: unknown result; type: Column, label: SCOPE_CATLOG, value: null
Jan 26, 2026 2:30:08 PM com.github.jinahya.database.metadata.bind.Context bind
WARNING: unknown result; type: Column, label: SCOPE_CATLOG, value: null
Jan 26, 2026 2:30:08 PM com.github.jinahya.database.metadata.bind.Context bind
WARNING: unknown result; type: Column, label: SCOPE_CATLOG, value: null
Jan 26, 2026 2:30:08 PM com.github.jinahya.database.metadata.bind.Context bind
WARNING: unknown result; type: Column, label: SCOPE_CATLOG, value: null
Jan 26, 2026 2:30:08 PM com.github.jinahya.database.metadata.bind.Context bind
WARNING: unknown result; type: Column, label: SCOPE_CATLOG, value: null
Jan 26, 2026 2:30:08 PM com.github.jinahya.database.metadata.bind.Context bind
WARNING: unknown result; type: Procedure, label: RESERVED3, value: null
Jan 26, 2026 2:30:08 PM com.github.jinahya.database.metadata.bind.Context bind
WARNING: unknown result; type: Procedure, label: RESERVED2, value: null
Jan 26, 2026 2:30:08 PM com.github.jinahya.database.metadata.bind.Context bind
WARNING: unknown result; type: Procedure, label: RESERVED1, value: null
Jan 26, 2026 2:30:08 PM com.github.jinahya.database.metadata.bind.Context bind
WARNING: unknown result; type: Procedure, label: RESERVED3, value: null
Jan 26, 2026 2:30:08 PM com.github.jinahya.database.metadata.bind.Context bind
WARNING: unknown result; type: Procedure, label: RESERVED2, value: null
Jan 26, 2026 2:30:08 PM com.github.jinahya.database.metadata.bind.Context bind
WARNING: unknown result; type: Procedure, label: RESERVED1, value: null
Jan 26, 2026 2:30:08 PM com.github.jinahya.database.metadata.bind.Context bind
WARNING: unknown result; type: Procedure, label: RESERVED3, value: null
Jan 26, 2026 2:30:08 PM com.github.jinahya.database.metadata.bind.Context bind
WARNING: unknown result; type: Procedure, label: RESERVED2, value: null
Jan 26, 2026 2:30:08 PM com.github.jinahya.database.metadata.bind.Context bind
WARNING: unknown result; type: Procedure, label: RESERVED1, value: null
Jan 26, 2026 2:30:08 PM com.github.jinahya.database.metadata.bind.Context bind
WARNING: unknown result; type: Procedure, label: RESERVED3, value: null
Jan 26, 2026 2:30:08 PM com.github.jinahya.database.metadata.bind.Context bind
WARNING: unknown result; type: Procedure, label: RESERVED2, value: null
Jan 26, 2026 2:30:08 PM com.github.jinahya.database.metadata.bind.Context bind
WARNING: unknown result; type: Procedure, label: RESERVED1, value: null
Jan 26, 2026 2:30:08 PM com.github.jinahya.database.metadata.bind.Context bind
WARNING: unknown result; type: Procedure, label: RESERVED3, value: null
Jan 26, 2026 2:30:08 PM com.github.jinahya.database.metadata.bind.Context bind
WARNING: unknown result; type: Procedure, label: RESERVED2, value: null
Jan 26, 2026 2:30:08 PM com.github.jinahya.database.metadata.bind.Context bind
WARNING: unknown result; type: Procedure, label: RESERVED1, value: null
Jan 26, 2026 2:30:08 PM com.github.jinahya.database.metadata.bind.Context bind
WARNING: unknown result; type: Procedure, label: RESERVED3, value: null
Jan 26, 2026 2:30:08 PM com.github.jinahya.database.metadata.bind.Context bind
WARNING: unknown result; type: Procedure, label: RESERVED2, value: null
Jan 26, 2026 2:30:08 PM com.github.jinahya.database.metadata.bind.Context bind
WARNING: unknown result; type: Procedure, label: RESERVED1, value: null
Jan 26, 2026 2:30:08 PM com.github.jinahya.database.metadata.bind.Context bind
WARNING: unknown result; type: Procedure, label: RESERVED3, value: null
Jan 26, 2026 2:30:08 PM com.github.jinahya.database.metadata.bind.Context bind
WARNING: unknown result; type: Procedure, label: RESERVED2, value: null
Jan 26, 2026 2:30:08 PM com.github.jinahya.database.metadata.bind.Context bind
WARNING: unknown result; type: Procedure, label: RESERVED1, value: null
Jan 26, 2026 2:30:08 PM com.github.jinahya.database.metadata.bind.Context bind
WARNING: unknown result; type: Procedure, label: RESERVED3, value: null
Jan 26, 2026 2:30:08 PM com.github.jinahya.database.metadata.bind.Context bind
WARNING: unknown result; type: Procedure, label: RESERVED2, value: null
Jan 26, 2026 2:30:08 PM com.github.jinahya.database.metadata.bind.Context bind
WARNING: unknown result; type: Procedure, label: RESERVED1, value: null
Jan 26, 2026 2:30:08 PM com.github.jinahya.database.metadata.bind.Context bind
WARNING: unknown result; type: Procedure, label: RESERVED3, value: null
Jan 26, 2026 2:30:08 PM com.github.jinahya.database.metadata.bind.Context bind
WARNING: unknown result; type: Procedure, label: RESERVED2, value: null
Jan 26, 2026 2:30:08 PM com.github.jinahya.database.metadata.bind.Context bind
WARNING: unknown result; type: Procedure, label: RESERVED1, value: null
Jan 26, 2026 2:30:08 PM com.github.jinahya.database.metadata.bind.Context bind
WARNING: unknown result; type: Procedure, label: RESERVED3, value: null
Jan 26, 2026 2:30:08 PM com.github.jinahya.database.metadata.bind.Context bind
WARNING: unknown result; type: Procedure, label: RESERVED2, value: null
Jan 26, 2026 2:30:08 PM com.github.jinahya.database.metadata.bind.Context bind
WARNING: unknown result; type: Procedure, label: RESERVED1, value: null
Jan 26, 2026 2:30:08 PM com.github.jinahya.database.metadata.bind.Context bind
WARNING: unknown result; type: Procedure, label: RESERVED3, value: null
Jan 26, 2026 2:30:08 PM com.github.jinahya.database.metadata.bind.Context bind
WARNING: unknown result; type: Procedure, label: RESERVED2, value: null
Jan 26, 2026 2:30:08 PM com.github.jinahya.database.metadata.bind.Context bind
WARNING: unknown result; type: Procedure, label: RESERVED1, value: null
Jan 26, 2026 2:30:08 PM com.github.jinahya.database.metadata.bind.Context bind
WARNING: unknown result; type: Procedure, label: RESERVED3, value: null
Jan 26, 2026 2:30:08 PM com.github.jinahya.database.metadata.bind.Context bind
WARNING: unknown result; type: Procedure, label: RESERVED2, value: null
Jan 26, 2026 2:30:08 PM com.github.jinahya.database.metadata.bind.Context bind
WARNING: unknown result; type: Procedure, label: RESERVED1, value: null
Jan 26, 2026 2:30:08 PM com.github.jinahya.database.metadata.bind.Context bind
WARNING: unknown result; type: Procedure, label: RESERVED3, value: null
Jan 26, 2026 2:30:08 PM com.github.jinahya.database.metadata.bind.Context bind
WARNING: unknown result; type: Procedure, label: RESERVED2, value: null
Jan 26, 2026 2:30:08 PM com.github.jinahya.database.metadata.bind.Context bind
WARNING: unknown result; type: Procedure, label: RESERVED1, value: null
Jan 26, 2026 2:30:08 PM com.github.jinahya.database.metadata.bind.Context bind
WARNING: unknown result; type: Procedure, label: RESERVED3, value: null
Jan 26, 2026 2:30:08 PM com.github.jinahya.database.metadata.bind.Context bind
WARNING: unknown result; type: Procedure, label: RESERVED2, value: null
Jan 26, 2026 2:30:08 PM com.github.jinahya.database.metadata.bind.Context bind
WARNING: unknown result; type: Procedure, label: RESERVED1, value: null
Jan 26, 2026 2:30:08 PM com.github.jinahya.database.metadata.bind.Context bind
WARNING: unknown result; type: Procedure, label: RESERVED3, value: null
Jan 26, 2026 2:30:08 PM com.github.jinahya.database.metadata.bind.Context bind
WARNING: unknown result; type: Procedure, label: RESERVED2, value: null
Jan 26, 2026 2:30:08 PM com.github.jinahya.database.metadata.bind.Context bind
WARNING: unknown result; type: Procedure, label: RESERVED1, value: null
Jan 26, 2026 2:30:08 PM com.github.jinahya.database.metadata.bind.Context bind
WARNING: unknown result; type: Procedure, label: RESERVED3, value: null
Jan 26, 2026 2:30:08 PM com.github.jinahya.database.metadata.bind.Context bind
WARNING: unknown result; type: Procedure, label: RESERVED2, value: null
Jan 26, 2026 2:30:08 PM com.github.jinahya.database.metadata.bind.Context bind
WARNING: unknown result; type: Procedure, label: RESERVED1, value: null
Jan 26, 2026 2:30:08 PM com.github.jinahya.database.metadata.bind.Context bind
WARNING: unknown result; type: Procedure, label: RESERVED3, value: null
Jan 26, 2026 2:30:08 PM com.github.jinahya.database.metadata.bind.Context bind
WARNING: unknown result; type: Procedure, label: RESERVED2, value: null
Jan 26, 2026 2:30:08 PM com.github.jinahya.database.metadata.bind.Context bind
WARNING: unknown result; type: Procedure, label: RESERVED1, value: null
Jan 26, 2026 2:30:08 PM com.github.jinahya.database.metadata.bind.Context bind
WARNING: unknown result; type: Procedure, label: RESERVED3, value: null
Jan 26, 2026 2:30:08 PM com.github.jinahya.database.metadata.bind.Context bind
WARNING: unknown result; type: Procedure, label: RESERVED2, value: null
Jan 26, 2026 2:30:08 PM com.github.jinahya.database.metadata.bind.Context bind
WARNING: unknown result; type: Procedure, label: RESERVED1, value: null
Jan 26, 2026 2:30:08 PM com.github.jinahya.database.metadata.bind.Context bind
WARNING: unknown result; type: Procedure, label: RESERVED3, value: null
Jan 26, 2026 2:30:08 PM com.github.jinahya.database.metadata.bind.Context bind
WARNING: unknown result; type: Procedure, label: RESERVED2, value: null
Jan 26, 2026 2:30:08 PM com.github.jinahya.database.metadata.bind.Context bind
WARNING: unknown result; type: Procedure, label: RESERVED1, value: null
Jan 26, 2026 2:30:08 PM com.github.jinahya.database.metadata.bind.Context bind
WARNING: unknown result; type: Procedure, label: RESERVED3, value: null
Jan 26, 2026 2:30:08 PM com.github.jinahya.database.metadata.bind.Context bind
WARNING: unknown result; type: Procedure, label: RESERVED2, value: null
Jan 26, 2026 2:30:08 PM com.github.jinahya.database.metadata.bind.Context bind
WARNING: unknown result; type: Procedure, label: RESERVED1, value: null
Jan 26, 2026 2:30:08 PM com.github.jinahya.database.metadata.bind.Context bind
WARNING: unknown result; type: Procedure, label: RESERVED3, value: null
Jan 26, 2026 2:30:08 PM com.github.jinahya.database.metadata.bind.Context bind
WARNING: unknown result; type: Procedure, label: RESERVED2, value: null
Jan 26, 2026 2:30:08 PM com.github.jinahya.database.metadata.bind.Context bind
WARNING: unknown result; type: Procedure, label: RESERVED1, value: null
Jan 26, 2026 2:30:08 PM com.github.jinahya.database.metadata.bind.Context bind
WARNING: unknown result; type: Procedure, label: RESERVED3, value: null
Jan 26, 2026 2:30:08 PM com.github.jinahya.database.metadata.bind.Context bind
WARNING: unknown result; type: Procedure, label: RESERVED2, value: null
Jan 26, 2026 2:30:08 PM com.github.jinahya.database.metadata.bind.Context bind
WARNING: unknown result; type: Procedure, label: RESERVED1, value: null
Jan 26, 2026 2:30:08 PM com.github.jinahya.database.metadata.bind.Context bind
WARNING: unknown result; type: Procedure, label: RESERVED3, value: null
Jan 26, 2026 2:30:08 PM com.github.jinahya.database.metadata.bind.Context bind
WARNING: unknown result; type: Procedure, label: RESERVED2, value: null
Jan 26, 2026 2:30:08 PM com.github.jinahya.database.metadata.bind.Context bind
WARNING: unknown result; type: Procedure, label: RESERVED1, value: null
Jan 26, 2026 2:30:08 PM com.github.jinahya.database.metadata.bind.Context bind
WARNING: unknown result; type: Procedure, label: RESERVED3, value: null
Jan 26, 2026 2:30:08 PM com.github.jinahya.database.metadata.bind.Context bind
WARNING: unknown result; type: Procedure, label: RESERVED2, value: null
Jan 26, 2026 2:30:08 PM com.github.jinahya.database.metadata.bind.Context bind
WARNING: unknown result; type: Procedure, label: RESERVED1, value: null
Jan 26, 2026 2:30:08 PM com.github.jinahya.database.metadata.bind.Context bind
WARNING: unknown result; type: Procedure, label: RESERVED3, value: null
Jan 26, 2026 2:30:08 PM com.github.jinahya.database.metadata.bind.Context bind
WARNING: unknown result; type: Procedure, label: RESERVED2, value: null
Jan 26, 2026 2:30:08 PM com.github.jinahya.database.metadata.bind.Context bind
WARNING: unknown result; type: Procedure, label: RESERVED1, value: null
Jan 26, 2026 2:30:08 PM com.github.jinahya.database.metadata.bind.Context bind
WARNING: unknown result; type: Procedure, label: RESERVED3, value: null
Jan 26, 2026 2:30:08 PM com.github.jinahya.database.metadata.bind.Context bind
WARNING: unknown result; type: Procedure, label: RESERVED2, value: null
Jan 26, 2026 2:30:08 PM com.github.jinahya.database.metadata.bind.Context bind
WARNING: unknown result; type: Procedure, label: RESERVED1, value: null
Jan 26, 2026 2:30:08 PM com.github.jinahya.database.metadata.bind.Context bind
WARNING: unknown result; type: Procedure, label: RESERVED3, value: null
Jan 26, 2026 2:30:08 PM com.github.jinahya.database.metadata.bind.Context bind
WARNING: unknown result; type: Procedure, label: RESERVED2, value: null
Jan 26, 2026 2:30:08 PM com.github.jinahya.database.metadata.bind.Context bind
WARNING: unknown result; type: Procedure, label: RESERVED1, value: null
Jan 26, 2026 2:30:08 PM com.github.jinahya.database.metadata.bind.Context bind
WARNING: unknown result; type: Procedure, label: RESERVED3, value: null
Jan 26, 2026 2:30:08 PM com.github.jinahya.database.metadata.bind.Context bind
WARNING: unknown result; type: Procedure, label: RESERVED2, value: null
Jan 26, 2026 2:30:08 PM com.github.jinahya.database.metadata.bind.Context bind
WARNING: unknown result; type: Procedure, label: RESERVED1, value: null
Jan 26, 2026 2:30:08 PM com.github.jinahya.database.metadata.bind.Context bind
WARNING: unknown result; type: Procedure, label: RESERVED3, value: null
Jan 26, 2026 2:30:08 PM com.github.jinahya.database.metadata.bind.Context bind
WARNING: unknown result; type: Procedure, label: RESERVED2, value: null
Jan 26, 2026 2:30:08 PM com.github.jinahya.database.metadata.bind.Context bind
WARNING: unknown result; type: Procedure, label: RESERVED1, value: null
Jan 26, 2026 2:30:08 PM com.github.jinahya.database.metadata.bind.Context bind
WARNING: unknown result; type: Procedure, label: RESERVED3, value: null
Jan 26, 2026 2:30:08 PM com.github.jinahya.database.metadata.bind.Context bind
WARNING: unknown result; type: Procedure, label: RESERVED2, value: null
Jan 26, 2026 2:30:08 PM com.github.jinahya.database.metadata.bind.Context bind
WARNING: unknown result; type: Procedure, label: RESERVED1, value: null
Jan 26, 2026 2:30:08 PM com.github.jinahya.database.metadata.bind.Context bind
WARNING: unknown result; type: Procedure, label: RESERVED3, value: null
Jan 26, 2026 2:30:08 PM com.github.jinahya.database.metadata.bind.Context bind
WARNING: unknown result; type: Procedure, label: RESERVED2, value: null
Jan 26, 2026 2:30:08 PM com.github.jinahya.database.metadata.bind.Context bind
WARNING: unknown result; type: Procedure, label: RESERVED1, value: null
Jan 26, 2026 2:30:08 PM com.github.jinahya.database.metadata.bind.Context bind
WARNING: unknown result; type: Procedure, label: RESERVED3, value: null
Jan 26, 2026 2:30:08 PM com.github.jinahya.database.metadata.bind.Context bind
WARNING: unknown result; type: Procedure, label: RESERVED2, value: null
Jan 26, 2026 2:30:08 PM com.github.jinahya.database.metadata.bind.Context bind
WARNING: unknown result; type: Procedure, label: RESERVED1, value: null
Jan 26, 2026 2:30:08 PM com.github.jinahya.database.metadata.bind.Context bind
WARNING: unknown result; type: Procedure, label: RESERVED3, value: null
Jan 26, 2026 2:30:08 PM com.github.jinahya.database.metadata.bind.Context bind
WARNING: unknown result; type: Procedure, label: RESERVED2, value: null
Jan 26, 2026 2:30:08 PM com.github.jinahya.database.metadata.bind.Context bind
WARNING: unknown result; type: Procedure, label: RESERVED1, value: null
Jan 26, 2026 2:30:08 PM com.github.jinahya.database.metadata.bind.Context bind
WARNING: unknown result; type: Procedure, label: RESERVED3, value: null
Jan 26, 2026 2:30:08 PM com.github.jinahya.database.metadata.bind.Context bind
WARNING: unknown result; type: Procedure, label: RESERVED2, value: null
Jan 26, 2026 2:30:08 PM com.github.jinahya.database.metadata.bind.Context bind
WARNING: unknown result; type: Procedure, label: RESERVED1, value: null
Jan 26, 2026 2:30:08 PM com.github.jinahya.database.metadata.bind.Context bind
WARNING: unknown result; type: Procedure, label: RESERVED3, value: null
Jan 26, 2026 2:30:08 PM com.github.jinahya.database.metadata.bind.Context bind
WARNING: unknown result; type: Procedure, label: RESERVED2, value: null
Jan 26, 2026 2:30:08 PM com.github.jinahya.database.metadata.bind.Context bind
WARNING: unknown result; type: Procedure, label: RESERVED1, value: null
Jan 26, 2026 2:30:08 PM com.github.jinahya.database.metadata.bind.Context bind
WARNING: unknown result; type: Procedure, label: RESERVED3, value: null
Jan 26, 2026 2:30:08 PM com.github.jinahya.database.metadata.bind.Context bind
WARNING: unknown result; type: Procedure, label: RESERVED2, value: null
Jan 26, 2026 2:30:08 PM com.github.jinahya.database.metadata.bind.Context bind
WARNING: unknown result; type: Procedure, label: RESERVED1, value: null
Jan 26, 2026 2:30:08 PM com.github.jinahya.database.metadata.bind.Context bind
WARNING: unknown result; type: Procedure, label: RESERVED3, value: null
Jan 26, 2026 2:30:08 PM com.github.jinahya.database.metadata.bind.Context bind
WARNING: unknown result; type: Procedure, label: RESERVED2, value: null
Jan 26, 2026 2:30:08 PM com.github.jinahya.database.metadata.bind.Context bind
WARNING: unknown result; type: Procedure, label: RESERVED1, value: null
Jan 26, 2026 2:30:08 PM com.github.jinahya.database.metadata.bind.Context bind
WARNING: unknown result; type: Procedure, label: RESERVED3, value: null
Jan 26, 2026 2:30:08 PM com.github.jinahya.database.metadata.bind.Context bind
WARNING: unknown result; type: Procedure, label: RESERVED2, value: null
Jan 26, 2026 2:30:08 PM com.github.jinahya.database.metadata.bind.Context bind
WARNING: unknown result; type: Procedure, label: RESERVED1, value: null
Jan 26, 2026 2:30:08 PM com.github.jinahya.database.metadata.bind.Context bind
WARNING: unknown result; type: Procedure, label: RESERVED3, value: null
Jan 26, 2026 2:30:08 PM com.github.jinahya.database.metadata.bind.Context bind
WARNING: unknown result; type: Procedure, label: RESERVED2, value: null
Jan 26, 2026 2:30:08 PM com.github.jinahya.database.metadata.bind.Context bind
WARNING: unknown result; type: Procedure, label: RESERVED1, value: null
Jan 26, 2026 2:30:08 PM com.github.jinahya.database.metadata.bind.Context bind
WARNING: unknown result; type: Procedure, label: RESERVED3, value: null
Jan 26, 2026 2:30:08 PM com.github.jinahya.database.metadata.bind.Context bind
WARNING: unknown result; type: Procedure, label: RESERVED2, value: null
Jan 26, 2026 2:30:08 PM com.github.jinahya.database.metadata.bind.Context bind
WARNING: unknown result; type: Procedure, label: RESERVED1, value: null
Jan 26, 2026 2:30:08 PM com.github.jinahya.database.metadata.bind.Context bind
WARNING: unknown result; type: Procedure, label: RESERVED3, value: null
Jan 26, 2026 2:30:08 PM com.github.jinahya.database.metadata.bind.Context bind
WARNING: unknown result; type: Procedure, label: RESERVED2, value: null
Jan 26, 2026 2:30:08 PM com.github.jinahya.database.metadata.bind.Context bind
WARNING: unknown result; type: Procedure, label: RESERVED1, value: null
Jan 26, 2026 2:30:08 PM com.github.jinahya.database.metadata.bind.Context bind
WARNING: unknown result; type: Procedure, label: RESERVED3, value: null
Jan 26, 2026 2:30:08 PM com.github.jinahya.database.metadata.bind.Context bind
WARNING: unknown result; type: Procedure, label: RESERVED2, value: null
Jan 26, 2026 2:30:08 PM com.github.jinahya.database.metadata.bind.Context bind
WARNING: unknown result; type: Procedure, label: RESERVED1, value: null
Jan 26, 2026 2:30:08 PM com.github.jinahya.database.metadata.bind.Context bind
WARNING: unknown result; type: Procedure, label: RESERVED3, value: null
Jan 26, 2026 2:30:08 PM com.github.jinahya.database.metadata.bind.Context bind
WARNING: unknown result; type: Procedure, label: RESERVED2, value: null
Jan 26, 2026 2:30:08 PM com.github.jinahya.database.metadata.bind.Context bind
WARNING: unknown result; type: Procedure, label: RESERVED1, value: null
Jan 26, 2026 2:30:08 PM com.github.jinahya.database.metadata.bind.Context bind
WARNING: unknown result; type: Procedure, label: RESERVED3, value: null
Jan 26, 2026 2:30:08 PM com.github.jinahya.database.metadata.bind.Context bind
WARNING: unknown result; type: Procedure, label: RESERVED2, value: null
Jan 26, 2026 2:30:08 PM com.github.jinahya.database.metadata.bind.Context bind
WARNING: unknown result; type: Procedure, label: RESERVED1, value: null
Jan 26, 2026 2:30:08 PM com.github.jinahya.database.metadata.bind.Context bind
WARNING: unknown result; type: Procedure, label: RESERVED3, value: null
Jan 26, 2026 2:30:08 PM com.github.jinahya.database.metadata.bind.Context bind
WARNING: unknown result; type: Procedure, label: RESERVED2, value: null
Jan 26, 2026 2:30:08 PM com.github.jinahya.database.metadata.bind.Context bind
WARNING: unknown result; type: Procedure, label: RESERVED1, value: null
Jan 26, 2026 2:30:08 PM com.github.jinahya.database.metadata.bind.Context bind
WARNING: unknown result; type: Procedure, label: RESERVED3, value: null
Jan 26, 2026 2:30:08 PM com.github.jinahya.database.metadata.bind.Context bind
WARNING: unknown result; type: Procedure, label: RESERVED2, value: null
Jan 26, 2026 2:30:08 PM com.github.jinahya.database.metadata.bind.Context bind
WARNING: unknown result; type: Procedure, label: RESERVED1, value: null
Jan 26, 2026 2:30:08 PM com.github.jinahya.database.metadata.bind.Context bind
WARNING: unknown result; type: Procedure, label: RESERVED3, value: null
Jan 26, 2026 2:30:08 PM com.github.jinahya.database.metadata.bind.Context bind
WARNING: unknown result; type: Procedure, label: RESERVED2, value: null
Jan 26, 2026 2:30:08 PM com.github.jinahya.database.metadata.bind.Context bind
WARNING: unknown result; type: Procedure, label: RESERVED1, value: null
Jan 26, 2026 2:30:08 PM com.github.jinahya.database.metadata.bind.Context bind
WARNING: unknown result; type: Procedure, label: RESERVED3, value: null
Jan 26, 2026 2:30:08 PM com.github.jinahya.database.metadata.bind.Context bind
WARNING: unknown result; type: Procedure, label: RESERVED2, value: null
Jan 26, 2026 2:30:08 PM com.github.jinahya.database.metadata.bind.Context bind
WARNING: unknown result; type: Procedure, label: RESERVED1, value: null
Jan 26, 2026 2:30:08 PM com.github.jinahya.database.metadata.bind.Context bind
WARNING: unknown result; type: Procedure, label: RESERVED3, value: null
Jan 26, 2026 2:30:08 PM com.github.jinahya.database.metadata.bind.Context bind
WARNING: unknown result; type: Procedure, label: RESERVED2, value: null
Jan 26, 2026 2:30:08 PM com.github.jinahya.database.metadata.bind.Context bind
WARNING: unknown result; type: Procedure, label: RESERVED1, value: null
Jan 26, 2026 2:30:08 PM com.github.jinahya.database.metadata.bind.Context bind
WARNING: unknown result; type: Procedure, label: RESERVED3, value: null
Jan 26, 2026 2:30:08 PM com.github.jinahya.database.metadata.bind.Context bind
WARNING: unknown result; type: Procedure, label: RESERVED2, value: null
Jan 26, 2026 2:30:08 PM com.github.jinahya.database.metadata.bind.Context bind
WARNING: unknown result; type: Procedure, label: RESERVED1, value: null
Jan 26, 2026 2:30:08 PM com.github.jinahya.database.metadata.bind.Context bind
WARNING: unknown result; type: Procedure, label: RESERVED3, value: null
Jan 26, 2026 2:30:08 PM com.github.jinahya.database.metadata.bind.Context bind
WARNING: unknown result; type: Procedure, label: RESERVED2, value: null
Jan 26, 2026 2:30:08 PM com.github.jinahya.database.metadata.bind.Context bind
WARNING: unknown result; type: Procedure, label: RESERVED1, value: null
Jan 26, 2026 2:30:08 PM com.github.jinahya.database.metadata.bind.Context bind
WARNING: unknown result; type: Procedure, label: RESERVED3, value: null
Jan 26, 2026 2:30:08 PM com.github.jinahya.database.metadata.bind.Context bind
WARNING: unknown result; type: Procedure, label: RESERVED2, value: null
Jan 26, 2026 2:30:08 PM com.github.jinahya.database.metadata.bind.Context bind
WARNING: unknown result; type: Procedure, label: RESERVED1, value: null
Jan 26, 2026 2:30:08 PM com.github.jinahya.database.metadata.bind.Context bind
WARNING: unknown result; type: Procedure, label: RESERVED3, value: null
Jan 26, 2026 2:30:08 PM com.github.jinahya.database.metadata.bind.Context bind
WARNING: unknown result; type: Procedure, label: RESERVED2, value: null
Jan 26, 2026 2:30:08 PM com.github.jinahya.database.metadata.bind.Context bind
WARNING: unknown result; type: Procedure, label: RESERVED1, value: null
Jan 26, 2026 2:30:08 PM com.github.jinahya.database.metadata.bind.Context bind
WARNING: unknown result; type: Procedure, label: RESERVED3, value: null
Jan 26, 2026 2:30:08 PM com.github.jinahya.database.metadata.bind.Context bind
WARNING: unknown result; type: Procedure, label: RESERVED2, value: null
Jan 26, 2026 2:30:08 PM com.github.jinahya.database.metadata.bind.Context bind
WARNING: unknown result; type: Procedure, label: RESERVED1, value: null
Jan 26, 2026 2:30:08 PM com.github.jinahya.database.metadata.bind.Context bind
WARNING: unknown result; type: Procedure, label: RESERVED3, value: null
Jan 26, 2026 2:30:08 PM com.github.jinahya.database.metadata.bind.Context bind
WARNING: unknown result; type: Procedure, label: RESERVED2, value: null
Jan 26, 2026 2:30:08 PM com.github.jinahya.database.metadata.bind.Context bind
WARNING: unknown result; type: Procedure, label: RESERVED1, value: null
Jan 26, 2026 2:30:08 PM com.github.jinahya.database.metadata.bind.Context bind
WARNING: unknown result; type: Procedure, label: RESERVED3, value: null
Jan 26, 2026 2:30:08 PM com.github.jinahya.database.metadata.bind.Context bind
WARNING: unknown result; type: Procedure, label: RESERVED2, value: null
Jan 26, 2026 2:30:08 PM com.github.jinahya.database.metadata.bind.Context bind
WARNING: unknown result; type: Procedure, label: RESERVED1, value: null
Jan 26, 2026 2:30:08 PM com.github.jinahya.database.metadata.bind.Context bind
WARNING: unknown result; type: Procedure, label: RESERVED3, value: null
Jan 26, 2026 2:30:08 PM com.github.jinahya.database.metadata.bind.Context bind
WARNING: unknown result; type: Procedure, label: RESERVED2, value: null
Jan 26, 2026 2:30:08 PM com.github.jinahya.database.metadata.bind.Context bind
WARNING: unknown result; type: Procedure, label: RESERVED1, value: null
Jan 26, 2026 2:30:08 PM com.github.jinahya.database.metadata.bind.Context bind
WARNING: unknown result; type: Procedure, label: RESERVED3, value: null
Jan 26, 2026 2:30:08 PM com.github.jinahya.database.metadata.bind.Context bind
WARNING: unknown result; type: Procedure, label: RESERVED2, value: null
Jan 26, 2026 2:30:08 PM com.github.jinahya.database.metadata.bind.Context bind
WARNING: unknown result; type: Procedure, label: RESERVED1, value: null
Jan 26, 2026 2:30:08 PM com.github.jinahya.database.metadata.bind.Context bind
WARNING: unknown result; type: Procedure, label: RESERVED3, value: null
Jan 26, 2026 2:30:08 PM com.github.jinahya.database.metadata.bind.Context bind
WARNING: unknown result; type: Procedure, label: RESERVED2, value: null
Jan 26, 2026 2:30:08 PM com.github.jinahya.database.metadata.bind.Context bind
WARNING: unknown result; type: Procedure, label: RESERVED1, value: null
Jan 26, 2026 2:30:08 PM com.github.jinahya.database.metadata.bind.Context bind
WARNING: unknown result; type: Procedure, label: RESERVED3, value: null
Jan 26, 2026 2:30:08 PM com.github.jinahya.database.metadata.bind.Context bind
WARNING: unknown result; type: Procedure, label: RESERVED2, value: null
Jan 26, 2026 2:30:08 PM com.github.jinahya.database.metadata.bind.Context bind
WARNING: unknown result; type: Procedure, label: RESERVED1, value: null
Jan 26, 2026 2:30:08 PM com.github.jinahya.database.metadata.bind.Context bind
WARNING: unknown result; type: Procedure, label: RESERVED3, value: null
Jan 26, 2026 2:30:08 PM com.github.jinahya.database.metadata.bind.Context bind
WARNING: unknown result; type: Procedure, label: RESERVED2, value: null
Jan 26, 2026 2:30:08 PM com.github.jinahya.database.metadata.bind.Context bind
WARNING: unknown result; type: Procedure, label: RESERVED1, value: null
Jan 26, 2026 2:30:08 PM com.github.jinahya.database.metadata.bind.Context bind
WARNING: unknown result; type: Procedure, label: RESERVED3, value: null
Jan 26, 2026 2:30:08 PM com.github.jinahya.database.metadata.bind.Context bind
WARNING: unknown result; type: Procedure, label: RESERVED2, value: null
Jan 26, 2026 2:30:08 PM com.github.jinahya.database.metadata.bind.Context bind
WARNING: unknown result; type: Procedure, label: RESERVED1, value: null
Jan 26, 2026 2:30:08 PM com.github.jinahya.database.metadata.bind.Context bind
WARNING: unknown result; type: ProcedureColumn, label: METHOD_ID, value: 3
Jan 26, 2026 2:30:08 PM com.github.jinahya.database.metadata.bind.Context bind
WARNING: unknown result; type: ProcedureColumn, label: PARAMETER_ID, value: 0
Jan 26, 2026 2:30:08 PM com.github.jinahya.database.metadata.bind.Context bind
WARNING: unknown result; type: ProcedureColumn, label: METHOD_ID, value: 3
Jan 26, 2026 2:30:08 PM com.github.jinahya.database.metadata.bind.Context bind
WARNING: unknown result; type: ProcedureColumn, label: PARAMETER_ID, value: 1
Jan 26, 2026 2:30:08 PM com.github.jinahya.database.metadata.bind.Context bind
WARNING: unknown result; type: ProcedureColumn, label: METHOD_ID, value: 3
Jan 26, 2026 2:30:08 PM com.github.jinahya.database.metadata.bind.Context bind
WARNING: unknown result; type: ProcedureColumn, label: PARAMETER_ID, value: 2
Jan 26, 2026 2:30:08 PM com.github.jinahya.database.metadata.bind.Context bind
WARNING: unknown result; type: ProcedureColumn, label: METHOD_ID, value: 2
Jan 26, 2026 2:30:08 PM com.github.jinahya.database.metadata.bind.Context bind
WARNING: unknown result; type: ProcedureColumn, label: PARAMETER_ID, value: 0
Jan 26, 2026 2:30:08 PM com.github.jinahya.database.metadata.bind.Context bind
WARNING: unknown result; type: ProcedureColumn, label: METHOD_ID, value: 2
Jan 26, 2026 2:30:08 PM com.github.jinahya.database.metadata.bind.Context bind
WARNING: unknown result; type: ProcedureColumn, label: PARAMETER_ID, value: 1
Jan 26, 2026 2:30:08 PM com.github.jinahya.database.metadata.bind.Context bind
WARNING: unknown result; type: ProcedureColumn, label: METHOD_ID, value: 2
Jan 26, 2026 2:30:08 PM com.github.jinahya.database.metadata.bind.Context bind
WARNING: unknown result; type: ProcedureColumn, label: PARAMETER_ID, value: 0
Jan 26, 2026 2:30:08 PM com.github.jinahya.database.metadata.bind.Context bind
WARNING: unknown result; type: ProcedureColumn, label: METHOD_ID, value: 2
Jan 26, 2026 2:30:08 PM com.github.jinahya.database.metadata.bind.Context bind
WARNING: unknown result; type: ProcedureColumn, label: PARAMETER_ID, value: 1
Jan 26, 2026 2:30:08 PM com.github.jinahya.database.metadata.bind.Context bind
WARNING: unknown result; type: ProcedureColumn, label: METHOD_ID, value: 1
Jan 26, 2026 2:30:08 PM com.github.jinahya.database.metadata.bind.Context bind
WARNING: unknown result; type: ProcedureColumn, label: PARAMETER_ID, value: 0
Jan 26, 2026 2:30:08 PM com.github.jinahya.database.metadata.bind.Context bind
WARNING: unknown result; type: ProcedureColumn, label: METHOD_ID, value: 2
Jan 26, 2026 2:30:08 PM com.github.jinahya.database.metadata.bind.Context bind
WARNING: unknown result; type: ProcedureColumn, label: PARAMETER_ID, value: 0
Jan 26, 2026 2:30:08 PM com.github.jinahya.database.metadata.bind.Context bind
WARNING: unknown result; type: ProcedureColumn, label: METHOD_ID, value: 2
Jan 26, 2026 2:30:08 PM com.github.jinahya.database.metadata.bind.Context bind
WARNING: unknown result; type: ProcedureColumn, label: PARAMETER_ID, value: 1
Jan 26, 2026 2:30:08 PM com.github.jinahya.database.metadata.bind.Context bind
WARNING: unknown result; type: ProcedureColumn, label: METHOD_ID, value: 2
Jan 26, 2026 2:30:08 PM com.github.jinahya.database.metadata.bind.Context bind
WARNING: unknown result; type: ProcedureColumn, label: PARAMETER_ID, value: 0
Jan 26, 2026 2:30:08 PM com.github.jinahya.database.metadata.bind.Context bind
WARNING: unknown result; type: ProcedureColumn, label: METHOD_ID, value: 2
Jan 26, 2026 2:30:08 PM com.github.jinahya.database.metadata.bind.Context bind
WARNING: unknown result; type: ProcedureColumn, label: PARAMETER_ID, value: 1
Jan 26, 2026 2:30:08 PM com.github.jinahya.database.metadata.bind.Context bind
WARNING: unknown result; type: ProcedureColumn, label: METHOD_ID, value: 1
Jan 26, 2026 2:30:08 PM com.github.jinahya.database.metadata.bind.Context bind
WARNING: unknown result; type: ProcedureColumn, label: PARAMETER_ID, value: 0
Jan 26, 2026 2:30:08 PM com.github.jinahya.database.metadata.bind.Context bind
WARNING: unknown result; type: ProcedureColumn, label: METHOD_ID, value: 4
Jan 26, 2026 2:30:08 PM com.github.jinahya.database.metadata.bind.Context bind
WARNING: unknown result; type: ProcedureColumn, label: PARAMETER_ID, value: 0
Jan 26, 2026 2:30:08 PM com.github.jinahya.database.metadata.bind.Context bind
WARNING: unknown result; type: ProcedureColumn, label: METHOD_ID, value: 4
Jan 26, 2026 2:30:08 PM com.github.jinahya.database.metadata.bind.Context bind
WARNING: unknown result; type: ProcedureColumn, label: PARAMETER_ID, value: 1
Jan 26, 2026 2:30:08 PM com.github.jinahya.database.metadata.bind.Context bind
WARNING: unknown result; type: ProcedureColumn, label: METHOD_ID, value: 4
Jan 26, 2026 2:30:08 PM com.github.jinahya.database.metadata.bind.Context bind
WARNING: unknown result; type: ProcedureColumn, label: PARAMETER_ID, value: 2
Jan 26, 2026 2:30:08 PM com.github.jinahya.database.metadata.bind.Context bind
WARNING: unknown result; type: ProcedureColumn, label: METHOD_ID, value: 4
Jan 26, 2026 2:30:08 PM com.github.jinahya.database.metadata.bind.Context bind
WARNING: unknown result; type: ProcedureColumn, label: PARAMETER_ID, value: 3
Jan 26, 2026 2:30:08 PM com.github.jinahya.database.metadata.bind.Context bind
WARNING: unknown result; type: ProcedureColumn, label: METHOD_ID, value: 3
Jan 26, 2026 2:30:08 PM com.github.jinahya.database.metadata.bind.Context bind
WARNING: unknown result; type: ProcedureColumn, label: PARAMETER_ID, value: 0
Jan 26, 2026 2:30:08 PM com.github.jinahya.database.metadata.bind.Context bind
WARNING: unknown result; type: ProcedureColumn, label: METHOD_ID, value: 3
Jan 26, 2026 2:30:08 PM com.github.jinahya.database.metadata.bind.Context bind
WARNING: unknown result; type: ProcedureColumn, label: PARAMETER_ID, value: 1
Jan 26, 2026 2:30:08 PM com.github.jinahya.database.metadata.bind.Context bind
WARNING: unknown result; type: ProcedureColumn, label: METHOD_ID, value: 3
Jan 26, 2026 2:30:08 PM com.github.jinahya.database.metadata.bind.Context bind
WARNING: unknown result; type: ProcedureColumn, label: PARAMETER_ID, value: 2
Jan 26, 2026 2:30:08 PM com.github.jinahya.database.metadata.bind.Context bind
WARNING: unknown result; type: ProcedureColumn, label: METHOD_ID, value: 2
Jan 26, 2026 2:30:08 PM com.github.jinahya.database.metadata.bind.Context bind
WARNING: unknown result; type: ProcedureColumn, label: PARAMETER_ID, value: 0
Jan 26, 2026 2:30:08 PM com.github.jinahya.database.metadata.bind.Context bind
WARNING: unknown result; type: ProcedureColumn, label: METHOD_ID, value: 2
Jan 26, 2026 2:30:08 PM com.github.jinahya.database.metadata.bind.Context bind
WARNING: unknown result; type: ProcedureColumn, label: PARAMETER_ID, value: 1
Jan 26, 2026 2:30:08 PM com.github.jinahya.database.metadata.bind.Context bind
WARNING: unknown result; type: ProcedureColumn, label: METHOD_ID, value: 1
Jan 26, 2026 2:30:08 PM com.github.jinahya.database.metadata.bind.Context bind
WARNING: unknown result; type: ProcedureColumn, label: PARAMETER_ID, value: 0
Jan 26, 2026 2:30:08 PM com.github.jinahya.database.metadata.bind.Context bind
WARNING: unknown result; type: ProcedureColumn, label: METHOD_ID, value: 3
Jan 26, 2026 2:30:08 PM com.github.jinahya.database.metadata.bind.Context bind
WARNING: unknown result; type: ProcedureColumn, label: PARAMETER_ID, value: 0
Jan 26, 2026 2:30:08 PM com.github.jinahya.database.metadata.bind.Context bind
WARNING: unknown result; type: ProcedureColumn, label: METHOD_ID, value: 3
Jan 26, 2026 2:30:08 PM com.github.jinahya.database.metadata.bind.Context bind
WARNING: unknown result; type: ProcedureColumn, label: PARAMETER_ID, value: 1
Jan 26, 2026 2:30:08 PM com.github.jinahya.database.metadata.bind.Context bind
WARNING: unknown result; type: ProcedureColumn, label: METHOD_ID, value: 3
Jan 26, 2026 2:30:08 PM com.github.jinahya.database.metadata.bind.Context bind
WARNING: unknown result; type: ProcedureColumn, label: PARAMETER_ID, value: 2
Jan 26, 2026 2:30:08 PM com.github.jinahya.database.metadata.bind.Context bind
WARNING: unknown result; type: ProcedureColumn, label: METHOD_ID, value: 1
Jan 26, 2026 2:30:08 PM com.github.jinahya.database.metadata.bind.Context bind
WARNING: unknown result; type: ProcedureColumn, label: PARAMETER_ID, value: 0
Jan 26, 2026 2:30:08 PM com.github.jinahya.database.metadata.bind.Context bind
WARNING: unknown result; type: ProcedureColumn, label: METHOD_ID, value: 5
Jan 26, 2026 2:30:08 PM com.github.jinahya.database.metadata.bind.Context bind
WARNING: unknown result; type: ProcedureColumn, label: PARAMETER_ID, value: 0
Jan 26, 2026 2:30:08 PM com.github.jinahya.database.metadata.bind.Context bind
WARNING: unknown result; type: ProcedureColumn, label: METHOD_ID, value: 5
Jan 26, 2026 2:30:08 PM com.github.jinahya.database.metadata.bind.Context bind
WARNING: unknown result; type: ProcedureColumn, label: PARAMETER_ID, value: 1
Jan 26, 2026 2:30:08 PM com.github.jinahya.database.metadata.bind.Context bind
WARNING: unknown result; type: ProcedureColumn, label: METHOD_ID, value: 5
Jan 26, 2026 2:30:08 PM com.github.jinahya.database.metadata.bind.Context bind
WARNING: unknown result; type: ProcedureColumn, label: PARAMETER_ID, value: 2
Jan 26, 2026 2:30:08 PM com.github.jinahya.database.metadata.bind.Context bind
WARNING: unknown result; type: ProcedureColumn, label: METHOD_ID, value: 5
Jan 26, 2026 2:30:08 PM com.github.jinahya.database.metadata.bind.Context bind
WARNING: unknown result; type: ProcedureColumn, label: PARAMETER_ID, value: 3
Jan 26, 2026 2:30:08 PM com.github.jinahya.database.metadata.bind.Context bind
WARNING: unknown result; type: ProcedureColumn, label: METHOD_ID, value: 5
Jan 26, 2026 2:30:08 PM com.github.jinahya.database.metadata.bind.Context bind
WARNING: unknown result; type: ProcedureColumn, label: PARAMETER_ID, value: 4
Jan 26, 2026 2:30:08 PM com.github.jinahya.database.metadata.bind.Context bind
WARNING: unknown result; type: ProcedureColumn, label: METHOD_ID, value: 6
Jan 26, 2026 2:30:08 PM com.github.jinahya.database.metadata.bind.Context bind
WARNING: unknown result; type: ProcedureColumn, label: PARAMETER_ID, value: 0
Jan 26, 2026 2:30:08 PM com.github.jinahya.database.metadata.bind.Context bind
WARNING: unknown result; type: ProcedureColumn, label: METHOD_ID, value: 6
Jan 26, 2026 2:30:08 PM com.github.jinahya.database.metadata.bind.Context bind
WARNING: unknown result; type: ProcedureColumn, label: PARAMETER_ID, value: 1
Jan 26, 2026 2:30:08 PM com.github.jinahya.database.metadata.bind.Context bind
WARNING: unknown result; type: ProcedureColumn, label: METHOD_ID, value: 6
Jan 26, 2026 2:30:08 PM com.github.jinahya.database.metadata.bind.Context bind
WARNING: unknown result; type: ProcedureColumn, label: PARAMETER_ID, value: 2
Jan 26, 2026 2:30:08 PM com.github.jinahya.database.metadata.bind.Context bind
WARNING: unknown result; type: ProcedureColumn, label: METHOD_ID, value: 6
Jan 26, 2026 2:30:08 PM com.github.jinahya.database.metadata.bind.Context bind
WARNING: unknown result; type: ProcedureColumn, label: PARAMETER_ID, value: 3
Jan 26, 2026 2:30:08 PM com.github.jinahya.database.metadata.bind.Context bind
WARNING: unknown result; type: ProcedureColumn, label: METHOD_ID, value: 6
Jan 26, 2026 2:30:08 PM com.github.jinahya.database.metadata.bind.Context bind
WARNING: unknown result; type: ProcedureColumn, label: PARAMETER_ID, value: 4
Jan 26, 2026 2:30:08 PM com.github.jinahya.database.metadata.bind.Context bind
WARNING: unknown result; type: ProcedureColumn, label: METHOD_ID, value: 6
Jan 26, 2026 2:30:08 PM com.github.jinahya.database.metadata.bind.Context bind
WARNING: unknown result; type: ProcedureColumn, label: PARAMETER_ID, value: 5
Jan 26, 2026 2:30:08 PM com.github.jinahya.database.metadata.bind.Context bind
WARNING: unknown result; type: ProcedureColumn, label: METHOD_ID, value: 6
Jan 26, 2026 2:30:08 PM com.github.jinahya.database.metadata.bind.Context bind
WARNING: unknown result; type: ProcedureColumn, label: PARAMETER_ID, value: 0
Jan 26, 2026 2:30:08 PM com.github.jinahya.database.metadata.bind.Context bind
WARNING: unknown result; type: ProcedureColumn, label: METHOD_ID, value: 6
Jan 26, 2026 2:30:08 PM com.github.jinahya.database.metadata.bind.Context bind
WARNING: unknown result; type: ProcedureColumn, label: PARAMETER_ID, value: 1
Jan 26, 2026 2:30:08 PM com.github.jinahya.database.metadata.bind.Context bind
WARNING: unknown result; type: ProcedureColumn, label: METHOD_ID, value: 6
Jan 26, 2026 2:30:08 PM com.github.jinahya.database.metadata.bind.Context bind
WARNING: unknown result; type: ProcedureColumn, label: PARAMETER_ID, value: 2
Jan 26, 2026 2:30:08 PM com.github.jinahya.database.metadata.bind.Context bind
WARNING: unknown result; type: ProcedureColumn, label: METHOD_ID, value: 6
Jan 26, 2026 2:30:08 PM com.github.jinahya.database.metadata.bind.Context bind
WARNING: unknown result; type: ProcedureColumn, label: PARAMETER_ID, value: 3
Jan 26, 2026 2:30:08 PM com.github.jinahya.database.metadata.bind.Context bind
WARNING: unknown result; type: ProcedureColumn, label: METHOD_ID, value: 6
Jan 26, 2026 2:30:08 PM com.github.jinahya.database.metadata.bind.Context bind
WARNING: unknown result; type: ProcedureColumn, label: PARAMETER_ID, value: 4
Jan 26, 2026 2:30:08 PM com.github.jinahya.database.metadata.bind.Context bind
WARNING: unknown result; type: ProcedureColumn, label: METHOD_ID, value: 6
Jan 26, 2026 2:30:08 PM com.github.jinahya.database.metadata.bind.Context bind
WARNING: unknown result; type: ProcedureColumn, label: PARAMETER_ID, value: 5
Jan 26, 2026 2:30:08 PM com.github.jinahya.database.metadata.bind.Context bind
WARNING: unknown result; type: ProcedureColumn, label: METHOD_ID, value: 7
Jan 26, 2026 2:30:08 PM com.github.jinahya.database.metadata.bind.Context bind
WARNING: unknown result; type: ProcedureColumn, label: PARAMETER_ID, value: 0
Jan 26, 2026 2:30:08 PM com.github.jinahya.database.metadata.bind.Context bind
WARNING: unknown result; type: ProcedureColumn, label: METHOD_ID, value: 7
Jan 26, 2026 2:30:08 PM com.github.jinahya.database.metadata.bind.Context bind
WARNING: unknown result; type: ProcedureColumn, label: PARAMETER_ID, value: 1
Jan 26, 2026 2:30:08 PM com.github.jinahya.database.metadata.bind.Context bind
WARNING: unknown result; type: ProcedureColumn, label: METHOD_ID, value: 7
Jan 26, 2026 2:30:08 PM com.github.jinahya.database.metadata.bind.Context bind
WARNING: unknown result; type: ProcedureColumn, label: PARAMETER_ID, value: 2
Jan 26, 2026 2:30:08 PM com.github.jinahya.database.metadata.bind.Context bind
WARNING: unknown result; type: ProcedureColumn, label: METHOD_ID, value: 7
Jan 26, 2026 2:30:08 PM com.github.jinahya.database.metadata.bind.Context bind
WARNING: unknown result; type: ProcedureColumn, label: PARAMETER_ID, value: 3
Jan 26, 2026 2:30:08 PM com.github.jinahya.database.metadata.bind.Context bind
WARNING: unknown result; type: ProcedureColumn, label: METHOD_ID, value: 7
Jan 26, 2026 2:30:08 PM com.github.jinahya.database.metadata.bind.Context bind
WARNING: unknown result; type: ProcedureColumn, label: PARAMETER_ID, value: 4
Jan 26, 2026 2:30:08 PM com.github.jinahya.database.metadata.bind.Context bind
WARNING: unknown result; type: ProcedureColumn, label: METHOD_ID, value: 7
Jan 26, 2026 2:30:08 PM com.github.jinahya.database.metadata.bind.Context bind
WARNING: unknown result; type: ProcedureColumn, label: PARAMETER_ID, value: 5
Jan 26, 2026 2:30:08 PM com.github.jinahya.database.metadata.bind.Context bind
WARNING: unknown result; type: ProcedureColumn, label: METHOD_ID, value: 7
Jan 26, 2026 2:30:08 PM com.github.jinahya.database.metadata.bind.Context bind
WARNING: unknown result; type: ProcedureColumn, label: PARAMETER_ID, value: 6
Jan 26, 2026 2:30:08 PM com.github.jinahya.database.metadata.bind.Context bind
WARNING: unknown result; type: ProcedureColumn, label: METHOD_ID, value: 9
Jan 26, 2026 2:30:08 PM com.github.jinahya.database.metadata.bind.Context bind
WARNING: unknown result; type: ProcedureColumn, label: PARAMETER_ID, value: 0
Jan 26, 2026 2:30:08 PM com.github.jinahya.database.metadata.bind.Context bind
WARNING: unknown result; type: ProcedureColumn, label: METHOD_ID, value: 9
Jan 26, 2026 2:30:08 PM com.github.jinahya.database.metadata.bind.Context bind
WARNING: unknown result; type: ProcedureColumn, label: PARAMETER_ID, value: 1
Jan 26, 2026 2:30:08 PM com.github.jinahya.database.metadata.bind.Context bind
WARNING: unknown result; type: ProcedureColumn, label: METHOD_ID, value: 9
Jan 26, 2026 2:30:08 PM com.github.jinahya.database.metadata.bind.Context bind
WARNING: unknown result; type: ProcedureColumn, label: PARAMETER_ID, value: 2
Jan 26, 2026 2:30:08 PM com.github.jinahya.database.metadata.bind.Context bind
WARNING: unknown result; type: ProcedureColumn, label: METHOD_ID, value: 9
Jan 26, 2026 2:30:08 PM com.github.jinahya.database.metadata.bind.Context bind
WARNING: unknown result; type: ProcedureColumn, label: PARAMETER_ID, value: 3
Jan 26, 2026 2:30:08 PM com.github.jinahya.database.metadata.bind.Context bind
WARNING: unknown result; type: ProcedureColumn, label: METHOD_ID, value: 9
Jan 26, 2026 2:30:08 PM com.github.jinahya.database.metadata.bind.Context bind
WARNING: unknown result; type: ProcedureColumn, label: PARAMETER_ID, value: 4
Jan 26, 2026 2:30:08 PM com.github.jinahya.database.metadata.bind.Context bind
WARNING: unknown result; type: ProcedureColumn, label: METHOD_ID, value: 9
Jan 26, 2026 2:30:08 PM com.github.jinahya.database.metadata.bind.Context bind
WARNING: unknown result; type: ProcedureColumn, label: PARAMETER_ID, value: 5
Jan 26, 2026 2:30:08 PM com.github.jinahya.database.metadata.bind.Context bind
WARNING: unknown result; type: ProcedureColumn, label: METHOD_ID, value: 9
Jan 26, 2026 2:30:08 PM com.github.jinahya.database.metadata.bind.Context bind
WARNING: unknown result; type: ProcedureColumn, label: PARAMETER_ID, value: 6
Jan 26, 2026 2:30:08 PM com.github.jinahya.database.metadata.bind.Context bind
WARNING: unknown result; type: ProcedureColumn, label: METHOD_ID, value: 9
Jan 26, 2026 2:30:08 PM com.github.jinahya.database.metadata.bind.Context bind
WARNING: unknown result; type: ProcedureColumn, label: PARAMETER_ID, value: 7
Jan 26, 2026 2:30:08 PM com.github.jinahya.database.metadata.bind.Context bind
WARNING: unknown result; type: ProcedureColumn, label: METHOD_ID, value: 9
Jan 26, 2026 2:30:08 PM com.github.jinahya.database.metadata.bind.Context bind
WARNING: unknown result; type: ProcedureColumn, label: PARAMETER_ID, value: 8
Jan 26, 2026 2:30:08 PM com.github.jinahya.database.metadata.bind.Context bind
WARNING: unknown result; type: ProcedureColumn, label: METHOD_ID, value: 10
Jan 26, 2026 2:30:08 PM com.github.jinahya.database.metadata.bind.Context bind
WARNING: unknown result; type: ProcedureColumn, label: PARAMETER_ID, value: 0
Jan 26, 2026 2:30:08 PM com.github.jinahya.database.metadata.bind.Context bind
WARNING: unknown result; type: ProcedureColumn, label: METHOD_ID, value: 10
Jan 26, 2026 2:30:08 PM com.github.jinahya.database.metadata.bind.Context bind
WARNING: unknown result; type: ProcedureColumn, label: PARAMETER_ID, value: 1
Jan 26, 2026 2:30:08 PM com.github.jinahya.database.metadata.bind.Context bind
WARNING: unknown result; type: ProcedureColumn, label: METHOD_ID, value: 10
Jan 26, 2026 2:30:08 PM com.github.jinahya.database.metadata.bind.Context bind
WARNING: unknown result; type: ProcedureColumn, label: PARAMETER_ID, value: 2
Jan 26, 2026 2:30:08 PM com.github.jinahya.database.metadata.bind.Context bind
WARNING: unknown result; type: ProcedureColumn, label: METHOD_ID, value: 10
Jan 26, 2026 2:30:08 PM com.github.jinahya.database.metadata.bind.Context bind
WARNING: unknown result; type: ProcedureColumn, label: PARAMETER_ID, value: 3
Jan 26, 2026 2:30:08 PM com.github.jinahya.database.metadata.bind.Context bind
WARNING: unknown result; type: ProcedureColumn, label: METHOD_ID, value: 10
Jan 26, 2026 2:30:08 PM com.github.jinahya.database.metadata.bind.Context bind
WARNING: unknown result; type: ProcedureColumn, label: PARAMETER_ID, value: 4
Jan 26, 2026 2:30:08 PM com.github.jinahya.database.metadata.bind.Context bind
WARNING: unknown result; type: ProcedureColumn, label: METHOD_ID, value: 10
Jan 26, 2026 2:30:08 PM com.github.jinahya.database.metadata.bind.Context bind
WARNING: unknown result; type: ProcedureColumn, label: PARAMETER_ID, value: 5
Jan 26, 2026 2:30:08 PM com.github.jinahya.database.metadata.bind.Context bind
WARNING: unknown result; type: ProcedureColumn, label: METHOD_ID, value: 10
Jan 26, 2026 2:30:08 PM com.github.jinahya.database.metadata.bind.Context bind
WARNING: unknown result; type: ProcedureColumn, label: PARAMETER_ID, value: 6
Jan 26, 2026 2:30:08 PM com.github.jinahya.database.metadata.bind.Context bind
WARNING: unknown result; type: ProcedureColumn, label: METHOD_ID, value: 10
Jan 26, 2026 2:30:08 PM com.github.jinahya.database.metadata.bind.Context bind
WARNING: unknown result; type: ProcedureColumn, label: PARAMETER_ID, value: 7
Jan 26, 2026 2:30:08 PM com.github.jinahya.database.metadata.bind.Context bind
WARNING: unknown result; type: ProcedureColumn, label: METHOD_ID, value: 10
Jan 26, 2026 2:30:08 PM com.github.jinahya.database.metadata.bind.Context bind
WARNING: unknown result; type: ProcedureColumn, label: PARAMETER_ID, value: 8
Jan 26, 2026 2:30:08 PM com.github.jinahya.database.metadata.bind.Context bind
WARNING: unknown result; type: ProcedureColumn, label: METHOD_ID, value: 10
Jan 26, 2026 2:30:08 PM com.github.jinahya.database.metadata.bind.Context bind
WARNING: unknown result; type: ProcedureColumn, label: PARAMETER_ID, value: 9
Jan 26, 2026 2:30:08 PM com.github.jinahya.database.metadata.bind.Context bind
WARNING: unknown result; type: ProcedureColumn, label: METHOD_ID, value: 9
Jan 26, 2026 2:30:08 PM com.github.jinahya.database.metadata.bind.Context bind
WARNING: unknown result; type: ProcedureColumn, label: PARAMETER_ID, value: 0
Jan 26, 2026 2:30:08 PM com.github.jinahya.database.metadata.bind.Context bind
WARNING: unknown result; type: ProcedureColumn, label: METHOD_ID, value: 9
Jan 26, 2026 2:30:08 PM com.github.jinahya.database.metadata.bind.Context bind
WARNING: unknown result; type: ProcedureColumn, label: PARAMETER_ID, value: 1
Jan 26, 2026 2:30:08 PM com.github.jinahya.database.metadata.bind.Context bind
WARNING: unknown result; type: ProcedureColumn, label: METHOD_ID, value: 9
Jan 26, 2026 2:30:08 PM com.github.jinahya.database.metadata.bind.Context bind
WARNING: unknown result; type: ProcedureColumn, label: PARAMETER_ID, value: 2
Jan 26, 2026 2:30:08 PM com.github.jinahya.database.metadata.bind.Context bind
WARNING: unknown result; type: ProcedureColumn, label: METHOD_ID, value: 9
Jan 26, 2026 2:30:08 PM com.github.jinahya.database.metadata.bind.Context bind
WARNING: unknown result; type: ProcedureColumn, label: PARAMETER_ID, value: 3
Jan 26, 2026 2:30:08 PM com.github.jinahya.database.metadata.bind.Context bind
WARNING: unknown result; type: ProcedureColumn, label: METHOD_ID, value: 9
Jan 26, 2026 2:30:08 PM com.github.jinahya.database.metadata.bind.Context bind
WARNING: unknown result; type: ProcedureColumn, label: PARAMETER_ID, value: 4
Jan 26, 2026 2:30:08 PM com.github.jinahya.database.metadata.bind.Context bind
WARNING: unknown result; type: ProcedureColumn, label: METHOD_ID, value: 9
Jan 26, 2026 2:30:08 PM com.github.jinahya.database.metadata.bind.Context bind
WARNING: unknown result; type: ProcedureColumn, label: PARAMETER_ID, value: 5
Jan 26, 2026 2:30:08 PM com.github.jinahya.database.metadata.bind.Context bind
WARNING: unknown result; type: ProcedureColumn, label: METHOD_ID, value: 9
Jan 26, 2026 2:30:08 PM com.github.jinahya.database.metadata.bind.Context bind
WARNING: unknown result; type: ProcedureColumn, label: PARAMETER_ID, value: 6
Jan 26, 2026 2:30:08 PM com.github.jinahya.database.metadata.bind.Context bind
WARNING: unknown result; type: ProcedureColumn, label: METHOD_ID, value: 9
Jan 26, 2026 2:30:08 PM com.github.jinahya.database.metadata.bind.Context bind
WARNING: unknown result; type: ProcedureColumn, label: PARAMETER_ID, value: 7
Jan 26, 2026 2:30:08 PM com.github.jinahya.database.metadata.bind.Context bind
WARNING: unknown result; type: ProcedureColumn, label: METHOD_ID, value: 9
Jan 26, 2026 2:30:08 PM com.github.jinahya.database.metadata.bind.Context bind
WARNING: unknown result; type: ProcedureColumn, label: PARAMETER_ID, value: 8
Jan 26, 2026 2:30:08 PM com.github.jinahya.database.metadata.bind.Context bind
WARNING: unknown result; type: ProcedureColumn, label: METHOD_ID, value: 7
Jan 26, 2026 2:30:08 PM com.github.jinahya.database.metadata.bind.Context bind
WARNING: unknown result; type: ProcedureColumn, label: PARAMETER_ID, value: 0
Jan 26, 2026 2:30:08 PM com.github.jinahya.database.metadata.bind.Context bind
WARNING: unknown result; type: ProcedureColumn, label: METHOD_ID, value: 7
Jan 26, 2026 2:30:08 PM com.github.jinahya.database.metadata.bind.Context bind
WARNING: unknown result; type: ProcedureColumn, label: PARAMETER_ID, value: 1
Jan 26, 2026 2:30:08 PM com.github.jinahya.database.metadata.bind.Context bind
WARNING: unknown result; type: ProcedureColumn, label: METHOD_ID, value: 7
Jan 26, 2026 2:30:08 PM com.github.jinahya.database.metadata.bind.Context bind
WARNING: unknown result; type: ProcedureColumn, label: PARAMETER_ID, value: 2
Jan 26, 2026 2:30:08 PM com.github.jinahya.database.metadata.bind.Context bind
WARNING: unknown result; type: ProcedureColumn, label: METHOD_ID, value: 7
Jan 26, 2026 2:30:08 PM com.github.jinahya.database.metadata.bind.Context bind
WARNING: unknown result; type: ProcedureColumn, label: PARAMETER_ID, value: 3
Jan 26, 2026 2:30:08 PM com.github.jinahya.database.metadata.bind.Context bind
WARNING: unknown result; type: ProcedureColumn, label: METHOD_ID, value: 7
Jan 26, 2026 2:30:08 PM com.github.jinahya.database.metadata.bind.Context bind
WARNING: unknown result; type: ProcedureColumn, label: PARAMETER_ID, value: 4
Jan 26, 2026 2:30:08 PM com.github.jinahya.database.metadata.bind.Context bind
WARNING: unknown result; type: ProcedureColumn, label: METHOD_ID, value: 7
Jan 26, 2026 2:30:08 PM com.github.jinahya.database.metadata.bind.Context bind
WARNING: unknown result; type: ProcedureColumn, label: PARAMETER_ID, value: 5
Jan 26, 2026 2:30:08 PM com.github.jinahya.database.metadata.bind.Context bind
WARNING: unknown result; type: ProcedureColumn, label: METHOD_ID, value: 7
Jan 26, 2026 2:30:08 PM com.github.jinahya.database.metadata.bind.Context bind
WARNING: unknown result; type: ProcedureColumn, label: PARAMETER_ID, value: 6
Jan 26, 2026 2:30:08 PM com.github.jinahya.database.metadata.bind.Context bind
WARNING: unknown result; type: ProcedureColumn, label: METHOD_ID, value: 8
Jan 26, 2026 2:30:08 PM com.github.jinahya.database.metadata.bind.Context bind
WARNING: unknown result; type: ProcedureColumn, label: PARAMETER_ID, value: 0
Jan 26, 2026 2:30:08 PM com.github.jinahya.database.metadata.bind.Context bind
WARNING: unknown result; type: ProcedureColumn, label: METHOD_ID, value: 8
Jan 26, 2026 2:30:08 PM com.github.jinahya.database.metadata.bind.Context bind
WARNING: unknown result; type: ProcedureColumn, label: PARAMETER_ID, value: 1
Jan 26, 2026 2:30:08 PM com.github.jinahya.database.metadata.bind.Context bind
WARNING: unknown result; type: ProcedureColumn, label: METHOD_ID, value: 8
Jan 26, 2026 2:30:08 PM com.github.jinahya.database.metadata.bind.Context bind
WARNING: unknown result; type: ProcedureColumn, label: PARAMETER_ID, value: 2
Jan 26, 2026 2:30:08 PM com.github.jinahya.database.metadata.bind.Context bind
WARNING: unknown result; type: ProcedureColumn, label: METHOD_ID, value: 8
Jan 26, 2026 2:30:08 PM com.github.jinahya.database.metadata.bind.Context bind
WARNING: unknown result; type: ProcedureColumn, label: PARAMETER_ID, value: 3
Jan 26, 2026 2:30:08 PM com.github.jinahya.database.metadata.bind.Context bind
WARNING: unknown result; type: ProcedureColumn, label: METHOD_ID, value: 8
Jan 26, 2026 2:30:08 PM com.github.jinahya.database.metadata.bind.Context bind
WARNING: unknown result; type: ProcedureColumn, label: PARAMETER_ID, value: 4
Jan 26, 2026 2:30:08 PM com.github.jinahya.database.metadata.bind.Context bind
WARNING: unknown result; type: ProcedureColumn, label: METHOD_ID, value: 8
Jan 26, 2026 2:30:08 PM com.github.jinahya.database.metadata.bind.Context bind
WARNING: unknown result; type: ProcedureColumn, label: PARAMETER_ID, value: 5
Jan 26, 2026 2:30:08 PM com.github.jinahya.database.metadata.bind.Context bind
WARNING: unknown result; type: ProcedureColumn, label: METHOD_ID, value: 8
Jan 26, 2026 2:30:08 PM com.github.jinahya.database.metadata.bind.Context bind
WARNING: unknown result; type: ProcedureColumn, label: PARAMETER_ID, value: 6
Jan 26, 2026 2:30:08 PM com.github.jinahya.database.metadata.bind.Context bind
WARNING: unknown result; type: ProcedureColumn, label: METHOD_ID, value: 8
Jan 26, 2026 2:30:08 PM com.github.jinahya.database.metadata.bind.Context bind
WARNING: unknown result; type: ProcedureColumn, label: PARAMETER_ID, value: 7
Jan 26, 2026 2:30:08 PM com.github.jinahya.database.metadata.bind.Context bind
WARNING: unknown result; type: ProcedureColumn, label: METHOD_ID, value: 7
Jan 26, 2026 2:30:08 PM com.github.jinahya.database.metadata.bind.Context bind
WARNING: unknown result; type: ProcedureColumn, label: PARAMETER_ID, value: 0
Jan 26, 2026 2:30:08 PM com.github.jinahya.database.metadata.bind.Context bind
WARNING: unknown result; type: ProcedureColumn, label: METHOD_ID, value: 7
Jan 26, 2026 2:30:08 PM com.github.jinahya.database.metadata.bind.Context bind
WARNING: unknown result; type: ProcedureColumn, label: PARAMETER_ID, value: 1
Jan 26, 2026 2:30:08 PM com.github.jinahya.database.metadata.bind.Context bind
WARNING: unknown result; type: ProcedureColumn, label: METHOD_ID, value: 7
Jan 26, 2026 2:30:08 PM com.github.jinahya.database.metadata.bind.Context bind
WARNING: unknown result; type: ProcedureColumn, label: PARAMETER_ID, value: 2
Jan 26, 2026 2:30:08 PM com.github.jinahya.database.metadata.bind.Context bind
WARNING: unknown result; type: ProcedureColumn, label: METHOD_ID, value: 7
Jan 26, 2026 2:30:08 PM com.github.jinahya.database.metadata.bind.Context bind
WARNING: unknown result; type: ProcedureColumn, label: PARAMETER_ID, value: 3
Jan 26, 2026 2:30:08 PM com.github.jinahya.database.metadata.bind.Context bind
WARNING: unknown result; type: ProcedureColumn, label: METHOD_ID, value: 7
Jan 26, 2026 2:30:08 PM com.github.jinahya.database.metadata.bind.Context bind
WARNING: unknown result; type: ProcedureColumn, label: PARAMETER_ID, value: 4
Jan 26, 2026 2:30:08 PM com.github.jinahya.database.metadata.bind.Context bind
WARNING: unknown result; type: ProcedureColumn, label: METHOD_ID, value: 7
Jan 26, 2026 2:30:08 PM com.github.jinahya.database.metadata.bind.Context bind
WARNING: unknown result; type: ProcedureColumn, label: PARAMETER_ID, value: 5
Jan 26, 2026 2:30:08 PM com.github.jinahya.database.metadata.bind.Context bind
WARNING: unknown result; type: ProcedureColumn, label: METHOD_ID, value: 7
Jan 26, 2026 2:30:08 PM com.github.jinahya.database.metadata.bind.Context bind
WARNING: unknown result; type: ProcedureColumn, label: PARAMETER_ID, value: 6
Jan 26, 2026 2:30:08 PM com.github.jinahya.database.metadata.bind.Context bind
WARNING: unknown result; type: ProcedureColumn, label: METHOD_ID, value: 5
Jan 26, 2026 2:30:08 PM com.github.jinahya.database.metadata.bind.Context bind
WARNING: unknown result; type: ProcedureColumn, label: PARAMETER_ID, value: 0
Jan 26, 2026 2:30:08 PM com.github.jinahya.database.metadata.bind.Context bind
WARNING: unknown result; type: ProcedureColumn, label: METHOD_ID, value: 5
Jan 26, 2026 2:30:08 PM com.github.jinahya.database.metadata.bind.Context bind
WARNING: unknown result; type: ProcedureColumn, label: PARAMETER_ID, value: 1
Jan 26, 2026 2:30:08 PM com.github.jinahya.database.metadata.bind.Context bind
WARNING: unknown result; type: ProcedureColumn, label: METHOD_ID, value: 5
Jan 26, 2026 2:30:08 PM com.github.jinahya.database.metadata.bind.Context bind
WARNING: unknown result; type: ProcedureColumn, label: PARAMETER_ID, value: 2
Jan 26, 2026 2:30:08 PM com.github.jinahya.database.metadata.bind.Context bind
WARNING: unknown result; type: ProcedureColumn, label: METHOD_ID, value: 5
Jan 26, 2026 2:30:08 PM com.github.jinahya.database.metadata.bind.Context bind
WARNING: unknown result; type: ProcedureColumn, label: PARAMETER_ID, value: 3
Jan 26, 2026 2:30:08 PM com.github.jinahya.database.metadata.bind.Context bind
WARNING: unknown result; type: ProcedureColumn, label: METHOD_ID, value: 5
Jan 26, 2026 2:30:08 PM com.github.jinahya.database.metadata.bind.Context bind
WARNING: unknown result; type: ProcedureColumn, label: PARAMETER_ID, value: 4
Jan 26, 2026 2:30:08 PM com.github.jinahya.database.metadata.bind.Context bind
WARNING: unknown result; type: ProcedureColumn, label: METHOD_ID, value: 1
Jan 26, 2026 2:30:08 PM com.github.jinahya.database.metadata.bind.Context bind
WARNING: unknown result; type: ProcedureColumn, label: PARAMETER_ID, value: 0
Jan 26, 2026 2:30:08 PM com.github.jinahya.database.metadata.bind.Context bind
WARNING: unknown result; type: ProcedureColumn, label: METHOD_ID, value: 3
Jan 26, 2026 2:30:08 PM com.github.jinahya.database.metadata.bind.Context bind
WARNING: unknown result; type: ProcedureColumn, label: PARAMETER_ID, value: 0
Jan 26, 2026 2:30:08 PM com.github.jinahya.database.metadata.bind.Context bind
WARNING: unknown result; type: ProcedureColumn, label: METHOD_ID, value: 3
Jan 26, 2026 2:30:08 PM com.github.jinahya.database.metadata.bind.Context bind
WARNING: unknown result; type: ProcedureColumn, label: PARAMETER_ID, value: 1
Jan 26, 2026 2:30:08 PM com.github.jinahya.database.metadata.bind.Context bind
WARNING: unknown result; type: ProcedureColumn, label: METHOD_ID, value: 3
Jan 26, 2026 2:30:08 PM com.github.jinahya.database.metadata.bind.Context bind
WARNING: unknown result; type: ProcedureColumn, label: PARAMETER_ID, value: 2
Jan 26, 2026 2:30:08 PM com.github.jinahya.database.metadata.bind.Context bind
WARNING: unknown result; type: ProcedureColumn, label: METHOD_ID, value: 2
Jan 26, 2026 2:30:08 PM com.github.jinahya.database.metadata.bind.Context bind
WARNING: unknown result; type: ProcedureColumn, label: PARAMETER_ID, value: 0
Jan 26, 2026 2:30:08 PM com.github.jinahya.database.metadata.bind.Context bind
WARNING: unknown result; type: ProcedureColumn, label: METHOD_ID, value: 2
Jan 26, 2026 2:30:08 PM com.github.jinahya.database.metadata.bind.Context bind
WARNING: unknown result; type: ProcedureColumn, label: PARAMETER_ID, value: 1
Jan 26, 2026 2:30:08 PM com.github.jinahya.database.metadata.bind.Context bind
WARNING: unknown result; type: ProcedureColumn, label: METHOD_ID, value: 2
Jan 26, 2026 2:30:08 PM com.github.jinahya.database.metadata.bind.Context bind
WARNING: unknown result; type: ProcedureColumn, label: PARAMETER_ID, value: 0
Jan 26, 2026 2:30:08 PM com.github.jinahya.database.metadata.bind.Context bind
WARNING: unknown result; type: ProcedureColumn, label: METHOD_ID, value: 2
Jan 26, 2026 2:30:08 PM com.github.jinahya.database.metadata.bind.Context bind
WARNING: unknown result; type: ProcedureColumn, label: PARAMETER_ID, value: 1
Jan 26, 2026 2:30:08 PM com.github.jinahya.database.metadata.bind.Context bind
WARNING: unknown result; type: ProcedureColumn, label: METHOD_ID, value: 1
Jan 26, 2026 2:30:08 PM com.github.jinahya.database.metadata.bind.Context bind
WARNING: unknown result; type: ProcedureColumn, label: PARAMETER_ID, value: 0
Jan 26, 2026 2:30:08 PM com.github.jinahya.database.metadata.bind.Context bind
WARNING: unknown result; type: ProcedureColumn, label: METHOD_ID, value: 1
Jan 26, 2026 2:30:08 PM com.github.jinahya.database.metadata.bind.Context bind
WARNING: unknown result; type: ProcedureColumn, label: PARAMETER_ID, value: 0
Jan 26, 2026 2:30:08 PM com.github.jinahya.database.metadata.bind.Context bind
WARNING: unknown result; type: ProcedureColumn, label: METHOD_ID, value: 2
Jan 26, 2026 2:30:08 PM com.github.jinahya.database.metadata.bind.Context bind
WARNING: unknown result; type: ProcedureColumn, label: PARAMETER_ID, value: 0
Jan 26, 2026 2:30:08 PM com.github.jinahya.database.metadata.bind.Context bind
WARNING: unknown result; type: ProcedureColumn, label: METHOD_ID, value: 2
Jan 26, 2026 2:30:08 PM com.github.jinahya.database.metadata.bind.Context bind
WARNING: unknown result; type: ProcedureColumn, label: PARAMETER_ID, value: 1
Jan 26, 2026 2:30:08 PM com.github.jinahya.database.metadata.bind.Context bind
WARNING: unknown result; type: ProcedureColumn, label: METHOD_ID, value: 1
Jan 26, 2026 2:30:08 PM com.github.jinahya.database.metadata.bind.Context bind
WARNING: unknown result; type: ProcedureColumn, label: PARAMETER_ID, value: 0
Jan 26, 2026 2:30:08 PM com.github.jinahya.database.metadata.bind.Context bind
WARNING: unknown result; type: ProcedureColumn, label: METHOD_ID, value: 1
Jan 26, 2026 2:30:08 PM com.github.jinahya.database.metadata.bind.Context bind
WARNING: unknown result; type: ProcedureColumn, label: PARAMETER_ID, value: 0
Jan 26, 2026 2:30:08 PM com.github.jinahya.database.metadata.bind.Context bind
WARNING: unknown result; type: ProcedureColumn, label: METHOD_ID, value: 3
Jan 26, 2026 2:30:08 PM com.github.jinahya.database.metadata.bind.Context bind
WARNING: unknown result; type: ProcedureColumn, label: PARAMETER_ID, value: 0
Jan 26, 2026 2:30:08 PM com.github.jinahya.database.metadata.bind.Context bind
WARNING: unknown result; type: ProcedureColumn, label: METHOD_ID, value: 3
Jan 26, 2026 2:30:08 PM com.github.jinahya.database.metadata.bind.Context bind
WARNING: unknown result; type: ProcedureColumn, label: PARAMETER_ID, value: 1
Jan 26, 2026 2:30:08 PM com.github.jinahya.database.metadata.bind.Context bind
WARNING: unknown result; type: ProcedureColumn, label: METHOD_ID, value: 3
Jan 26, 2026 2:30:08 PM com.github.jinahya.database.metadata.bind.Context bind
WARNING: unknown result; type: ProcedureColumn, label: PARAMETER_ID, value: 2
Jan 26, 2026 2:30:08 PM com.github.jinahya.database.metadata.bind.Context bind
WARNING: unknown result; type: ProcedureColumn, label: METHOD_ID, value: 1
Jan 26, 2026 2:30:08 PM com.github.jinahya.database.metadata.bind.Context bind
WARNING: unknown result; type: ProcedureColumn, label: PARAMETER_ID, value: 0
Jan 26, 2026 2:30:08 PM com.github.jinahya.database.metadata.bind.Context bind
WARNING: unknown result; type: ProcedureColumn, label: METHOD_ID, value: 4
Jan 26, 2026 2:30:08 PM com.github.jinahya.database.metadata.bind.Context bind
WARNING: unknown result; type: ProcedureColumn, label: PARAMETER_ID, value: 0
Jan 26, 2026 2:30:08 PM com.github.jinahya.database.metadata.bind.Context bind
WARNING: unknown result; type: ProcedureColumn, label: METHOD_ID, value: 4
Jan 26, 2026 2:30:08 PM com.github.jinahya.database.metadata.bind.Context bind
WARNING: unknown result; type: ProcedureColumn, label: PARAMETER_ID, value: 1
Jan 26, 2026 2:30:08 PM com.github.jinahya.database.metadata.bind.Context bind
WARNING: unknown result; type: ProcedureColumn, label: METHOD_ID, value: 4
Jan 26, 2026 2:30:08 PM com.github.jinahya.database.metadata.bind.Context bind
WARNING: unknown result; type: ProcedureColumn, label: PARAMETER_ID, value: 2
Jan 26, 2026 2:30:08 PM com.github.jinahya.database.metadata.bind.Context bind
WARNING: unknown result; type: ProcedureColumn, label: METHOD_ID, value: 4
Jan 26, 2026 2:30:08 PM com.github.jinahya.database.metadata.bind.Context bind
WARNING: unknown result; type: ProcedureColumn, label: PARAMETER_ID, value: 3
Jan 26, 2026 2:30:08 PM com.github.jinahya.database.metadata.bind.Context bind
WARNING: unknown result; type: ProcedureColumn, label: METHOD_ID, value: 2
Jan 26, 2026 2:30:08 PM com.github.jinahya.database.metadata.bind.Context bind
WARNING: unknown result; type: ProcedureColumn, label: PARAMETER_ID, value: 0
Jan 26, 2026 2:30:08 PM com.github.jinahya.database.metadata.bind.Context bind
WARNING: unknown result; type: ProcedureColumn, label: METHOD_ID, value: 2
Jan 26, 2026 2:30:08 PM com.github.jinahya.database.metadata.bind.Context bind
WARNING: unknown result; type: ProcedureColumn, label: PARAMETER_ID, value: 1
Jan 26, 2026 2:30:08 PM com.github.jinahya.database.metadata.bind.Context bind
WARNING: unknown result; type: ProcedureColumn, label: METHOD_ID, value: 1
Jan 26, 2026 2:30:08 PM com.github.jinahya.database.metadata.bind.Context bind
WARNING: unknown result; type: ProcedureColumn, label: PARAMETER_ID, value: 0
Jan 26, 2026 2:30:08 PM com.github.jinahya.database.metadata.bind.Context bind
WARNING: unknown result; type: ProcedureColumn, label: METHOD_ID, value: 4
Jan 26, 2026 2:30:08 PM com.github.jinahya.database.metadata.bind.Context bind
WARNING: unknown result; type: ProcedureColumn, label: PARAMETER_ID, value: 0
Jan 26, 2026 2:30:08 PM com.github.jinahya.database.metadata.bind.Context bind
WARNING: unknown result; type: ProcedureColumn, label: METHOD_ID, value: 4
Jan 26, 2026 2:30:08 PM com.github.jinahya.database.metadata.bind.Context bind
WARNING: unknown result; type: ProcedureColumn, label: PARAMETER_ID, value: 1
Jan 26, 2026 2:30:08 PM com.github.jinahya.database.metadata.bind.Context bind
WARNING: unknown result; type: ProcedureColumn, label: METHOD_ID, value: 4
Jan 26, 2026 2:30:08 PM com.github.jinahya.database.metadata.bind.Context bind
WARNING: unknown result; type: ProcedureColumn, label: PARAMETER_ID, value: 2
Jan 26, 2026 2:30:08 PM com.github.jinahya.database.metadata.bind.Context bind
WARNING: unknown result; type: ProcedureColumn, label: METHOD_ID, value: 4
Jan 26, 2026 2:30:08 PM com.github.jinahya.database.metadata.bind.Context bind
WARNING: unknown result; type: ProcedureColumn, label: PARAMETER_ID, value: 3
Jan 26, 2026 2:30:08 PM com.github.jinahya.database.metadata.bind.Context bind
WARNING: unknown result; type: ProcedureColumn, label: METHOD_ID, value: 2
Jan 26, 2026 2:30:08 PM com.github.jinahya.database.metadata.bind.Context bind
WARNING: unknown result; type: ProcedureColumn, label: PARAMETER_ID, value: 0
Jan 26, 2026 2:30:08 PM com.github.jinahya.database.metadata.bind.Context bind
WARNING: unknown result; type: ProcedureColumn, label: METHOD_ID, value: 2
Jan 26, 2026 2:30:08 PM com.github.jinahya.database.metadata.bind.Context bind
WARNING: unknown result; type: ProcedureColumn, label: PARAMETER_ID, value: 1
Jan 26, 2026 2:30:08 PM com.github.jinahya.database.metadata.bind.Context bind
WARNING: unknown result; type: ProcedureColumn, label: METHOD_ID, value: 16
Jan 26, 2026 2:30:08 PM com.github.jinahya.database.metadata.bind.Context bind
WARNING: unknown result; type: ProcedureColumn, label: PARAMETER_ID, value: 0
Jan 26, 2026 2:30:08 PM com.github.jinahya.database.metadata.bind.Context bind
WARNING: unknown result; type: ProcedureColumn, label: METHOD_ID, value: 16
Jan 26, 2026 2:30:08 PM com.github.jinahya.database.metadata.bind.Context bind
WARNING: unknown result; type: ProcedureColumn, label: PARAMETER_ID, value: 1
Jan 26, 2026 2:30:08 PM com.github.jinahya.database.metadata.bind.Context bind
WARNING: unknown result; type: ProcedureColumn, label: METHOD_ID, value: 16
Jan 26, 2026 2:30:08 PM com.github.jinahya.database.metadata.bind.Context bind
WARNING: unknown result; type: ProcedureColumn, label: PARAMETER_ID, value: 2
Jan 26, 2026 2:30:08 PM com.github.jinahya.database.metadata.bind.Context bind
WARNING: unknown result; type: ProcedureColumn, label: METHOD_ID, value: 16
Jan 26, 2026 2:30:08 PM com.github.jinahya.database.metadata.bind.Context bind
WARNING: unknown result; type: ProcedureColumn, label: PARAMETER_ID, value: 3
Jan 26, 2026 2:30:08 PM com.github.jinahya.database.metadata.bind.Context bind
WARNING: unknown result; type: ProcedureColumn, label: METHOD_ID, value: 16
Jan 26, 2026 2:30:08 PM com.github.jinahya.database.metadata.bind.Context bind
WARNING: unknown result; type: ProcedureColumn, label: PARAMETER_ID, value: 4
Jan 26, 2026 2:30:08 PM com.github.jinahya.database.metadata.bind.Context bind
WARNING: unknown result; type: ProcedureColumn, label: METHOD_ID, value: 16
Jan 26, 2026 2:30:08 PM com.github.jinahya.database.metadata.bind.Context bind
WARNING: unknown result; type: ProcedureColumn, label: PARAMETER_ID, value: 5
Jan 26, 2026 2:30:08 PM com.github.jinahya.database.metadata.bind.Context bind
WARNING: unknown result; type: ProcedureColumn, label: METHOD_ID, value: 16
Jan 26, 2026 2:30:08 PM com.github.jinahya.database.metadata.bind.Context bind
WARNING: unknown result; type: ProcedureColumn, label: PARAMETER_ID, value: 6
Jan 26, 2026 2:30:08 PM com.github.jinahya.database.metadata.bind.Context bind
WARNING: unknown result; type: ProcedureColumn, label: METHOD_ID, value: 16
Jan 26, 2026 2:30:08 PM com.github.jinahya.database.metadata.bind.Context bind
WARNING: unknown result; type: ProcedureColumn, label: PARAMETER_ID, value: 7
Jan 26, 2026 2:30:08 PM com.github.jinahya.database.metadata.bind.Context bind
WARNING: unknown result; type: ProcedureColumn, label: METHOD_ID, value: 16
Jan 26, 2026 2:30:08 PM com.github.jinahya.database.metadata.bind.Context bind
WARNING: unknown result; type: ProcedureColumn, label: PARAMETER_ID, value: 8
Jan 26, 2026 2:30:08 PM com.github.jinahya.database.metadata.bind.Context bind
WARNING: unknown result; type: ProcedureColumn, label: METHOD_ID, value: 16
Jan 26, 2026 2:30:08 PM com.github.jinahya.database.metadata.bind.Context bind
WARNING: unknown result; type: ProcedureColumn, label: PARAMETER_ID, value: 9
Jan 26, 2026 2:30:08 PM com.github.jinahya.database.metadata.bind.Context bind
WARNING: unknown result; type: ProcedureColumn, label: METHOD_ID, value: 16
Jan 26, 2026 2:30:08 PM com.github.jinahya.database.metadata.bind.Context bind
WARNING: unknown result; type: ProcedureColumn, label: PARAMETER_ID, value: 10
Jan 26, 2026 2:30:08 PM com.github.jinahya.database.metadata.bind.Context bind
WARNING: unknown result; type: ProcedureColumn, label: METHOD_ID, value: 16
Jan 26, 2026 2:30:08 PM com.github.jinahya.database.metadata.bind.Context bind
WARNING: unknown result; type: ProcedureColumn, label: PARAMETER_ID, value: 11
Jan 26, 2026 2:30:08 PM com.github.jinahya.database.metadata.bind.Context bind
WARNING: unknown result; type: ProcedureColumn, label: METHOD_ID, value: 16
Jan 26, 2026 2:30:08 PM com.github.jinahya.database.metadata.bind.Context bind
WARNING: unknown result; type: ProcedureColumn, label: PARAMETER_ID, value: 12
Jan 26, 2026 2:30:08 PM com.github.jinahya.database.metadata.bind.Context bind
WARNING: unknown result; type: ProcedureColumn, label: METHOD_ID, value: 16
Jan 26, 2026 2:30:08 PM com.github.jinahya.database.metadata.bind.Context bind
WARNING: unknown result; type: ProcedureColumn, label: PARAMETER_ID, value: 13
Jan 26, 2026 2:30:08 PM com.github.jinahya.database.metadata.bind.Context bind
WARNING: unknown result; type: ProcedureColumn, label: METHOD_ID, value: 16
Jan 26, 2026 2:30:08 PM com.github.jinahya.database.metadata.bind.Context bind
WARNING: unknown result; type: ProcedureColumn, label: PARAMETER_ID, value: 14
Jan 26, 2026 2:30:08 PM com.github.jinahya.database.metadata.bind.Context bind
WARNING: unknown result; type: ProcedureColumn, label: METHOD_ID, value: 16
Jan 26, 2026 2:30:08 PM com.github.jinahya.database.metadata.bind.Context bind
WARNING: unknown result; type: ProcedureColumn, label: PARAMETER_ID, value: 15
Jan 26, 2026 2:30:08 PM com.github.jinahya.database.metadata.bind.Context bind
WARNING: unknown result; type: ProcedureColumn, label: METHOD_ID, value: 5
Jan 26, 2026 2:30:08 PM com.github.jinahya.database.metadata.bind.Context bind
WARNING: unknown result; type: ProcedureColumn, label: PARAMETER_ID, value: 0
Jan 26, 2026 2:30:08 PM com.github.jinahya.database.metadata.bind.Context bind
WARNING: unknown result; type: ProcedureColumn, label: METHOD_ID, value: 5
Jan 26, 2026 2:30:08 PM com.github.jinahya.database.metadata.bind.Context bind
WARNING: unknown result; type: ProcedureColumn, label: PARAMETER_ID, value: 1
Jan 26, 2026 2:30:08 PM com.github.jinahya.database.metadata.bind.Context bind
WARNING: unknown result; type: ProcedureColumn, label: METHOD_ID, value: 5
Jan 26, 2026 2:30:08 PM com.github.jinahya.database.metadata.bind.Context bind
WARNING: unknown result; type: ProcedureColumn, label: PARAMETER_ID, value: 2
Jan 26, 2026 2:30:08 PM com.github.jinahya.database.metadata.bind.Context bind
WARNING: unknown result; type: ProcedureColumn, label: METHOD_ID, value: 5
Jan 26, 2026 2:30:08 PM com.github.jinahya.database.metadata.bind.Context bind
WARNING: unknown result; type: ProcedureColumn, label: PARAMETER_ID, value: 3
Jan 26, 2026 2:30:08 PM com.github.jinahya.database.metadata.bind.Context bind
WARNING: unknown result; type: ProcedureColumn, label: METHOD_ID, value: 5
Jan 26, 2026 2:30:08 PM com.github.jinahya.database.metadata.bind.Context bind
WARNING: unknown result; type: ProcedureColumn, label: PARAMETER_ID, value: 4
Jan 26, 2026 2:30:08 PM com.github.jinahya.database.metadata.bind.Context bind
WARNING: unknown result; type: ProcedureColumn, label: METHOD_ID, value: 5
Jan 26, 2026 2:30:08 PM com.github.jinahya.database.metadata.bind.Context bind
WARNING: unknown result; type: ProcedureColumn, label: PARAMETER_ID, value: 0
Jan 26, 2026 2:30:08 PM com.github.jinahya.database.metadata.bind.Context bind
WARNING: unknown result; type: ProcedureColumn, label: METHOD_ID, value: 5
Jan 26, 2026 2:30:08 PM com.github.jinahya.database.metadata.bind.Context bind
WARNING: unknown result; type: ProcedureColumn, label: PARAMETER_ID, value: 1
Jan 26, 2026 2:30:08 PM com.github.jinahya.database.metadata.bind.Context bind
WARNING: unknown result; type: ProcedureColumn, label: METHOD_ID, value: 5
Jan 26, 2026 2:30:08 PM com.github.jinahya.database.metadata.bind.Context bind
WARNING: unknown result; type: ProcedureColumn, label: PARAMETER_ID, value: 2
Jan 26, 2026 2:30:08 PM com.github.jinahya.database.metadata.bind.Context bind
WARNING: unknown result; type: ProcedureColumn, label: METHOD_ID, value: 5
Jan 26, 2026 2:30:08 PM com.github.jinahya.database.metadata.bind.Context bind
WARNING: unknown result; type: ProcedureColumn, label: PARAMETER_ID, value: 3
Jan 26, 2026 2:30:08 PM com.github.jinahya.database.metadata.bind.Context bind
WARNING: unknown result; type: ProcedureColumn, label: METHOD_ID, value: 5
Jan 26, 2026 2:30:08 PM com.github.jinahya.database.metadata.bind.Context bind
WARNING: unknown result; type: ProcedureColumn, label: PARAMETER_ID, value: 4
Jan 26, 2026 2:30:08 PM com.github.jinahya.database.metadata.bind.Context bind
WARNING: unknown result; type: ProcedureColumn, label: METHOD_ID, value: 7
Jan 26, 2026 2:30:08 PM com.github.jinahya.database.metadata.bind.Context bind
WARNING: unknown result; type: ProcedureColumn, label: PARAMETER_ID, value: 0
Jan 26, 2026 2:30:08 PM com.github.jinahya.database.metadata.bind.Context bind
WARNING: unknown result; type: ProcedureColumn, label: METHOD_ID, value: 7
Jan 26, 2026 2:30:08 PM com.github.jinahya.database.metadata.bind.Context bind
WARNING: unknown result; type: ProcedureColumn, label: PARAMETER_ID, value: 1
Jan 26, 2026 2:30:08 PM com.github.jinahya.database.metadata.bind.Context bind
WARNING: unknown result; type: ProcedureColumn, label: METHOD_ID, value: 7
Jan 26, 2026 2:30:08 PM com.github.jinahya.database.metadata.bind.Context bind
WARNING: unknown result; type: ProcedureColumn, label: PARAMETER_ID, value: 2
Jan 26, 2026 2:30:08 PM com.github.jinahya.database.metadata.bind.Context bind
WARNING: unknown result; type: ProcedureColumn, label: METHOD_ID, value: 7
Jan 26, 2026 2:30:08 PM com.github.jinahya.database.metadata.bind.Context bind
WARNING: unknown result; type: ProcedureColumn, label: PARAMETER_ID, value: 3
Jan 26, 2026 2:30:08 PM com.github.jinahya.database.metadata.bind.Context bind
WARNING: unknown result; type: ProcedureColumn, label: METHOD_ID, value: 7
Jan 26, 2026 2:30:08 PM com.github.jinahya.database.metadata.bind.Context bind
WARNING: unknown result; type: ProcedureColumn, label: PARAMETER_ID, value: 4
Jan 26, 2026 2:30:08 PM com.github.jinahya.database.metadata.bind.Context bind
WARNING: unknown result; type: ProcedureColumn, label: METHOD_ID, value: 7
Jan 26, 2026 2:30:08 PM com.github.jinahya.database.metadata.bind.Context bind
WARNING: unknown result; type: ProcedureColumn, label: PARAMETER_ID, value: 5
Jan 26, 2026 2:30:08 PM com.github.jinahya.database.metadata.bind.Context bind
WARNING: unknown result; type: ProcedureColumn, label: METHOD_ID, value: 7
Jan 26, 2026 2:30:08 PM com.github.jinahya.database.metadata.bind.Context bind
WARNING: unknown result; type: ProcedureColumn, label: PARAMETER_ID, value: 6
Jan 26, 2026 2:30:08 PM com.github.jinahya.database.metadata.bind.Context bind
WARNING: unknown result; type: ProcedureColumn, label: METHOD_ID, value: 5
Jan 26, 2026 2:30:08 PM com.github.jinahya.database.metadata.bind.Context bind
WARNING: unknown result; type: ProcedureColumn, label: PARAMETER_ID, value: 0
Jan 26, 2026 2:30:08 PM com.github.jinahya.database.metadata.bind.Context bind
WARNING: unknown result; type: ProcedureColumn, label: METHOD_ID, value: 5
Jan 26, 2026 2:30:08 PM com.github.jinahya.database.metadata.bind.Context bind
WARNING: unknown result; type: ProcedureColumn, label: PARAMETER_ID, value: 1
Jan 26, 2026 2:30:08 PM com.github.jinahya.database.metadata.bind.Context bind
WARNING: unknown result; type: ProcedureColumn, label: METHOD_ID, value: 5
Jan 26, 2026 2:30:08 PM com.github.jinahya.database.metadata.bind.Context bind
WARNING: unknown result; type: ProcedureColumn, label: PARAMETER_ID, value: 2
Jan 26, 2026 2:30:08 PM com.github.jinahya.database.metadata.bind.Context bind
WARNING: unknown result; type: ProcedureColumn, label: METHOD_ID, value: 5
Jan 26, 2026 2:30:08 PM com.github.jinahya.database.metadata.bind.Context bind
WARNING: unknown result; type: ProcedureColumn, label: PARAMETER_ID, value: 3
Jan 26, 2026 2:30:08 PM com.github.jinahya.database.metadata.bind.Context bind
WARNING: unknown result; type: ProcedureColumn, label: METHOD_ID, value: 5
Jan 26, 2026 2:30:08 PM com.github.jinahya.database.metadata.bind.Context bind
WARNING: unknown result; type: ProcedureColumn, label: PARAMETER_ID, value: 4
Jan 26, 2026 2:30:08 PM com.github.jinahya.database.metadata.bind.Context bind
WARNING: unknown result; type: ProcedureColumn, label: METHOD_ID, value: 4
Jan 26, 2026 2:30:08 PM com.github.jinahya.database.metadata.bind.Context bind
WARNING: unknown result; type: ProcedureColumn, label: PARAMETER_ID, value: 0
Jan 26, 2026 2:30:08 PM com.github.jinahya.database.metadata.bind.Context bind
WARNING: unknown result; type: ProcedureColumn, label: METHOD_ID, value: 4
Jan 26, 2026 2:30:08 PM com.github.jinahya.database.metadata.bind.Context bind
WARNING: unknown result; type: ProcedureColumn, label: PARAMETER_ID, value: 1
Jan 26, 2026 2:30:08 PM com.github.jinahya.database.metadata.bind.Context bind
WARNING: unknown result; type: ProcedureColumn, label: METHOD_ID, value: 4
Jan 26, 2026 2:30:08 PM com.github.jinahya.database.metadata.bind.Context bind
WARNING: unknown result; type: ProcedureColumn, label: PARAMETER_ID, value: 2
Jan 26, 2026 2:30:08 PM com.github.jinahya.database.metadata.bind.Context bind
WARNING: unknown result; type: ProcedureColumn, label: METHOD_ID, value: 4
Jan 26, 2026 2:30:08 PM com.github.jinahya.database.metadata.bind.Context bind
WARNING: unknown result; type: ProcedureColumn, label: PARAMETER_ID, value: 3
Jan 26, 2026 2:30:08 PM com.github.jinahya.database.metadata.bind.Context bind
WARNING: unknown result; type: ProcedureColumn, label: METHOD_ID, value: 2
Jan 26, 2026 2:30:08 PM com.github.jinahya.database.metadata.bind.Context bind
WARNING: unknown result; type: ProcedureColumn, label: PARAMETER_ID, value: 0
Jan 26, 2026 2:30:08 PM com.github.jinahya.database.metadata.bind.Context bind
WARNING: unknown result; type: ProcedureColumn, label: METHOD_ID, value: 2
Jan 26, 2026 2:30:08 PM com.github.jinahya.database.metadata.bind.Context bind
WARNING: unknown result; type: ProcedureColumn, label: PARAMETER_ID, value: 1
Jan 26, 2026 2:30:08 PM com.github.jinahya.database.metadata.bind.Context bind
WARNING: unknown result; type: ProcedureColumn, label: METHOD_ID, value: 4
Jan 26, 2026 2:30:08 PM com.github.jinahya.database.metadata.bind.Context bind
WARNING: unknown result; type: ProcedureColumn, label: PARAMETER_ID, value: 0
Jan 26, 2026 2:30:08 PM com.github.jinahya.database.metadata.bind.Context bind
WARNING: unknown result; type: ProcedureColumn, label: METHOD_ID, value: 4
Jan 26, 2026 2:30:08 PM com.github.jinahya.database.metadata.bind.Context bind
WARNING: unknown result; type: ProcedureColumn, label: PARAMETER_ID, value: 1
Jan 26, 2026 2:30:08 PM com.github.jinahya.database.metadata.bind.Context bind
WARNING: unknown result; type: ProcedureColumn, label: METHOD_ID, value: 4
Jan 26, 2026 2:30:08 PM com.github.jinahya.database.metadata.bind.Context bind
WARNING: unknown result; type: ProcedureColumn, label: PARAMETER_ID, value: 2
Jan 26, 2026 2:30:08 PM com.github.jinahya.database.metadata.bind.Context bind
WARNING: unknown result; type: ProcedureColumn, label: METHOD_ID, value: 4
Jan 26, 2026 2:30:08 PM com.github.jinahya.database.metadata.bind.Context bind
WARNING: unknown result; type: ProcedureColumn, label: PARAMETER_ID, value: 3
Jan 26, 2026 2:30:08 PM com.github.jinahya.database.metadata.bind.Context bind
WARNING: unknown result; type: ProcedureColumn, label: METHOD_ID, value: 5
Jan 26, 2026 2:30:08 PM com.github.jinahya.database.metadata.bind.Context bind
WARNING: unknown result; type: ProcedureColumn, label: PARAMETER_ID, value: 0
Jan 26, 2026 2:30:08 PM com.github.jinahya.database.metadata.bind.Context bind
WARNING: unknown result; type: ProcedureColumn, label: METHOD_ID, value: 5
Jan 26, 2026 2:30:08 PM com.github.jinahya.database.metadata.bind.Context bind
WARNING: unknown result; type: ProcedureColumn, label: PARAMETER_ID, value: 1
Jan 26, 2026 2:30:08 PM com.github.jinahya.database.metadata.bind.Context bind
WARNING: unknown result; type: ProcedureColumn, label: METHOD_ID, value: 5
Jan 26, 2026 2:30:08 PM com.github.jinahya.database.metadata.bind.Context bind
WARNING: unknown result; type: ProcedureColumn, label: PARAMETER_ID, value: 2
Jan 26, 2026 2:30:08 PM com.github.jinahya.database.metadata.bind.Context bind
WARNING: unknown result; type: ProcedureColumn, label: METHOD_ID, value: 5
Jan 26, 2026 2:30:08 PM com.github.jinahya.database.metadata.bind.Context bind
WARNING: unknown result; type: ProcedureColumn, label: PARAMETER_ID, value: 3
Jan 26, 2026 2:30:08 PM com.github.jinahya.database.metadata.bind.Context bind
WARNING: unknown result; type: ProcedureColumn, label: METHOD_ID, value: 5
Jan 26, 2026 2:30:08 PM com.github.jinahya.database.metadata.bind.Context bind
WARNING: unknown result; type: ProcedureColumn, label: PARAMETER_ID, value: 4
Jan 26, 2026 2:30:08 PM com.github.jinahya.database.metadata.bind.Context bind
WARNING: unknown result; type: ProcedureColumn, label: METHOD_ID, value: 4
Jan 26, 2026 2:30:08 PM com.github.jinahya.database.metadata.bind.Context bind
WARNING: unknown result; type: ProcedureColumn, label: PARAMETER_ID, value: 0
Jan 26, 2026 2:30:08 PM com.github.jinahya.database.metadata.bind.Context bind
WARNING: unknown result; type: ProcedureColumn, label: METHOD_ID, value: 4
Jan 26, 2026 2:30:08 PM com.github.jinahya.database.metadata.bind.Context bind
WARNING: unknown result; type: ProcedureColumn, label: PARAMETER_ID, value: 1
Jan 26, 2026 2:30:08 PM com.github.jinahya.database.metadata.bind.Context bind
WARNING: unknown result; type: ProcedureColumn, label: METHOD_ID, value: 4
Jan 26, 2026 2:30:08 PM com.github.jinahya.database.metadata.bind.Context bind
WARNING: unknown result; type: ProcedureColumn, label: PARAMETER_ID, value: 2
Jan 26, 2026 2:30:08 PM com.github.jinahya.database.metadata.bind.Context bind
WARNING: unknown result; type: ProcedureColumn, label: METHOD_ID, value: 4
Jan 26, 2026 2:30:08 PM com.github.jinahya.database.metadata.bind.Context bind
WARNING: unknown result; type: ProcedureColumn, label: PARAMETER_ID, value: 3
Jan 26, 2026 2:30:08 PM com.github.jinahya.database.metadata.bind.Context bind
WARNING: unknown result; type: ProcedureColumn, label: METHOD_ID, value: 7
Jan 26, 2026 2:30:08 PM com.github.jinahya.database.metadata.bind.Context bind
WARNING: unknown result; type: ProcedureColumn, label: PARAMETER_ID, value: 0
Jan 26, 2026 2:30:08 PM com.github.jinahya.database.metadata.bind.Context bind
WARNING: unknown result; type: ProcedureColumn, label: METHOD_ID, value: 7
Jan 26, 2026 2:30:08 PM com.github.jinahya.database.metadata.bind.Context bind
WARNING: unknown result; type: ProcedureColumn, label: PARAMETER_ID, value: 1
Jan 26, 2026 2:30:08 PM com.github.jinahya.database.metadata.bind.Context bind
WARNING: unknown result; type: ProcedureColumn, label: METHOD_ID, value: 7
Jan 26, 2026 2:30:08 PM com.github.jinahya.database.metadata.bind.Context bind
WARNING: unknown result; type: ProcedureColumn, label: PARAMETER_ID, value: 2
Jan 26, 2026 2:30:08 PM com.github.jinahya.database.metadata.bind.Context bind
WARNING: unknown result; type: ProcedureColumn, label: METHOD_ID, value: 7
Jan 26, 2026 2:30:08 PM com.github.jinahya.database.metadata.bind.Context bind
WARNING: unknown result; type: ProcedureColumn, label: PARAMETER_ID, value: 3
Jan 26, 2026 2:30:08 PM com.github.jinahya.database.metadata.bind.Context bind
WARNING: unknown result; type: ProcedureColumn, label: METHOD_ID, value: 7
Jan 26, 2026 2:30:08 PM com.github.jinahya.database.metadata.bind.Context bind
WARNING: unknown result; type: ProcedureColumn, label: PARAMETER_ID, value: 4
Jan 26, 2026 2:30:08 PM com.github.jinahya.database.metadata.bind.Context bind
WARNING: unknown result; type: ProcedureColumn, label: METHOD_ID, value: 7
Jan 26, 2026 2:30:08 PM com.github.jinahya.database.metadata.bind.Context bind
WARNING: unknown result; type: ProcedureColumn, label: PARAMETER_ID, value: 5
Jan 26, 2026 2:30:08 PM com.github.jinahya.database.metadata.bind.Context bind
WARNING: unknown result; type: ProcedureColumn, label: METHOD_ID, value: 7
Jan 26, 2026 2:30:08 PM com.github.jinahya.database.metadata.bind.Context bind
WARNING: unknown result; type: ProcedureColumn, label: PARAMETER_ID, value: 6
Jan 26, 2026 2:30:08 PM com.github.jinahya.database.metadata.bind.Context bind
WARNING: unknown result; type: ProcedureColumn, label: METHOD_ID, value: 6
Jan 26, 2026 2:30:08 PM com.github.jinahya.database.metadata.bind.Context bind
WARNING: unknown result; type: ProcedureColumn, label: PARAMETER_ID, value: 0
Jan 26, 2026 2:30:08 PM com.github.jinahya.database.metadata.bind.Context bind
WARNING: unknown result; type: ProcedureColumn, label: METHOD_ID, value: 6
Jan 26, 2026 2:30:08 PM com.github.jinahya.database.metadata.bind.Context bind
WARNING: unknown result; type: ProcedureColumn, label: PARAMETER_ID, value: 1
Jan 26, 2026 2:30:08 PM com.github.jinahya.database.metadata.bind.Context bind
WARNING: unknown result; type: ProcedureColumn, label: METHOD_ID, value: 6
Jan 26, 2026 2:30:08 PM com.github.jinahya.database.metadata.bind.Context bind
WARNING: unknown result; type: ProcedureColumn, label: PARAMETER_ID, value: 2
Jan 26, 2026 2:30:08 PM com.github.jinahya.database.metadata.bind.Context bind
WARNING: unknown result; type: ProcedureColumn, label: METHOD_ID, value: 6
Jan 26, 2026 2:30:08 PM com.github.jinahya.database.metadata.bind.Context bind
WARNING: unknown result; type: ProcedureColumn, label: PARAMETER_ID, value: 3
Jan 26, 2026 2:30:08 PM com.github.jinahya.database.metadata.bind.Context bind
WARNING: unknown result; type: ProcedureColumn, label: METHOD_ID, value: 6
Jan 26, 2026 2:30:08 PM com.github.jinahya.database.metadata.bind.Context bind
WARNING: unknown result; type: ProcedureColumn, label: PARAMETER_ID, value: 4
Jan 26, 2026 2:30:08 PM com.github.jinahya.database.metadata.bind.Context bind
WARNING: unknown result; type: ProcedureColumn, label: METHOD_ID, value: 6
Jan 26, 2026 2:30:08 PM com.github.jinahya.database.metadata.bind.Context bind
WARNING: unknown result; type: ProcedureColumn, label: PARAMETER_ID, value: 5
Jan 26, 2026 2:30:08 PM com.github.jinahya.database.metadata.bind.Context bind
WARNING: unknown result; type: ProcedureColumn, label: METHOD_ID, value: 4
Jan 26, 2026 2:30:08 PM com.github.jinahya.database.metadata.bind.Context bind
WARNING: unknown result; type: ProcedureColumn, label: PARAMETER_ID, value: 0
Jan 26, 2026 2:30:08 PM com.github.jinahya.database.metadata.bind.Context bind
WARNING: unknown result; type: ProcedureColumn, label: METHOD_ID, value: 4
Jan 26, 2026 2:30:08 PM com.github.jinahya.database.metadata.bind.Context bind
WARNING: unknown result; type: ProcedureColumn, label: PARAMETER_ID, value: 1
Jan 26, 2026 2:30:08 PM com.github.jinahya.database.metadata.bind.Context bind
WARNING: unknown result; type: ProcedureColumn, label: METHOD_ID, value: 4
Jan 26, 2026 2:30:08 PM com.github.jinahya.database.metadata.bind.Context bind
WARNING: unknown result; type: ProcedureColumn, label: PARAMETER_ID, value: 2
Jan 26, 2026 2:30:08 PM com.github.jinahya.database.metadata.bind.Context bind
WARNING: unknown result; type: ProcedureColumn, label: METHOD_ID, value: 4
Jan 26, 2026 2:30:08 PM com.github.jinahya.database.metadata.bind.Context bind
WARNING: unknown result; type: ProcedureColumn, label: PARAMETER_ID, value: 3
Jan 26, 2026 2:30:08 PM com.github.jinahya.database.metadata.bind.Context bind
WARNING: unknown result; type: ProcedureColumn, label: METHOD_ID, value: 5
Jan 26, 2026 2:30:08 PM com.github.jinahya.database.metadata.bind.Context bind
WARNING: unknown result; type: ProcedureColumn, label: PARAMETER_ID, value: 0
Jan 26, 2026 2:30:08 PM com.github.jinahya.database.metadata.bind.Context bind
WARNING: unknown result; type: ProcedureColumn, label: METHOD_ID, value: 5
Jan 26, 2026 2:30:08 PM com.github.jinahya.database.metadata.bind.Context bind
WARNING: unknown result; type: ProcedureColumn, label: PARAMETER_ID, value: 1
Jan 26, 2026 2:30:08 PM com.github.jinahya.database.metadata.bind.Context bind
WARNING: unknown result; type: ProcedureColumn, label: METHOD_ID, value: 5
Jan 26, 2026 2:30:08 PM com.github.jinahya.database.metadata.bind.Context bind
WARNING: unknown result; type: ProcedureColumn, label: PARAMETER_ID, value: 2
Jan 26, 2026 2:30:08 PM com.github.jinahya.database.metadata.bind.Context bind
WARNING: unknown result; type: ProcedureColumn, label: METHOD_ID, value: 5
Jan 26, 2026 2:30:08 PM com.github.jinahya.database.metadata.bind.Context bind
WARNING: unknown result; type: ProcedureColumn, label: PARAMETER_ID, value: 3
Jan 26, 2026 2:30:08 PM com.github.jinahya.database.metadata.bind.Context bind
WARNING: unknown result; type: ProcedureColumn, label: METHOD_ID, value: 5
Jan 26, 2026 2:30:08 PM com.github.jinahya.database.metadata.bind.Context bind
WARNING: unknown result; type: ProcedureColumn, label: PARAMETER_ID, value: 4
Jan 26, 2026 2:30:08 PM com.github.jinahya.database.metadata.bind.Context bind
WARNING: unknown result; type: ProcedureColumn, label: METHOD_ID, value: 5
Jan 26, 2026 2:30:08 PM com.github.jinahya.database.metadata.bind.Context bind
WARNING: unknown result; type: ProcedureColumn, label: PARAMETER_ID, value: 0
Jan 26, 2026 2:30:08 PM com.github.jinahya.database.metadata.bind.Context bind
WARNING: unknown result; type: ProcedureColumn, label: METHOD_ID, value: 5
Jan 26, 2026 2:30:08 PM com.github.jinahya.database.metadata.bind.Context bind
WARNING: unknown result; type: ProcedureColumn, label: PARAMETER_ID, value: 1
Jan 26, 2026 2:30:08 PM com.github.jinahya.database.metadata.bind.Context bind
WARNING: unknown result; type: ProcedureColumn, label: METHOD_ID, value: 5
Jan 26, 2026 2:30:08 PM com.github.jinahya.database.metadata.bind.Context bind
WARNING: unknown result; type: ProcedureColumn, label: PARAMETER_ID, value: 2
Jan 26, 2026 2:30:08 PM com.github.jinahya.database.metadata.bind.Context bind
WARNING: unknown result; type: ProcedureColumn, label: METHOD_ID, value: 5
Jan 26, 2026 2:30:08 PM com.github.jinahya.database.metadata.bind.Context bind
WARNING: unknown result; type: ProcedureColumn, label: PARAMETER_ID, value: 3
Jan 26, 2026 2:30:08 PM com.github.jinahya.database.metadata.bind.Context bind
WARNING: unknown result; type: ProcedureColumn, label: METHOD_ID, value: 5
Jan 26, 2026 2:30:08 PM com.github.jinahya.database.metadata.bind.Context bind
WARNING: unknown result; type: ProcedureColumn, label: PARAMETER_ID, value: 4
Jan 26, 2026 2:30:08 PM com.github.jinahya.database.metadata.bind.Context bind
WARNING: unknown result; type: Procedure, label: RESERVED3, value: null
Jan 26, 2026 2:30:08 PM com.github.jinahya.database.metadata.bind.Context bind
WARNING: unknown result; type: Procedure, label: RESERVED2, value: null
Jan 26, 2026 2:30:08 PM com.github.jinahya.database.metadata.bind.Context bind
WARNING: unknown result; type: Procedure, label: RESERVED1, value: null
Jan 26, 2026 2:30:08 PM com.github.jinahya.database.metadata.bind.Context bind
WARNING: unknown result; type: Procedure, label: RESERVED3, value: null
Jan 26, 2026 2:30:08 PM com.github.jinahya.database.metadata.bind.Context bind
WARNING: unknown result; type: Procedure, label: RESERVED2, value: null
Jan 26, 2026 2:30:08 PM com.github.jinahya.database.metadata.bind.Context bind
WARNING: unknown result; type: Procedure, label: RESERVED1, value: null
Jan 26, 2026 2:30:08 PM com.github.jinahya.database.metadata.bind.Context bind
WARNING: unknown result; type: Procedure, label: RESERVED3, value: null
Jan 26, 2026 2:30:08 PM com.github.jinahya.database.metadata.bind.Context bind
WARNING: unknown result; type: Procedure, label: RESERVED2, value: null
Jan 26, 2026 2:30:08 PM com.github.jinahya.database.metadata.bind.Context bind
WARNING: unknown result; type: Procedure, label: RESERVED1, value: null
Jan 26, 2026 2:30:08 PM com.github.jinahya.database.metadata.bind.Context bind
WARNING: unknown result; type: ProcedureColumn, label: METHOD_ID, value: 3
Jan 26, 2026 2:30:08 PM com.github.jinahya.database.metadata.bind.Context bind
WARNING: unknown result; type: ProcedureColumn, label: PARAMETER_ID, value: 0
Jan 26, 2026 2:30:08 PM com.github.jinahya.database.metadata.bind.Context bind
WARNING: unknown result; type: ProcedureColumn, label: METHOD_ID, value: 3
Jan 26, 2026 2:30:08 PM com.github.jinahya.database.metadata.bind.Context bind
WARNING: unknown result; type: ProcedureColumn, label: PARAMETER_ID, value: 1
Jan 26, 2026 2:30:08 PM com.github.jinahya.database.metadata.bind.Context bind
WARNING: unknown result; type: ProcedureColumn, label: METHOD_ID, value: 3
Jan 26, 2026 2:30:08 PM com.github.jinahya.database.metadata.bind.Context bind
WARNING: unknown result; type: ProcedureColumn, label: PARAMETER_ID, value: 2
Jan 26, 2026 2:30:08 PM com.github.jinahya.database.metadata.bind.Context bind
WARNING: unknown result; type: ProcedureColumn, label: METHOD_ID, value: 2
Jan 26, 2026 2:30:08 PM com.github.jinahya.database.metadata.bind.Context bind
WARNING: unknown result; type: ProcedureColumn, label: PARAMETER_ID, value: 0
Jan 26, 2026 2:30:08 PM com.github.jinahya.database.metadata.bind.Context bind
WARNING: unknown result; type: ProcedureColumn, label: METHOD_ID, value: 2
Jan 26, 2026 2:30:08 PM com.github.jinahya.database.metadata.bind.Context bind
WARNING: unknown result; type: ProcedureColumn, label: PARAMETER_ID, value: 1
Jan 26, 2026 2:30:08 PM com.github.jinahya.database.metadata.bind.Context bind
WARNING: unknown result; type: ProcedureColumn, label: METHOD_ID, value: 2
Jan 26, 2026 2:30:08 PM com.github.jinahya.database.metadata.bind.Context bind
WARNING: unknown result; type: ProcedureColumn, label: PARAMETER_ID, value: 0
Jan 26, 2026 2:30:08 PM com.github.jinahya.database.metadata.bind.Context bind
WARNING: unknown result; type: ProcedureColumn, label: METHOD_ID, value: 2
Jan 26, 2026 2:30:08 PM com.github.jinahya.database.metadata.bind.Context bind
WARNING: unknown result; type: ProcedureColumn, label: PARAMETER_ID, value: 1
Jan 26, 2026 2:30:08 PM com.github.jinahya.database.metadata.bind.Context bind
WARNING: unknown result; type: Column, label: SCOPE_CATLOG, value: null
Jan 26, 2026 2:30:08 PM com.github.jinahya.database.metadata.bind.Context bind
WARNING: unknown result; type: Column, label: SCOPE_CATLOG, value: null
Jan 26, 2026 2:30:08 PM com.github.jinahya.database.metadata.bind.Context bind
WARNING: unknown result; type: Column, label: SCOPE_CATLOG, value: null
Jan 26, 2026 2:30:08 PM com.github.jinahya.database.metadata.bind.Context bind
WARNING: unknown result; type: Column, label: SCOPE_CATLOG, value: null
Jan 26, 2026 2:30:08 PM com.github.jinahya.database.metadata.bind.Context bind
WARNING: unknown result; type: Column, label: SCOPE_CATLOG, value: null
Jan 26, 2026 2:30:08 PM com.github.jinahya.database.metadata.bind.Context bind
WARNING: unknown result; type: Column, label: SCOPE_CATLOG, value: null
Jan 26, 2026 2:30:08 PM com.github.jinahya.database.metadata.bind.Context bind
WARNING: unknown result; type: Column, label: SCOPE_CATLOG, value: null
Jan 26, 2026 2:30:08 PM com.github.jinahya.database.metadata.bind.Context bind
WARNING: unknown result; type: Column, label: SCOPE_CATLOG, value: null
Jan 26, 2026 2:30:08 PM com.github.jinahya.database.metadata.bind.Context bind
WARNING: unknown result; type: Column, label: SCOPE_CATLOG, value: null
Jan 26, 2026 2:30:08 PM com.github.jinahya.database.metadata.bind.Context bind
WARNING: unknown result; type: Column, label: SCOPE_CATLOG, value: null
Jan 26, 2026 2:30:08 PM com.github.jinahya.database.metadata.bind.Context bind
WARNING: unknown result; type: Column, label: SCOPE_CATLOG, value: null
Jan 26, 2026 2:30:08 PM com.github.jinahya.database.metadata.bind.Context bind
WARNING: unknown result; type: Column, label: SCOPE_CATLOG, value: null
Jan 26, 2026 2:30:08 PM com.github.jinahya.database.metadata.bind.Context bind
WARNING: unknown result; type: Column, label: SCOPE_CATLOG, value: null
Jan 26, 2026 2:30:08 PM com.github.jinahya.database.metadata.bind.Context bind
WARNING: unknown result; type: Column, label: SCOPE_CATLOG, value: null
Jan 26, 2026 2:30:08 PM com.github.jinahya.database.metadata.bind.Context bind
WARNING: unknown result; type: Column, label: SCOPE_CATLOG, value: null
Jan 26, 2026 2:30:08 PM com.github.jinahya.database.metadata.bind.Context bind
WARNING: unknown result; type: Column, label: SCOPE_CATLOG, value: null
Jan 26, 2026 2:30:08 PM com.github.jinahya.database.metadata.bind.Context bind
WARNING: unknown result; type: Column, label: SCOPE_CATLOG, value: null
Jan 26, 2026 2:30:08 PM com.github.jinahya.database.metadata.bind.Context bind
WARNING: unknown result; type: Column, label: SCOPE_CATLOG, value: null
Jan 26, 2026 2:30:08 PM com.github.jinahya.database.metadata.bind.Context bind
WARNING: unknown result; type: Column, label: SCOPE_CATLOG, value: null
Jan 26, 2026 2:30:08 PM com.github.jinahya.database.metadata.bind.Context bind
WARNING: unknown result; type: Column, label: SCOPE_CATLOG, value: null
Jan 26, 2026 2:30:08 PM com.github.jinahya.database.metadata.bind.Context bind
WARNING: unknown result; type: Column, label: SCOPE_CATLOG, value: null
Jan 26, 2026 2:30:08 PM com.github.jinahya.database.metadata.bind.Context bind
WARNING: unknown result; type: Column, label: SCOPE_CATLOG, value: null
Jan 26, 2026 2:30:08 PM com.github.jinahya.database.metadata.bind.Context bind
WARNING: unknown result; type: Column, label: SCOPE_CATLOG, value: null
Jan 26, 2026 2:30:08 PM com.github.jinahya.database.metadata.bind.Context bind
WARNING: unknown result; type: Column, label: SCOPE_CATLOG, value: null
Jan 26, 2026 2:30:08 PM com.github.jinahya.database.metadata.bind.Context bind
WARNING: unknown result; type: Column, label: SCOPE_CATLOG, value: null
Jan 26, 2026 2:30:08 PM com.github.jinahya.database.metadata.bind.Context bind
WARNING: unknown result; type: Column, label: SCOPE_CATLOG, value: null
Jan 26, 2026 2:30:08 PM com.github.jinahya.database.metadata.bind.Context bind
WARNING: unknown result; type: Column, label: SCOPE_CATLOG, value: null
Jan 26, 2026 2:30:08 PM com.github.jinahya.database.metadata.bind.Context bind
WARNING: unknown result; type: Column, label: SCOPE_CATLOG, value: null
Jan 26, 2026 2:30:08 PM com.github.jinahya.database.metadata.bind.Context bind
WARNING: unknown result; type: Column, label: SCOPE_CATLOG, value: null
Jan 26, 2026 2:30:08 PM com.github.jinahya.database.metadata.bind.Context bind
WARNING: unknown result; type: Column, label: SCOPE_CATLOG, value: null
Jan 26, 2026 2:30:08 PM com.github.jinahya.database.metadata.bind.Context bind
WARNING: unknown result; type: Column, label: SCOPE_CATLOG, value: null
Jan 26, 2026 2:30:08 PM com.github.jinahya.database.metadata.bind.Context bind
WARNING: unknown result; type: Column, label: SCOPE_CATLOG, value: null
Jan 26, 2026 2:30:08 PM com.github.jinahya.database.metadata.bind.Context bind
WARNING: unknown result; type: Column, label: SCOPE_CATLOG, value: null
Jan 26, 2026 2:30:08 PM com.github.jinahya.database.metadata.bind.Context bind
WARNING: unknown result; type: Column, label: SCOPE_CATLOG, value: null
Jan 26, 2026 2:30:08 PM com.github.jinahya.database.metadata.bind.Context bind
WARNING: unknown result; type: Column, label: SCOPE_CATLOG, value: null
Jan 26, 2026 2:30:08 PM com.github.jinahya.database.metadata.bind.Context bind
WARNING: unknown result; type: Column, label: SCOPE_CATLOG, value: null
Jan 26, 2026 2:30:08 PM com.github.jinahya.database.metadata.bind.Context bind
WARNING: unknown result; type: Column, label: SCOPE_CATLOG, value: null
Jan 26, 2026 2:30:08 PM com.github.jinahya.database.metadata.bind.Context bind
WARNING: unknown result; type: Column, label: SCOPE_CATLOG, value: null
Jan 26, 2026 2:30:08 PM com.github.jinahya.database.metadata.bind.Context bind
WARNING: unknown result; type: Column, label: SCOPE_CATLOG, value: null
Jan 26, 2026 2:30:08 PM com.github.jinahya.database.metadata.bind.Context bind
WARNING: unknown result; type: Column, label: SCOPE_CATLOG, value: null
Jan 26, 2026 2:30:08 PM com.github.jinahya.database.metadata.bind.Context bind
WARNING: unknown result; type: Column, label: SCOPE_CATLOG, value: null
Jan 26, 2026 2:30:08 PM com.github.jinahya.database.metadata.bind.Context bind
WARNING: unknown result; type: Column, label: SCOPE_CATLOG, value: null
Jan 26, 2026 2:30:08 PM com.github.jinahya.database.metadata.bind.Context bind
WARNING: unknown result; type: Column, label: SCOPE_CATLOG, value: null
Jan 26, 2026 2:30:08 PM com.github.jinahya.database.metadata.bind.Context bind
WARNING: unknown result; type: Column, label: SCOPE_CATLOG, value: null
Jan 26, 2026 2:30:08 PM com.github.jinahya.database.metadata.bind.Context bind
WARNING: unknown result; type: Column, label: SCOPE_CATLOG, value: null
Jan 26, 2026 2:30:08 PM com.github.jinahya.database.metadata.bind.Context bind
WARNING: unknown result; type: Column, label: SCOPE_CATLOG, value: null
Jan 26, 2026 2:30:08 PM com.github.jinahya.database.metadata.bind.Context bind
WARNING: unknown result; type: Column, label: SCOPE_CATLOG, value: null
Jan 26, 2026 2:30:08 PM com.github.jinahya.database.metadata.bind.Context bind
WARNING: unknown result; type: Column, label: SCOPE_CATLOG, value: null
Jan 26, 2026 2:30:08 PM com.github.jinahya.database.metadata.bind.Context bind
WARNING: unknown result; type: Column, label: SCOPE_CATLOG, value: null
Jan 26, 2026 2:30:08 PM com.github.jinahya.database.metadata.bind.Context bind
WARNING: unknown result; type: Column, label: SCOPE_CATLOG, value: null
Jan 26, 2026 2:30:08 PM com.github.jinahya.database.metadata.bind.Context bind
WARNING: unknown result; type: Column, label: SCOPE_CATLOG, value: null
Jan 26, 2026 2:30:08 PM com.github.jinahya.database.metadata.bind.Context bind
WARNING: unknown result; type: Column, label: SCOPE_CATLOG, value: null
Jan 26, 2026 2:30:08 PM com.github.jinahya.database.metadata.bind.Context bind
WARNING: unknown result; type: Column, label: SCOPE_CATLOG, value: null
Jan 26, 2026 2:30:08 PM com.github.jinahya.database.metadata.bind.Context bind
WARNING: unknown result; type: Column, label: SCOPE_CATLOG, value: null
Jan 26, 2026 2:30:08 PM com.github.jinahya.database.metadata.bind.Context bind
WARNING: unknown result; type: Column, label: SCOPE_CATLOG, value: null
Jan 26, 2026 2:30:08 PM com.github.jinahya.database.metadata.bind.Context bind
WARNING: unknown result; type: Column, label: SCOPE_CATLOG, value: null
Jan 26, 2026 2:30:08 PM com.github.jinahya.database.metadata.bind.Context bind
WARNING: unknown result; type: Column, label: SCOPE_CATLOG, value: null
Jan 26, 2026 2:30:08 PM com.github.jinahya.database.metadata.bind.Context bind
WARNING: unknown result; type: Column, label: SCOPE_CATLOG, value: null
Jan 26, 2026 2:30:08 PM com.github.jinahya.database.metadata.bind.Context bind
WARNING: unknown result; type: Column, label: SCOPE_CATLOG, value: null
Jan 26, 2026 2:30:08 PM com.github.jinahya.database.metadata.bind.Context bind
WARNING: unknown result; type: Column, label: SCOPE_CATLOG, value: null
Jan 26, 2026 2:30:08 PM com.github.jinahya.database.metadata.bind.Context bind
WARNING: unknown result; type: Column, label: SCOPE_CATLOG, value: null
Jan 26, 2026 2:30:08 PM com.github.jinahya.database.metadata.bind.Context bind
WARNING: unknown result; type: Column, label: SCOPE_CATLOG, value: null
Jan 26, 2026 2:30:08 PM com.github.jinahya.database.metadata.bind.Context bind
WARNING: unknown result; type: Column, label: SCOPE_CATLOG, value: null
Jan 26, 2026 2:30:08 PM com.github.jinahya.database.metadata.bind.Context bind
WARNING: unknown result; type: Column, label: SCOPE_CATLOG, value: null
Jan 26, 2026 2:30:08 PM com.github.jinahya.database.metadata.bind.Context bind
WARNING: unknown result; type: Column, label: SCOPE_CATLOG, value: null
Jan 26, 2026 2:30:08 PM com.github.jinahya.database.metadata.bind.Context bind
WARNING: unknown result; type: Column, label: SCOPE_CATLOG, value: null
Jan 26, 2026 2:30:08 PM com.github.jinahya.database.metadata.bind.Context bind
WARNING: unknown result; type: Column, label: SCOPE_CATLOG, value: null
Jan 26, 2026 2:30:08 PM com.github.jinahya.database.metadata.bind.Context bind
WARNING: unknown result; type: Column, label: SCOPE_CATLOG, value: null
Jan 26, 2026 2:30:08 PM com.github.jinahya.database.metadata.bind.Context bind
WARNING: unknown result; type: Column, label: SCOPE_CATLOG, value: null
Jan 26, 2026 2:30:08 PM com.github.jinahya.database.metadata.bind.Context bind
WARNING: unknown result; type: Column, label: SCOPE_CATLOG, value: null
Jan 26, 2026 2:30:08 PM com.github.jinahya.database.metadata.bind.Context bind
WARNING: unknown result; type: Column, label: SCOPE_CATLOG, value: null
Jan 26, 2026 2:30:08 PM com.github.jinahya.database.metadata.bind.Context bind
WARNING: unknown result; type: Column, label: SCOPE_CATLOG, value: null
Jan 26, 2026 2:30:08 PM com.github.jinahya.database.metadata.bind.Context bind
WARNING: unknown result; type: Column, label: SCOPE_CATLOG, value: null
Jan 26, 2026 2:30:08 PM com.github.jinahya.database.metadata.bind.Context bind
WARNING: unknown result; type: Column, label: SCOPE_CATLOG, value: null
Jan 26, 2026 2:30:08 PM com.github.jinahya.database.metadata.bind.Context bind
WARNING: unknown result; type: Column, label: SCOPE_CATLOG, value: null
Jan 26, 2026 2:30:08 PM com.github.jinahya.database.metadata.bind.Context bind
WARNING: unknown result; type: Column, label: SCOPE_CATLOG, value: null
Jan 26, 2026 2:30:08 PM com.github.jinahya.database.metadata.bind.Context bind
WARNING: unknown result; type: Column, label: SCOPE_CATLOG, value: null
Jan 26, 2026 2:30:08 PM com.github.jinahya.database.metadata.bind.Context bind
WARNING: unknown result; type: Column, label: SCOPE_CATLOG, value: null
Jan 26, 2026 2:30:08 PM com.github.jinahya.database.metadata.bind.Context bind
WARNING: unknown result; type: Column, label: SCOPE_CATLOG, value: null
Jan 26, 2026 2:30:08 PM com.github.jinahya.database.metadata.bind.Context bind
WARNING: unknown result; type: Column, label: SCOPE_CATLOG, value: null
Jan 26, 2026 2:30:08 PM com.github.jinahya.database.metadata.bind.Context bind
WARNING: unknown result; type: Column, label: SCOPE_CATLOG, value: null
Jan 26, 2026 2:30:08 PM com.github.jinahya.database.metadata.bind.Context bind
WARNING: unknown result; type: Column, label: SCOPE_CATLOG, value: null
Jan 26, 2026 2:30:08 PM com.github.jinahya.database.metadata.bind.Context bind
WARNING: unknown result; type: Column, label: SCOPE_CATLOG, value: null
Jan 26, 2026 2:30:08 PM com.github.jinahya.database.metadata.bind.Context bind
WARNING: unknown result; type: Column, label: SCOPE_CATLOG, value: null
Jan 26, 2026 2:30:08 PM com.github.jinahya.database.metadata.bind.Context bind
WARNING: unknown result; type: Column, label: SCOPE_CATLOG, value: null
Jan 26, 2026 2:30:08 PM com.github.jinahya.database.metadata.bind.Context bind
WARNING: unknown result; type: Column, label: SCOPE_CATLOG, value: null
Jan 26, 2026 2:30:08 PM com.github.jinahya.database.metadata.bind.Context bind
WARNING: unknown result; type: Column, label: SCOPE_CATLOG, value: null
Jan 26, 2026 2:30:08 PM com.github.jinahya.database.metadata.bind.Context bind
WARNING: unknown result; type: Column, label: SCOPE_CATLOG, value: null
Jan 26, 2026 2:30:08 PM com.github.jinahya.database.metadata.bind.Context bind
WARNING: unknown result; type: Column, label: SCOPE_CATLOG, value: null
Jan 26, 2026 2:30:08 PM com.github.jinahya.database.metadata.bind.Context bind
WARNING: unknown result; type: Column, label: SCOPE_CATLOG, value: null
Jan 26, 2026 2:30:08 PM com.github.jinahya.database.metadata.bind.Context bind
WARNING: unknown result; type: Column, label: SCOPE_CATLOG, value: null
Jan 26, 2026 2:30:08 PM com.github.jinahya.database.metadata.bind.Context bind
WARNING: unknown result; type: Column, label: SCOPE_CATLOG, value: null
Jan 26, 2026 2:30:08 PM com.github.jinahya.database.metadata.bind.Context bind
WARNING: unknown result; type: Column, label: SCOPE_CATLOG, value: null
Jan 26, 2026 2:30:08 PM com.github.jinahya.database.metadata.bind.Context bind
WARNING: unknown result; type: Column, label: SCOPE_CATLOG, value: null
Jan 26, 2026 2:30:08 PM com.github.jinahya.database.metadata.bind.Context bind
WARNING: unknown result; type: Column, label: SCOPE_CATLOG, value: null
Jan 26, 2026 2:30:08 PM com.github.jinahya.database.metadata.bind.Context bind
WARNING: unknown result; type: Column, label: SCOPE_CATLOG, value: null
Jan 26, 2026 2:30:08 PM com.github.jinahya.database.metadata.bind.Context bind
WARNING: unknown result; type: Column, label: SCOPE_CATLOG, value: null
Jan 26, 2026 2:30:08 PM com.github.jinahya.database.metadata.bind.Context bind
WARNING: unknown result; type: Column, label: SCOPE_CATLOG, value: null
Jan 26, 2026 2:30:08 PM com.github.jinahya.database.metadata.bind.Context bind
WARNING: unknown result; type: Column, label: SCOPE_CATLOG, value: null
Jan 26, 2026 2:30:08 PM com.github.jinahya.database.metadata.bind.Context bind
WARNING: unknown result; type: Column, label: SCOPE_CATLOG, value: null
Jan 26, 2026 2:30:08 PM com.github.jinahya.database.metadata.bind.Context bind
WARNING: unknown result; type: Column, label: SCOPE_CATLOG, value: null
Jan 26, 2026 2:30:08 PM com.github.jinahya.database.metadata.bind.Context bind
WARNING: unknown result; type: Column, label: SCOPE_CATLOG, value: null
Jan 26, 2026 2:30:08 PM com.github.jinahya.database.metadata.bind.Context bind
WARNING: unknown result; type: Column, label: SCOPE_CATLOG, value: null
Jan 26, 2026 2:30:08 PM com.github.jinahya.database.metadata.bind.Context bind
WARNING: unknown result; type: Column, label: SCOPE_CATLOG, value: null
Jan 26, 2026 2:30:08 PM com.github.jinahya.database.metadata.bind.Context bind
WARNING: unknown result; type: Column, label: SCOPE_CATLOG, value: null
Jan 26, 2026 2:30:08 PM com.github.jinahya.database.metadata.bind.Context bind
WARNING: unknown result; type: Column, label: SCOPE_CATLOG, value: null
Jan 26, 2026 2:30:08 PM com.github.jinahya.database.metadata.bind.Context bind
WARNING: unknown result; type: Column, label: SCOPE_CATLOG, value: null
Jan 26, 2026 2:30:08 PM com.github.jinahya.database.metadata.bind.Context bind
WARNING: unknown result; type: Column, label: SCOPE_CATLOG, value: null
Jan 26, 2026 2:30:08 PM com.github.jinahya.database.metadata.bind.Context bind
WARNING: unknown result; type: Column, label: SCOPE_CATLOG, value: null
Jan 26, 2026 2:30:08 PM com.github.jinahya.database.metadata.bind.Context bind
WARNING: unknown result; type: Column, label: SCOPE_CATLOG, value: null
Jan 26, 2026 2:30:08 PM com.github.jinahya.database.metadata.bind.Context bind
WARNING: unknown result; type: Column, label: SCOPE_CATLOG, value: null
Jan 26, 2026 2:30:08 PM com.github.jinahya.database.metadata.bind.Context bind
WARNING: unknown result; type: Column, label: SCOPE_CATLOG, value: null
Jan 26, 2026 2:30:08 PM com.github.jinahya.database.metadata.bind.Context bind
WARNING: unknown result; type: Column, label: SCOPE_CATLOG, value: null
Jan 26, 2026 2:30:08 PM com.github.jinahya.database.metadata.bind.Context bind
WARNING: unknown result; type: Column, label: SCOPE_CATLOG, value: null
Jan 26, 2026 2:30:08 PM com.github.jinahya.database.metadata.bind.Context bind
WARNING: unknown result; type: Column, label: SCOPE_CATLOG, value: null
Jan 26, 2026 2:30:08 PM com.github.jinahya.database.metadata.bind.Context bind
WARNING: unknown result; type: Column, label: SCOPE_CATLOG, value: null
Jan 26, 2026 2:30:08 PM com.github.jinahya.database.metadata.bind.Context bind
WARNING: unknown result; type: Column, label: SCOPE_CATLOG, value: null
Jan 26, 2026 2:30:08 PM com.github.jinahya.database.metadata.bind.Context bind
WARNING: unknown result; type: Column, label: SCOPE_CATLOG, value: null
Jan 26, 2026 2:30:08 PM com.github.jinahya.database.metadata.bind.Context bind
WARNING: unknown result; type: Column, label: SCOPE_CATLOG, value: null
Jan 26, 2026 2:30:08 PM com.github.jinahya.database.metadata.bind.Context bind
WARNING: unknown result; type: Column, label: SCOPE_CATLOG, value: null
Jan 26, 2026 2:30:08 PM com.github.jinahya.database.metadata.bind.Context bind
WARNING: unknown result; type: Column, label: SCOPE_CATLOG, value: null
Jan 26, 2026 2:30:08 PM com.github.jinahya.database.metadata.bind.Context bind
WARNING: unknown result; type: Column, label: SCOPE_CATLOG, value: null
Jan 26, 2026 2:30:08 PM com.github.jinahya.database.metadata.bind.Context bind
WARNING: unknown result; type: Column, label: SCOPE_CATLOG, value: null
Jan 26, 2026 2:30:08 PM com.github.jinahya.database.metadata.bind.Context bind
WARNING: unknown result; type: Column, label: SCOPE_CATLOG, value: null
Jan 26, 2026 2:30:08 PM com.github.jinahya.database.metadata.bind.Context bind
WARNING: unknown result; type: Column, label: SCOPE_CATLOG, value: null
Jan 26, 2026 2:30:08 PM com.github.jinahya.database.metadata.bind.Context bind
WARNING: unknown result; type: Column, label: SCOPE_CATLOG, value: null
Jan 26, 2026 2:30:08 PM com.github.jinahya.database.metadata.bind.Context bind
WARNING: unknown result; type: Column, label: SCOPE_CATLOG, value: null
Jan 26, 2026 2:30:08 PM com.github.jinahya.database.metadata.bind.Context bind
WARNING: unknown result; type: Column, label: SCOPE_CATLOG, value: null
Jan 26, 2026 2:30:08 PM com.github.jinahya.database.metadata.bind.Context bind
WARNING: unknown result; type: Column, label: SCOPE_CATLOG, value: null
Jan 26, 2026 2:30:08 PM com.github.jinahya.database.metadata.bind.Context bind
WARNING: unknown result; type: Column, label: SCOPE_CATLOG, value: null
Jan 26, 2026 2:30:08 PM com.github.jinahya.database.metadata.bind.Context bind
WARNING: unknown result; type: Column, label: SCOPE_CATLOG, value: null
Jan 26, 2026 2:30:08 PM com.github.jinahya.database.metadata.bind.Context bind
WARNING: unknown result; type: Column, label: SCOPE_CATLOG, value: null
Jan 26, 2026 2:30:08 PM com.github.jinahya.database.metadata.bind.Context bind
WARNING: unknown result; type: Column, label: SCOPE_CATLOG, value: null
Jan 26, 2026 2:30:08 PM com.github.jinahya.database.metadata.bind.Context bind
WARNING: unknown result; type: Column, label: SCOPE_CATLOG, value: null
Jan 26, 2026 2:30:08 PM com.github.jinahya.database.metadata.bind.Context bind
WARNING: unknown result; type: Column, label: SCOPE_CATLOG, value: null
Jan 26, 2026 2:30:08 PM com.github.jinahya.database.metadata.bind.Context bind
WARNING: unknown result; type: Column, label: SCOPE_CATLOG, value: null
Jan 26, 2026 2:30:08 PM com.github.jinahya.database.metadata.bind.Context bind
WARNING: unknown result; type: Column, label: SCOPE_CATLOG, value: null
Jan 26, 2026 2:30:08 PM com.github.jinahya.database.metadata.bind.Context bind
WARNING: unknown result; type: Column, label: SCOPE_CATLOG, value: null
Jan 26, 2026 2:30:08 PM com.github.jinahya.database.metadata.bind.Context bind
WARNING: unknown result; type: Column, label: SCOPE_CATLOG, value: null
Jan 26, 2026 2:30:08 PM com.github.jinahya.database.metadata.bind.Context bind
WARNING: unknown result; type: Column, label: SCOPE_CATLOG, value: null
Jan 26, 2026 2:30:08 PM com.github.jinahya.database.metadata.bind.Context bind
WARNING: unknown result; type: Column, label: SCOPE_CATLOG, value: null
Jan 26, 2026 2:30:08 PM com.github.jinahya.database.metadata.bind.Context bind
WARNING: unknown result; type: Column, label: SCOPE_CATLOG, value: null
Jan 26, 2026 2:30:08 PM com.github.jinahya.database.metadata.bind.Context bind
WARNING: unknown result; type: Column, label: SCOPE_CATLOG, value: null
Jan 26, 2026 2:30:08 PM com.github.jinahya.database.metadata.bind.Context bind
WARNING: unknown result; type: Column, label: SCOPE_CATLOG, value: null
Jan 26, 2026 2:30:08 PM com.github.jinahya.database.metadata.bind.Context bind
WARNING: unknown result; type: Column, label: SCOPE_CATLOG, value: null
Jan 26, 2026 2:30:08 PM com.github.jinahya.database.metadata.bind.Context bind
WARNING: unknown result; type: Column, label: SCOPE_CATLOG, value: null
Jan 26, 2026 2:30:08 PM com.github.jinahya.database.metadata.bind.Context bind
WARNING: unknown result; type: Column, label: SCOPE_CATLOG, value: null
Jan 26, 2026 2:30:08 PM com.github.jinahya.database.metadata.bind.Context bind
WARNING: unknown result; type: Procedure, label: RESERVED3, value: null
Jan 26, 2026 2:30:08 PM com.github.jinahya.database.metadata.bind.Context bind
WARNING: unknown result; type: Procedure, label: RESERVED2, value: null
Jan 26, 2026 2:30:08 PM com.github.jinahya.database.metadata.bind.Context bind
WARNING: unknown result; type: Procedure, label: RESERVED1, value: null
Jan 26, 2026 2:30:08 PM com.github.jinahya.database.metadata.bind.Context bind
WARNING: unknown result; type: Procedure, label: RESERVED3, value: null
Jan 26, 2026 2:30:08 PM com.github.jinahya.database.metadata.bind.Context bind
WARNING: unknown result; type: Procedure, label: RESERVED2, value: null
Jan 26, 2026 2:30:08 PM com.github.jinahya.database.metadata.bind.Context bind
WARNING: unknown result; type: Procedure, label: RESERVED1, value: null
Jan 26, 2026 2:30:08 PM com.github.jinahya.database.metadata.bind.Context bind
WARNING: unknown result; type: Procedure, label: RESERVED3, value: null
Jan 26, 2026 2:30:08 PM com.github.jinahya.database.metadata.bind.Context bind
WARNING: unknown result; type: Procedure, label: RESERVED2, value: null
Jan 26, 2026 2:30:08 PM com.github.jinahya.database.metadata.bind.Context bind
WARNING: unknown result; type: Procedure, label: RESERVED1, value: null
Jan 26, 2026 2:30:08 PM com.github.jinahya.database.metadata.bind.Context bind
WARNING: unknown result; type: Procedure, label: RESERVED3, value: null
Jan 26, 2026 2:30:08 PM com.github.jinahya.database.metadata.bind.Context bind
WARNING: unknown result; type: Procedure, label: RESERVED2, value: null
Jan 26, 2026 2:30:08 PM com.github.jinahya.database.metadata.bind.Context bind
WARNING: unknown result; type: Procedure, label: RESERVED1, value: null
Jan 26, 2026 2:30:08 PM com.github.jinahya.database.metadata.bind.Context bind
WARNING: unknown result; type: Procedure, label: RESERVED3, value: null
Jan 26, 2026 2:30:08 PM com.github.jinahya.database.metadata.bind.Context bind
WARNING: unknown result; type: Procedure, label: RESERVED2, value: null
Jan 26, 2026 2:30:08 PM com.github.jinahya.database.metadata.bind.Context bind
WARNING: unknown result; type: Procedure, label: RESERVED1, value: null
Jan 26, 2026 2:30:08 PM com.github.jinahya.database.metadata.bind.Context bind
WARNING: unknown result; type: Procedure, label: RESERVED3, value: null
Jan 26, 2026 2:30:08 PM com.github.jinahya.database.metadata.bind.Context bind
WARNING: unknown result; type: Procedure, label: RESERVED2, value: null
Jan 26, 2026 2:30:08 PM com.github.jinahya.database.metadata.bind.Context bind
WARNING: unknown result; type: Procedure, label: RESERVED1, value: null
Jan 26, 2026 2:30:08 PM com.github.jinahya.database.metadata.bind.Context bind
WARNING: unknown result; type: Procedure, label: RESERVED3, value: null
Jan 26, 2026 2:30:08 PM com.github.jinahya.database.metadata.bind.Context bind
WARNING: unknown result; type: Procedure, label: RESERVED2, value: null
Jan 26, 2026 2:30:08 PM com.github.jinahya.database.metadata.bind.Context bind
WARNING: unknown result; type: Procedure, label: RESERVED1, value: null
Jan 26, 2026 2:30:08 PM com.github.jinahya.database.metadata.bind.Context bind
WARNING: unknown result; type: Procedure, label: RESERVED3, value: null
Jan 26, 2026 2:30:08 PM com.github.jinahya.database.metadata.bind.Context bind
WARNING: unknown result; type: Procedure, label: RESERVED2, value: null
Jan 26, 2026 2:30:08 PM com.github.jinahya.database.metadata.bind.Context bind
WARNING: unknown result; type: Procedure, label: RESERVED1, value: null
Jan 26, 2026 2:30:08 PM com.github.jinahya.database.metadata.bind.Context bind
WARNING: unknown result; type: Procedure, label: RESERVED3, value: null
Jan 26, 2026 2:30:08 PM com.github.jinahya.database.metadata.bind.Context bind
WARNING: unknown result; type: Procedure, label: RESERVED2, value: null
Jan 26, 2026 2:30:08 PM com.github.jinahya.database.metadata.bind.Context bind
WARNING: unknown result; type: Procedure, label: RESERVED1, value: null
Jan 26, 2026 2:30:08 PM com.github.jinahya.database.metadata.bind.Context bind
WARNING: unknown result; type: Procedure, label: RESERVED3, value: null
Jan 26, 2026 2:30:08 PM com.github.jinahya.database.metadata.bind.Context bind
WARNING: unknown result; type: Procedure, label: RESERVED2, value: null
Jan 26, 2026 2:30:08 PM com.github.jinahya.database.metadata.bind.Context bind
WARNING: unknown result; type: Procedure, label: RESERVED1, value: null
Jan 26, 2026 2:30:08 PM com.github.jinahya.database.metadata.bind.Context bind
WARNING: unknown result; type: Procedure, label: RESERVED3, value: null
Jan 26, 2026 2:30:08 PM com.github.jinahya.database.metadata.bind.Context bind
WARNING: unknown result; type: Procedure, label: RESERVED2, value: null
Jan 26, 2026 2:30:08 PM com.github.jinahya.database.metadata.bind.Context bind
WARNING: unknown result; type: Procedure, label: RESERVED1, value: null
Jan 26, 2026 2:30:08 PM com.github.jinahya.database.metadata.bind.Context bind
WARNING: unknown result; type: Procedure, label: RESERVED3, value: null
Jan 26, 2026 2:30:08 PM com.github.jinahya.database.metadata.bind.Context bind
WARNING: unknown result; type: Procedure, label: RESERVED2, value: null
Jan 26, 2026 2:30:08 PM com.github.jinahya.database.metadata.bind.Context bind
WARNING: unknown result; type: Procedure, label: RESERVED1, value: null
Jan 26, 2026 2:30:08 PM com.github.jinahya.database.metadata.bind.Context bind
WARNING: unknown result; type: Procedure, label: RESERVED3, value: null
Jan 26, 2026 2:30:08 PM com.github.jinahya.database.metadata.bind.Context bind
WARNING: unknown result; type: Procedure, label: RESERVED2, value: null
Jan 26, 2026 2:30:08 PM com.github.jinahya.database.metadata.bind.Context bind
WARNING: unknown result; type: Procedure, label: RESERVED1, value: null
Jan 26, 2026 2:30:08 PM com.github.jinahya.database.metadata.bind.Context bind
WARNING: unknown result; type: Procedure, label: RESERVED3, value: null
Jan 26, 2026 2:30:08 PM com.github.jinahya.database.metadata.bind.Context bind
WARNING: unknown result; type: Procedure, label: RESERVED2, value: null
Jan 26, 2026 2:30:08 PM com.github.jinahya.database.metadata.bind.Context bind
WARNING: unknown result; type: Procedure, label: RESERVED1, value: null
Jan 26, 2026 2:30:08 PM com.github.jinahya.database.metadata.bind.Context bind
WARNING: unknown result; type: Procedure, label: RESERVED3, value: null
Jan 26, 2026 2:30:08 PM com.github.jinahya.database.metadata.bind.Context bind
WARNING: unknown result; type: Procedure, label: RESERVED2, value: null
Jan 26, 2026 2:30:08 PM com.github.jinahya.database.metadata.bind.Context bind
WARNING: unknown result; type: Procedure, label: RESERVED1, value: null
Jan 26, 2026 2:30:08 PM com.github.jinahya.database.metadata.bind.Context bind
WARNING: unknown result; type: Procedure, label: RESERVED3, value: null
Jan 26, 2026 2:30:08 PM com.github.jinahya.database.metadata.bind.Context bind
WARNING: unknown result; type: Procedure, label: RESERVED2, value: null
Jan 26, 2026 2:30:08 PM com.github.jinahya.database.metadata.bind.Context bind
WARNING: unknown result; type: Procedure, label: RESERVED1, value: null
Jan 26, 2026 2:30:08 PM com.github.jinahya.database.metadata.bind.Context bind
WARNING: unknown result; type: Procedure, label: RESERVED3, value: null
Jan 26, 2026 2:30:08 PM com.github.jinahya.database.metadata.bind.Context bind
WARNING: unknown result; type: Procedure, label: RESERVED2, value: null
Jan 26, 2026 2:30:08 PM com.github.jinahya.database.metadata.bind.Context bind
WARNING: unknown result; type: Procedure, label: RESERVED1, value: null
Jan 26, 2026 2:30:08 PM com.github.jinahya.database.metadata.bind.Context bind
WARNING: unknown result; type: Procedure, label: RESERVED3, value: null
Jan 26, 2026 2:30:08 PM com.github.jinahya.database.metadata.bind.Context bind
WARNING: unknown result; type: Procedure, label: RESERVED2, value: null
Jan 26, 2026 2:30:08 PM com.github.jinahya.database.metadata.bind.Context bind
WARNING: unknown result; type: Procedure, label: RESERVED1, value: null
Jan 26, 2026 2:30:08 PM com.github.jinahya.database.metadata.bind.Context bind
WARNING: unknown result; type: Procedure, label: RESERVED3, value: null
Jan 26, 2026 2:30:08 PM com.github.jinahya.database.metadata.bind.Context bind
WARNING: unknown result; type: Procedure, label: RESERVED2, value: null
Jan 26, 2026 2:30:08 PM com.github.jinahya.database.metadata.bind.Context bind
WARNING: unknown result; type: Procedure, label: RESERVED1, value: null
Jan 26, 2026 2:30:08 PM com.github.jinahya.database.metadata.bind.Context bind
WARNING: unknown result; type: Procedure, label: RESERVED3, value: null
Jan 26, 2026 2:30:08 PM com.github.jinahya.database.metadata.bind.Context bind
WARNING: unknown result; type: Procedure, label: RESERVED2, value: null
Jan 26, 2026 2:30:08 PM com.github.jinahya.database.metadata.bind.Context bind
WARNING: unknown result; type: Procedure, label: RESERVED1, value: null
Jan 26, 2026 2:30:08 PM com.github.jinahya.database.metadata.bind.Context bind
WARNING: unknown result; type: Procedure, label: RESERVED3, value: null
Jan 26, 2026 2:30:08 PM com.github.jinahya.database.metadata.bind.Context bind
WARNING: unknown result; type: Procedure, label: RESERVED2, value: null
Jan 26, 2026 2:30:08 PM com.github.jinahya.database.metadata.bind.Context bind
WARNING: unknown result; type: Procedure, label: RESERVED1, value: null
Jan 26, 2026 2:30:08 PM com.github.jinahya.database.metadata.bind.Context bind
WARNING: unknown result; type: Procedure, label: RESERVED3, value: null
Jan 26, 2026 2:30:08 PM com.github.jinahya.database.metadata.bind.Context bind
WARNING: unknown result; type: Procedure, label: RESERVED2, value: null
Jan 26, 2026 2:30:08 PM com.github.jinahya.database.metadata.bind.Context bind
WARNING: unknown result; type: Procedure, label: RESERVED1, value: null
Jan 26, 2026 2:30:08 PM com.github.jinahya.database.metadata.bind.Context bind
WARNING: unknown result; type: Procedure, label: RESERVED3, value: null
Jan 26, 2026 2:30:08 PM com.github.jinahya.database.metadata.bind.Context bind
WARNING: unknown result; type: Procedure, label: RESERVED2, value: null
Jan 26, 2026 2:30:08 PM com.github.jinahya.database.metadata.bind.Context bind
WARNING: unknown result; type: Procedure, label: RESERVED1, value: null
Jan 26, 2026 2:30:08 PM com.github.jinahya.database.metadata.bind.Context bind
WARNING: unknown result; type: Procedure, label: RESERVED3, value: null
Jan 26, 2026 2:30:08 PM com.github.jinahya.database.metadata.bind.Context bind
WARNING: unknown result; type: Procedure, label: RESERVED2, value: null
Jan 26, 2026 2:30:08 PM com.github.jinahya.database.metadata.bind.Context bind
WARNING: unknown result; type: Procedure, label: RESERVED1, value: null
Jan 26, 2026 2:30:08 PM com.github.jinahya.database.metadata.bind.Context bind
WARNING: unknown result; type: Procedure, label: RESERVED3, value: null
Jan 26, 2026 2:30:08 PM com.github.jinahya.database.metadata.bind.Context bind
WARNING: unknown result; type: Procedure, label: RESERVED2, value: null
Jan 26, 2026 2:30:08 PM com.github.jinahya.database.metadata.bind.Context bind
WARNING: unknown result; type: Procedure, label: RESERVED1, value: null
Jan 26, 2026 2:30:08 PM com.github.jinahya.database.metadata.bind.Context bind
WARNING: unknown result; type: Procedure, label: RESERVED3, value: null
Jan 26, 2026 2:30:08 PM com.github.jinahya.database.metadata.bind.Context bind
WARNING: unknown result; type: Procedure, label: RESERVED2, value: null
Jan 26, 2026 2:30:08 PM com.github.jinahya.database.metadata.bind.Context bind
WARNING: unknown result; type: Procedure, label: RESERVED1, value: null
Jan 26, 2026 2:30:08 PM com.github.jinahya.database.metadata.bind.Context bind
WARNING: unknown result; type: Procedure, label: RESERVED3, value: null
Jan 26, 2026 2:30:08 PM com.github.jinahya.database.metadata.bind.Context bind
WARNING: unknown result; type: Procedure, label: RESERVED2, value: null
Jan 26, 2026 2:30:08 PM com.github.jinahya.database.metadata.bind.Context bind
WARNING: unknown result; type: Procedure, label: RESERVED1, value: null
Jan 26, 2026 2:30:08 PM com.github.jinahya.database.metadata.bind.Context bind
WARNING: unknown result; type: Procedure, label: RESERVED3, value: null
Jan 26, 2026 2:30:08 PM com.github.jinahya.database.metadata.bind.Context bind
WARNING: unknown result; type: Procedure, label: RESERVED2, value: null
Jan 26, 2026 2:30:08 PM com.github.jinahya.database.metadata.bind.Context bind
WARNING: unknown result; type: Procedure, label: RESERVED1, value: null
Jan 26, 2026 2:30:08 PM com.github.jinahya.database.metadata.bind.Context bind
WARNING: unknown result; type: Procedure, label: RESERVED3, value: null
Jan 26, 2026 2:30:08 PM com.github.jinahya.database.metadata.bind.Context bind
WARNING: unknown result; type: Procedure, label: RESERVED2, value: null
Jan 26, 2026 2:30:08 PM com.github.jinahya.database.metadata.bind.Context bind
WARNING: unknown result; type: Procedure, label: RESERVED1, value: null
Jan 26, 2026 2:30:08 PM com.github.jinahya.database.metadata.bind.Context bind
WARNING: unknown result; type: Procedure, label: RESERVED3, value: null
Jan 26, 2026 2:30:08 PM com.github.jinahya.database.metadata.bind.Context bind
WARNING: unknown result; type: Procedure, label: RESERVED2, value: null
Jan 26, 2026 2:30:08 PM com.github.jinahya.database.metadata.bind.Context bind
WARNING: unknown result; type: Procedure, label: RESERVED1, value: null
Jan 26, 2026 2:30:08 PM com.github.jinahya.database.metadata.bind.Context bind
WARNING: unknown result; type: Procedure, label: RESERVED3, value: null
Jan 26, 2026 2:30:08 PM com.github.jinahya.database.metadata.bind.Context bind
WARNING: unknown result; type: Procedure, label: RESERVED2, value: null
Jan 26, 2026 2:30:08 PM com.github.jinahya.database.metadata.bind.Context bind
WARNING: unknown result; type: Procedure, label: RESERVED1, value: null
Jan 26, 2026 2:30:08 PM com.github.jinahya.database.metadata.bind.Context bind
WARNING: unknown result; type: Procedure, label: RESERVED3, value: null
Jan 26, 2026 2:30:08 PM com.github.jinahya.database.metadata.bind.Context bind
WARNING: unknown result; type: Procedure, label: RESERVED2, value: null
Jan 26, 2026 2:30:08 PM com.github.jinahya.database.metadata.bind.Context bind
WARNING: unknown result; type: Procedure, label: RESERVED1, value: null
Jan 26, 2026 2:30:08 PM com.github.jinahya.database.metadata.bind.Context bind
WARNING: unknown result; type: Procedure, label: RESERVED3, value: null
Jan 26, 2026 2:30:08 PM com.github.jinahya.database.metadata.bind.Context bind
WARNING: unknown result; type: Procedure, label: RESERVED2, value: null
Jan 26, 2026 2:30:08 PM com.github.jinahya.database.metadata.bind.Context bind
WARNING: unknown result; type: Procedure, label: RESERVED1, value: null
Jan 26, 2026 2:30:08 PM com.github.jinahya.database.metadata.bind.Context bind
WARNING: unknown result; type: Procedure, label: RESERVED3, value: null
Jan 26, 2026 2:30:08 PM com.github.jinahya.database.metadata.bind.Context bind
WARNING: unknown result; type: Procedure, label: RESERVED2, value: null
Jan 26, 2026 2:30:08 PM com.github.jinahya.database.metadata.bind.Context bind
WARNING: unknown result; type: Procedure, label: RESERVED1, value: null
Jan 26, 2026 2:30:08 PM com.github.jinahya.database.metadata.bind.Context bind
WARNING: unknown result; type: Procedure, label: RESERVED3, value: null
Jan 26, 2026 2:30:08 PM com.github.jinahya.database.metadata.bind.Context bind
WARNING: unknown result; type: Procedure, label: RESERVED2, value: null
Jan 26, 2026 2:30:08 PM com.github.jinahya.database.metadata.bind.Context bind
WARNING: unknown result; type: Procedure, label: RESERVED1, value: null
Jan 26, 2026 2:30:08 PM com.github.jinahya.database.metadata.bind.Context bind
WARNING: unknown result; type: Procedure, label: RESERVED3, value: null
Jan 26, 2026 2:30:08 PM com.github.jinahya.database.metadata.bind.Context bind
WARNING: unknown result; type: Procedure, label: RESERVED2, value: null
Jan 26, 2026 2:30:08 PM com.github.jinahya.database.metadata.bind.Context bind
WARNING: unknown result; type: Procedure, label: RESERVED1, value: null
Jan 26, 2026 2:30:08 PM com.github.jinahya.database.metadata.bind.Context bind
WARNING: unknown result; type: Procedure, label: RESERVED3, value: null
Jan 26, 2026 2:30:08 PM com.github.jinahya.database.metadata.bind.Context bind
WARNING: unknown result; type: Procedure, label: RESERVED2, value: null
Jan 26, 2026 2:30:08 PM com.github.jinahya.database.metadata.bind.Context bind
WARNING: unknown result; type: Procedure, label: RESERVED1, value: null
Jan 26, 2026 2:30:08 PM com.github.jinahya.database.metadata.bind.Context bind
WARNING: unknown result; type: ProcedureColumn, label: METHOD_ID, value: 1
Jan 26, 2026 2:30:08 PM com.github.jinahya.database.metadata.bind.Context bind
WARNING: unknown result; type: ProcedureColumn, label: PARAMETER_ID, value: 0
Jan 26, 2026 2:30:08 PM com.github.jinahya.database.metadata.bind.Context bind
WARNING: unknown result; type: ProcedureColumn, label: METHOD_ID, value: 2
Jan 26, 2026 2:30:08 PM com.github.jinahya.database.metadata.bind.Context bind
WARNING: unknown result; type: ProcedureColumn, label: PARAMETER_ID, value: 0
Jan 26, 2026 2:30:08 PM com.github.jinahya.database.metadata.bind.Context bind
WARNING: unknown result; type: ProcedureColumn, label: METHOD_ID, value: 2
Jan 26, 2026 2:30:08 PM com.github.jinahya.database.metadata.bind.Context bind
WARNING: unknown result; type: ProcedureColumn, label: PARAMETER_ID, value: 1
Jan 26, 2026 2:30:08 PM com.github.jinahya.database.metadata.bind.Context bind
WARNING: unknown result; type: ProcedureColumn, label: METHOD_ID, value: 2
Jan 26, 2026 2:30:08 PM com.github.jinahya.database.metadata.bind.Context bind
WARNING: unknown result; type: ProcedureColumn, label: PARAMETER_ID, value: 0
Jan 26, 2026 2:30:08 PM com.github.jinahya.database.metadata.bind.Context bind
WARNING: unknown result; type: ProcedureColumn, label: METHOD_ID, value: 2
Jan 26, 2026 2:30:08 PM com.github.jinahya.database.metadata.bind.Context bind
WARNING: unknown result; type: ProcedureColumn, label: PARAMETER_ID, value: 1
Jan 26, 2026 2:30:08 PM com.github.jinahya.database.metadata.bind.Context bind
WARNING: unknown result; type: ProcedureColumn, label: METHOD_ID, value: 1
Jan 26, 2026 2:30:08 PM com.github.jinahya.database.metadata.bind.Context bind
WARNING: unknown result; type: ProcedureColumn, label: PARAMETER_ID, value: 0
Jan 26, 2026 2:30:08 PM com.github.jinahya.database.metadata.bind.Context bind
WARNING: unknown result; type: ProcedureColumn, label: METHOD_ID, value: 4
Jan 26, 2026 2:30:08 PM com.github.jinahya.database.metadata.bind.Context bind
WARNING: unknown result; type: ProcedureColumn, label: PARAMETER_ID, value: 0
Jan 26, 2026 2:30:08 PM com.github.jinahya.database.metadata.bind.Context bind
WARNING: unknown result; type: ProcedureColumn, label: METHOD_ID, value: 4
Jan 26, 2026 2:30:08 PM com.github.jinahya.database.metadata.bind.Context bind
WARNING: unknown result; type: ProcedureColumn, label: PARAMETER_ID, value: 1
Jan 26, 2026 2:30:08 PM com.github.jinahya.database.metadata.bind.Context bind
WARNING: unknown result; type: ProcedureColumn, label: METHOD_ID, value: 4
Jan 26, 2026 2:30:08 PM com.github.jinahya.database.metadata.bind.Context bind
WARNING: unknown result; type: ProcedureColumn, label: PARAMETER_ID, value: 2
Jan 26, 2026 2:30:08 PM com.github.jinahya.database.metadata.bind.Context bind
WARNING: unknown result; type: ProcedureColumn, label: METHOD_ID, value: 4
Jan 26, 2026 2:30:08 PM com.github.jinahya.database.metadata.bind.Context bind
WARNING: unknown result; type: ProcedureColumn, label: PARAMETER_ID, value: 3
Jan 26, 2026 2:30:08 PM com.github.jinahya.database.metadata.bind.Context bind
WARNING: unknown result; type: ProcedureColumn, label: METHOD_ID, value: 3
Jan 26, 2026 2:30:08 PM com.github.jinahya.database.metadata.bind.Context bind
WARNING: unknown result; type: ProcedureColumn, label: PARAMETER_ID, value: 0
Jan 26, 2026 2:30:08 PM com.github.jinahya.database.metadata.bind.Context bind
WARNING: unknown result; type: ProcedureColumn, label: METHOD_ID, value: 3
Jan 26, 2026 2:30:08 PM com.github.jinahya.database.metadata.bind.Context bind
WARNING: unknown result; type: ProcedureColumn, label: PARAMETER_ID, value: 1
Jan 26, 2026 2:30:08 PM com.github.jinahya.database.metadata.bind.Context bind
WARNING: unknown result; type: ProcedureColumn, label: METHOD_ID, value: 3
Jan 26, 2026 2:30:08 PM com.github.jinahya.database.metadata.bind.Context bind
WARNING: unknown result; type: ProcedureColumn, label: PARAMETER_ID, value: 2
Jan 26, 2026 2:30:08 PM com.github.jinahya.database.metadata.bind.Context bind
WARNING: unknown result; type: ProcedureColumn, label: METHOD_ID, value: 2
Jan 26, 2026 2:30:08 PM com.github.jinahya.database.metadata.bind.Context bind
WARNING: unknown result; type: ProcedureColumn, label: PARAMETER_ID, value: 0
Jan 26, 2026 2:30:08 PM com.github.jinahya.database.metadata.bind.Context bind
WARNING: unknown result; type: ProcedureColumn, label: METHOD_ID, value: 2
Jan 26, 2026 2:30:08 PM com.github.jinahya.database.metadata.bind.Context bind
WARNING: unknown result; type: ProcedureColumn, label: PARAMETER_ID, value: 1
Jan 26, 2026 2:30:08 PM com.github.jinahya.database.metadata.bind.Context bind
WARNING: unknown result; type: ProcedureColumn, label: METHOD_ID, value: 1
Jan 26, 2026 2:30:08 PM com.github.jinahya.database.metadata.bind.Context bind
WARNING: unknown result; type: ProcedureColumn, label: PARAMETER_ID, value: 0
Jan 26, 2026 2:30:08 PM com.github.jinahya.database.metadata.bind.Context bind
WARNING: unknown result; type: ProcedureColumn, label: METHOD_ID, value: 3
Jan 26, 2026 2:30:08 PM com.github.jinahya.database.metadata.bind.Context bind
WARNING: unknown result; type: ProcedureColumn, label: PARAMETER_ID, value: 0
Jan 26, 2026 2:30:08 PM com.github.jinahya.database.metadata.bind.Context bind
WARNING: unknown result; type: ProcedureColumn, label: METHOD_ID, value: 3
Jan 26, 2026 2:30:08 PM com.github.jinahya.database.metadata.bind.Context bind
WARNING: unknown result; type: ProcedureColumn, label: PARAMETER_ID, value: 1
Jan 26, 2026 2:30:08 PM com.github.jinahya.database.metadata.bind.Context bind
WARNING: unknown result; type: ProcedureColumn, label: METHOD_ID, value: 3
Jan 26, 2026 2:30:08 PM com.github.jinahya.database.metadata.bind.Context bind
WARNING: unknown result; type: ProcedureColumn, label: PARAMETER_ID, value: 2
Jan 26, 2026 2:30:08 PM com.github.jinahya.database.metadata.bind.Context bind
WARNING: unknown result; type: ProcedureColumn, label: METHOD_ID, value: 1
Jan 26, 2026 2:30:08 PM com.github.jinahya.database.metadata.bind.Context bind
WARNING: unknown result; type: ProcedureColumn, label: PARAMETER_ID, value: 0
Jan 26, 2026 2:30:08 PM com.github.jinahya.database.metadata.bind.Context bind
WARNING: unknown result; type: ProcedureColumn, label: METHOD_ID, value: 5
Jan 26, 2026 2:30:08 PM com.github.jinahya.database.metadata.bind.Context bind
WARNING: unknown result; type: ProcedureColumn, label: PARAMETER_ID, value: 0
Jan 26, 2026 2:30:08 PM com.github.jinahya.database.metadata.bind.Context bind
WARNING: unknown result; type: ProcedureColumn, label: METHOD_ID, value: 5
Jan 26, 2026 2:30:08 PM com.github.jinahya.database.metadata.bind.Context bind
WARNING: unknown result; type: ProcedureColumn, label: PARAMETER_ID, value: 1
Jan 26, 2026 2:30:08 PM com.github.jinahya.database.metadata.bind.Context bind
WARNING: unknown result; type: ProcedureColumn, label: METHOD_ID, value: 5
Jan 26, 2026 2:30:08 PM com.github.jinahya.database.metadata.bind.Context bind
WARNING: unknown result; type: ProcedureColumn, label: PARAMETER_ID, value: 2
Jan 26, 2026 2:30:08 PM com.github.jinahya.database.metadata.bind.Context bind
WARNING: unknown result; type: ProcedureColumn, label: METHOD_ID, value: 5
Jan 26, 2026 2:30:08 PM com.github.jinahya.database.metadata.bind.Context bind
WARNING: unknown result; type: ProcedureColumn, label: PARAMETER_ID, value: 3
Jan 26, 2026 2:30:08 PM com.github.jinahya.database.metadata.bind.Context bind
WARNING: unknown result; type: ProcedureColumn, label: METHOD_ID, value: 5
Jan 26, 2026 2:30:08 PM com.github.jinahya.database.metadata.bind.Context bind
WARNING: unknown result; type: ProcedureColumn, label: PARAMETER_ID, value: 4
Jan 26, 2026 2:30:08 PM com.github.jinahya.database.metadata.bind.Context bind
WARNING: unknown result; type: ProcedureColumn, label: METHOD_ID, value: 6
Jan 26, 2026 2:30:08 PM com.github.jinahya.database.metadata.bind.Context bind
WARNING: unknown result; type: ProcedureColumn, label: PARAMETER_ID, value: 0
Jan 26, 2026 2:30:08 PM com.github.jinahya.database.metadata.bind.Context bind
WARNING: unknown result; type: ProcedureColumn, label: METHOD_ID, value: 6
Jan 26, 2026 2:30:08 PM com.github.jinahya.database.metadata.bind.Context bind
WARNING: unknown result; type: ProcedureColumn, label: PARAMETER_ID, value: 1
Jan 26, 2026 2:30:08 PM com.github.jinahya.database.metadata.bind.Context bind
WARNING: unknown result; type: ProcedureColumn, label: METHOD_ID, value: 6
Jan 26, 2026 2:30:08 PM com.github.jinahya.database.metadata.bind.Context bind
WARNING: unknown result; type: ProcedureColumn, label: PARAMETER_ID, value: 2
Jan 26, 2026 2:30:08 PM com.github.jinahya.database.metadata.bind.Context bind
WARNING: unknown result; type: ProcedureColumn, label: METHOD_ID, value: 6
Jan 26, 2026 2:30:08 PM com.github.jinahya.database.metadata.bind.Context bind
WARNING: unknown result; type: ProcedureColumn, label: PARAMETER_ID, value: 3
Jan 26, 2026 2:30:08 PM com.github.jinahya.database.metadata.bind.Context bind
WARNING: unknown result; type: ProcedureColumn, label: METHOD_ID, value: 6
Jan 26, 2026 2:30:08 PM com.github.jinahya.database.metadata.bind.Context bind
WARNING: unknown result; type: ProcedureColumn, label: PARAMETER_ID, value: 4
Jan 26, 2026 2:30:08 PM com.github.jinahya.database.metadata.bind.Context bind
WARNING: unknown result; type: ProcedureColumn, label: METHOD_ID, value: 6
Jan 26, 2026 2:30:08 PM com.github.jinahya.database.metadata.bind.Context bind
WARNING: unknown result; type: ProcedureColumn, label: PARAMETER_ID, value: 5
Jan 26, 2026 2:30:08 PM com.github.jinahya.database.metadata.bind.Context bind
WARNING: unknown result; type: ProcedureColumn, label: METHOD_ID, value: 6
Jan 26, 2026 2:30:08 PM com.github.jinahya.database.metadata.bind.Context bind
WARNING: unknown result; type: ProcedureColumn, label: PARAMETER_ID, value: 0
Jan 26, 2026 2:30:08 PM com.github.jinahya.database.metadata.bind.Context bind
WARNING: unknown result; type: ProcedureColumn, label: METHOD_ID, value: 6
Jan 26, 2026 2:30:08 PM com.github.jinahya.database.metadata.bind.Context bind
WARNING: unknown result; type: ProcedureColumn, label: PARAMETER_ID, value: 1
Jan 26, 2026 2:30:08 PM com.github.jinahya.database.metadata.bind.Context bind
WARNING: unknown result; type: ProcedureColumn, label: METHOD_ID, value: 6
Jan 26, 2026 2:30:08 PM com.github.jinahya.database.metadata.bind.Context bind
WARNING: unknown result; type: ProcedureColumn, label: PARAMETER_ID, value: 2
Jan 26, 2026 2:30:08 PM com.github.jinahya.database.metadata.bind.Context bind
WARNING: unknown result; type: ProcedureColumn, label: METHOD_ID, value: 6
Jan 26, 2026 2:30:08 PM com.github.jinahya.database.metadata.bind.Context bind
WARNING: unknown result; type: ProcedureColumn, label: PARAMETER_ID, value: 3
Jan 26, 2026 2:30:08 PM com.github.jinahya.database.metadata.bind.Context bind
WARNING: unknown result; type: ProcedureColumn, label: METHOD_ID, value: 6
Jan 26, 2026 2:30:08 PM com.github.jinahya.database.metadata.bind.Context bind
WARNING: unknown result; type: ProcedureColumn, label: PARAMETER_ID, value: 4
Jan 26, 2026 2:30:08 PM com.github.jinahya.database.metadata.bind.Context bind
WARNING: unknown result; type: ProcedureColumn, label: METHOD_ID, value: 6
Jan 26, 2026 2:30:08 PM com.github.jinahya.database.metadata.bind.Context bind
WARNING: unknown result; type: ProcedureColumn, label: PARAMETER_ID, value: 5
Jan 26, 2026 2:30:08 PM com.github.jinahya.database.metadata.bind.Context bind
WARNING: unknown result; type: ProcedureColumn, label: METHOD_ID, value: 7
Jan 26, 2026 2:30:08 PM com.github.jinahya.database.metadata.bind.Context bind
WARNING: unknown result; type: ProcedureColumn, label: PARAMETER_ID, value: 0
Jan 26, 2026 2:30:08 PM com.github.jinahya.database.metadata.bind.Context bind
WARNING: unknown result; type: ProcedureColumn, label: METHOD_ID, value: 7
Jan 26, 2026 2:30:08 PM com.github.jinahya.database.metadata.bind.Context bind
WARNING: unknown result; type: ProcedureColumn, label: PARAMETER_ID, value: 1
Jan 26, 2026 2:30:08 PM com.github.jinahya.database.metadata.bind.Context bind
WARNING: unknown result; type: ProcedureColumn, label: METHOD_ID, value: 7
Jan 26, 2026 2:30:08 PM com.github.jinahya.database.metadata.bind.Context bind
WARNING: unknown result; type: ProcedureColumn, label: PARAMETER_ID, value: 2
Jan 26, 2026 2:30:08 PM com.github.jinahya.database.metadata.bind.Context bind
WARNING: unknown result; type: ProcedureColumn, label: METHOD_ID, value: 7
Jan 26, 2026 2:30:08 PM com.github.jinahya.database.metadata.bind.Context bind
WARNING: unknown result; type: ProcedureColumn, label: PARAMETER_ID, value: 3
Jan 26, 2026 2:30:08 PM com.github.jinahya.database.metadata.bind.Context bind
WARNING: unknown result; type: ProcedureColumn, label: METHOD_ID, value: 7
Jan 26, 2026 2:30:08 PM com.github.jinahya.database.metadata.bind.Context bind
WARNING: unknown result; type: ProcedureColumn, label: PARAMETER_ID, value: 4
Jan 26, 2026 2:30:08 PM com.github.jinahya.database.metadata.bind.Context bind
WARNING: unknown result; type: ProcedureColumn, label: METHOD_ID, value: 7
Jan 26, 2026 2:30:08 PM com.github.jinahya.database.metadata.bind.Context bind
WARNING: unknown result; type: ProcedureColumn, label: PARAMETER_ID, value: 5
Jan 26, 2026 2:30:08 PM com.github.jinahya.database.metadata.bind.Context bind
WARNING: unknown result; type: ProcedureColumn, label: METHOD_ID, value: 7
Jan 26, 2026 2:30:08 PM com.github.jinahya.database.metadata.bind.Context bind
WARNING: unknown result; type: ProcedureColumn, label: PARAMETER_ID, value: 6
Jan 26, 2026 2:30:08 PM com.github.jinahya.database.metadata.bind.Context bind
WARNING: unknown result; type: ProcedureColumn, label: METHOD_ID, value: 9
Jan 26, 2026 2:30:08 PM com.github.jinahya.database.metadata.bind.Context bind
WARNING: unknown result; type: ProcedureColumn, label: PARAMETER_ID, value: 0
Jan 26, 2026 2:30:08 PM com.github.jinahya.database.metadata.bind.Context bind
WARNING: unknown result; type: ProcedureColumn, label: METHOD_ID, value: 9
Jan 26, 2026 2:30:08 PM com.github.jinahya.database.metadata.bind.Context bind
WARNING: unknown result; type: ProcedureColumn, label: PARAMETER_ID, value: 1
Jan 26, 2026 2:30:08 PM com.github.jinahya.database.metadata.bind.Context bind
WARNING: unknown result; type: ProcedureColumn, label: METHOD_ID, value: 9
Jan 26, 2026 2:30:08 PM com.github.jinahya.database.metadata.bind.Context bind
WARNING: unknown result; type: ProcedureColumn, label: PARAMETER_ID, value: 2
Jan 26, 2026 2:30:08 PM com.github.jinahya.database.metadata.bind.Context bind
WARNING: unknown result; type: ProcedureColumn, label: METHOD_ID, value: 9
Jan 26, 2026 2:30:08 PM com.github.jinahya.database.metadata.bind.Context bind
WARNING: unknown result; type: ProcedureColumn, label: PARAMETER_ID, value: 3
Jan 26, 2026 2:30:08 PM com.github.jinahya.database.metadata.bind.Context bind
WARNING: unknown result; type: ProcedureColumn, label: METHOD_ID, value: 9
Jan 26, 2026 2:30:08 PM com.github.jinahya.database.metadata.bind.Context bind
WARNING: unknown result; type: ProcedureColumn, label: PARAMETER_ID, value: 4
Jan 26, 2026 2:30:08 PM com.github.jinahya.database.metadata.bind.Context bind
WARNING: unknown result; type: ProcedureColumn, label: METHOD_ID, value: 9
Jan 26, 2026 2:30:08 PM com.github.jinahya.database.metadata.bind.Context bind
WARNING: unknown result; type: ProcedureColumn, label: PARAMETER_ID, value: 5
Jan 26, 2026 2:30:08 PM com.github.jinahya.database.metadata.bind.Context bind
WARNING: unknown result; type: ProcedureColumn, label: METHOD_ID, value: 9
Jan 26, 2026 2:30:08 PM com.github.jinahya.database.metadata.bind.Context bind
WARNING: unknown result; type: ProcedureColumn, label: PARAMETER_ID, value: 6
Jan 26, 2026 2:30:08 PM com.github.jinahya.database.metadata.bind.Context bind
WARNING: unknown result; type: ProcedureColumn, label: METHOD_ID, value: 9
Jan 26, 2026 2:30:08 PM com.github.jinahya.database.metadata.bind.Context bind
WARNING: unknown result; type: ProcedureColumn, label: PARAMETER_ID, value: 7
Jan 26, 2026 2:30:08 PM com.github.jinahya.database.metadata.bind.Context bind
WARNING: unknown result; type: ProcedureColumn, label: METHOD_ID, value: 9
Jan 26, 2026 2:30:08 PM com.github.jinahya.database.metadata.bind.Context bind
WARNING: unknown result; type: ProcedureColumn, label: PARAMETER_ID, value: 8
Jan 26, 2026 2:30:08 PM com.github.jinahya.database.metadata.bind.Context bind
WARNING: unknown result; type: ProcedureColumn, label: METHOD_ID, value: 10
Jan 26, 2026 2:30:08 PM com.github.jinahya.database.metadata.bind.Context bind
WARNING: unknown result; type: ProcedureColumn, label: PARAMETER_ID, value: 0
Jan 26, 2026 2:30:08 PM com.github.jinahya.database.metadata.bind.Context bind
WARNING: unknown result; type: ProcedureColumn, label: METHOD_ID, value: 10
Jan 26, 2026 2:30:08 PM com.github.jinahya.database.metadata.bind.Context bind
WARNING: unknown result; type: ProcedureColumn, label: PARAMETER_ID, value: 1
Jan 26, 2026 2:30:08 PM com.github.jinahya.database.metadata.bind.Context bind
WARNING: unknown result; type: ProcedureColumn, label: METHOD_ID, value: 10
Jan 26, 2026 2:30:08 PM com.github.jinahya.database.metadata.bind.Context bind
WARNING: unknown result; type: ProcedureColumn, label: PARAMETER_ID, value: 2
Jan 26, 2026 2:30:08 PM com.github.jinahya.database.metadata.bind.Context bind
WARNING: unknown result; type: ProcedureColumn, label: METHOD_ID, value: 10
Jan 26, 2026 2:30:08 PM com.github.jinahya.database.metadata.bind.Context bind
WARNING: unknown result; type: ProcedureColumn, label: PARAMETER_ID, value: 3
Jan 26, 2026 2:30:08 PM com.github.jinahya.database.metadata.bind.Context bind
WARNING: unknown result; type: ProcedureColumn, label: METHOD_ID, value: 10
Jan 26, 2026 2:30:08 PM com.github.jinahya.database.metadata.bind.Context bind
WARNING: unknown result; type: ProcedureColumn, label: PARAMETER_ID, value: 4
Jan 26, 2026 2:30:08 PM com.github.jinahya.database.metadata.bind.Context bind
WARNING: unknown result; type: ProcedureColumn, label: METHOD_ID, value: 10
Jan 26, 2026 2:30:08 PM com.github.jinahya.database.metadata.bind.Context bind
WARNING: unknown result; type: ProcedureColumn, label: PARAMETER_ID, value: 5
Jan 26, 2026 2:30:08 PM com.github.jinahya.database.metadata.bind.Context bind
WARNING: unknown result; type: ProcedureColumn, label: METHOD_ID, value: 10
Jan 26, 2026 2:30:08 PM com.github.jinahya.database.metadata.bind.Context bind
WARNING: unknown result; type: ProcedureColumn, label: PARAMETER_ID, value: 6
Jan 26, 2026 2:30:08 PM com.github.jinahya.database.metadata.bind.Context bind
WARNING: unknown result; type: ProcedureColumn, label: METHOD_ID, value: 10
Jan 26, 2026 2:30:08 PM com.github.jinahya.database.metadata.bind.Context bind
WARNING: unknown result; type: ProcedureColumn, label: PARAMETER_ID, value: 7
Jan 26, 2026 2:30:08 PM com.github.jinahya.database.metadata.bind.Context bind
WARNING: unknown result; type: ProcedureColumn, label: METHOD_ID, value: 10
Jan 26, 2026 2:30:08 PM com.github.jinahya.database.metadata.bind.Context bind
WARNING: unknown result; type: ProcedureColumn, label: PARAMETER_ID, value: 8
Jan 26, 2026 2:30:08 PM com.github.jinahya.database.metadata.bind.Context bind
WARNING: unknown result; type: ProcedureColumn, label: METHOD_ID, value: 10
Jan 26, 2026 2:30:08 PM com.github.jinahya.database.metadata.bind.Context bind
WARNING: unknown result; type: ProcedureColumn, label: PARAMETER_ID, value: 9
Jan 26, 2026 2:30:08 PM com.github.jinahya.database.metadata.bind.Context bind
WARNING: unknown result; type: ProcedureColumn, label: METHOD_ID, value: 9
Jan 26, 2026 2:30:08 PM com.github.jinahya.database.metadata.bind.Context bind
WARNING: unknown result; type: ProcedureColumn, label: PARAMETER_ID, value: 0
Jan 26, 2026 2:30:08 PM com.github.jinahya.database.metadata.bind.Context bind
WARNING: unknown result; type: ProcedureColumn, label: METHOD_ID, value: 9
Jan 26, 2026 2:30:08 PM com.github.jinahya.database.metadata.bind.Context bind
WARNING: unknown result; type: ProcedureColumn, label: PARAMETER_ID, value: 1
Jan 26, 2026 2:30:08 PM com.github.jinahya.database.metadata.bind.Context bind
WARNING: unknown result; type: ProcedureColumn, label: METHOD_ID, value: 9
Jan 26, 2026 2:30:08 PM com.github.jinahya.database.metadata.bind.Context bind
WARNING: unknown result; type: ProcedureColumn, label: PARAMETER_ID, value: 2
Jan 26, 2026 2:30:08 PM com.github.jinahya.database.metadata.bind.Context bind
WARNING: unknown result; type: ProcedureColumn, label: METHOD_ID, value: 9
Jan 26, 2026 2:30:08 PM com.github.jinahya.database.metadata.bind.Context bind
WARNING: unknown result; type: ProcedureColumn, label: PARAMETER_ID, value: 3
Jan 26, 2026 2:30:08 PM com.github.jinahya.database.metadata.bind.Context bind
WARNING: unknown result; type: ProcedureColumn, label: METHOD_ID, value: 9
Jan 26, 2026 2:30:08 PM com.github.jinahya.database.metadata.bind.Context bind
WARNING: unknown result; type: ProcedureColumn, label: PARAMETER_ID, value: 4
Jan 26, 2026 2:30:08 PM com.github.jinahya.database.metadata.bind.Context bind
WARNING: unknown result; type: ProcedureColumn, label: METHOD_ID, value: 9
Jan 26, 2026 2:30:08 PM com.github.jinahya.database.metadata.bind.Context bind
WARNING: unknown result; type: ProcedureColumn, label: PARAMETER_ID, value: 5
Jan 26, 2026 2:30:08 PM com.github.jinahya.database.metadata.bind.Context bind
WARNING: unknown result; type: ProcedureColumn, label: METHOD_ID, value: 9
Jan 26, 2026 2:30:08 PM com.github.jinahya.database.metadata.bind.Context bind
WARNING: unknown result; type: ProcedureColumn, label: PARAMETER_ID, value: 6
Jan 26, 2026 2:30:08 PM com.github.jinahya.database.metadata.bind.Context bind
WARNING: unknown result; type: ProcedureColumn, label: METHOD_ID, value: 9
Jan 26, 2026 2:30:08 PM com.github.jinahya.database.metadata.bind.Context bind
WARNING: unknown result; type: ProcedureColumn, label: PARAMETER_ID, value: 7
Jan 26, 2026 2:30:08 PM com.github.jinahya.database.metadata.bind.Context bind
WARNING: unknown result; type: ProcedureColumn, label: METHOD_ID, value: 9
Jan 26, 2026 2:30:08 PM com.github.jinahya.database.metadata.bind.Context bind
WARNING: unknown result; type: ProcedureColumn, label: PARAMETER_ID, value: 8
Jan 26, 2026 2:30:08 PM com.github.jinahya.database.metadata.bind.Context bind
WARNING: unknown result; type: ProcedureColumn, label: METHOD_ID, value: 7
Jan 26, 2026 2:30:08 PM com.github.jinahya.database.metadata.bind.Context bind
WARNING: unknown result; type: ProcedureColumn, label: PARAMETER_ID, value: 0
Jan 26, 2026 2:30:08 PM com.github.jinahya.database.metadata.bind.Context bind
WARNING: unknown result; type: ProcedureColumn, label: METHOD_ID, value: 7
Jan 26, 2026 2:30:08 PM com.github.jinahya.database.metadata.bind.Context bind
WARNING: unknown result; type: ProcedureColumn, label: PARAMETER_ID, value: 1
Jan 26, 2026 2:30:08 PM com.github.jinahya.database.metadata.bind.Context bind
WARNING: unknown result; type: ProcedureColumn, label: METHOD_ID, value: 7
Jan 26, 2026 2:30:08 PM com.github.jinahya.database.metadata.bind.Context bind
WARNING: unknown result; type: ProcedureColumn, label: PARAMETER_ID, value: 2
Jan 26, 2026 2:30:08 PM com.github.jinahya.database.metadata.bind.Context bind
WARNING: unknown result; type: ProcedureColumn, label: METHOD_ID, value: 7
Jan 26, 2026 2:30:08 PM com.github.jinahya.database.metadata.bind.Context bind
WARNING: unknown result; type: ProcedureColumn, label: PARAMETER_ID, value: 3
Jan 26, 2026 2:30:08 PM com.github.jinahya.database.metadata.bind.Context bind
WARNING: unknown result; type: ProcedureColumn, label: METHOD_ID, value: 7
Jan 26, 2026 2:30:08 PM com.github.jinahya.database.metadata.bind.Context bind
WARNING: unknown result; type: ProcedureColumn, label: PARAMETER_ID, value: 4
Jan 26, 2026 2:30:08 PM com.github.jinahya.database.metadata.bind.Context bind
WARNING: unknown result; type: ProcedureColumn, label: METHOD_ID, value: 7
Jan 26, 2026 2:30:08 PM com.github.jinahya.database.metadata.bind.Context bind
WARNING: unknown result; type: ProcedureColumn, label: PARAMETER_ID, value: 5
Jan 26, 2026 2:30:08 PM com.github.jinahya.database.metadata.bind.Context bind
WARNING: unknown result; type: ProcedureColumn, label: METHOD_ID, value: 7
Jan 26, 2026 2:30:08 PM com.github.jinahya.database.metadata.bind.Context bind
WARNING: unknown result; type: ProcedureColumn, label: PARAMETER_ID, value: 6
Jan 26, 2026 2:30:08 PM com.github.jinahya.database.metadata.bind.Context bind
WARNING: unknown result; type: ProcedureColumn, label: METHOD_ID, value: 8
Jan 26, 2026 2:30:08 PM com.github.jinahya.database.metadata.bind.Context bind
WARNING: unknown result; type: ProcedureColumn, label: PARAMETER_ID, value: 0
Jan 26, 2026 2:30:08 PM com.github.jinahya.database.metadata.bind.Context bind
WARNING: unknown result; type: ProcedureColumn, label: METHOD_ID, value: 8
Jan 26, 2026 2:30:08 PM com.github.jinahya.database.metadata.bind.Context bind
WARNING: unknown result; type: ProcedureColumn, label: PARAMETER_ID, value: 1
Jan 26, 2026 2:30:08 PM com.github.jinahya.database.metadata.bind.Context bind
WARNING: unknown result; type: ProcedureColumn, label: METHOD_ID, value: 8
Jan 26, 2026 2:30:08 PM com.github.jinahya.database.metadata.bind.Context bind
WARNING: unknown result; type: ProcedureColumn, label: PARAMETER_ID, value: 2
Jan 26, 2026 2:30:08 PM com.github.jinahya.database.metadata.bind.Context bind
WARNING: unknown result; type: ProcedureColumn, label: METHOD_ID, value: 8
Jan 26, 2026 2:30:08 PM com.github.jinahya.database.metadata.bind.Context bind
WARNING: unknown result; type: ProcedureColumn, label: PARAMETER_ID, value: 3
Jan 26, 2026 2:30:08 PM com.github.jinahya.database.metadata.bind.Context bind
WARNING: unknown result; type: ProcedureColumn, label: METHOD_ID, value: 8
Jan 26, 2026 2:30:08 PM com.github.jinahya.database.metadata.bind.Context bind
WARNING: unknown result; type: ProcedureColumn, label: PARAMETER_ID, value: 4
Jan 26, 2026 2:30:08 PM com.github.jinahya.database.metadata.bind.Context bind
WARNING: unknown result; type: ProcedureColumn, label: METHOD_ID, value: 8
Jan 26, 2026 2:30:08 PM com.github.jinahya.database.metadata.bind.Context bind
WARNING: unknown result; type: ProcedureColumn, label: PARAMETER_ID, value: 5
Jan 26, 2026 2:30:08 PM com.github.jinahya.database.metadata.bind.Context bind
WARNING: unknown result; type: ProcedureColumn, label: METHOD_ID, value: 8
Jan 26, 2026 2:30:08 PM com.github.jinahya.database.metadata.bind.Context bind
WARNING: unknown result; type: ProcedureColumn, label: PARAMETER_ID, value: 6
Jan 26, 2026 2:30:08 PM com.github.jinahya.database.metadata.bind.Context bind
WARNING: unknown result; type: ProcedureColumn, label: METHOD_ID, value: 8
Jan 26, 2026 2:30:08 PM com.github.jinahya.database.metadata.bind.Context bind
WARNING: unknown result; type: ProcedureColumn, label: PARAMETER_ID, value: 7
Jan 26, 2026 2:30:08 PM com.github.jinahya.database.metadata.bind.Context bind
WARNING: unknown result; type: ProcedureColumn, label: METHOD_ID, value: 7
Jan 26, 2026 2:30:08 PM com.github.jinahya.database.metadata.bind.Context bind
WARNING: unknown result; type: ProcedureColumn, label: PARAMETER_ID, value: 0
Jan 26, 2026 2:30:08 PM com.github.jinahya.database.metadata.bind.Context bind
WARNING: unknown result; type: ProcedureColumn, label: METHOD_ID, value: 7
Jan 26, 2026 2:30:08 PM com.github.jinahya.database.metadata.bind.Context bind
WARNING: unknown result; type: ProcedureColumn, label: PARAMETER_ID, value: 1
Jan 26, 2026 2:30:08 PM com.github.jinahya.database.metadata.bind.Context bind
WARNING: unknown result; type: ProcedureColumn, label: METHOD_ID, value: 7
Jan 26, 2026 2:30:08 PM com.github.jinahya.database.metadata.bind.Context bind
WARNING: unknown result; type: ProcedureColumn, label: PARAMETER_ID, value: 2
Jan 26, 2026 2:30:08 PM com.github.jinahya.database.metadata.bind.Context bind
WARNING: unknown result; type: ProcedureColumn, label: METHOD_ID, value: 7
Jan 26, 2026 2:30:08 PM com.github.jinahya.database.metadata.bind.Context bind
WARNING: unknown result; type: ProcedureColumn, label: PARAMETER_ID, value: 3
Jan 26, 2026 2:30:08 PM com.github.jinahya.database.metadata.bind.Context bind
WARNING: unknown result; type: ProcedureColumn, label: METHOD_ID, value: 7
Jan 26, 2026 2:30:08 PM com.github.jinahya.database.metadata.bind.Context bind
WARNING: unknown result; type: ProcedureColumn, label: PARAMETER_ID, value: 4
Jan 26, 2026 2:30:08 PM com.github.jinahya.database.metadata.bind.Context bind
WARNING: unknown result; type: ProcedureColumn, label: METHOD_ID, value: 7
Jan 26, 2026 2:30:08 PM com.github.jinahya.database.metadata.bind.Context bind
WARNING: unknown result; type: ProcedureColumn, label: PARAMETER_ID, value: 5
Jan 26, 2026 2:30:08 PM com.github.jinahya.database.metadata.bind.Context bind
WARNING: unknown result; type: ProcedureColumn, label: METHOD_ID, value: 7
Jan 26, 2026 2:30:08 PM com.github.jinahya.database.metadata.bind.Context bind
WARNING: unknown result; type: ProcedureColumn, label: PARAMETER_ID, value: 6
Jan 26, 2026 2:30:08 PM com.github.jinahya.database.metadata.bind.Context bind
WARNING: unknown result; type: ProcedureColumn, label: METHOD_ID, value: 5
Jan 26, 2026 2:30:08 PM com.github.jinahya.database.metadata.bind.Context bind
WARNING: unknown result; type: ProcedureColumn, label: PARAMETER_ID, value: 0
Jan 26, 2026 2:30:08 PM com.github.jinahya.database.metadata.bind.Context bind
WARNING: unknown result; type: ProcedureColumn, label: METHOD_ID, value: 5
Jan 26, 2026 2:30:08 PM com.github.jinahya.database.metadata.bind.Context bind
WARNING: unknown result; type: ProcedureColumn, label: PARAMETER_ID, value: 1
Jan 26, 2026 2:30:08 PM com.github.jinahya.database.metadata.bind.Context bind
WARNING: unknown result; type: ProcedureColumn, label: METHOD_ID, value: 5
Jan 26, 2026 2:30:08 PM com.github.jinahya.database.metadata.bind.Context bind
WARNING: unknown result; type: ProcedureColumn, label: PARAMETER_ID, value: 2
Jan 26, 2026 2:30:08 PM com.github.jinahya.database.metadata.bind.Context bind
WARNING: unknown result; type: ProcedureColumn, label: METHOD_ID, value: 5
Jan 26, 2026 2:30:08 PM com.github.jinahya.database.metadata.bind.Context bind
WARNING: unknown result; type: ProcedureColumn, label: PARAMETER_ID, value: 3
Jan 26, 2026 2:30:08 PM com.github.jinahya.database.metadata.bind.Context bind
WARNING: unknown result; type: ProcedureColumn, label: METHOD_ID, value: 5
Jan 26, 2026 2:30:08 PM com.github.jinahya.database.metadata.bind.Context bind
WARNING: unknown result; type: ProcedureColumn, label: PARAMETER_ID, value: 4
Jan 26, 2026 2:30:08 PM com.github.jinahya.database.metadata.bind.Context bind
WARNING: unknown result; type: ProcedureColumn, label: METHOD_ID, value: 1
Jan 26, 2026 2:30:08 PM com.github.jinahya.database.metadata.bind.Context bind
WARNING: unknown result; type: ProcedureColumn, label: PARAMETER_ID, value: 0
Jan 26, 2026 2:30:08 PM com.github.jinahya.database.metadata.bind.Context bind
WARNING: unknown result; type: ProcedureColumn, label: METHOD_ID, value: 3
Jan 26, 2026 2:30:08 PM com.github.jinahya.database.metadata.bind.Context bind
WARNING: unknown result; type: ProcedureColumn, label: PARAMETER_ID, value: 0
Jan 26, 2026 2:30:08 PM com.github.jinahya.database.metadata.bind.Context bind
WARNING: unknown result; type: ProcedureColumn, label: METHOD_ID, value: 3
Jan 26, 2026 2:30:08 PM com.github.jinahya.database.metadata.bind.Context bind
WARNING: unknown result; type: ProcedureColumn, label: PARAMETER_ID, value: 1
Jan 26, 2026 2:30:08 PM com.github.jinahya.database.metadata.bind.Context bind
WARNING: unknown result; type: ProcedureColumn, label: METHOD_ID, value: 3
Jan 26, 2026 2:30:08 PM com.github.jinahya.database.metadata.bind.Context bind
WARNING: unknown result; type: ProcedureColumn, label: PARAMETER_ID, value: 2
Jan 26, 2026 2:30:08 PM com.github.jinahya.database.metadata.bind.Context bind
WARNING: unknown result; type: ProcedureColumn, label: METHOD_ID, value: 2
Jan 26, 2026 2:30:08 PM com.github.jinahya.database.metadata.bind.Context bind
WARNING: unknown result; type: ProcedureColumn, label: PARAMETER_ID, value: 0
Jan 26, 2026 2:30:08 PM com.github.jinahya.database.metadata.bind.Context bind
WARNING: unknown result; type: ProcedureColumn, label: METHOD_ID, value: 2
Jan 26, 2026 2:30:08 PM com.github.jinahya.database.metadata.bind.Context bind
WARNING: unknown result; type: ProcedureColumn, label: PARAMETER_ID, value: 1
Jan 26, 2026 2:30:08 PM com.github.jinahya.database.metadata.bind.Context bind
WARNING: unknown result; type: ProcedureColumn, label: METHOD_ID, value: 2
Jan 26, 2026 2:30:08 PM com.github.jinahya.database.metadata.bind.Context bind
WARNING: unknown result; type: ProcedureColumn, label: PARAMETER_ID, value: 0
Jan 26, 2026 2:30:08 PM com.github.jinahya.database.metadata.bind.Context bind
WARNING: unknown result; type: ProcedureColumn, label: METHOD_ID, value: 2
Jan 26, 2026 2:30:08 PM com.github.jinahya.database.metadata.bind.Context bind
WARNING: unknown result; type: ProcedureColumn, label: PARAMETER_ID, value: 1
Jan 26, 2026 2:30:08 PM com.github.jinahya.database.metadata.bind.Context bind
WARNING: unknown result; type: ProcedureColumn, label: METHOD_ID, value: 1
Jan 26, 2026 2:30:08 PM com.github.jinahya.database.metadata.bind.Context bind
WARNING: unknown result; type: ProcedureColumn, label: PARAMETER_ID, value: 0
Jan 26, 2026 2:30:08 PM com.github.jinahya.database.metadata.bind.Context bind
WARNING: unknown result; type: ProcedureColumn, label: METHOD_ID, value: 1
Jan 26, 2026 2:30:08 PM com.github.jinahya.database.metadata.bind.Context bind
WARNING: unknown result; type: ProcedureColumn, label: PARAMETER_ID, value: 0
Jan 26, 2026 2:30:08 PM com.github.jinahya.database.metadata.bind.Context bind
WARNING: unknown result; type: ProcedureColumn, label: METHOD_ID, value: 2
Jan 26, 2026 2:30:08 PM com.github.jinahya.database.metadata.bind.Context bind
WARNING: unknown result; type: ProcedureColumn, label: PARAMETER_ID, value: 0
Jan 26, 2026 2:30:08 PM com.github.jinahya.database.metadata.bind.Context bind
WARNING: unknown result; type: ProcedureColumn, label: METHOD_ID, value: 2
Jan 26, 2026 2:30:08 PM com.github.jinahya.database.metadata.bind.Context bind
WARNING: unknown result; type: ProcedureColumn, label: PARAMETER_ID, value: 1
Jan 26, 2026 2:30:08 PM com.github.jinahya.database.metadata.bind.Context bind
WARNING: unknown result; type: ProcedureColumn, label: METHOD_ID, value: 1
Jan 26, 2026 2:30:08 PM com.github.jinahya.database.metadata.bind.Context bind
WARNING: unknown result; type: ProcedureColumn, label: PARAMETER_ID, value: 0
Jan 26, 2026 2:30:08 PM com.github.jinahya.database.metadata.bind.Context bind
WARNING: unknown result; type: ProcedureColumn, label: METHOD_ID, value: 1
Jan 26, 2026 2:30:08 PM com.github.jinahya.database.metadata.bind.Context bind
WARNING: unknown result; type: ProcedureColumn, label: PARAMETER_ID, value: 0
Jan 26, 2026 2:30:08 PM com.github.jinahya.database.metadata.bind.Context bind
WARNING: unknown result; type: ProcedureColumn, label: METHOD_ID, value: 3
Jan 26, 2026 2:30:08 PM com.github.jinahya.database.metadata.bind.Context bind
WARNING: unknown result; type: ProcedureColumn, label: PARAMETER_ID, value: 0
Jan 26, 2026 2:30:08 PM com.github.jinahya.database.metadata.bind.Context bind
WARNING: unknown result; type: ProcedureColumn, label: METHOD_ID, value: 3
Jan 26, 2026 2:30:08 PM com.github.jinahya.database.metadata.bind.Context bind
WARNING: unknown result; type: ProcedureColumn, label: PARAMETER_ID, value: 1
Jan 26, 2026 2:30:08 PM com.github.jinahya.database.metadata.bind.Context bind
WARNING: unknown result; type: ProcedureColumn, label: METHOD_ID, value: 3
Jan 26, 2026 2:30:08 PM com.github.jinahya.database.metadata.bind.Context bind
WARNING: unknown result; type: ProcedureColumn, label: PARAMETER_ID, value: 2
Jan 26, 2026 2:30:08 PM com.github.jinahya.database.metadata.bind.Context bind
WARNING: unknown result; type: Procedure, label: RESERVED3, value: null
Jan 26, 2026 2:30:08 PM com.github.jinahya.database.metadata.bind.Context bind
WARNING: unknown result; type: Procedure, label: RESERVED2, value: null
Jan 26, 2026 2:30:08 PM com.github.jinahya.database.metadata.bind.Context bind
WARNING: unknown result; type: Procedure, label: RESERVED1, value: null
Jan 26, 2026 2:30:08 PM com.github.jinahya.database.metadata.bind.Context bind
WARNING: unknown result; type: Procedure, label: RESERVED3, value: null
Jan 26, 2026 2:30:08 PM com.github.jinahya.database.metadata.bind.Context bind
WARNING: unknown result; type: Procedure, label: RESERVED2, value: null
Jan 26, 2026 2:30:08 PM com.github.jinahya.database.metadata.bind.Context bind
WARNING: unknown result; type: Procedure, label: RESERVED1, value: null
Jan 26, 2026 2:30:08 PM com.github.jinahya.database.metadata.bind.Context bind
WARNING: unknown result; type: Procedure, label: RESERVED3, value: null
Jan 26, 2026 2:30:08 PM com.github.jinahya.database.metadata.bind.Context bind
WARNING: unknown result; type: Procedure, label: RESERVED2, value: null
Jan 26, 2026 2:30:08 PM com.github.jinahya.database.metadata.bind.Context bind
WARNING: unknown result; type: Procedure, label: RESERVED1, value: null
Jan 26, 2026 2:30:08 PM com.github.jinahya.database.metadata.bind.Context bind
WARNING: unknown result; type: Procedure, label: RESERVED3, value: null
Jan 26, 2026 2:30:08 PM com.github.jinahya.database.metadata.bind.Context bind
WARNING: unknown result; type: Procedure, label: RESERVED2, value: null
Jan 26, 2026 2:30:08 PM com.github.jinahya.database.metadata.bind.Context bind
WARNING: unknown result; type: Procedure, label: RESERVED1, value: null
Jan 26, 2026 2:30:08 PM com.github.jinahya.database.metadata.bind.Context bind
WARNING: unknown result; type: Procedure, label: RESERVED3, value: null
Jan 26, 2026 2:30:08 PM com.github.jinahya.database.metadata.bind.Context bind
WARNING: unknown result; type: Procedure, label: RESERVED2, value: null
Jan 26, 2026 2:30:08 PM com.github.jinahya.database.metadata.bind.Context bind
WARNING: unknown result; type: Procedure, label: RESERVED1, value: null
Jan 26, 2026 2:30:08 PM com.github.jinahya.database.metadata.bind.Context bind
WARNING: unknown result; type: Procedure, label: RESERVED3, value: null
Jan 26, 2026 2:30:08 PM com.github.jinahya.database.metadata.bind.Context bind
WARNING: unknown result; type: Procedure, label: RESERVED2, value: null
Jan 26, 2026 2:30:08 PM com.github.jinahya.database.metadata.bind.Context bind
WARNING: unknown result; type: Procedure, label: RESERVED1, value: null
Jan 26, 2026 2:30:08 PM com.github.jinahya.database.metadata.bind.Context bind
WARNING: unknown result; type: Procedure, label: RESERVED3, value: null
Jan 26, 2026 2:30:08 PM com.github.jinahya.database.metadata.bind.Context bind
WARNING: unknown result; type: Procedure, label: RESERVED2, value: null
Jan 26, 2026 2:30:08 PM com.github.jinahya.database.metadata.bind.Context bind
WARNING: unknown result; type: Procedure, label: RESERVED1, value: null
Jan 26, 2026 2:30:08 PM com.github.jinahya.database.metadata.bind.Context bind
WARNING: unknown result; type: Procedure, label: RESERVED3, value: null
Jan 26, 2026 2:30:08 PM com.github.jinahya.database.metadata.bind.Context bind
WARNING: unknown result; type: Procedure, label: RESERVED2, value: null
Jan 26, 2026 2:30:08 PM com.github.jinahya.database.metadata.bind.Context bind
WARNING: unknown result; type: Procedure, label: RESERVED1, value: null
Jan 26, 2026 2:30:08 PM com.github.jinahya.database.metadata.bind.Context bind
WARNING: unknown result; type: Procedure, label: RESERVED3, value: null
Jan 26, 2026 2:30:08 PM com.github.jinahya.database.metadata.bind.Context bind
WARNING: unknown result; type: Procedure, label: RESERVED2, value: null
Jan 26, 2026 2:30:08 PM com.github.jinahya.database.metadata.bind.Context bind
WARNING: unknown result; type: Procedure, label: RESERVED1, value: null
Jan 26, 2026 2:30:08 PM com.github.jinahya.database.metadata.bind.Context bind
WARNING: unknown result; type: Procedure, label: RESERVED3, value: null
Jan 26, 2026 2:30:08 PM com.github.jinahya.database.metadata.bind.Context bind
WARNING: unknown result; type: Procedure, label: RESERVED2, value: null
Jan 26, 2026 2:30:08 PM com.github.jinahya.database.metadata.bind.Context bind
WARNING: unknown result; type: Procedure, label: RESERVED1, value: null
Jan 26, 2026 2:30:08 PM com.github.jinahya.database.metadata.bind.Context bind
WARNING: unknown result; type: Procedure, label: RESERVED3, value: null
Jan 26, 2026 2:30:08 PM com.github.jinahya.database.metadata.bind.Context bind
WARNING: unknown result; type: Procedure, label: RESERVED2, value: null
Jan 26, 2026 2:30:08 PM com.github.jinahya.database.metadata.bind.Context bind
WARNING: unknown result; type: Procedure, label: RESERVED1, value: null
Jan 26, 2026 2:30:08 PM com.github.jinahya.database.metadata.bind.Context bind
WARNING: unknown result; type: Procedure, label: RESERVED3, value: null
Jan 26, 2026 2:30:08 PM com.github.jinahya.database.metadata.bind.Context bind
WARNING: unknown result; type: Procedure, label: RESERVED2, value: null
Jan 26, 2026 2:30:08 PM com.github.jinahya.database.metadata.bind.Context bind
WARNING: unknown result; type: Procedure, label: RESERVED1, value: null
Jan 26, 2026 2:30:08 PM com.github.jinahya.database.metadata.bind.Context bind
WARNING: unknown result; type: Procedure, label: RESERVED3, value: null
Jan 26, 2026 2:30:08 PM com.github.jinahya.database.metadata.bind.Context bind
WARNING: unknown result; type: Procedure, label: RESERVED2, value: null
Jan 26, 2026 2:30:08 PM com.github.jinahya.database.metadata.bind.Context bind
WARNING: unknown result; type: Procedure, label: RESERVED1, value: null
Jan 26, 2026 2:30:08 PM com.github.jinahya.database.metadata.bind.Context bind
WARNING: unknown result; type: Procedure, label: RESERVED3, value: null
Jan 26, 2026 2:30:08 PM com.github.jinahya.database.metadata.bind.Context bind
WARNING: unknown result; type: Procedure, label: RESERVED2, value: null
Jan 26, 2026 2:30:08 PM com.github.jinahya.database.metadata.bind.Context bind
WARNING: unknown result; type: Procedure, label: RESERVED1, value: null
Jan 26, 2026 2:30:08 PM com.github.jinahya.database.metadata.bind.Context bind
WARNING: unknown result; type: Procedure, label: RESERVED3, value: null
Jan 26, 2026 2:30:08 PM com.github.jinahya.database.metadata.bind.Context bind
WARNING: unknown result; type: Procedure, label: RESERVED2, value: null
Jan 26, 2026 2:30:08 PM com.github.jinahya.database.metadata.bind.Context bind
WARNING: unknown result; type: Procedure, label: RESERVED1, value: null
Jan 26, 2026 2:30:08 PM com.github.jinahya.database.metadata.bind.Context bind
WARNING: unknown result; type: Procedure, label: RESERVED3, value: null
Jan 26, 2026 2:30:08 PM com.github.jinahya.database.metadata.bind.Context bind
WARNING: unknown result; type: Procedure, label: RESERVED2, value: null
Jan 26, 2026 2:30:08 PM com.github.jinahya.database.metadata.bind.Context bind
WARNING: unknown result; type: Procedure, label: RESERVED1, value: null
Jan 26, 2026 2:30:08 PM com.github.jinahya.database.metadata.bind.Context bind
WARNING: unknown result; type: Procedure, label: RESERVED3, value: null
Jan 26, 2026 2:30:08 PM com.github.jinahya.database.metadata.bind.Context bind
WARNING: unknown result; type: Procedure, label: RESERVED2, value: null
Jan 26, 2026 2:30:08 PM com.github.jinahya.database.metadata.bind.Context bind
WARNING: unknown result; type: Procedure, label: RESERVED1, value: null
Jan 26, 2026 2:30:08 PM com.github.jinahya.database.metadata.bind.Context bind
WARNING: unknown result; type: Procedure, label: RESERVED3, value: null
Jan 26, 2026 2:30:08 PM com.github.jinahya.database.metadata.bind.Context bind
WARNING: unknown result; type: Procedure, label: RESERVED2, value: null
Jan 26, 2026 2:30:08 PM com.github.jinahya.database.metadata.bind.Context bind
WARNING: unknown result; type: Procedure, label: RESERVED1, value: null
Jan 26, 2026 2:30:08 PM com.github.jinahya.database.metadata.bind.Context bind
WARNING: unknown result; type: Procedure, label: RESERVED3, value: null
Jan 26, 2026 2:30:08 PM com.github.jinahya.database.metadata.bind.Context bind
WARNING: unknown result; type: Procedure, label: RESERVED2, value: null
Jan 26, 2026 2:30:08 PM com.github.jinahya.database.metadata.bind.Context bind
WARNING: unknown result; type: Procedure, label: RESERVED1, value: null
Jan 26, 2026 2:30:08 PM com.github.jinahya.database.metadata.bind.Context bind
WARNING: unknown result; type: Procedure, label: RESERVED3, value: null
Jan 26, 2026 2:30:08 PM com.github.jinahya.database.metadata.bind.Context bind
WARNING: unknown result; type: Procedure, label: RESERVED2, value: null
Jan 26, 2026 2:30:08 PM com.github.jinahya.database.metadata.bind.Context bind
WARNING: unknown result; type: Procedure, label: RESERVED1, value: null
Jan 26, 2026 2:30:08 PM com.github.jinahya.database.metadata.bind.Context bind
WARNING: unknown result; type: Procedure, label: RESERVED3, value: null
Jan 26, 2026 2:30:08 PM com.github.jinahya.database.metadata.bind.Context bind
WARNING: unknown result; type: Procedure, label: RESERVED2, value: null
Jan 26, 2026 2:30:08 PM com.github.jinahya.database.metadata.bind.Context bind
WARNING: unknown result; type: Procedure, label: RESERVED1, value: null
Jan 26, 2026 2:30:08 PM com.github.jinahya.database.metadata.bind.Context bind
WARNING: unknown result; type: Procedure, label: RESERVED3, value: null
Jan 26, 2026 2:30:08 PM com.github.jinahya.database.metadata.bind.Context bind
WARNING: unknown result; type: Procedure, label: RESERVED2, value: null
Jan 26, 2026 2:30:08 PM com.github.jinahya.database.metadata.bind.Context bind
WARNING: unknown result; type: Procedure, label: RESERVED1, value: null
Jan 26, 2026 2:30:08 PM com.github.jinahya.database.metadata.bind.Context bind
WARNING: unknown result; type: ProcedureColumn, label: METHOD_ID, value: 1
Jan 26, 2026 2:30:08 PM com.github.jinahya.database.metadata.bind.Context bind
WARNING: unknown result; type: ProcedureColumn, label: PARAMETER_ID, value: 0
Jan 26, 2026 2:30:08 PM com.github.jinahya.database.metadata.bind.Context bind
WARNING: unknown result; type: ProcedureColumn, label: METHOD_ID, value: 4
Jan 26, 2026 2:30:08 PM com.github.jinahya.database.metadata.bind.Context bind
WARNING: unknown result; type: ProcedureColumn, label: PARAMETER_ID, value: 0
Jan 26, 2026 2:30:08 PM com.github.jinahya.database.metadata.bind.Context bind
WARNING: unknown result; type: ProcedureColumn, label: METHOD_ID, value: 4
Jan 26, 2026 2:30:08 PM com.github.jinahya.database.metadata.bind.Context bind
WARNING: unknown result; type: ProcedureColumn, label: PARAMETER_ID, value: 1
Jan 26, 2026 2:30:08 PM com.github.jinahya.database.metadata.bind.Context bind
WARNING: unknown result; type: ProcedureColumn, label: METHOD_ID, value: 4
Jan 26, 2026 2:30:08 PM com.github.jinahya.database.metadata.bind.Context bind
WARNING: unknown result; type: ProcedureColumn, label: PARAMETER_ID, value: 2
Jan 26, 2026 2:30:08 PM com.github.jinahya.database.metadata.bind.Context bind
WARNING: unknown result; type: ProcedureColumn, label: METHOD_ID, value: 4
Jan 26, 2026 2:30:08 PM com.github.jinahya.database.metadata.bind.Context bind
WARNING: unknown result; type: ProcedureColumn, label: PARAMETER_ID, value: 3
Jan 26, 2026 2:30:08 PM com.github.jinahya.database.metadata.bind.Context bind
WARNING: unknown result; type: ProcedureColumn, label: METHOD_ID, value: 2
Jan 26, 2026 2:30:08 PM com.github.jinahya.database.metadata.bind.Context bind
WARNING: unknown result; type: ProcedureColumn, label: PARAMETER_ID, value: 0
Jan 26, 2026 2:30:08 PM com.github.jinahya.database.metadata.bind.Context bind
WARNING: unknown result; type: ProcedureColumn, label: METHOD_ID, value: 2
Jan 26, 2026 2:30:08 PM com.github.jinahya.database.metadata.bind.Context bind
WARNING: unknown result; type: ProcedureColumn, label: PARAMETER_ID, value: 1
Jan 26, 2026 2:30:08 PM com.github.jinahya.database.metadata.bind.Context bind
WARNING: unknown result; type: ProcedureColumn, label: METHOD_ID, value: 1
Jan 26, 2026 2:30:08 PM com.github.jinahya.database.metadata.bind.Context bind
WARNING: unknown result; type: ProcedureColumn, label: PARAMETER_ID, value: 0
Jan 26, 2026 2:30:08 PM com.github.jinahya.database.metadata.bind.Context bind
WARNING: unknown result; type: ProcedureColumn, label: METHOD_ID, value: 4
Jan 26, 2026 2:30:08 PM com.github.jinahya.database.metadata.bind.Context bind
WARNING: unknown result; type: ProcedureColumn, label: PARAMETER_ID, value: 0
Jan 26, 2026 2:30:08 PM com.github.jinahya.database.metadata.bind.Context bind
WARNING: unknown result; type: ProcedureColumn, label: METHOD_ID, value: 4
Jan 26, 2026 2:30:08 PM com.github.jinahya.database.metadata.bind.Context bind
WARNING: unknown result; type: ProcedureColumn, label: PARAMETER_ID, value: 1
Jan 26, 2026 2:30:08 PM com.github.jinahya.database.metadata.bind.Context bind
WARNING: unknown result; type: ProcedureColumn, label: METHOD_ID, value: 4
Jan 26, 2026 2:30:08 PM com.github.jinahya.database.metadata.bind.Context bind
WARNING: unknown result; type: ProcedureColumn, label: PARAMETER_ID, value: 2
Jan 26, 2026 2:30:08 PM com.github.jinahya.database.metadata.bind.Context bind
WARNING: unknown result; type: ProcedureColumn, label: METHOD_ID, value: 4
Jan 26, 2026 2:30:08 PM com.github.jinahya.database.metadata.bind.Context bind
WARNING: unknown result; type: ProcedureColumn, label: PARAMETER_ID, value: 3
Jan 26, 2026 2:30:08 PM com.github.jinahya.database.metadata.bind.Context bind
WARNING: unknown result; type: ProcedureColumn, label: METHOD_ID, value: 2
Jan 26, 2026 2:30:08 PM com.github.jinahya.database.metadata.bind.Context bind
WARNING: unknown result; type: ProcedureColumn, label: PARAMETER_ID, value: 0
Jan 26, 2026 2:30:08 PM com.github.jinahya.database.metadata.bind.Context bind
WARNING: unknown result; type: ProcedureColumn, label: METHOD_ID, value: 2
Jan 26, 2026 2:30:08 PM com.github.jinahya.database.metadata.bind.Context bind
WARNING: unknown result; type: ProcedureColumn, label: PARAMETER_ID, value: 1
Jan 26, 2026 2:30:08 PM com.github.jinahya.database.metadata.bind.Context bind
WARNING: unknown result; type: ProcedureColumn, label: METHOD_ID, value: 16
Jan 26, 2026 2:30:08 PM com.github.jinahya.database.metadata.bind.Context bind
WARNING: unknown result; type: ProcedureColumn, label: PARAMETER_ID, value: 0
Jan 26, 2026 2:30:08 PM com.github.jinahya.database.metadata.bind.Context bind
WARNING: unknown result; type: ProcedureColumn, label: METHOD_ID, value: 16
Jan 26, 2026 2:30:08 PM com.github.jinahya.database.metadata.bind.Context bind
WARNING: unknown result; type: ProcedureColumn, label: PARAMETER_ID, value: 1
Jan 26, 2026 2:30:08 PM com.github.jinahya.database.metadata.bind.Context bind
WARNING: unknown result; type: ProcedureColumn, label: METHOD_ID, value: 16
Jan 26, 2026 2:30:08 PM com.github.jinahya.database.metadata.bind.Context bind
WARNING: unknown result; type: ProcedureColumn, label: PARAMETER_ID, value: 2
Jan 26, 2026 2:30:08 PM com.github.jinahya.database.metadata.bind.Context bind
WARNING: unknown result; type: ProcedureColumn, label: METHOD_ID, value: 16
Jan 26, 2026 2:30:08 PM com.github.jinahya.database.metadata.bind.Context bind
WARNING: unknown result; type: ProcedureColumn, label: PARAMETER_ID, value: 3
Jan 26, 2026 2:30:08 PM com.github.jinahya.database.metadata.bind.Context bind
WARNING: unknown result; type: ProcedureColumn, label: METHOD_ID, value: 16
Jan 26, 2026 2:30:08 PM com.github.jinahya.database.metadata.bind.Context bind
WARNING: unknown result; type: ProcedureColumn, label: PARAMETER_ID, value: 4
Jan 26, 2026 2:30:08 PM com.github.jinahya.database.metadata.bind.Context bind
WARNING: unknown result; type: ProcedureColumn, label: METHOD_ID, value: 16
Jan 26, 2026 2:30:08 PM com.github.jinahya.database.metadata.bind.Context bind
WARNING: unknown result; type: ProcedureColumn, label: PARAMETER_ID, value: 5
Jan 26, 2026 2:30:08 PM com.github.jinahya.database.metadata.bind.Context bind
WARNING: unknown result; type: ProcedureColumn, label: METHOD_ID, value: 16
Jan 26, 2026 2:30:08 PM com.github.jinahya.database.metadata.bind.Context bind
WARNING: unknown result; type: ProcedureColumn, label: PARAMETER_ID, value: 6
Jan 26, 2026 2:30:08 PM com.github.jinahya.database.metadata.bind.Context bind
WARNING: unknown result; type: ProcedureColumn, label: METHOD_ID, value: 16
Jan 26, 2026 2:30:08 PM com.github.jinahya.database.metadata.bind.Context bind
WARNING: unknown result; type: ProcedureColumn, label: PARAMETER_ID, value: 7
Jan 26, 2026 2:30:08 PM com.github.jinahya.database.metadata.bind.Context bind
WARNING: unknown result; type: ProcedureColumn, label: METHOD_ID, value: 16
Jan 26, 2026 2:30:08 PM com.github.jinahya.database.metadata.bind.Context bind
WARNING: unknown result; type: ProcedureColumn, label: PARAMETER_ID, value: 8
Jan 26, 2026 2:30:08 PM com.github.jinahya.database.metadata.bind.Context bind
WARNING: unknown result; type: ProcedureColumn, label: METHOD_ID, value: 16
Jan 26, 2026 2:30:08 PM com.github.jinahya.database.metadata.bind.Context bind
WARNING: unknown result; type: ProcedureColumn, label: PARAMETER_ID, value: 9
Jan 26, 2026 2:30:08 PM com.github.jinahya.database.metadata.bind.Context bind
WARNING: unknown result; type: ProcedureColumn, label: METHOD_ID, value: 16
Jan 26, 2026 2:30:08 PM com.github.jinahya.database.metadata.bind.Context bind
WARNING: unknown result; type: ProcedureColumn, label: PARAMETER_ID, value: 10
Jan 26, 2026 2:30:08 PM com.github.jinahya.database.metadata.bind.Context bind
WARNING: unknown result; type: ProcedureColumn, label: METHOD_ID, value: 16
Jan 26, 2026 2:30:08 PM com.github.jinahya.database.metadata.bind.Context bind
WARNING: unknown result; type: ProcedureColumn, label: PARAMETER_ID, value: 11
Jan 26, 2026 2:30:08 PM com.github.jinahya.database.metadata.bind.Context bind
WARNING: unknown result; type: ProcedureColumn, label: METHOD_ID, value: 16
Jan 26, 2026 2:30:08 PM com.github.jinahya.database.metadata.bind.Context bind
WARNING: unknown result; type: ProcedureColumn, label: PARAMETER_ID, value: 12
Jan 26, 2026 2:30:08 PM com.github.jinahya.database.metadata.bind.Context bind
WARNING: unknown result; type: ProcedureColumn, label: METHOD_ID, value: 16
Jan 26, 2026 2:30:08 PM com.github.jinahya.database.metadata.bind.Context bind
WARNING: unknown result; type: ProcedureColumn, label: PARAMETER_ID, value: 13
Jan 26, 2026 2:30:08 PM com.github.jinahya.database.metadata.bind.Context bind
WARNING: unknown result; type: ProcedureColumn, label: METHOD_ID, value: 16
Jan 26, 2026 2:30:08 PM com.github.jinahya.database.metadata.bind.Context bind
WARNING: unknown result; type: ProcedureColumn, label: PARAMETER_ID, value: 14
Jan 26, 2026 2:30:08 PM com.github.jinahya.database.metadata.bind.Context bind
WARNING: unknown result; type: ProcedureColumn, label: METHOD_ID, value: 16
Jan 26, 2026 2:30:08 PM com.github.jinahya.database.metadata.bind.Context bind
WARNING: unknown result; type: ProcedureColumn, label: PARAMETER_ID, value: 15
Jan 26, 2026 2:30:08 PM com.github.jinahya.database.metadata.bind.Context bind
WARNING: unknown result; type: ProcedureColumn, label: METHOD_ID, value: 5
Jan 26, 2026 2:30:08 PM com.github.jinahya.database.metadata.bind.Context bind
WARNING: unknown result; type: ProcedureColumn, label: PARAMETER_ID, value: 0
Jan 26, 2026 2:30:08 PM com.github.jinahya.database.metadata.bind.Context bind
WARNING: unknown result; type: ProcedureColumn, label: METHOD_ID, value: 5
Jan 26, 2026 2:30:08 PM com.github.jinahya.database.metadata.bind.Context bind
WARNING: unknown result; type: ProcedureColumn, label: PARAMETER_ID, value: 1
Jan 26, 2026 2:30:08 PM com.github.jinahya.database.metadata.bind.Context bind
WARNING: unknown result; type: ProcedureColumn, label: METHOD_ID, value: 5
Jan 26, 2026 2:30:08 PM com.github.jinahya.database.metadata.bind.Context bind
WARNING: unknown result; type: ProcedureColumn, label: PARAMETER_ID, value: 2
Jan 26, 2026 2:30:08 PM com.github.jinahya.database.metadata.bind.Context bind
WARNING: unknown result; type: ProcedureColumn, label: METHOD_ID, value: 5
Jan 26, 2026 2:30:08 PM com.github.jinahya.database.metadata.bind.Context bind
WARNING: unknown result; type: ProcedureColumn, label: PARAMETER_ID, value: 3
Jan 26, 2026 2:30:08 PM com.github.jinahya.database.metadata.bind.Context bind
WARNING: unknown result; type: ProcedureColumn, label: METHOD_ID, value: 5
Jan 26, 2026 2:30:08 PM com.github.jinahya.database.metadata.bind.Context bind
WARNING: unknown result; type: ProcedureColumn, label: PARAMETER_ID, value: 4
Jan 26, 2026 2:30:08 PM com.github.jinahya.database.metadata.bind.Context bind
WARNING: unknown result; type: ProcedureColumn, label: METHOD_ID, value: 5
Jan 26, 2026 2:30:08 PM com.github.jinahya.database.metadata.bind.Context bind
WARNING: unknown result; type: ProcedureColumn, label: PARAMETER_ID, value: 0
Jan 26, 2026 2:30:08 PM com.github.jinahya.database.metadata.bind.Context bind
WARNING: unknown result; type: ProcedureColumn, label: METHOD_ID, value: 5
Jan 26, 2026 2:30:08 PM com.github.jinahya.database.metadata.bind.Context bind
WARNING: unknown result; type: ProcedureColumn, label: PARAMETER_ID, value: 1
Jan 26, 2026 2:30:08 PM com.github.jinahya.database.metadata.bind.Context bind
WARNING: unknown result; type: ProcedureColumn, label: METHOD_ID, value: 5
Jan 26, 2026 2:30:08 PM com.github.jinahya.database.metadata.bind.Context bind
WARNING: unknown result; type: ProcedureColumn, label: PARAMETER_ID, value: 2
Jan 26, 2026 2:30:08 PM com.github.jinahya.database.metadata.bind.Context bind
WARNING: unknown result; type: ProcedureColumn, label: METHOD_ID, value: 5
Jan 26, 2026 2:30:08 PM com.github.jinahya.database.metadata.bind.Context bind
WARNING: unknown result; type: ProcedureColumn, label: PARAMETER_ID, value: 3
Jan 26, 2026 2:30:08 PM com.github.jinahya.database.metadata.bind.Context bind
WARNING: unknown result; type: ProcedureColumn, label: METHOD_ID, value: 5
Jan 26, 2026 2:30:08 PM com.github.jinahya.database.metadata.bind.Context bind
WARNING: unknown result; type: ProcedureColumn, label: PARAMETER_ID, value: 4
Jan 26, 2026 2:30:08 PM com.github.jinahya.database.metadata.bind.Context bind
WARNING: unknown result; type: ProcedureColumn, label: METHOD_ID, value: 7
Jan 26, 2026 2:30:08 PM com.github.jinahya.database.metadata.bind.Context bind
WARNING: unknown result; type: ProcedureColumn, label: PARAMETER_ID, value: 0
Jan 26, 2026 2:30:08 PM com.github.jinahya.database.metadata.bind.Context bind
WARNING: unknown result; type: ProcedureColumn, label: METHOD_ID, value: 7
Jan 26, 2026 2:30:08 PM com.github.jinahya.database.metadata.bind.Context bind
WARNING: unknown result; type: ProcedureColumn, label: PARAMETER_ID, value: 1
Jan 26, 2026 2:30:08 PM com.github.jinahya.database.metadata.bind.Context bind
WARNING: unknown result; type: ProcedureColumn, label: METHOD_ID, value: 7
Jan 26, 2026 2:30:08 PM com.github.jinahya.database.metadata.bind.Context bind
WARNING: unknown result; type: ProcedureColumn, label: PARAMETER_ID, value: 2
Jan 26, 2026 2:30:08 PM com.github.jinahya.database.metadata.bind.Context bind
WARNING: unknown result; type: ProcedureColumn, label: METHOD_ID, value: 7
Jan 26, 2026 2:30:08 PM com.github.jinahya.database.metadata.bind.Context bind
WARNING: unknown result; type: ProcedureColumn, label: PARAMETER_ID, value: 3
Jan 26, 2026 2:30:08 PM com.github.jinahya.database.metadata.bind.Context bind
WARNING: unknown result; type: ProcedureColumn, label: METHOD_ID, value: 7
Jan 26, 2026 2:30:08 PM com.github.jinahya.database.metadata.bind.Context bind
WARNING: unknown result; type: ProcedureColumn, label: PARAMETER_ID, value: 4
Jan 26, 2026 2:30:08 PM com.github.jinahya.database.metadata.bind.Context bind
WARNING: unknown result; type: ProcedureColumn, label: METHOD_ID, value: 7
Jan 26, 2026 2:30:08 PM com.github.jinahya.database.metadata.bind.Context bind
WARNING: unknown result; type: ProcedureColumn, label: PARAMETER_ID, value: 5
Jan 26, 2026 2:30:08 PM com.github.jinahya.database.metadata.bind.Context bind
WARNING: unknown result; type: ProcedureColumn, label: METHOD_ID, value: 7
Jan 26, 2026 2:30:08 PM com.github.jinahya.database.metadata.bind.Context bind
WARNING: unknown result; type: ProcedureColumn, label: PARAMETER_ID, value: 6
Jan 26, 2026 2:30:08 PM com.github.jinahya.database.metadata.bind.Context bind
WARNING: unknown result; type: ProcedureColumn, label: METHOD_ID, value: 5
Jan 26, 2026 2:30:08 PM com.github.jinahya.database.metadata.bind.Context bind
WARNING: unknown result; type: ProcedureColumn, label: PARAMETER_ID, value: 0
Jan 26, 2026 2:30:08 PM com.github.jinahya.database.metadata.bind.Context bind
WARNING: unknown result; type: ProcedureColumn, label: METHOD_ID, value: 5
Jan 26, 2026 2:30:08 PM com.github.jinahya.database.metadata.bind.Context bind
WARNING: unknown result; type: ProcedureColumn, label: PARAMETER_ID, value: 1
Jan 26, 2026 2:30:08 PM com.github.jinahya.database.metadata.bind.Context bind
WARNING: unknown result; type: ProcedureColumn, label: METHOD_ID, value: 5
Jan 26, 2026 2:30:08 PM com.github.jinahya.database.metadata.bind.Context bind
WARNING: unknown result; type: ProcedureColumn, label: PARAMETER_ID, value: 2
Jan 26, 2026 2:30:08 PM com.github.jinahya.database.metadata.bind.Context bind
WARNING: unknown result; type: ProcedureColumn, label: METHOD_ID, value: 5
Jan 26, 2026 2:30:08 PM com.github.jinahya.database.metadata.bind.Context bind
WARNING: unknown result; type: ProcedureColumn, label: PARAMETER_ID, value: 3
Jan 26, 2026 2:30:08 PM com.github.jinahya.database.metadata.bind.Context bind
WARNING: unknown result; type: ProcedureColumn, label: METHOD_ID, value: 5
Jan 26, 2026 2:30:08 PM com.github.jinahya.database.metadata.bind.Context bind
WARNING: unknown result; type: ProcedureColumn, label: PARAMETER_ID, value: 4
Jan 26, 2026 2:30:08 PM com.github.jinahya.database.metadata.bind.Context bind
WARNING: unknown result; type: ProcedureColumn, label: METHOD_ID, value: 4
Jan 26, 2026 2:30:08 PM com.github.jinahya.database.metadata.bind.Context bind
WARNING: unknown result; type: ProcedureColumn, label: PARAMETER_ID, value: 0
Jan 26, 2026 2:30:08 PM com.github.jinahya.database.metadata.bind.Context bind
WARNING: unknown result; type: ProcedureColumn, label: METHOD_ID, value: 4
Jan 26, 2026 2:30:08 PM com.github.jinahya.database.metadata.bind.Context bind
WARNING: unknown result; type: ProcedureColumn, label: PARAMETER_ID, value: 1
Jan 26, 2026 2:30:08 PM com.github.jinahya.database.metadata.bind.Context bind
WARNING: unknown result; type: ProcedureColumn, label: METHOD_ID, value: 4
Jan 26, 2026 2:30:08 PM com.github.jinahya.database.metadata.bind.Context bind
WARNING: unknown result; type: ProcedureColumn, label: PARAMETER_ID, value: 2
Jan 26, 2026 2:30:08 PM com.github.jinahya.database.metadata.bind.Context bind
WARNING: unknown result; type: ProcedureColumn, label: METHOD_ID, value: 4
Jan 26, 2026 2:30:08 PM com.github.jinahya.database.metadata.bind.Context bind
WARNING: unknown result; type: ProcedureColumn, label: PARAMETER_ID, value: 3
Jan 26, 2026 2:30:08 PM com.github.jinahya.database.metadata.bind.Context bind
WARNING: unknown result; type: ProcedureColumn, label: METHOD_ID, value: 2
Jan 26, 2026 2:30:08 PM com.github.jinahya.database.metadata.bind.Context bind
WARNING: unknown result; type: ProcedureColumn, label: PARAMETER_ID, value: 0
Jan 26, 2026 2:30:08 PM com.github.jinahya.database.metadata.bind.Context bind
WARNING: unknown result; type: ProcedureColumn, label: METHOD_ID, value: 2
Jan 26, 2026 2:30:08 PM com.github.jinahya.database.metadata.bind.Context bind
WARNING: unknown result; type: ProcedureColumn, label: PARAMETER_ID, value: 1
Jan 26, 2026 2:30:08 PM com.github.jinahya.database.metadata.bind.Context bind
WARNING: unknown result; type: ProcedureColumn, label: METHOD_ID, value: 4
Jan 26, 2026 2:30:08 PM com.github.jinahya.database.metadata.bind.Context bind
WARNING: unknown result; type: ProcedureColumn, label: PARAMETER_ID, value: 0
Jan 26, 2026 2:30:08 PM com.github.jinahya.database.metadata.bind.Context bind
WARNING: unknown result; type: ProcedureColumn, label: METHOD_ID, value: 4
Jan 26, 2026 2:30:08 PM com.github.jinahya.database.metadata.bind.Context bind
WARNING: unknown result; type: ProcedureColumn, label: PARAMETER_ID, value: 1
Jan 26, 2026 2:30:08 PM com.github.jinahya.database.metadata.bind.Context bind
WARNING: unknown result; type: ProcedureColumn, label: METHOD_ID, value: 4
Jan 26, 2026 2:30:08 PM com.github.jinahya.database.metadata.bind.Context bind
WARNING: unknown result; type: ProcedureColumn, label: PARAMETER_ID, value: 2
Jan 26, 2026 2:30:08 PM com.github.jinahya.database.metadata.bind.Context bind
WARNING: unknown result; type: ProcedureColumn, label: METHOD_ID, value: 4
Jan 26, 2026 2:30:08 PM com.github.jinahya.database.metadata.bind.Context bind
WARNING: unknown result; type: ProcedureColumn, label: PARAMETER_ID, value: 3
Jan 26, 2026 2:30:08 PM com.github.jinahya.database.metadata.bind.Context bind
WARNING: unknown result; type: ProcedureColumn, label: METHOD_ID, value: 5
Jan 26, 2026 2:30:08 PM com.github.jinahya.database.metadata.bind.Context bind
WARNING: unknown result; type: ProcedureColumn, label: PARAMETER_ID, value: 0
Jan 26, 2026 2:30:08 PM com.github.jinahya.database.metadata.bind.Context bind
WARNING: unknown result; type: ProcedureColumn, label: METHOD_ID, value: 5
Jan 26, 2026 2:30:08 PM com.github.jinahya.database.metadata.bind.Context bind
WARNING: unknown result; type: ProcedureColumn, label: PARAMETER_ID, value: 1
Jan 26, 2026 2:30:08 PM com.github.jinahya.database.metadata.bind.Context bind
WARNING: unknown result; type: ProcedureColumn, label: METHOD_ID, value: 5
Jan 26, 2026 2:30:08 PM com.github.jinahya.database.metadata.bind.Context bind
WARNING: unknown result; type: ProcedureColumn, label: PARAMETER_ID, value: 2
Jan 26, 2026 2:30:08 PM com.github.jinahya.database.metadata.bind.Context bind
WARNING: unknown result; type: ProcedureColumn, label: METHOD_ID, value: 5
Jan 26, 2026 2:30:08 PM com.github.jinahya.database.metadata.bind.Context bind
WARNING: unknown result; type: ProcedureColumn, label: PARAMETER_ID, value: 3
Jan 26, 2026 2:30:08 PM com.github.jinahya.database.metadata.bind.Context bind
WARNING: unknown result; type: ProcedureColumn, label: METHOD_ID, value: 5
Jan 26, 2026 2:30:08 PM com.github.jinahya.database.metadata.bind.Context bind
WARNING: unknown result; type: ProcedureColumn, label: PARAMETER_ID, value: 4
Jan 26, 2026 2:30:08 PM com.github.jinahya.database.metadata.bind.Context bind
WARNING: unknown result; type: ProcedureColumn, label: METHOD_ID, value: 4
Jan 26, 2026 2:30:08 PM com.github.jinahya.database.metadata.bind.Context bind
WARNING: unknown result; type: ProcedureColumn, label: PARAMETER_ID, value: 0
Jan 26, 2026 2:30:08 PM com.github.jinahya.database.metadata.bind.Context bind
WARNING: unknown result; type: ProcedureColumn, label: METHOD_ID, value: 4
Jan 26, 2026 2:30:08 PM com.github.jinahya.database.metadata.bind.Context bind
WARNING: unknown result; type: ProcedureColumn, label: PARAMETER_ID, value: 1
Jan 26, 2026 2:30:08 PM com.github.jinahya.database.metadata.bind.Context bind
WARNING: unknown result; type: ProcedureColumn, label: METHOD_ID, value: 4
Jan 26, 2026 2:30:08 PM com.github.jinahya.database.metadata.bind.Context bind
WARNING: unknown result; type: ProcedureColumn, label: PARAMETER_ID, value: 2
Jan 26, 2026 2:30:08 PM com.github.jinahya.database.metadata.bind.Context bind
WARNING: unknown result; type: ProcedureColumn, label: METHOD_ID, value: 4
Jan 26, 2026 2:30:08 PM com.github.jinahya.database.metadata.bind.Context bind
WARNING: unknown result; type: ProcedureColumn, label: PARAMETER_ID, value: 3
Jan 26, 2026 2:30:08 PM com.github.jinahya.database.metadata.bind.Context bind
WARNING: unknown result; type: ProcedureColumn, label: METHOD_ID, value: 7
Jan 26, 2026 2:30:08 PM com.github.jinahya.database.metadata.bind.Context bind
WARNING: unknown result; type: ProcedureColumn, label: PARAMETER_ID, value: 0
Jan 26, 2026 2:30:08 PM com.github.jinahya.database.metadata.bind.Context bind
WARNING: unknown result; type: ProcedureColumn, label: METHOD_ID, value: 7
Jan 26, 2026 2:30:08 PM com.github.jinahya.database.metadata.bind.Context bind
WARNING: unknown result; type: ProcedureColumn, label: PARAMETER_ID, value: 1
Jan 26, 2026 2:30:08 PM com.github.jinahya.database.metadata.bind.Context bind
WARNING: unknown result; type: ProcedureColumn, label: METHOD_ID, value: 7
Jan 26, 2026 2:30:08 PM com.github.jinahya.database.metadata.bind.Context bind
WARNING: unknown result; type: ProcedureColumn, label: PARAMETER_ID, value: 2
Jan 26, 2026 2:30:08 PM com.github.jinahya.database.metadata.bind.Context bind
WARNING: unknown result; type: ProcedureColumn, label: METHOD_ID, value: 7
Jan 26, 2026 2:30:08 PM com.github.jinahya.database.metadata.bind.Context bind
WARNING: unknown result; type: ProcedureColumn, label: PARAMETER_ID, value: 3
Jan 26, 2026 2:30:08 PM com.github.jinahya.database.metadata.bind.Context bind
WARNING: unknown result; type: ProcedureColumn, label: METHOD_ID, value: 7
Jan 26, 2026 2:30:08 PM com.github.jinahya.database.metadata.bind.Context bind
WARNING: unknown result; type: ProcedureColumn, label: PARAMETER_ID, value: 4
Jan 26, 2026 2:30:08 PM com.github.jinahya.database.metadata.bind.Context bind
WARNING: unknown result; type: ProcedureColumn, label: METHOD_ID, value: 7
Jan 26, 2026 2:30:08 PM com.github.jinahya.database.metadata.bind.Context bind
WARNING: unknown result; type: ProcedureColumn, label: PARAMETER_ID, value: 5
Jan 26, 2026 2:30:08 PM com.github.jinahya.database.metadata.bind.Context bind
WARNING: unknown result; type: ProcedureColumn, label: METHOD_ID, value: 7
Jan 26, 2026 2:30:08 PM com.github.jinahya.database.metadata.bind.Context bind
WARNING: unknown result; type: ProcedureColumn, label: PARAMETER_ID, value: 6
Jan 26, 2026 2:30:08 PM com.github.jinahya.database.metadata.bind.Context bind
WARNING: unknown result; type: ProcedureColumn, label: METHOD_ID, value: 6
Jan 26, 2026 2:30:08 PM com.github.jinahya.database.metadata.bind.Context bind
WARNING: unknown result; type: ProcedureColumn, label: PARAMETER_ID, value: 0
Jan 26, 2026 2:30:08 PM com.github.jinahya.database.metadata.bind.Context bind
WARNING: unknown result; type: ProcedureColumn, label: METHOD_ID, value: 6
Jan 26, 2026 2:30:08 PM com.github.jinahya.database.metadata.bind.Context bind
WARNING: unknown result; type: ProcedureColumn, label: PARAMETER_ID, value: 1
Jan 26, 2026 2:30:08 PM com.github.jinahya.database.metadata.bind.Context bind
WARNING: unknown result; type: ProcedureColumn, label: METHOD_ID, value: 6
Jan 26, 2026 2:30:08 PM com.github.jinahya.database.metadata.bind.Context bind
WARNING: unknown result; type: ProcedureColumn, label: PARAMETER_ID, value: 2
Jan 26, 2026 2:30:08 PM com.github.jinahya.database.metadata.bind.Context bind
WARNING: unknown result; type: ProcedureColumn, label: METHOD_ID, value: 6
Jan 26, 2026 2:30:08 PM com.github.jinahya.database.metadata.bind.Context bind
WARNING: unknown result; type: ProcedureColumn, label: PARAMETER_ID, value: 3
Jan 26, 2026 2:30:08 PM com.github.jinahya.database.metadata.bind.Context bind
WARNING: unknown result; type: ProcedureColumn, label: METHOD_ID, value: 6
Jan 26, 2026 2:30:08 PM com.github.jinahya.database.metadata.bind.Context bind
WARNING: unknown result; type: ProcedureColumn, label: PARAMETER_ID, value: 4
Jan 26, 2026 2:30:08 PM com.github.jinahya.database.metadata.bind.Context bind
WARNING: unknown result; type: ProcedureColumn, label: METHOD_ID, value: 6
Jan 26, 2026 2:30:08 PM com.github.jinahya.database.metadata.bind.Context bind
WARNING: unknown result; type: ProcedureColumn, label: PARAMETER_ID, value: 5
Jan 26, 2026 2:30:08 PM com.github.jinahya.database.metadata.bind.Context bind
WARNING: unknown result; type: ProcedureColumn, label: METHOD_ID, value: 4
Jan 26, 2026 2:30:08 PM com.github.jinahya.database.metadata.bind.Context bind
WARNING: unknown result; type: ProcedureColumn, label: PARAMETER_ID, value: 0
Jan 26, 2026 2:30:08 PM com.github.jinahya.database.metadata.bind.Context bind
WARNING: unknown result; type: ProcedureColumn, label: METHOD_ID, value: 4
Jan 26, 2026 2:30:08 PM com.github.jinahya.database.metadata.bind.Context bind
WARNING: unknown result; type: ProcedureColumn, label: PARAMETER_ID, value: 1
Jan 26, 2026 2:30:08 PM com.github.jinahya.database.metadata.bind.Context bind
WARNING: unknown result; type: ProcedureColumn, label: METHOD_ID, value: 4
Jan 26, 2026 2:30:08 PM com.github.jinahya.database.metadata.bind.Context bind
WARNING: unknown result; type: ProcedureColumn, label: PARAMETER_ID, value: 2
Jan 26, 2026 2:30:08 PM com.github.jinahya.database.metadata.bind.Context bind
WARNING: unknown result; type: ProcedureColumn, label: METHOD_ID, value: 4
Jan 26, 2026 2:30:08 PM com.github.jinahya.database.metadata.bind.Context bind
WARNING: unknown result; type: ProcedureColumn, label: PARAMETER_ID, value: 3
Jan 26, 2026 2:30:08 PM com.github.jinahya.database.metadata.bind.Context bind
WARNING: unknown result; type: ProcedureColumn, label: METHOD_ID, value: 5
Jan 26, 2026 2:30:08 PM com.github.jinahya.database.metadata.bind.Context bind
WARNING: unknown result; type: ProcedureColumn, label: PARAMETER_ID, value: 0
Jan 26, 2026 2:30:08 PM com.github.jinahya.database.metadata.bind.Context bind
WARNING: unknown result; type: ProcedureColumn, label: METHOD_ID, value: 5
Jan 26, 2026 2:30:08 PM com.github.jinahya.database.metadata.bind.Context bind
WARNING: unknown result; type: ProcedureColumn, label: PARAMETER_ID, value: 1
Jan 26, 2026 2:30:08 PM com.github.jinahya.database.metadata.bind.Context bind
WARNING: unknown result; type: ProcedureColumn, label: METHOD_ID, value: 5
Jan 26, 2026 2:30:08 PM com.github.jinahya.database.metadata.bind.Context bind
WARNING: unknown result; type: ProcedureColumn, label: PARAMETER_ID, value: 2
Jan 26, 2026 2:30:08 PM com.github.jinahya.database.metadata.bind.Context bind
WARNING: unknown result; type: ProcedureColumn, label: METHOD_ID, value: 5
Jan 26, 2026 2:30:08 PM com.github.jinahya.database.metadata.bind.Context bind
WARNING: unknown result; type: ProcedureColumn, label: PARAMETER_ID, value: 3
Jan 26, 2026 2:30:08 PM com.github.jinahya.database.metadata.bind.Context bind
WARNING: unknown result; type: ProcedureColumn, label: METHOD_ID, value: 5
Jan 26, 2026 2:30:08 PM com.github.jinahya.database.metadata.bind.Context bind
WARNING: unknown result; type: ProcedureColumn, label: PARAMETER_ID, value: 4
Jan 26, 2026 2:30:08 PM com.github.jinahya.database.metadata.bind.Context bind
WARNING: unknown result; type: ProcedureColumn, label: METHOD_ID, value: 5
Jan 26, 2026 2:30:08 PM com.github.jinahya.database.metadata.bind.Context bind
WARNING: unknown result; type: ProcedureColumn, label: PARAMETER_ID, value: 0
Jan 26, 2026 2:30:08 PM com.github.jinahya.database.metadata.bind.Context bind
WARNING: unknown result; type: ProcedureColumn, label: METHOD_ID, value: 5
Jan 26, 2026 2:30:08 PM com.github.jinahya.database.metadata.bind.Context bind
WARNING: unknown result; type: ProcedureColumn, label: PARAMETER_ID, value: 1
Jan 26, 2026 2:30:08 PM com.github.jinahya.database.metadata.bind.Context bind
WARNING: unknown result; type: ProcedureColumn, label: METHOD_ID, value: 5
Jan 26, 2026 2:30:08 PM com.github.jinahya.database.metadata.bind.Context bind
WARNING: unknown result; type: ProcedureColumn, label: PARAMETER_ID, value: 2
Jan 26, 2026 2:30:08 PM com.github.jinahya.database.metadata.bind.Context bind
WARNING: unknown result; type: ProcedureColumn, label: METHOD_ID, value: 5
Jan 26, 2026 2:30:08 PM com.github.jinahya.database.metadata.bind.Context bind
WARNING: unknown result; type: ProcedureColumn, label: PARAMETER_ID, value: 3
Jan 26, 2026 2:30:08 PM com.github.jinahya.database.metadata.bind.Context bind
WARNING: unknown result; type: ProcedureColumn, label: METHOD_ID, value: 5
Jan 26, 2026 2:30:08 PM com.github.jinahya.database.metadata.bind.Context bind
WARNING: unknown result; type: ProcedureColumn, label: PARAMETER_ID, value: 4
Jan 26, 2026 2:30:08 PM com.github.jinahya.database.metadata.bind.Context bind
WARNING: unknown result; type: Column, label: SCOPE_CATLOG, value: null
Jan 26, 2026 2:30:08 PM com.github.jinahya.database.metadata.bind.Context bind
WARNING: unknown result; type: Column, label: SCOPE_CATLOG, value: null
Jan 26, 2026 2:30:08 PM com.github.jinahya.database.metadata.bind.Context bind
WARNING: unknown result; type: Column, label: SCOPE_CATLOG, value: null
Jan 26, 2026 2:30:08 PM com.github.jinahya.database.metadata.bind.Context bind
WARNING: unknown result; type: Column, label: SCOPE_CATLOG, value: null
Jan 26, 2026 2:30:08 PM com.github.jinahya.database.metadata.bind.Context bind
WARNING: unknown result; type: Column, label: SCOPE_CATLOG, value: null
Jan 26, 2026 2:30:08 PM com.github.jinahya.database.metadata.bind.Context bind
WARNING: unknown result; type: Column, label: SCOPE_CATLOG, value: null
Jan 26, 2026 2:30:08 PM com.github.jinahya.database.metadata.bind.Context bind
WARNING: unknown result; type: Column, label: SCOPE_CATLOG, value: null
Jan 26, 2026 2:30:08 PM com.github.jinahya.database.metadata.bind.Context bind
WARNING: unknown result; type: Column, label: SCOPE_CATLOG, value: null
Jan 26, 2026 2:30:08 PM com.github.jinahya.database.metadata.bind.Context bind
WARNING: unknown result; type: Column, label: SCOPE_CATLOG, value: null
Jan 26, 2026 2:30:08 PM com.github.jinahya.database.metadata.bind.Context bind
WARNING: unknown result; type: Column, label: SCOPE_CATLOG, value: null
Jan 26, 2026 2:30:08 PM com.github.jinahya.database.metadata.bind.Context bind
WARNING: unknown result; type: Column, label: SCOPE_CATLOG, value: null
Jan 26, 2026 2:30:08 PM com.github.jinahya.database.metadata.bind.Context bind
WARNING: unknown result; type: Column, label: SCOPE_CATLOG, value: null
Jan 26, 2026 2:30:08 PM com.github.jinahya.database.metadata.bind.Context bind
WARNING: unknown result; type: Column, label: SCOPE_CATLOG, value: null
Jan 26, 2026 2:30:08 PM com.github.jinahya.database.metadata.bind.Context bind
WARNING: unknown result; type: Column, label: SCOPE_CATLOG, value: null
Jan 26, 2026 2:30:08 PM com.github.jinahya.database.metadata.bind.Context bind
WARNING: unknown result; type: Column, label: SCOPE_CATLOG, value: null
Jan 26, 2026 2:30:08 PM com.github.jinahya.database.metadata.bind.Context bind
WARNING: unknown result; type: Column, label: SCOPE_CATLOG, value: null
Jan 26, 2026 2:30:08 PM com.github.jinahya.database.metadata.bind.Context bind
WARNING: unknown result; type: Column, label: SCOPE_CATLOG, value: null
Jan 26, 2026 2:30:08 PM com.github.jinahya.database.metadata.bind.Context bind
WARNING: unknown result; type: Column, label: SCOPE_CATLOG, value: null
Jan 26, 2026 2:30:08 PM com.github.jinahya.database.metadata.bind.Context bind
WARNING: unknown result; type: Column, label: SCOPE_CATLOG, value: null
Jan 26, 2026 2:30:08 PM com.github.jinahya.database.metadata.bind.Context bind
WARNING: unknown result; type: Column, label: SCOPE_CATLOG, value: null
Jan 26, 2026 2:30:08 PM com.github.jinahya.database.metadata.bind.Context bind
WARNING: unknown result; type: Column, label: SCOPE_CATLOG, value: null
Jan 26, 2026 2:30:08 PM com.github.jinahya.database.metadata.bind.Context bind
WARNING: unknown result; type: Column, label: SCOPE_CATLOG, value: null
Jan 26, 2026 2:30:08 PM com.github.jinahya.database.metadata.bind.Context bind
WARNING: unknown result; type: Column, label: SCOPE_CATLOG, value: null
Jan 26, 2026 2:30:08 PM com.github.jinahya.database.metadata.bind.Context bind
WARNING: unknown result; type: Column, label: SCOPE_CATLOG, value: null
Jan 26, 2026 2:30:08 PM com.github.jinahya.database.metadata.bind.Context bind
WARNING: unknown result; type: Column, label: SCOPE_CATLOG, value: null
Jan 26, 2026 2:30:08 PM com.github.jinahya.database.metadata.bind.Context bind
WARNING: unknown result; type: Column, label: SCOPE_CATLOG, value: null
Jan 26, 2026 2:30:08 PM com.github.jinahya.database.metadata.bind.Context bind
WARNING: unknown result; type: Column, label: SCOPE_CATLOG, value: null
Jan 26, 2026 2:30:08 PM com.github.jinahya.database.metadata.bind.Context bind
WARNING: unknown result; type: Column, label: SCOPE_CATLOG, value: null
Jan 26, 2026 2:30:08 PM com.github.jinahya.database.metadata.bind.Context bind
WARNING: unknown result; type: Column, label: SCOPE_CATLOG, value: null
Jan 26, 2026 2:30:08 PM com.github.jinahya.database.metadata.bind.Context bind
WARNING: unknown result; type: Column, label: SCOPE_CATLOG, value: null
Jan 26, 2026 2:30:08 PM com.github.jinahya.database.metadata.bind.Context bind
WARNING: unknown result; type: Column, label: SCOPE_CATLOG, value: null
Jan 26, 2026 2:30:08 PM com.github.jinahya.database.metadata.bind.Context bind
WARNING: unknown result; type: Column, label: SCOPE_CATLOG, value: null
Jan 26, 2026 2:30:08 PM com.github.jinahya.database.metadata.bind.Context bind
WARNING: unknown result; type: Column, label: SCOPE_CATLOG, value: null
Jan 26, 2026 2:30:08 PM com.github.jinahya.database.metadata.bind.Context bind
WARNING: unknown result; type: Column, label: SCOPE_CATLOG, value: null
Jan 26, 2026 2:30:08 PM com.github.jinahya.database.metadata.bind.Context bind
WARNING: unknown result; type: Column, label: SCOPE_CATLOG, value: null
Jan 26, 2026 2:30:08 PM com.github.jinahya.database.metadata.bind.Context bind
WARNING: unknown result; type: Column, label: SCOPE_CATLOG, value: null
Jan 26, 2026 2:30:08 PM com.github.jinahya.database.metadata.bind.Context bind
WARNING: unknown result; type: Column, label: SCOPE_CATLOG, value: null
Jan 26, 2026 2:30:08 PM com.github.jinahya.database.metadata.bind.Context bind
WARNING: unknown result; type: Column, label: SCOPE_CATLOG, value: null
Jan 26, 2026 2:30:08 PM com.github.jinahya.database.metadata.bind.Context bind
WARNING: unknown result; type: Column, label: SCOPE_CATLOG, value: null
Jan 26, 2026 2:30:08 PM com.github.jinahya.database.metadata.bind.Context bind
WARNING: unknown result; type: Column, label: SCOPE_CATLOG, value: null
Jan 26, 2026 2:30:08 PM com.github.jinahya.database.metadata.bind.Context bind
WARNING: unknown result; type: Column, label: SCOPE_CATLOG, value: null
Jan 26, 2026 2:30:08 PM com.github.jinahya.database.metadata.bind.Context bind
WARNING: unknown result; type: Column, label: SCOPE_CATLOG, value: null
Jan 26, 2026 2:30:08 PM com.github.jinahya.database.metadata.bind.Context bind
WARNING: unknown result; type: Column, label: SCOPE_CATLOG, value: null
Jan 26, 2026 2:30:08 PM com.github.jinahya.database.metadata.bind.Context bind
WARNING: unknown result; type: Column, label: SCOPE_CATLOG, value: null
Jan 26, 2026 2:30:08 PM com.github.jinahya.database.metadata.bind.Context bind
WARNING: unknown result; type: Column, label: SCOPE_CATLOG, value: null
Jan 26, 2026 2:30:08 PM com.github.jinahya.database.metadata.bind.Context bind
WARNING: unknown result; type: Column, label: SCOPE_CATLOG, value: null
Jan 26, 2026 2:30:08 PM com.github.jinahya.database.metadata.bind.Context bind
WARNING: unknown result; type: Column, label: SCOPE_CATLOG, value: null
Jan 26, 2026 2:30:08 PM com.github.jinahya.database.metadata.bind.Context bind
WARNING: unknown result; type: Column, label: SCOPE_CATLOG, value: null
Jan 26, 2026 2:30:08 PM com.github.jinahya.database.metadata.bind.Context bind
WARNING: unknown result; type: Column, label: SCOPE_CATLOG, value: null
Jan 26, 2026 2:30:08 PM com.github.jinahya.database.metadata.bind.Context bind
WARNING: unknown result; type: Column, label: SCOPE_CATLOG, value: null
Jan 26, 2026 2:30:08 PM com.github.jinahya.database.metadata.bind.Context bind
WARNING: unknown result; type: Column, label: SCOPE_CATLOG, value: null
Jan 26, 2026 2:30:08 PM com.github.jinahya.database.metadata.bind.Context bind
WARNING: unknown result; type: Column, label: SCOPE_CATLOG, value: null
Jan 26, 2026 2:30:08 PM com.github.jinahya.database.metadata.bind.Context bind
WARNING: unknown result; type: Column, label: SCOPE_CATLOG, value: null
Jan 26, 2026 2:30:08 PM com.github.jinahya.database.metadata.bind.Context bind
WARNING: unknown result; type: Column, label: SCOPE_CATLOG, value: null
Jan 26, 2026 2:30:08 PM com.github.jinahya.database.metadata.bind.Context bind
WARNING: unknown result; type: Column, label: SCOPE_CATLOG, value: null
Jan 26, 2026 2:30:08 PM com.github.jinahya.database.metadata.bind.Context bind
WARNING: unknown result; type: Column, label: SCOPE_CATLOG, value: null
Jan 26, 2026 2:30:08 PM com.github.jinahya.database.metadata.bind.Context bind
WARNING: unknown result; type: Column, label: SCOPE_CATLOG, value: null
Jan 26, 2026 2:30:08 PM com.github.jinahya.database.metadata.bind.Context bind
WARNING: unknown result; type: Column, label: SCOPE_CATLOG, value: null
Jan 26, 2026 2:30:08 PM com.github.jinahya.database.metadata.bind.Context bind
WARNING: unknown result; type: Column, label: SCOPE_CATLOG, value: null
Jan 26, 2026 2:30:08 PM com.github.jinahya.database.metadata.bind.Context bind
WARNING: unknown result; type: Column, label: SCOPE_CATLOG, value: null
Jan 26, 2026 2:30:08 PM com.github.jinahya.database.metadata.bind.Context bind
WARNING: unknown result; type: Column, label: SCOPE_CATLOG, value: null
Jan 26, 2026 2:30:08 PM com.github.jinahya.database.metadata.bind.Context bind
WARNING: unknown result; type: Column, label: SCOPE_CATLOG, value: null
Jan 26, 2026 2:30:08 PM com.github.jinahya.database.metadata.bind.Context bind
WARNING: unknown result; type: Column, label: SCOPE_CATLOG, value: null
Jan 26, 2026 2:30:08 PM com.github.jinahya.database.metadata.bind.Context bind
WARNING: unknown result; type: Column, label: SCOPE_CATLOG, value: null
Jan 26, 2026 2:30:08 PM com.github.jinahya.database.metadata.bind.Context bind
WARNING: unknown result; type: Column, label: SCOPE_CATLOG, value: null
Jan 26, 2026 2:30:08 PM com.github.jinahya.database.metadata.bind.Context bind
WARNING: unknown result; type: Column, label: SCOPE_CATLOG, value: null
Jan 26, 2026 2:30:08 PM com.github.jinahya.database.metadata.bind.Context bind
WARNING: unknown result; type: Column, label: SCOPE_CATLOG, value: null
Jan 26, 2026 2:30:08 PM com.github.jinahya.database.metadata.bind.Context bind
WARNING: unknown result; type: Column, label: SCOPE_CATLOG, value: null
Jan 26, 2026 2:30:08 PM com.github.jinahya.database.metadata.bind.Context bind
WARNING: unknown result; type: Column, label: SCOPE_CATLOG, value: null
Jan 26, 2026 2:30:08 PM com.github.jinahya.database.metadata.bind.Context bind
WARNING: unknown result; type: Column, label: SCOPE_CATLOG, value: null
Jan 26, 2026 2:30:08 PM com.github.jinahya.database.metadata.bind.Context bind
WARNING: unknown result; type: Column, label: SCOPE_CATLOG, value: null
Jan 26, 2026 2:30:08 PM com.github.jinahya.database.metadata.bind.Context bind
WARNING: unknown result; type: Column, label: SCOPE_CATLOG, value: null
Jan 26, 2026 2:30:08 PM com.github.jinahya.database.metadata.bind.Context bind
WARNING: unknown result; type: Column, label: SCOPE_CATLOG, value: null
Jan 26, 2026 2:30:08 PM com.github.jinahya.database.metadata.bind.Context bind
WARNING: unknown result; type: Column, label: SCOPE_CATLOG, value: null
Jan 26, 2026 2:30:08 PM com.github.jinahya.database.metadata.bind.Context bind
WARNING: unknown result; type: Column, label: SCOPE_CATLOG, value: null
Jan 26, 2026 2:30:08 PM com.github.jinahya.database.metadata.bind.Context bind
WARNING: unknown result; type: Column, label: SCOPE_CATLOG, value: null
Jan 26, 2026 2:30:08 PM com.github.jinahya.database.metadata.bind.Context bind
WARNING: unknown result; type: Column, label: SCOPE_CATLOG, value: null
Jan 26, 2026 2:30:08 PM com.github.jinahya.database.metadata.bind.Context bind
WARNING: unknown result; type: Column, label: SCOPE_CATLOG, value: null
Jan 26, 2026 2:30:08 PM com.github.jinahya.database.metadata.bind.Context bind
WARNING: unknown result; type: Column, label: SCOPE_CATLOG, value: null
Jan 26, 2026 2:30:08 PM com.github.jinahya.database.metadata.bind.Context bind
WARNING: unknown result; type: Column, label: SCOPE_CATLOG, value: null
Jan 26, 2026 2:30:08 PM com.github.jinahya.database.metadata.bind.Context bind
WARNING: unknown result; type: Column, label: SCOPE_CATLOG, value: null
Jan 26, 2026 2:30:08 PM com.github.jinahya.database.metadata.bind.Context bind
WARNING: unknown result; type: Column, label: SCOPE_CATLOG, value: null
Jan 26, 2026 2:30:08 PM com.github.jinahya.database.metadata.bind.Context bind
WARNING: unknown result; type: Column, label: SCOPE_CATLOG, value: null
Jan 26, 2026 2:30:08 PM com.github.jinahya.database.metadata.bind.Context bind
WARNING: unknown result; type: Column, label: SCOPE_CATLOG, value: null
Jan 26, 2026 2:30:08 PM com.github.jinahya.database.metadata.bind.Context bind
WARNING: unknown result; type: Column, label: SCOPE_CATLOG, value: null
Jan 26, 2026 2:30:08 PM com.github.jinahya.database.metadata.bind.Context bind
WARNING: unknown result; type: Column, label: SCOPE_CATLOG, value: null
Jan 26, 2026 2:30:08 PM com.github.jinahya.database.metadata.bind.Context bind
WARNING: unknown result; type: Column, label: SCOPE_CATLOG, value: null
Jan 26, 2026 2:30:08 PM com.github.jinahya.database.metadata.bind.Context bind
WARNING: unknown result; type: Column, label: SCOPE_CATLOG, value: null
Jan 26, 2026 2:30:08 PM com.github.jinahya.database.metadata.bind.Context bind
WARNING: unknown result; type: Column, label: SCOPE_CATLOG, value: null
Jan 26, 2026 2:30:08 PM com.github.jinahya.database.metadata.bind.Context bind
WARNING: unknown result; type: Column, label: SCOPE_CATLOG, value: null
Jan 26, 2026 2:30:08 PM com.github.jinahya.database.metadata.bind.Context bind
WARNING: unknown result; type: Column, label: SCOPE_CATLOG, value: null
Jan 26, 2026 2:30:08 PM com.github.jinahya.database.metadata.bind.Context bind
WARNING: unknown result; type: Column, label: SCOPE_CATLOG, value: null
Jan 26, 2026 2:30:08 PM com.github.jinahya.database.metadata.bind.Context bind
WARNING: unknown result; type: Column, label: SCOPE_CATLOG, value: null
Jan 26, 2026 2:30:08 PM com.github.jinahya.database.metadata.bind.Context bind
WARNING: unknown result; type: Column, label: SCOPE_CATLOG, value: null
Jan 26, 2026 2:30:08 PM com.github.jinahya.database.metadata.bind.Context bind
WARNING: unknown result; type: Column, label: SCOPE_CATLOG, value: null
Jan 26, 2026 2:30:08 PM com.github.jinahya.database.metadata.bind.Context bind
WARNING: unknown result; type: Column, label: SCOPE_CATLOG, value: null
Jan 26, 2026 2:30:08 PM com.github.jinahya.database.metadata.bind.Context bind
WARNING: unknown result; type: Column, label: SCOPE_CATLOG, value: null
Jan 26, 2026 2:30:08 PM com.github.jinahya.database.metadata.bind.Context bind
WARNING: unknown result; type: Column, label: SCOPE_CATLOG, value: null
Jan 26, 2026 2:30:08 PM com.github.jinahya.database.metadata.bind.Context bind
WARNING: unknown result; type: Column, label: SCOPE_CATLOG, value: null
Jan 26, 2026 2:30:08 PM com.github.jinahya.database.metadata.bind.Context bind
WARNING: unknown result; type: Column, label: SCOPE_CATLOG, value: null
Jan 26, 2026 2:30:08 PM com.github.jinahya.database.metadata.bind.Context bind
WARNING: unknown result; type: Column, label: SCOPE_CATLOG, value: null
Jan 26, 2026 2:30:08 PM com.github.jinahya.database.metadata.bind.Context bind
WARNING: unknown result; type: Column, label: SCOPE_CATLOG, value: null
Jan 26, 2026 2:30:08 PM com.github.jinahya.database.metadata.bind.Context bind
WARNING: unknown result; type: Column, label: SCOPE_CATLOG, value: null
Jan 26, 2026 2:30:08 PM com.github.jinahya.database.metadata.bind.Context bind
WARNING: unknown result; type: Column, label: SCOPE_CATLOG, value: null
Jan 26, 2026 2:30:08 PM com.github.jinahya.database.metadata.bind.Context bind
WARNING: unknown result; type: Column, label: SCOPE_CATLOG, value: null
Jan 26, 2026 2:30:08 PM com.github.jinahya.database.metadata.bind.Context bind
WARNING: unknown result; type: Column, label: SCOPE_CATLOG, value: null
Jan 26, 2026 2:30:08 PM com.github.jinahya.database.metadata.bind.Context bind
WARNING: unknown result; type: Column, label: SCOPE_CATLOG, value: null
Jan 26, 2026 2:30:08 PM com.github.jinahya.database.metadata.bind.Context bind
WARNING: unknown result; type: Column, label: SCOPE_CATLOG, value: null
Jan 26, 2026 2:30:08 PM com.github.jinahya.database.metadata.bind.Context bind
WARNING: unknown result; type: Column, label: SCOPE_CATLOG, value: null
Jan 26, 2026 2:30:08 PM com.github.jinahya.database.metadata.bind.Context bind
WARNING: unknown result; type: Column, label: SCOPE_CATLOG, value: null
Jan 26, 2026 2:30:08 PM com.github.jinahya.database.metadata.bind.Context bind
WARNING: unknown result; type: Column, label: SCOPE_CATLOG, value: null
Jan 26, 2026 2:30:08 PM com.github.jinahya.database.metadata.bind.Context bind
WARNING: unknown result; type: Column, label: SCOPE_CATLOG, value: null
Jan 26, 2026 2:30:08 PM com.github.jinahya.database.metadata.bind.Context bind
WARNING: unknown result; type: Column, label: SCOPE_CATLOG, value: null
Jan 26, 2026 2:30:08 PM com.github.jinahya.database.metadata.bind.Context bind
WARNING: unknown result; type: Column, label: SCOPE_CATLOG, value: null
Jan 26, 2026 2:30:08 PM com.github.jinahya.database.metadata.bind.Context bind
WARNING: unknown result; type: Column, label: SCOPE_CATLOG, value: null
Jan 26, 2026 2:30:08 PM com.github.jinahya.database.metadata.bind.Context bind
WARNING: unknown result; type: Column, label: SCOPE_CATLOG, value: null
Jan 26, 2026 2:30:08 PM com.github.jinahya.database.metadata.bind.Context bind
WARNING: unknown result; type: Column, label: SCOPE_CATLOG, value: null
Jan 26, 2026 2:30:08 PM com.github.jinahya.database.metadata.bind.Context bind
WARNING: unknown result; type: Column, label: SCOPE_CATLOG, value: null
Jan 26, 2026 2:30:08 PM com.github.jinahya.database.metadata.bind.Context bind
WARNING: unknown result; type: Column, label: SCOPE_CATLOG, value: null
Jan 26, 2026 2:30:08 PM com.github.jinahya.database.metadata.bind.Context bind
WARNING: unknown result; type: Column, label: SCOPE_CATLOG, value: null
Jan 26, 2026 2:30:08 PM com.github.jinahya.database.metadata.bind.Context bind
WARNING: unknown result; type: Column, label: SCOPE_CATLOG, value: null
Jan 26, 2026 2:30:08 PM com.github.jinahya.database.metadata.bind.Context bind
WARNING: unknown result; type: Column, label: SCOPE_CATLOG, value: null
Jan 26, 2026 2:30:08 PM com.github.jinahya.database.metadata.bind.Context bind
WARNING: unknown result; type: Column, label: SCOPE_CATLOG, value: null
Jan 26, 2026 2:30:08 PM com.github.jinahya.database.metadata.bind.Context bind
WARNING: unknown result; type: Column, label: SCOPE_CATLOG, value: null
Jan 26, 2026 2:30:08 PM com.github.jinahya.database.metadata.bind.Context bind
WARNING: unknown result; type: Column, label: SCOPE_CATLOG, value: null
Jan 26, 2026 2:30:08 PM com.github.jinahya.database.metadata.bind.Context bind
WARNING: unknown result; type: Column, label: SCOPE_CATLOG, value: null
Jan 26, 2026 2:30:08 PM com.github.jinahya.database.metadata.bind.Context bind
WARNING: unknown result; type: Column, label: SCOPE_CATLOG, value: null
Jan 26, 2026 2:30:08 PM com.github.jinahya.database.metadata.bind.Context bind
WARNING: unknown result; type: Column, label: SCOPE_CATLOG, value: null
Jan 26, 2026 2:30:08 PM com.github.jinahya.database.metadata.bind.Context bind
WARNING: unknown result; type: Column, label: SCOPE_CATLOG, value: null
Jan 26, 2026 2:30:08 PM com.github.jinahya.database.metadata.bind.Context bind
WARNING: unknown result; type: Column, label: SCOPE_CATLOG, value: null
Jan 26, 2026 2:30:08 PM com.github.jinahya.database.metadata.bind.Context bind
WARNING: unknown result; type: Column, label: SCOPE_CATLOG, value: null
Jan 26, 2026 2:30:08 PM com.github.jinahya.database.metadata.bind.Context bind
WARNING: unknown result; type: Column, label: SCOPE_CATLOG, value: null
Jan 26, 2026 2:30:08 PM com.github.jinahya.database.metadata.bind.Context bind
WARNING: unknown result; type: Column, label: SCOPE_CATLOG, value: null
Jan 26, 2026 2:30:08 PM com.github.jinahya.database.metadata.bind.Context bind
WARNING: unknown result; type: Column, label: SCOPE_CATLOG, value: null
Jan 26, 2026 2:30:08 PM com.github.jinahya.database.metadata.bind.Context bind
WARNING: unknown result; type: Column, label: SCOPE_CATLOG, value: null
Jan 26, 2026 2:30:08 PM com.github.jinahya.database.metadata.bind.Context bind
WARNING: unknown result; type: Column, label: SCOPE_CATLOG, value: null
Jan 26, 2026 2:30:08 PM com.github.jinahya.database.metadata.bind.Context bind
WARNING: unknown result; type: Column, label: SCOPE_CATLOG, value: null
Jan 26, 2026 2:30:08 PM com.github.jinahya.database.metadata.bind.Context bind
WARNING: unknown result; type: Column, label: SCOPE_CATLOG, value: null
Jan 26, 2026 2:30:08 PM com.github.jinahya.database.metadata.bind.Context bind
WARNING: unknown result; type: Column, label: SCOPE_CATLOG, value: null
Jan 26, 2026 2:30:08 PM com.github.jinahya.database.metadata.bind.Context bind
WARNING: unknown result; type: Column, label: SCOPE_CATLOG, value: null
Jan 26, 2026 2:30:08 PM com.github.jinahya.database.metadata.bind.Context bind
WARNING: unknown result; type: Column, label: SCOPE_CATLOG, value: null
Jan 26, 2026 2:30:08 PM com.github.jinahya.database.metadata.bind.Context bind
WARNING: unknown result; type: Column, label: SCOPE_CATLOG, value: null
Jan 26, 2026 2:30:08 PM com.github.jinahya.database.metadata.bind.Context bind
WARNING: unknown result; type: Column, label: SCOPE_CATLOG, value: null
Jan 26, 2026 2:30:08 PM com.github.jinahya.database.metadata.bind.Context bind
WARNING: unknown result; type: Column, label: SCOPE_CATLOG, value: null
Jan 26, 2026 2:30:08 PM com.github.jinahya.database.metadata.bind.Context bind
WARNING: unknown result; type: Column, label: SCOPE_CATLOG, value: null
Jan 26, 2026 2:30:08 PM com.github.jinahya.database.metadata.bind.Context bind
WARNING: unknown result; type: Column, label: SCOPE_CATLOG, value: null
Jan 26, 2026 2:30:08 PM com.github.jinahya.database.metadata.bind.Context bind
WARNING: unknown result; type: Column, label: SCOPE_CATLOG, value: null
Jan 26, 2026 2:30:08 PM com.github.jinahya.database.metadata.bind.Context bind
WARNING: unknown result; type: Column, label: SCOPE_CATLOG, value: null
Jan 26, 2026 2:30:08 PM com.github.jinahya.database.metadata.bind.Context bind
WARNING: unknown result; type: Column, label: SCOPE_CATLOG, value: null
Jan 26, 2026 2:30:08 PM com.github.jinahya.database.metadata.bind.Context bind
WARNING: unknown result; type: FunctionColumn, label: METHOD_ID, value: 2
Jan 26, 2026 2:30:08 PM com.github.jinahya.database.metadata.bind.Context bind
WARNING: unknown result; type: FunctionColumn, label: PARAMETER_ID, value: -1
Jan 26, 2026 2:30:08 PM com.github.jinahya.database.metadata.bind.Context bind
WARNING: unknown result; type: FunctionColumn, label: METHOD_ID, value: 2
Jan 26, 2026 2:30:08 PM com.github.jinahya.database.metadata.bind.Context bind
WARNING: unknown result; type: FunctionColumn, label: PARAMETER_ID, value: 0
Jan 26, 2026 2:30:08 PM com.github.jinahya.database.metadata.bind.Context bind
WARNING: unknown result; type: FunctionColumn, label: METHOD_ID, value: 2
Jan 26, 2026 2:30:08 PM com.github.jinahya.database.metadata.bind.Context bind
WARNING: unknown result; type: FunctionColumn, label: PARAMETER_ID, value: 1
Jan 26, 2026 2:30:08 PM com.github.jinahya.database.metadata.bind.Context bind
WARNING: unknown result; type: FunctionColumn, label: METHOD_ID, value: 0
Jan 26, 2026 2:30:08 PM com.github.jinahya.database.metadata.bind.Context bind
WARNING: unknown result; type: FunctionColumn, label: PARAMETER_ID, value: -1
Jan 26, 2026 2:30:08 PM com.github.jinahya.database.metadata.bind.Context bind
WARNING: unknown result; type: FunctionColumn, label: METHOD_ID, value: 1
Jan 26, 2026 2:30:08 PM com.github.jinahya.database.metadata.bind.Context bind
WARNING: unknown result; type: FunctionColumn, label: PARAMETER_ID, value: -1
Jan 26, 2026 2:30:08 PM com.github.jinahya.database.metadata.bind.Context bind
WARNING: unknown result; type: FunctionColumn, label: METHOD_ID, value: 1
Jan 26, 2026 2:30:08 PM com.github.jinahya.database.metadata.bind.Context bind
WARNING: unknown result; type: FunctionColumn, label: PARAMETER_ID, value: 0
Jan 26, 2026 2:30:08 PM com.github.jinahya.database.metadata.bind.Context bind
WARNING: unknown result; type: FunctionColumn, label: METHOD_ID, value: 0
Jan 26, 2026 2:30:08 PM com.github.jinahya.database.metadata.bind.Context bind
WARNING: unknown result; type: FunctionColumn, label: PARAMETER_ID, value: -1
Jan 26, 2026 2:30:08 PM com.github.jinahya.database.metadata.bind.Context bind
WARNING: unknown result; type: FunctionColumn, label: METHOD_ID, value: 1
Jan 26, 2026 2:30:08 PM com.github.jinahya.database.metadata.bind.Context bind
WARNING: unknown result; type: FunctionColumn, label: PARAMETER_ID, value: -1
Jan 26, 2026 2:30:08 PM com.github.jinahya.database.metadata.bind.Context bind
WARNING: unknown result; type: FunctionColumn, label: METHOD_ID, value: 1
Jan 26, 2026 2:30:08 PM com.github.jinahya.database.metadata.bind.Context bind
WARNING: unknown result; type: FunctionColumn, label: PARAMETER_ID, value: 0
Jan 26, 2026 2:30:08 PM com.github.jinahya.database.metadata.bind.Context bind
WARNING: unknown result; type: FunctionColumn, label: METHOD_ID, value: 0
Jan 26, 2026 2:30:08 PM com.github.jinahya.database.metadata.bind.Context bind
WARNING: unknown result; type: FunctionColumn, label: PARAMETER_ID, value: -1
Jan 26, 2026 2:30:08 PM com.github.jinahya.database.metadata.bind.Context bind
WARNING: unknown result; type: FunctionColumn, label: METHOD_ID, value: 0
Jan 26, 2026 2:30:08 PM com.github.jinahya.database.metadata.bind.Context bind
WARNING: unknown result; type: FunctionColumn, label: PARAMETER_ID, value: -1
Jan 26, 2026 2:30:08 PM com.github.jinahya.database.metadata.bind.Context bind
WARNING: unknown result; type: FunctionColumn, label: METHOD_ID, value: 2
Jan 26, 2026 2:30:08 PM com.github.jinahya.database.metadata.bind.Context bind
WARNING: unknown result; type: FunctionColumn, label: PARAMETER_ID, value: -1
Jan 26, 2026 2:30:08 PM com.github.jinahya.database.metadata.bind.Context bind
WARNING: unknown result; type: FunctionColumn, label: METHOD_ID, value: 2
Jan 26, 2026 2:30:08 PM com.github.jinahya.database.metadata.bind.Context bind
WARNING: unknown result; type: FunctionColumn, label: PARAMETER_ID, value: 0
Jan 26, 2026 2:30:08 PM com.github.jinahya.database.metadata.bind.Context bind
WARNING: unknown result; type: FunctionColumn, label: METHOD_ID, value: 2
Jan 26, 2026 2:30:08 PM com.github.jinahya.database.metadata.bind.Context bind
WARNING: unknown result; type: FunctionColumn, label: PARAMETER_ID, value: 1
Jan 26, 2026 2:30:08 PM com.github.jinahya.database.metadata.bind.Context bind
WARNING: unknown result; type: FunctionColumn, label: METHOD_ID, value: 2
Jan 26, 2026 2:30:08 PM com.github.jinahya.database.metadata.bind.Context bind
WARNING: unknown result; type: FunctionColumn, label: PARAMETER_ID, value: -1
Jan 26, 2026 2:30:08 PM com.github.jinahya.database.metadata.bind.Context bind
WARNING: unknown result; type: FunctionColumn, label: METHOD_ID, value: 2
Jan 26, 2026 2:30:08 PM com.github.jinahya.database.metadata.bind.Context bind
WARNING: unknown result; type: FunctionColumn, label: PARAMETER_ID, value: 0
Jan 26, 2026 2:30:08 PM com.github.jinahya.database.metadata.bind.Context bind
WARNING: unknown result; type: FunctionColumn, label: METHOD_ID, value: 2
Jan 26, 2026 2:30:08 PM com.github.jinahya.database.metadata.bind.Context bind
WARNING: unknown result; type: FunctionColumn, label: PARAMETER_ID, value: 1
Jan 26, 2026 2:30:08 PM com.github.jinahya.database.metadata.bind.Context bind
WARNING: unknown result; type: FunctionColumn, label: METHOD_ID, value: 0
Jan 26, 2026 2:30:08 PM com.github.jinahya.database.metadata.bind.Context bind
WARNING: unknown result; type: FunctionColumn, label: PARAMETER_ID, value: -1
Jan 26, 2026 2:30:08 PM com.github.jinahya.database.metadata.bind.Context bind
WARNING: unknown result; type: FunctionColumn, label: METHOD_ID, value: 3
Jan 26, 2026 2:30:08 PM com.github.jinahya.database.metadata.bind.Context bind
WARNING: unknown result; type: FunctionColumn, label: PARAMETER_ID, value: -1
Jan 26, 2026 2:30:08 PM com.github.jinahya.database.metadata.bind.Context bind
WARNING: unknown result; type: FunctionColumn, label: METHOD_ID, value: 3
Jan 26, 2026 2:30:08 PM com.github.jinahya.database.metadata.bind.Context bind
WARNING: unknown result; type: FunctionColumn, label: PARAMETER_ID, value: 0
Jan 26, 2026 2:30:08 PM com.github.jinahya.database.metadata.bind.Context bind
WARNING: unknown result; type: FunctionColumn, label: METHOD_ID, value: 3
Jan 26, 2026 2:30:08 PM com.github.jinahya.database.metadata.bind.Context bind
WARNING: unknown result; type: FunctionColumn, label: PARAMETER_ID, value: 1
Jan 26, 2026 2:30:08 PM com.github.jinahya.database.metadata.bind.Context bind
WARNING: unknown result; type: FunctionColumn, label: METHOD_ID, value: 3
Jan 26, 2026 2:30:08 PM com.github.jinahya.database.metadata.bind.Context bind
WARNING: unknown result; type: FunctionColumn, label: PARAMETER_ID, value: 2
Jan 26, 2026 2:30:08 PM com.github.jinahya.database.metadata.bind.Context bind
WARNING: unknown result; type: FunctionColumn, label: METHOD_ID, value: 1
Jan 26, 2026 2:30:08 PM com.github.jinahya.database.metadata.bind.Context bind
WARNING: unknown result; type: FunctionColumn, label: PARAMETER_ID, value: -1
Jan 26, 2026 2:30:08 PM com.github.jinahya.database.metadata.bind.Context bind
WARNING: unknown result; type: FunctionColumn, label: METHOD_ID, value: 1
Jan 26, 2026 2:30:08 PM com.github.jinahya.database.metadata.bind.Context bind
WARNING: unknown result; type: FunctionColumn, label: PARAMETER_ID, value: 0
Jan 26, 2026 2:30:08 PM com.github.jinahya.database.metadata.bind.Context bind
WARNING: unknown result; type: FunctionColumn, label: METHOD_ID, value: 3
Jan 26, 2026 2:30:08 PM com.github.jinahya.database.metadata.bind.Context bind
WARNING: unknown result; type: FunctionColumn, label: PARAMETER_ID, value: -1
Jan 26, 2026 2:30:08 PM com.github.jinahya.database.metadata.bind.Context bind
WARNING: unknown result; type: FunctionColumn, label: METHOD_ID, value: 3
Jan 26, 2026 2:30:08 PM com.github.jinahya.database.metadata.bind.Context bind
WARNING: unknown result; type: FunctionColumn, label: PARAMETER_ID, value: 0
Jan 26, 2026 2:30:08 PM com.github.jinahya.database.metadata.bind.Context bind
WARNING: unknown result; type: FunctionColumn, label: METHOD_ID, value: 3
Jan 26, 2026 2:30:08 PM com.github.jinahya.database.metadata.bind.Context bind
WARNING: unknown result; type: FunctionColumn, label: PARAMETER_ID, value: 1
Jan 26, 2026 2:30:08 PM com.github.jinahya.database.metadata.bind.Context bind
WARNING: unknown result; type: FunctionColumn, label: METHOD_ID, value: 3
Jan 26, 2026 2:30:08 PM com.github.jinahya.database.metadata.bind.Context bind
WARNING: unknown result; type: FunctionColumn, label: PARAMETER_ID, value: 2
Jan 26, 2026 2:30:08 PM com.github.jinahya.database.metadata.bind.Context bind
WARNING: unknown result; type: FunctionColumn, label: METHOD_ID, value: 3
Jan 26, 2026 2:30:08 PM com.github.jinahya.database.metadata.bind.Context bind
WARNING: unknown result; type: FunctionColumn, label: PARAMETER_ID, value: -1
Jan 26, 2026 2:30:08 PM com.github.jinahya.database.metadata.bind.Context bind
WARNING: unknown result; type: FunctionColumn, label: METHOD_ID, value: 3
Jan 26, 2026 2:30:08 PM com.github.jinahya.database.metadata.bind.Context bind
WARNING: unknown result; type: FunctionColumn, label: PARAMETER_ID, value: 0
Jan 26, 2026 2:30:08 PM com.github.jinahya.database.metadata.bind.Context bind
WARNING: unknown result; type: FunctionColumn, label: METHOD_ID, value: 3
Jan 26, 2026 2:30:08 PM com.github.jinahya.database.metadata.bind.Context bind
WARNING: unknown result; type: FunctionColumn, label: PARAMETER_ID, value: 1
Jan 26, 2026 2:30:08 PM com.github.jinahya.database.metadata.bind.Context bind
WARNING: unknown result; type: FunctionColumn, label: METHOD_ID, value: 3
Jan 26, 2026 2:30:08 PM com.github.jinahya.database.metadata.bind.Context bind
WARNING: unknown result; type: FunctionColumn, label: PARAMETER_ID, value: 2
Jan 26, 2026 2:30:08 PM com.github.jinahya.database.metadata.bind.Context bind
WARNING: unknown result; type: FunctionColumn, label: METHOD_ID, value: 0
Jan 26, 2026 2:30:08 PM com.github.jinahya.database.metadata.bind.Context bind
WARNING: unknown result; type: FunctionColumn, label: PARAMETER_ID, value: -1
Jan 26, 2026 2:30:08 PM com.github.jinahya.database.metadata.bind.Context bind
WARNING: unknown result; type: FunctionColumn, label: METHOD_ID, value: 1
Jan 26, 2026 2:30:08 PM com.github.jinahya.database.metadata.bind.Context bind
WARNING: unknown result; type: FunctionColumn, label: PARAMETER_ID, value: -1
Jan 26, 2026 2:30:08 PM com.github.jinahya.database.metadata.bind.Context bind
WARNING: unknown result; type: FunctionColumn, label: METHOD_ID, value: 1
Jan 26, 2026 2:30:08 PM com.github.jinahya.database.metadata.bind.Context bind
WARNING: unknown result; type: FunctionColumn, label: PARAMETER_ID, value: 0
Jan 26, 2026 2:30:08 PM com.github.jinahya.database.metadata.bind.Context bind
WARNING: unknown result; type: FunctionColumn, label: METHOD_ID, value: 3
Jan 26, 2026 2:30:08 PM com.github.jinahya.database.metadata.bind.Context bind
WARNING: unknown result; type: FunctionColumn, label: PARAMETER_ID, value: -1
Jan 26, 2026 2:30:08 PM com.github.jinahya.database.metadata.bind.Context bind
WARNING: unknown result; type: FunctionColumn, label: METHOD_ID, value: 3
Jan 26, 2026 2:30:08 PM com.github.jinahya.database.metadata.bind.Context bind
WARNING: unknown result; type: FunctionColumn, label: PARAMETER_ID, value: 0
Jan 26, 2026 2:30:08 PM com.github.jinahya.database.metadata.bind.Context bind
WARNING: unknown result; type: FunctionColumn, label: METHOD_ID, value: 3
Jan 26, 2026 2:30:08 PM com.github.jinahya.database.metadata.bind.Context bind
WARNING: unknown result; type: FunctionColumn, label: PARAMETER_ID, value: 1
Jan 26, 2026 2:30:08 PM com.github.jinahya.database.metadata.bind.Context bind
WARNING: unknown result; type: FunctionColumn, label: METHOD_ID, value: 3
Jan 26, 2026 2:30:08 PM com.github.jinahya.database.metadata.bind.Context bind
WARNING: unknown result; type: FunctionColumn, label: PARAMETER_ID, value: 2
Jan 26, 2026 2:30:08 PM com.github.jinahya.database.metadata.bind.Context bind
WARNING: unknown result; type: FunctionColumn, label: METHOD_ID, value: 3
Jan 26, 2026 2:30:08 PM com.github.jinahya.database.metadata.bind.Context bind
WARNING: unknown result; type: FunctionColumn, label: PARAMETER_ID, value: -1
Jan 26, 2026 2:30:08 PM com.github.jinahya.database.metadata.bind.Context bind
WARNING: unknown result; type: FunctionColumn, label: METHOD_ID, value: 3
Jan 26, 2026 2:30:08 PM com.github.jinahya.database.metadata.bind.Context bind
WARNING: unknown result; type: FunctionColumn, label: PARAMETER_ID, value: 0
Jan 26, 2026 2:30:08 PM com.github.jinahya.database.metadata.bind.Context bind
WARNING: unknown result; type: FunctionColumn, label: METHOD_ID, value: 3
Jan 26, 2026 2:30:08 PM com.github.jinahya.database.metadata.bind.Context bind
WARNING: unknown result; type: FunctionColumn, label: PARAMETER_ID, value: 1
Jan 26, 2026 2:30:08 PM com.github.jinahya.database.metadata.bind.Context bind
WARNING: unknown result; type: FunctionColumn, label: METHOD_ID, value: 3
Jan 26, 2026 2:30:08 PM com.github.jinahya.database.metadata.bind.Context bind
WARNING: unknown result; type: FunctionColumn, label: PARAMETER_ID, value: 2
Jan 26, 2026 2:30:08 PM com.github.jinahya.database.metadata.bind.Context bind
WARNING: unknown result; type: FunctionColumn, label: METHOD_ID, value: 3
Jan 26, 2026 2:30:08 PM com.github.jinahya.database.metadata.bind.Context bind
WARNING: unknown result; type: FunctionColumn, label: PARAMETER_ID, value: -1
Jan 26, 2026 2:30:08 PM com.github.jinahya.database.metadata.bind.Context bind
WARNING: unknown result; type: FunctionColumn, label: METHOD_ID, value: 3
Jan 26, 2026 2:30:08 PM com.github.jinahya.database.metadata.bind.Context bind
WARNING: unknown result; type: FunctionColumn, label: PARAMETER_ID, value: 0
Jan 26, 2026 2:30:08 PM com.github.jinahya.database.metadata.bind.Context bind
WARNING: unknown result; type: FunctionColumn, label: METHOD_ID, value: 3
Jan 26, 2026 2:30:08 PM com.github.jinahya.database.metadata.bind.Context bind
WARNING: unknown result; type: FunctionColumn, label: PARAMETER_ID, value: 1
Jan 26, 2026 2:30:08 PM com.github.jinahya.database.metadata.bind.Context bind
WARNING: unknown result; type: FunctionColumn, label: METHOD_ID, value: 3
Jan 26, 2026 2:30:08 PM com.github.jinahya.database.metadata.bind.Context bind
WARNING: unknown result; type: FunctionColumn, label: PARAMETER_ID, value: 2
Jan 26, 2026 2:30:08 PM com.github.jinahya.database.metadata.bind.Context bind
WARNING: unknown result; type: Procedure, label: RESERVED3, value: null
Jan 26, 2026 2:30:08 PM com.github.jinahya.database.metadata.bind.Context bind
WARNING: unknown result; type: Procedure, label: RESERVED2, value: null
Jan 26, 2026 2:30:08 PM com.github.jinahya.database.metadata.bind.Context bind
WARNING: unknown result; type: Procedure, label: RESERVED1, value: null
Jan 26, 2026 2:30:08 PM com.github.jinahya.database.metadata.bind.Context bind
WARNING: unknown result; type: Procedure, label: RESERVED3, value: null
Jan 26, 2026 2:30:08 PM com.github.jinahya.database.metadata.bind.Context bind
WARNING: unknown result; type: Procedure, label: RESERVED2, value: null
Jan 26, 2026 2:30:08 PM com.github.jinahya.database.metadata.bind.Context bind
WARNING: unknown result; type: Procedure, label: RESERVED1, value: null
Jan 26, 2026 2:30:08 PM com.github.jinahya.database.metadata.bind.Context bind
WARNING: unknown result; type: Procedure, label: RESERVED3, value: null
Jan 26, 2026 2:30:08 PM com.github.jinahya.database.metadata.bind.Context bind
WARNING: unknown result; type: Procedure, label: RESERVED2, value: null
Jan 26, 2026 2:30:08 PM com.github.jinahya.database.metadata.bind.Context bind
WARNING: unknown result; type: Procedure, label: RESERVED1, value: null
Jan 26, 2026 2:30:08 PM com.github.jinahya.database.metadata.bind.Context bind
WARNING: unknown result; type: Procedure, label: RESERVED3, value: null
Jan 26, 2026 2:30:08 PM com.github.jinahya.database.metadata.bind.Context bind
WARNING: unknown result; type: Procedure, label: RESERVED2, value: null
Jan 26, 2026 2:30:08 PM com.github.jinahya.database.metadata.bind.Context bind
WARNING: unknown result; type: Procedure, label: RESERVED1, value: null
Jan 26, 2026 2:30:08 PM com.github.jinahya.database.metadata.bind.Context bind
WARNING: unknown result; type: Procedure, label: RESERVED3, value: null
Jan 26, 2026 2:30:08 PM com.github.jinahya.database.metadata.bind.Context bind
WARNING: unknown result; type: Procedure, label: RESERVED2, value: null
Jan 26, 2026 2:30:08 PM com.github.jinahya.database.metadata.bind.Context bind
WARNING: unknown result; type: Procedure, label: RESERVED1, value: null
Jan 26, 2026 2:30:08 PM com.github.jinahya.database.metadata.bind.Context bind
WARNING: unknown result; type: Procedure, label: RESERVED3, value: null
Jan 26, 2026 2:30:08 PM com.github.jinahya.database.metadata.bind.Context bind
WARNING: unknown result; type: Procedure, label: RESERVED2, value: null
Jan 26, 2026 2:30:08 PM com.github.jinahya.database.metadata.bind.Context bind
WARNING: unknown result; type: Procedure, label: RESERVED1, value: null
Jan 26, 2026 2:30:08 PM com.github.jinahya.database.metadata.bind.Context bind
WARNING: unknown result; type: Procedure, label: RESERVED3, value: null
Jan 26, 2026 2:30:08 PM com.github.jinahya.database.metadata.bind.Context bind
WARNING: unknown result; type: Procedure, label: RESERVED2, value: null
Jan 26, 2026 2:30:08 PM com.github.jinahya.database.metadata.bind.Context bind
WARNING: unknown result; type: Procedure, label: RESERVED1, value: null
Jan 26, 2026 2:30:08 PM com.github.jinahya.database.metadata.bind.Context bind
WARNING: unknown result; type: Procedure, label: RESERVED3, value: null
Jan 26, 2026 2:30:08 PM com.github.jinahya.database.metadata.bind.Context bind
WARNING: unknown result; type: Procedure, label: RESERVED2, value: null
Jan 26, 2026 2:30:08 PM com.github.jinahya.database.metadata.bind.Context bind
WARNING: unknown result; type: Procedure, label: RESERVED1, value: null
Jan 26, 2026 2:30:08 PM com.github.jinahya.database.metadata.bind.Context bind
WARNING: unknown result; type: Procedure, label: RESERVED3, value: null
Jan 26, 2026 2:30:08 PM com.github.jinahya.database.metadata.bind.Context bind
WARNING: unknown result; type: Procedure, label: RESERVED2, value: null
Jan 26, 2026 2:30:08 PM com.github.jinahya.database.metadata.bind.Context bind
WARNING: unknown result; type: Procedure, label: RESERVED1, value: null
Jan 26, 2026 2:30:08 PM com.github.jinahya.database.metadata.bind.Context bind
WARNING: unknown result; type: Procedure, label: RESERVED3, value: null
Jan 26, 2026 2:30:08 PM com.github.jinahya.database.metadata.bind.Context bind
WARNING: unknown result; type: Procedure, label: RESERVED2, value: null
Jan 26, 2026 2:30:08 PM com.github.jinahya.database.metadata.bind.Context bind
WARNING: unknown result; type: Procedure, label: RESERVED1, value: null
Jan 26, 2026 2:30:08 PM com.github.jinahya.database.metadata.bind.Context bind
WARNING: unknown result; type: Procedure, label: RESERVED3, value: null
Jan 26, 2026 2:30:08 PM com.github.jinahya.database.metadata.bind.Context bind
WARNING: unknown result; type: Procedure, label: RESERVED2, value: null
Jan 26, 2026 2:30:08 PM com.github.jinahya.database.metadata.bind.Context bind
WARNING: unknown result; type: Procedure, label: RESERVED1, value: null
Jan 26, 2026 2:30:08 PM com.github.jinahya.database.metadata.bind.Context bind
WARNING: unknown result; type: Procedure, label: RESERVED3, value: null
Jan 26, 2026 2:30:08 PM com.github.jinahya.database.metadata.bind.Context bind
WARNING: unknown result; type: Procedure, label: RESERVED2, value: null
Jan 26, 2026 2:30:08 PM com.github.jinahya.database.metadata.bind.Context bind
WARNING: unknown result; type: Procedure, label: RESERVED1, value: null
Jan 26, 2026 2:30:08 PM com.github.jinahya.database.metadata.bind.Context bind
WARNING: unknown result; type: Procedure, label: RESERVED3, value: null
Jan 26, 2026 2:30:08 PM com.github.jinahya.database.metadata.bind.Context bind
WARNING: unknown result; type: Procedure, label: RESERVED2, value: null
Jan 26, 2026 2:30:08 PM com.github.jinahya.database.metadata.bind.Context bind
WARNING: unknown result; type: Procedure, label: RESERVED1, value: null
Jan 26, 2026 2:30:08 PM com.github.jinahya.database.metadata.bind.Context bind
WARNING: unknown result; type: Procedure, label: RESERVED3, value: null
Jan 26, 2026 2:30:08 PM com.github.jinahya.database.metadata.bind.Context bind
WARNING: unknown result; type: Procedure, label: RESERVED2, value: null
Jan 26, 2026 2:30:08 PM com.github.jinahya.database.metadata.bind.Context bind
WARNING: unknown result; type: Procedure, label: RESERVED1, value: null
Jan 26, 2026 2:30:08 PM com.github.jinahya.database.metadata.bind.Context bind
WARNING: unknown result; type: Procedure, label: RESERVED3, value: null
Jan 26, 2026 2:30:08 PM com.github.jinahya.database.metadata.bind.Context bind
WARNING: unknown result; type: Procedure, label: RESERVED2, value: null
Jan 26, 2026 2:30:08 PM com.github.jinahya.database.metadata.bind.Context bind
WARNING: unknown result; type: Procedure, label: RESERVED1, value: null
Jan 26, 2026 2:30:08 PM com.github.jinahya.database.metadata.bind.Context bind
WARNING: unknown result; type: Procedure, label: RESERVED3, value: null
Jan 26, 2026 2:30:08 PM com.github.jinahya.database.metadata.bind.Context bind
WARNING: unknown result; type: Procedure, label: RESERVED2, value: null
Jan 26, 2026 2:30:08 PM com.github.jinahya.database.metadata.bind.Context bind
WARNING: unknown result; type: Procedure, label: RESERVED1, value: null
Jan 26, 2026 2:30:08 PM com.github.jinahya.database.metadata.bind.Context bind
WARNING: unknown result; type: Procedure, label: RESERVED3, value: null
Jan 26, 2026 2:30:08 PM com.github.jinahya.database.metadata.bind.Context bind
WARNING: unknown result; type: Procedure, label: RESERVED2, value: null
Jan 26, 2026 2:30:08 PM com.github.jinahya.database.metadata.bind.Context bind
WARNING: unknown result; type: Procedure, label: RESERVED1, value: null
Jan 26, 2026 2:30:08 PM com.github.jinahya.database.metadata.bind.Context bind
WARNING: unknown result; type: Procedure, label: RESERVED3, value: null
Jan 26, 2026 2:30:08 PM com.github.jinahya.database.metadata.bind.Context bind
WARNING: unknown result; type: Procedure, label: RESERVED2, value: null
Jan 26, 2026 2:30:08 PM com.github.jinahya.database.metadata.bind.Context bind
WARNING: unknown result; type: Procedure, label: RESERVED1, value: null
Jan 26, 2026 2:30:08 PM com.github.jinahya.database.metadata.bind.Context bind
WARNING: unknown result; type: Procedure, label: RESERVED3, value: null
Jan 26, 2026 2:30:08 PM com.github.jinahya.database.metadata.bind.Context bind
WARNING: unknown result; type: Procedure, label: RESERVED2, value: null
Jan 26, 2026 2:30:08 PM com.github.jinahya.database.metadata.bind.Context bind
WARNING: unknown result; type: Procedure, label: RESERVED1, value: null
Jan 26, 2026 2:30:08 PM com.github.jinahya.database.metadata.bind.Context bind
WARNING: unknown result; type: Procedure, label: RESERVED3, value: null
Jan 26, 2026 2:30:08 PM com.github.jinahya.database.metadata.bind.Context bind
WARNING: unknown result; type: Procedure, label: RESERVED2, value: null
Jan 26, 2026 2:30:08 PM com.github.jinahya.database.metadata.bind.Context bind
WARNING: unknown result; type: Procedure, label: RESERVED1, value: null
Jan 26, 2026 2:30:08 PM com.github.jinahya.database.metadata.bind.Context bind
WARNING: unknown result; type: Procedure, label: RESERVED3, value: null
Jan 26, 2026 2:30:08 PM com.github.jinahya.database.metadata.bind.Context bind
WARNING: unknown result; type: Procedure, label: RESERVED2, value: null
Jan 26, 2026 2:30:08 PM com.github.jinahya.database.metadata.bind.Context bind
WARNING: unknown result; type: Procedure, label: RESERVED1, value: null
Jan 26, 2026 2:30:08 PM com.github.jinahya.database.metadata.bind.Context bind
WARNING: unknown result; type: Procedure, label: RESERVED3, value: null
Jan 26, 2026 2:30:08 PM com.github.jinahya.database.metadata.bind.Context bind
WARNING: unknown result; type: Procedure, label: RESERVED2, value: null
Jan 26, 2026 2:30:08 PM com.github.jinahya.database.metadata.bind.Context bind
WARNING: unknown result; type: Procedure, label: RESERVED1, value: null
Jan 26, 2026 2:30:08 PM com.github.jinahya.database.metadata.bind.Context bind
WARNING: unknown result; type: Procedure, label: RESERVED3, value: null
Jan 26, 2026 2:30:08 PM com.github.jinahya.database.metadata.bind.Context bind
WARNING: unknown result; type: Procedure, label: RESERVED2, value: null
Jan 26, 2026 2:30:08 PM com.github.jinahya.database.metadata.bind.Context bind
WARNING: unknown result; type: Procedure, label: RESERVED1, value: null
Jan 26, 2026 2:30:08 PM com.github.jinahya.database.metadata.bind.Context bind
WARNING: unknown result; type: Procedure, label: RESERVED3, value: null
Jan 26, 2026 2:30:08 PM com.github.jinahya.database.metadata.bind.Context bind
WARNING: unknown result; type: Procedure, label: RESERVED2, value: null
Jan 26, 2026 2:30:08 PM com.github.jinahya.database.metadata.bind.Context bind
WARNING: unknown result; type: Procedure, label: RESERVED1, value: null
Jan 26, 2026 2:30:08 PM com.github.jinahya.database.metadata.bind.Context bind
WARNING: unknown result; type: Procedure, label: RESERVED3, value: null
Jan 26, 2026 2:30:08 PM com.github.jinahya.database.metadata.bind.Context bind
WARNING: unknown result; type: Procedure, label: RESERVED2, value: null
Jan 26, 2026 2:30:08 PM com.github.jinahya.database.metadata.bind.Context bind
WARNING: unknown result; type: Procedure, label: RESERVED1, value: null
Jan 26, 2026 2:30:08 PM com.github.jinahya.database.metadata.bind.Context bind
WARNING: unknown result; type: Procedure, label: RESERVED3, value: null
Jan 26, 2026 2:30:08 PM com.github.jinahya.database.metadata.bind.Context bind
WARNING: unknown result; type: Procedure, label: RESERVED2, value: null
Jan 26, 2026 2:30:08 PM com.github.jinahya.database.metadata.bind.Context bind
WARNING: unknown result; type: Procedure, label: RESERVED1, value: null
Jan 26, 2026 2:30:08 PM com.github.jinahya.database.metadata.bind.Context bind
WARNING: unknown result; type: Procedure, label: RESERVED3, value: null
Jan 26, 2026 2:30:08 PM com.github.jinahya.database.metadata.bind.Context bind
WARNING: unknown result; type: Procedure, label: RESERVED2, value: null
Jan 26, 2026 2:30:08 PM com.github.jinahya.database.metadata.bind.Context bind
WARNING: unknown result; type: Procedure, label: RESERVED1, value: null
Jan 26, 2026 2:30:08 PM com.github.jinahya.database.metadata.bind.Context bind
WARNING: unknown result; type: Procedure, label: RESERVED3, value: null
Jan 26, 2026 2:30:08 PM com.github.jinahya.database.metadata.bind.Context bind
WARNING: unknown result; type: Procedure, label: RESERVED2, value: null
Jan 26, 2026 2:30:08 PM com.github.jinahya.database.metadata.bind.Context bind
WARNING: unknown result; type: Procedure, label: RESERVED1, value: null
Jan 26, 2026 2:30:08 PM com.github.jinahya.database.metadata.bind.Context bind
WARNING: unknown result; type: Procedure, label: RESERVED3, value: null
Jan 26, 2026 2:30:08 PM com.github.jinahya.database.metadata.bind.Context bind
WARNING: unknown result; type: Procedure, label: RESERVED2, value: null
Jan 26, 2026 2:30:08 PM com.github.jinahya.database.metadata.bind.Context bind
WARNING: unknown result; type: Procedure, label: RESERVED1, value: null
Jan 26, 2026 2:30:08 PM com.github.jinahya.database.metadata.bind.Context bind
WARNING: unknown result; type: Procedure, label: RESERVED3, value: null
Jan 26, 2026 2:30:08 PM com.github.jinahya.database.metadata.bind.Context bind
WARNING: unknown result; type: Procedure, label: RESERVED2, value: null
Jan 26, 2026 2:30:08 PM com.github.jinahya.database.metadata.bind.Context bind
WARNING: unknown result; type: Procedure, label: RESERVED1, value: null
Jan 26, 2026 2:30:08 PM com.github.jinahya.database.metadata.bind.Context bind
WARNING: unknown result; type: Procedure, label: RESERVED3, value: null
Jan 26, 2026 2:30:08 PM com.github.jinahya.database.metadata.bind.Context bind
WARNING: unknown result; type: Procedure, label: RESERVED2, value: null
Jan 26, 2026 2:30:08 PM com.github.jinahya.database.metadata.bind.Context bind
WARNING: unknown result; type: Procedure, label: RESERVED1, value: null
Jan 26, 2026 2:30:08 PM com.github.jinahya.database.metadata.bind.Context bind
WARNING: unknown result; type: Procedure, label: RESERVED3, value: null
Jan 26, 2026 2:30:08 PM com.github.jinahya.database.metadata.bind.Context bind
WARNING: unknown result; type: Procedure, label: RESERVED2, value: null
Jan 26, 2026 2:30:08 PM com.github.jinahya.database.metadata.bind.Context bind
WARNING: unknown result; type: Procedure, label: RESERVED1, value: null
Jan 26, 2026 2:30:08 PM com.github.jinahya.database.metadata.bind.Context bind
WARNING: unknown result; type: Procedure, label: RESERVED3, value: null
Jan 26, 2026 2:30:08 PM com.github.jinahya.database.metadata.bind.Context bind
WARNING: unknown result; type: Procedure, label: RESERVED2, value: null
Jan 26, 2026 2:30:08 PM com.github.jinahya.database.metadata.bind.Context bind
WARNING: unknown result; type: Procedure, label: RESERVED1, value: null
Jan 26, 2026 2:30:08 PM com.github.jinahya.database.metadata.bind.Context bind
WARNING: unknown result; type: Procedure, label: RESERVED3, value: null
Jan 26, 2026 2:30:08 PM com.github.jinahya.database.metadata.bind.Context bind
WARNING: unknown result; type: Procedure, label: RESERVED2, value: null
Jan 26, 2026 2:30:08 PM com.github.jinahya.database.metadata.bind.Context bind
WARNING: unknown result; type: Procedure, label: RESERVED1, value: null
Jan 26, 2026 2:30:08 PM com.github.jinahya.database.metadata.bind.Context bind
WARNING: unknown result; type: Procedure, label: RESERVED3, value: null
Jan 26, 2026 2:30:08 PM com.github.jinahya.database.metadata.bind.Context bind
WARNING: unknown result; type: Procedure, label: RESERVED2, value: null
Jan 26, 2026 2:30:08 PM com.github.jinahya.database.metadata.bind.Context bind
WARNING: unknown result; type: Procedure, label: RESERVED1, value: null
Jan 26, 2026 2:30:08 PM com.github.jinahya.database.metadata.bind.Context bind
WARNING: unknown result; type: Procedure, label: RESERVED3, value: null
Jan 26, 2026 2:30:08 PM com.github.jinahya.database.metadata.bind.Context bind
WARNING: unknown result; type: Procedure, label: RESERVED2, value: null
Jan 26, 2026 2:30:08 PM com.github.jinahya.database.metadata.bind.Context bind
WARNING: unknown result; type: Procedure, label: RESERVED1, value: null
Jan 26, 2026 2:30:08 PM com.github.jinahya.database.metadata.bind.Context bind
WARNING: unknown result; type: Procedure, label: RESERVED3, value: null
Jan 26, 2026 2:30:08 PM com.github.jinahya.database.metadata.bind.Context bind
WARNING: unknown result; type: Procedure, label: RESERVED2, value: null
Jan 26, 2026 2:30:08 PM com.github.jinahya.database.metadata.bind.Context bind
WARNING: unknown result; type: Procedure, label: RESERVED1, value: null
Jan 26, 2026 2:30:08 PM com.github.jinahya.database.metadata.bind.Context bind
WARNING: unknown result; type: Procedure, label: RESERVED3, value: null
Jan 26, 2026 2:30:08 PM com.github.jinahya.database.metadata.bind.Context bind
WARNING: unknown result; type: Procedure, label: RESERVED2, value: null
Jan 26, 2026 2:30:08 PM com.github.jinahya.database.metadata.bind.Context bind
WARNING: unknown result; type: Procedure, label: RESERVED1, value: null
Jan 26, 2026 2:30:08 PM com.github.jinahya.database.metadata.bind.Context bind
WARNING: unknown result; type: Procedure, label: RESERVED3, value: null
Jan 26, 2026 2:30:08 PM com.github.jinahya.database.metadata.bind.Context bind
WARNING: unknown result; type: Procedure, label: RESERVED2, value: null
Jan 26, 2026 2:30:08 PM com.github.jinahya.database.metadata.bind.Context bind
WARNING: unknown result; type: Procedure, label: RESERVED1, value: null
Jan 26, 2026 2:30:08 PM com.github.jinahya.database.metadata.bind.Context bind
WARNING: unknown result; type: Procedure, label: RESERVED3, value: null
Jan 26, 2026 2:30:08 PM com.github.jinahya.database.metadata.bind.Context bind
WARNING: unknown result; type: Procedure, label: RESERVED2, value: null
Jan 26, 2026 2:30:08 PM com.github.jinahya.database.metadata.bind.Context bind
WARNING: unknown result; type: Procedure, label: RESERVED1, value: null
Jan 26, 2026 2:30:08 PM com.github.jinahya.database.metadata.bind.Context bind
WARNING: unknown result; type: Procedure, label: RESERVED3, value: null
Jan 26, 2026 2:30:08 PM com.github.jinahya.database.metadata.bind.Context bind
WARNING: unknown result; type: Procedure, label: RESERVED2, value: null
Jan 26, 2026 2:30:08 PM com.github.jinahya.database.metadata.bind.Context bind
WARNING: unknown result; type: Procedure, label: RESERVED1, value: null
Jan 26, 2026 2:30:08 PM com.github.jinahya.database.metadata.bind.Context bind
WARNING: unknown result; type: Procedure, label: RESERVED3, value: null
Jan 26, 2026 2:30:08 PM com.github.jinahya.database.metadata.bind.Context bind
WARNING: unknown result; type: Procedure, label: RESERVED2, value: null
Jan 26, 2026 2:30:08 PM com.github.jinahya.database.metadata.bind.Context bind
WARNING: unknown result; type: Procedure, label: RESERVED1, value: null
Jan 26, 2026 2:30:08 PM com.github.jinahya.database.metadata.bind.Context bind
WARNING: unknown result; type: Procedure, label: RESERVED3, value: null
Jan 26, 2026 2:30:08 PM com.github.jinahya.database.metadata.bind.Context bind
WARNING: unknown result; type: Procedure, label: RESERVED2, value: null
Jan 26, 2026 2:30:08 PM com.github.jinahya.database.metadata.bind.Context bind
WARNING: unknown result; type: Procedure, label: RESERVED1, value: null
Jan 26, 2026 2:30:08 PM com.github.jinahya.database.metadata.bind.Context bind
WARNING: unknown result; type: Procedure, label: RESERVED3, value: null
Jan 26, 2026 2:30:08 PM com.github.jinahya.database.metadata.bind.Context bind
WARNING: unknown result; type: Procedure, label: RESERVED2, value: null
Jan 26, 2026 2:30:08 PM com.github.jinahya.database.metadata.bind.Context bind
WARNING: unknown result; type: Procedure, label: RESERVED1, value: null
Jan 26, 2026 2:30:08 PM com.github.jinahya.database.metadata.bind.Context bind
WARNING: unknown result; type: Procedure, label: RESERVED3, value: null
Jan 26, 2026 2:30:08 PM com.github.jinahya.database.metadata.bind.Context bind
WARNING: unknown result; type: Procedure, label: RESERVED2, value: null
Jan 26, 2026 2:30:08 PM com.github.jinahya.database.metadata.bind.Context bind
WARNING: unknown result; type: Procedure, label: RESERVED1, value: null
Jan 26, 2026 2:30:08 PM com.github.jinahya.database.metadata.bind.Context bind
WARNING: unknown result; type: Procedure, label: RESERVED3, value: null
Jan 26, 2026 2:30:08 PM com.github.jinahya.database.metadata.bind.Context bind
WARNING: unknown result; type: Procedure, label: RESERVED2, value: null
Jan 26, 2026 2:30:08 PM com.github.jinahya.database.metadata.bind.Context bind
WARNING: unknown result; type: Procedure, label: RESERVED1, value: null
Jan 26, 2026 2:30:08 PM com.github.jinahya.database.metadata.bind.Context bind
WARNING: unknown result; type: Procedure, label: RESERVED3, value: null
Jan 26, 2026 2:30:08 PM com.github.jinahya.database.metadata.bind.Context bind
WARNING: unknown result; type: Procedure, label: RESERVED2, value: null
Jan 26, 2026 2:30:08 PM com.github.jinahya.database.metadata.bind.Context bind
WARNING: unknown result; type: Procedure, label: RESERVED1, value: null
Jan 26, 2026 2:30:08 PM com.github.jinahya.database.metadata.bind.Context bind
WARNING: unknown result; type: Procedure, label: RESERVED3, value: null
Jan 26, 2026 2:30:08 PM com.github.jinahya.database.metadata.bind.Context bind
WARNING: unknown result; type: Procedure, label: RESERVED2, value: null
Jan 26, 2026 2:30:08 PM com.github.jinahya.database.metadata.bind.Context bind
WARNING: unknown result; type: Procedure, label: RESERVED1, value: null
Jan 26, 2026 2:30:08 PM com.github.jinahya.database.metadata.bind.Context bind
WARNING: unknown result; type: Procedure, label: RESERVED3, value: null
Jan 26, 2026 2:30:08 PM com.github.jinahya.database.metadata.bind.Context bind
WARNING: unknown result; type: Procedure, label: RESERVED2, value: null
Jan 26, 2026 2:30:08 PM com.github.jinahya.database.metadata.bind.Context bind
WARNING: unknown result; type: Procedure, label: RESERVED1, value: null
Jan 26, 2026 2:30:08 PM com.github.jinahya.database.metadata.bind.Context bind
WARNING: unknown result; type: Procedure, label: RESERVED3, value: null
Jan 26, 2026 2:30:08 PM com.github.jinahya.database.metadata.bind.Context bind
WARNING: unknown result; type: Procedure, label: RESERVED2, value: null
Jan 26, 2026 2:30:08 PM com.github.jinahya.database.metadata.bind.Context bind
WARNING: unknown result; type: Procedure, label: RESERVED1, value: null
Jan 26, 2026 2:30:08 PM com.github.jinahya.database.metadata.bind.Context bind
WARNING: unknown result; type: Procedure, label: RESERVED3, value: null
Jan 26, 2026 2:30:08 PM com.github.jinahya.database.metadata.bind.Context bind
WARNING: unknown result; type: Procedure, label: RESERVED2, value: null
Jan 26, 2026 2:30:08 PM com.github.jinahya.database.metadata.bind.Context bind
WARNING: unknown result; type: Procedure, label: RESERVED1, value: null
Jan 26, 2026 2:30:08 PM com.github.jinahya.database.metadata.bind.Context bind
WARNING: unknown result; type: Procedure, label: RESERVED3, value: null
Jan 26, 2026 2:30:08 PM com.github.jinahya.database.metadata.bind.Context bind
WARNING: unknown result; type: Procedure, label: RESERVED2, value: null
Jan 26, 2026 2:30:08 PM com.github.jinahya.database.metadata.bind.Context bind
WARNING: unknown result; type: Procedure, label: RESERVED1, value: null
Jan 26, 2026 2:30:08 PM com.github.jinahya.database.metadata.bind.Context bind
WARNING: unknown result; type: Procedure, label: RESERVED3, value: null
Jan 26, 2026 2:30:08 PM com.github.jinahya.database.metadata.bind.Context bind
WARNING: unknown result; type: Procedure, label: RESERVED2, value: null
Jan 26, 2026 2:30:08 PM com.github.jinahya.database.metadata.bind.Context bind
WARNING: unknown result; type: Procedure, label: RESERVED1, value: null
Jan 26, 2026 2:30:08 PM com.github.jinahya.database.metadata.bind.Context bind
WARNING: unknown result; type: Procedure, label: RESERVED3, value: null
Jan 26, 2026 2:30:08 PM com.github.jinahya.database.metadata.bind.Context bind
WARNING: unknown result; type: Procedure, label: RESERVED2, value: null
Jan 26, 2026 2:30:08 PM com.github.jinahya.database.metadata.bind.Context bind
WARNING: unknown result; type: Procedure, label: RESERVED1, value: null
Jan 26, 2026 2:30:08 PM com.github.jinahya.database.metadata.bind.Context bind
WARNING: unknown result; type: Procedure, label: RESERVED3, value: null
Jan 26, 2026 2:30:08 PM com.github.jinahya.database.metadata.bind.Context bind
WARNING: unknown result; type: Procedure, label: RESERVED2, value: null
Jan 26, 2026 2:30:08 PM com.github.jinahya.database.metadata.bind.Context bind
WARNING: unknown result; type: Procedure, label: RESERVED1, value: null
Jan 26, 2026 2:30:08 PM com.github.jinahya.database.metadata.bind.Context bind
WARNING: unknown result; type: Procedure, label: RESERVED3, value: null
Jan 26, 2026 2:30:08 PM com.github.jinahya.database.metadata.bind.Context bind
WARNING: unknown result; type: Procedure, label: RESERVED2, value: null
Jan 26, 2026 2:30:08 PM com.github.jinahya.database.metadata.bind.Context bind
WARNING: unknown result; type: Procedure, label: RESERVED1, value: null
Jan 26, 2026 2:30:08 PM com.github.jinahya.database.metadata.bind.Context bind
WARNING: unknown result; type: Procedure, label: RESERVED3, value: null
Jan 26, 2026 2:30:08 PM com.github.jinahya.database.metadata.bind.Context bind
WARNING: unknown result; type: Procedure, label: RESERVED2, value: null
Jan 26, 2026 2:30:08 PM com.github.jinahya.database.metadata.bind.Context bind
WARNING: unknown result; type: Procedure, label: RESERVED1, value: null
Jan 26, 2026 2:30:08 PM com.github.jinahya.database.metadata.bind.Context bind
WARNING: unknown result; type: Procedure, label: RESERVED3, value: null
Jan 26, 2026 2:30:08 PM com.github.jinahya.database.metadata.bind.Context bind
WARNING: unknown result; type: Procedure, label: RESERVED2, value: null
Jan 26, 2026 2:30:08 PM com.github.jinahya.database.metadata.bind.Context bind
WARNING: unknown result; type: Procedure, label: RESERVED1, value: null
Jan 26, 2026 2:30:08 PM com.github.jinahya.database.metadata.bind.Context bind
WARNING: unknown result; type: Procedure, label: RESERVED3, value: null
Jan 26, 2026 2:30:08 PM com.github.jinahya.database.metadata.bind.Context bind
WARNING: unknown result; type: Procedure, label: RESERVED2, value: null
Jan 26, 2026 2:30:08 PM com.github.jinahya.database.metadata.bind.Context bind
WARNING: unknown result; type: Procedure, label: RESERVED1, value: null
Jan 26, 2026 2:30:08 PM com.github.jinahya.database.metadata.bind.Context bind
WARNING: unknown result; type: Procedure, label: RESERVED3, value: null
Jan 26, 2026 2:30:08 PM com.github.jinahya.database.metadata.bind.Context bind
WARNING: unknown result; type: Procedure, label: RESERVED2, value: null
Jan 26, 2026 2:30:08 PM com.github.jinahya.database.metadata.bind.Context bind
WARNING: unknown result; type: Procedure, label: RESERVED1, value: null
Jan 26, 2026 2:30:08 PM com.github.jinahya.database.metadata.bind.Context bind
WARNING: unknown result; type: Procedure, label: RESERVED3, value: null
Jan 26, 2026 2:30:08 PM com.github.jinahya.database.metadata.bind.Context bind
WARNING: unknown result; type: Procedure, label: RESERVED2, value: null
Jan 26, 2026 2:30:08 PM com.github.jinahya.database.metadata.bind.Context bind
WARNING: unknown result; type: Procedure, label: RESERVED1, value: null
Jan 26, 2026 2:30:08 PM com.github.jinahya.database.metadata.bind.Context bind
WARNING: unknown result; type: Procedure, label: RESERVED3, value: null
Jan 26, 2026 2:30:08 PM com.github.jinahya.database.metadata.bind.Context bind
WARNING: unknown result; type: Procedure, label: RESERVED2, value: null
Jan 26, 2026 2:30:08 PM com.github.jinahya.database.metadata.bind.Context bind
WARNING: unknown result; type: Procedure, label: RESERVED1, value: null
Jan 26, 2026 2:30:08 PM com.github.jinahya.database.metadata.bind.Context bind
WARNING: unknown result; type: ProcedureColumn, label: METHOD_ID, value: 3
Jan 26, 2026 2:30:08 PM com.github.jinahya.database.metadata.bind.Context bind
WARNING: unknown result; type: ProcedureColumn, label: PARAMETER_ID, value: 0
Jan 26, 2026 2:30:08 PM com.github.jinahya.database.metadata.bind.Context bind
WARNING: unknown result; type: ProcedureColumn, label: METHOD_ID, value: 3
Jan 26, 2026 2:30:08 PM com.github.jinahya.database.metadata.bind.Context bind
WARNING: unknown result; type: ProcedureColumn, label: PARAMETER_ID, value: 1
Jan 26, 2026 2:30:08 PM com.github.jinahya.database.metadata.bind.Context bind
WARNING: unknown result; type: ProcedureColumn, label: METHOD_ID, value: 3
Jan 26, 2026 2:30:08 PM com.github.jinahya.database.metadata.bind.Context bind
WARNING: unknown result; type: ProcedureColumn, label: PARAMETER_ID, value: 2
Jan 26, 2026 2:30:08 PM com.github.jinahya.database.metadata.bind.Context bind
WARNING: unknown result; type: ProcedureColumn, label: METHOD_ID, value: 2
Jan 26, 2026 2:30:08 PM com.github.jinahya.database.metadata.bind.Context bind
WARNING: unknown result; type: ProcedureColumn, label: PARAMETER_ID, value: 0
Jan 26, 2026 2:30:08 PM com.github.jinahya.database.metadata.bind.Context bind
WARNING: unknown result; type: ProcedureColumn, label: METHOD_ID, value: 2
Jan 26, 2026 2:30:08 PM com.github.jinahya.database.metadata.bind.Context bind
WARNING: unknown result; type: ProcedureColumn, label: PARAMETER_ID, value: 1
Jan 26, 2026 2:30:08 PM com.github.jinahya.database.metadata.bind.Context bind
WARNING: unknown result; type: ProcedureColumn, label: METHOD_ID, value: 2
Jan 26, 2026 2:30:08 PM com.github.jinahya.database.metadata.bind.Context bind
WARNING: unknown result; type: ProcedureColumn, label: PARAMETER_ID, value: 0
Jan 26, 2026 2:30:08 PM com.github.jinahya.database.metadata.bind.Context bind
WARNING: unknown result; type: ProcedureColumn, label: METHOD_ID, value: 2
Jan 26, 2026 2:30:08 PM com.github.jinahya.database.metadata.bind.Context bind
WARNING: unknown result; type: ProcedureColumn, label: PARAMETER_ID, value: 1
Jan 26, 2026 2:30:08 PM com.github.jinahya.database.metadata.bind.Context bind
WARNING: unknown result; type: ProcedureColumn, label: METHOD_ID, value: 1
Jan 26, 2026 2:30:08 PM com.github.jinahya.database.metadata.bind.Context bind
WARNING: unknown result; type: ProcedureColumn, label: PARAMETER_ID, value: 0
Jan 26, 2026 2:30:08 PM com.github.jinahya.database.metadata.bind.Context bind
WARNING: unknown result; type: ProcedureColumn, label: METHOD_ID, value: 2
Jan 26, 2026 2:30:08 PM com.github.jinahya.database.metadata.bind.Context bind
WARNING: unknown result; type: ProcedureColumn, label: PARAMETER_ID, value: 0
Jan 26, 2026 2:30:08 PM com.github.jinahya.database.metadata.bind.Context bind
WARNING: unknown result; type: ProcedureColumn, label: METHOD_ID, value: 2
Jan 26, 2026 2:30:08 PM com.github.jinahya.database.metadata.bind.Context bind
WARNING: unknown result; type: ProcedureColumn, label: PARAMETER_ID, value: 1
Jan 26, 2026 2:30:08 PM com.github.jinahya.database.metadata.bind.Context bind
WARNING: unknown result; type: ProcedureColumn, label: METHOD_ID, value: 2
Jan 26, 2026 2:30:08 PM com.github.jinahya.database.metadata.bind.Context bind
WARNING: unknown result; type: ProcedureColumn, label: PARAMETER_ID, value: 0
Jan 26, 2026 2:30:08 PM com.github.jinahya.database.metadata.bind.Context bind
WARNING: unknown result; type: ProcedureColumn, label: METHOD_ID, value: 2
Jan 26, 2026 2:30:08 PM com.github.jinahya.database.metadata.bind.Context bind
WARNING: unknown result; type: ProcedureColumn, label: PARAMETER_ID, value: 1
Jan 26, 2026 2:30:08 PM com.github.jinahya.database.metadata.bind.Context bind
WARNING: unknown result; type: ProcedureColumn, label: METHOD_ID, value: 1
Jan 26, 2026 2:30:08 PM com.github.jinahya.database.metadata.bind.Context bind
WARNING: unknown result; type: ProcedureColumn, label: PARAMETER_ID, value: 0
Jan 26, 2026 2:30:08 PM com.github.jinahya.database.metadata.bind.Context bind
WARNING: unknown result; type: ProcedureColumn, label: METHOD_ID, value: 4
Jan 26, 2026 2:30:08 PM com.github.jinahya.database.metadata.bind.Context bind
WARNING: unknown result; type: ProcedureColumn, label: PARAMETER_ID, value: 0
Jan 26, 2026 2:30:08 PM com.github.jinahya.database.metadata.bind.Context bind
WARNING: unknown result; type: ProcedureColumn, label: METHOD_ID, value: 4
Jan 26, 2026 2:30:08 PM com.github.jinahya.database.metadata.bind.Context bind
WARNING: unknown result; type: ProcedureColumn, label: PARAMETER_ID, value: 1
Jan 26, 2026 2:30:08 PM com.github.jinahya.database.metadata.bind.Context bind
WARNING: unknown result; type: ProcedureColumn, label: METHOD_ID, value: 4
Jan 26, 2026 2:30:08 PM com.github.jinahya.database.metadata.bind.Context bind
WARNING: unknown result; type: ProcedureColumn, label: PARAMETER_ID, value: 2
Jan 26, 2026 2:30:08 PM com.github.jinahya.database.metadata.bind.Context bind
WARNING: unknown result; type: ProcedureColumn, label: METHOD_ID, value: 4
Jan 26, 2026 2:30:08 PM com.github.jinahya.database.metadata.bind.Context bind
WARNING: unknown result; type: ProcedureColumn, label: PARAMETER_ID, value: 3
Jan 26, 2026 2:30:08 PM com.github.jinahya.database.metadata.bind.Context bind
WARNING: unknown result; type: ProcedureColumn, label: METHOD_ID, value: 3
Jan 26, 2026 2:30:08 PM com.github.jinahya.database.metadata.bind.Context bind
WARNING: unknown result; type: ProcedureColumn, label: PARAMETER_ID, value: 0
Jan 26, 2026 2:30:08 PM com.github.jinahya.database.metadata.bind.Context bind
WARNING: unknown result; type: ProcedureColumn, label: METHOD_ID, value: 3
Jan 26, 2026 2:30:08 PM com.github.jinahya.database.metadata.bind.Context bind
WARNING: unknown result; type: ProcedureColumn, label: PARAMETER_ID, value: 1
Jan 26, 2026 2:30:08 PM com.github.jinahya.database.metadata.bind.Context bind
WARNING: unknown result; type: ProcedureColumn, label: METHOD_ID, value: 3
Jan 26, 2026 2:30:08 PM com.github.jinahya.database.metadata.bind.Context bind
WARNING: unknown result; type: ProcedureColumn, label: PARAMETER_ID, value: 2
Jan 26, 2026 2:30:08 PM com.github.jinahya.database.metadata.bind.Context bind
WARNING: unknown result; type: ProcedureColumn, label: METHOD_ID, value: 2
Jan 26, 2026 2:30:08 PM com.github.jinahya.database.metadata.bind.Context bind
WARNING: unknown result; type: ProcedureColumn, label: PARAMETER_ID, value: 0
Jan 26, 2026 2:30:08 PM com.github.jinahya.database.metadata.bind.Context bind
WARNING: unknown result; type: ProcedureColumn, label: METHOD_ID, value: 2
Jan 26, 2026 2:30:08 PM com.github.jinahya.database.metadata.bind.Context bind
WARNING: unknown result; type: ProcedureColumn, label: PARAMETER_ID, value: 1
Jan 26, 2026 2:30:08 PM com.github.jinahya.database.metadata.bind.Context bind
WARNING: unknown result; type: ProcedureColumn, label: METHOD_ID, value: 1
Jan 26, 2026 2:30:08 PM com.github.jinahya.database.metadata.bind.Context bind
WARNING: unknown result; type: ProcedureColumn, label: PARAMETER_ID, value: 0
Jan 26, 2026 2:30:08 PM com.github.jinahya.database.metadata.bind.Context bind
WARNING: unknown result; type: ProcedureColumn, label: METHOD_ID, value: 3
Jan 26, 2026 2:30:08 PM com.github.jinahya.database.metadata.bind.Context bind
WARNING: unknown result; type: ProcedureColumn, label: PARAMETER_ID, value: 0
Jan 26, 2026 2:30:08 PM com.github.jinahya.database.metadata.bind.Context bind
WARNING: unknown result; type: ProcedureColumn, label: METHOD_ID, value: 3
Jan 26, 2026 2:30:08 PM com.github.jinahya.database.metadata.bind.Context bind
WARNING: unknown result; type: ProcedureColumn, label: PARAMETER_ID, value: 1
Jan 26, 2026 2:30:08 PM com.github.jinahya.database.metadata.bind.Context bind
WARNING: unknown result; type: ProcedureColumn, label: METHOD_ID, value: 3
Jan 26, 2026 2:30:08 PM com.github.jinahya.database.metadata.bind.Context bind
WARNING: unknown result; type: ProcedureColumn, label: PARAMETER_ID, value: 2
Jan 26, 2026 2:30:08 PM com.github.jinahya.database.metadata.bind.Context bind
WARNING: unknown result; type: ProcedureColumn, label: METHOD_ID, value: 1
Jan 26, 2026 2:30:08 PM com.github.jinahya.database.metadata.bind.Context bind
WARNING: unknown result; type: ProcedureColumn, label: PARAMETER_ID, value: 0
Jan 26, 2026 2:30:08 PM com.github.jinahya.database.metadata.bind.Context bind
WARNING: unknown result; type: ProcedureColumn, label: METHOD_ID, value: 5
Jan 26, 2026 2:30:08 PM com.github.jinahya.database.metadata.bind.Context bind
WARNING: unknown result; type: ProcedureColumn, label: PARAMETER_ID, value: 0
Jan 26, 2026 2:30:08 PM com.github.jinahya.database.metadata.bind.Context bind
WARNING: unknown result; type: ProcedureColumn, label: METHOD_ID, value: 5
Jan 26, 2026 2:30:08 PM com.github.jinahya.database.metadata.bind.Context bind
WARNING: unknown result; type: ProcedureColumn, label: PARAMETER_ID, value: 1
Jan 26, 2026 2:30:08 PM com.github.jinahya.database.metadata.bind.Context bind
WARNING: unknown result; type: ProcedureColumn, label: METHOD_ID, value: 5
Jan 26, 2026 2:30:08 PM com.github.jinahya.database.metadata.bind.Context bind
WARNING: unknown result; type: ProcedureColumn, label: PARAMETER_ID, value: 2
Jan 26, 2026 2:30:08 PM com.github.jinahya.database.metadata.bind.Context bind
WARNING: unknown result; type: ProcedureColumn, label: METHOD_ID, value: 5
Jan 26, 2026 2:30:08 PM com.github.jinahya.database.metadata.bind.Context bind
WARNING: unknown result; type: ProcedureColumn, label: PARAMETER_ID, value: 3
Jan 26, 2026 2:30:08 PM com.github.jinahya.database.metadata.bind.Context bind
WARNING: unknown result; type: ProcedureColumn, label: METHOD_ID, value: 5
Jan 26, 2026 2:30:08 PM com.github.jinahya.database.metadata.bind.Context bind
WARNING: unknown result; type: ProcedureColumn, label: PARAMETER_ID, value: 4
Jan 26, 2026 2:30:08 PM com.github.jinahya.database.metadata.bind.Context bind
WARNING: unknown result; type: ProcedureColumn, label: METHOD_ID, value: 6
Jan 26, 2026 2:30:08 PM com.github.jinahya.database.metadata.bind.Context bind
WARNING: unknown result; type: ProcedureColumn, label: PARAMETER_ID, value: 0
Jan 26, 2026 2:30:08 PM com.github.jinahya.database.metadata.bind.Context bind
WARNING: unknown result; type: ProcedureColumn, label: METHOD_ID, value: 6
Jan 26, 2026 2:30:08 PM com.github.jinahya.database.metadata.bind.Context bind
WARNING: unknown result; type: ProcedureColumn, label: PARAMETER_ID, value: 1
Jan 26, 2026 2:30:08 PM com.github.jinahya.database.metadata.bind.Context bind
WARNING: unknown result; type: ProcedureColumn, label: METHOD_ID, value: 6
Jan 26, 2026 2:30:08 PM com.github.jinahya.database.metadata.bind.Context bind
WARNING: unknown result; type: ProcedureColumn, label: PARAMETER_ID, value: 2
Jan 26, 2026 2:30:08 PM com.github.jinahya.database.metadata.bind.Context bind
WARNING: unknown result; type: ProcedureColumn, label: METHOD_ID, value: 6
Jan 26, 2026 2:30:08 PM com.github.jinahya.database.metadata.bind.Context bind
WARNING: unknown result; type: ProcedureColumn, label: PARAMETER_ID, value: 3
Jan 26, 2026 2:30:08 PM com.github.jinahya.database.metadata.bind.Context bind
WARNING: unknown result; type: ProcedureColumn, label: METHOD_ID, value: 6
Jan 26, 2026 2:30:08 PM com.github.jinahya.database.metadata.bind.Context bind
WARNING: unknown result; type: ProcedureColumn, label: PARAMETER_ID, value: 4
Jan 26, 2026 2:30:08 PM com.github.jinahya.database.metadata.bind.Context bind
WARNING: unknown result; type: ProcedureColumn, label: METHOD_ID, value: 6
Jan 26, 2026 2:30:08 PM com.github.jinahya.database.metadata.bind.Context bind
WARNING: unknown result; type: ProcedureColumn, label: PARAMETER_ID, value: 5
Jan 26, 2026 2:30:08 PM com.github.jinahya.database.metadata.bind.Context bind
WARNING: unknown result; type: ProcedureColumn, label: METHOD_ID, value: 6
Jan 26, 2026 2:30:08 PM com.github.jinahya.database.metadata.bind.Context bind
WARNING: unknown result; type: ProcedureColumn, label: PARAMETER_ID, value: 0
Jan 26, 2026 2:30:08 PM com.github.jinahya.database.metadata.bind.Context bind
WARNING: unknown result; type: ProcedureColumn, label: METHOD_ID, value: 6
Jan 26, 2026 2:30:08 PM com.github.jinahya.database.metadata.bind.Context bind
WARNING: unknown result; type: ProcedureColumn, label: PARAMETER_ID, value: 1
Jan 26, 2026 2:30:08 PM com.github.jinahya.database.metadata.bind.Context bind
WARNING: unknown result; type: ProcedureColumn, label: METHOD_ID, value: 6
Jan 26, 2026 2:30:08 PM com.github.jinahya.database.metadata.bind.Context bind
WARNING: unknown result; type: ProcedureColumn, label: PARAMETER_ID, value: 2
Jan 26, 2026 2:30:08 PM com.github.jinahya.database.metadata.bind.Context bind
WARNING: unknown result; type: ProcedureColumn, label: METHOD_ID, value: 6
Jan 26, 2026 2:30:08 PM com.github.jinahya.database.metadata.bind.Context bind
WARNING: unknown result; type: ProcedureColumn, label: PARAMETER_ID, value: 3
Jan 26, 2026 2:30:08 PM com.github.jinahya.database.metadata.bind.Context bind
WARNING: unknown result; type: ProcedureColumn, label: METHOD_ID, value: 6
Jan 26, 2026 2:30:08 PM com.github.jinahya.database.metadata.bind.Context bind
WARNING: unknown result; type: ProcedureColumn, label: PARAMETER_ID, value: 4
Jan 26, 2026 2:30:08 PM com.github.jinahya.database.metadata.bind.Context bind
WARNING: unknown result; type: ProcedureColumn, label: METHOD_ID, value: 6
Jan 26, 2026 2:30:08 PM com.github.jinahya.database.metadata.bind.Context bind
WARNING: unknown result; type: ProcedureColumn, label: PARAMETER_ID, value: 5
Jan 26, 2026 2:30:08 PM com.github.jinahya.database.metadata.bind.Context bind
WARNING: unknown result; type: ProcedureColumn, label: METHOD_ID, value: 7
Jan 26, 2026 2:30:08 PM com.github.jinahya.database.metadata.bind.Context bind
WARNING: unknown result; type: ProcedureColumn, label: PARAMETER_ID, value: 0
Jan 26, 2026 2:30:08 PM com.github.jinahya.database.metadata.bind.Context bind
WARNING: unknown result; type: ProcedureColumn, label: METHOD_ID, value: 7
Jan 26, 2026 2:30:08 PM com.github.jinahya.database.metadata.bind.Context bind
WARNING: unknown result; type: ProcedureColumn, label: PARAMETER_ID, value: 1
Jan 26, 2026 2:30:08 PM com.github.jinahya.database.metadata.bind.Context bind
WARNING: unknown result; type: ProcedureColumn, label: METHOD_ID, value: 7
Jan 26, 2026 2:30:08 PM com.github.jinahya.database.metadata.bind.Context bind
WARNING: unknown result; type: ProcedureColumn, label: PARAMETER_ID, value: 2
Jan 26, 2026 2:30:08 PM com.github.jinahya.database.metadata.bind.Context bind
WARNING: unknown result; type: ProcedureColumn, label: METHOD_ID, value: 7
Jan 26, 2026 2:30:08 PM com.github.jinahya.database.metadata.bind.Context bind
WARNING: unknown result; type: ProcedureColumn, label: PARAMETER_ID, value: 3
Jan 26, 2026 2:30:08 PM com.github.jinahya.database.metadata.bind.Context bind
WARNING: unknown result; type: ProcedureColumn, label: METHOD_ID, value: 7
Jan 26, 2026 2:30:08 PM com.github.jinahya.database.metadata.bind.Context bind
WARNING: unknown result; type: ProcedureColumn, label: PARAMETER_ID, value: 4
Jan 26, 2026 2:30:08 PM com.github.jinahya.database.metadata.bind.Context bind
WARNING: unknown result; type: ProcedureColumn, label: METHOD_ID, value: 7
Jan 26, 2026 2:30:08 PM com.github.jinahya.database.metadata.bind.Context bind
WARNING: unknown result; type: ProcedureColumn, label: PARAMETER_ID, value: 5
Jan 26, 2026 2:30:08 PM com.github.jinahya.database.metadata.bind.Context bind
WARNING: unknown result; type: ProcedureColumn, label: METHOD_ID, value: 7
Jan 26, 2026 2:30:08 PM com.github.jinahya.database.metadata.bind.Context bind
WARNING: unknown result; type: ProcedureColumn, label: PARAMETER_ID, value: 6
Jan 26, 2026 2:30:08 PM com.github.jinahya.database.metadata.bind.Context bind
WARNING: unknown result; type: ProcedureColumn, label: METHOD_ID, value: 9
Jan 26, 2026 2:30:08 PM com.github.jinahya.database.metadata.bind.Context bind
WARNING: unknown result; type: ProcedureColumn, label: PARAMETER_ID, value: 0
Jan 26, 2026 2:30:08 PM com.github.jinahya.database.metadata.bind.Context bind
WARNING: unknown result; type: ProcedureColumn, label: METHOD_ID, value: 9
Jan 26, 2026 2:30:08 PM com.github.jinahya.database.metadata.bind.Context bind
WARNING: unknown result; type: ProcedureColumn, label: PARAMETER_ID, value: 1
Jan 26, 2026 2:30:08 PM com.github.jinahya.database.metadata.bind.Context bind
WARNING: unknown result; type: ProcedureColumn, label: METHOD_ID, value: 9
Jan 26, 2026 2:30:08 PM com.github.jinahya.database.metadata.bind.Context bind
WARNING: unknown result; type: ProcedureColumn, label: PARAMETER_ID, value: 2
Jan 26, 2026 2:30:08 PM com.github.jinahya.database.metadata.bind.Context bind
WARNING: unknown result; type: ProcedureColumn, label: METHOD_ID, value: 9
Jan 26, 2026 2:30:08 PM com.github.jinahya.database.metadata.bind.Context bind
WARNING: unknown result; type: ProcedureColumn, label: PARAMETER_ID, value: 3
Jan 26, 2026 2:30:08 PM com.github.jinahya.database.metadata.bind.Context bind
WARNING: unknown result; type: ProcedureColumn, label: METHOD_ID, value: 9
Jan 26, 2026 2:30:08 PM com.github.jinahya.database.metadata.bind.Context bind
WARNING: unknown result; type: ProcedureColumn, label: PARAMETER_ID, value: 4
Jan 26, 2026 2:30:08 PM com.github.jinahya.database.metadata.bind.Context bind
WARNING: unknown result; type: ProcedureColumn, label: METHOD_ID, value: 9
Jan 26, 2026 2:30:08 PM com.github.jinahya.database.metadata.bind.Context bind
WARNING: unknown result; type: ProcedureColumn, label: PARAMETER_ID, value: 5
Jan 26, 2026 2:30:08 PM com.github.jinahya.database.metadata.bind.Context bind
WARNING: unknown result; type: ProcedureColumn, label: METHOD_ID, value: 9
Jan 26, 2026 2:30:08 PM com.github.jinahya.database.metadata.bind.Context bind
WARNING: unknown result; type: ProcedureColumn, label: PARAMETER_ID, value: 6
Jan 26, 2026 2:30:08 PM com.github.jinahya.database.metadata.bind.Context bind
WARNING: unknown result; type: ProcedureColumn, label: METHOD_ID, value: 9
Jan 26, 2026 2:30:08 PM com.github.jinahya.database.metadata.bind.Context bind
WARNING: unknown result; type: ProcedureColumn, label: PARAMETER_ID, value: 7
Jan 26, 2026 2:30:08 PM com.github.jinahya.database.metadata.bind.Context bind
WARNING: unknown result; type: ProcedureColumn, label: METHOD_ID, value: 9
Jan 26, 2026 2:30:08 PM com.github.jinahya.database.metadata.bind.Context bind
WARNING: unknown result; type: ProcedureColumn, label: PARAMETER_ID, value: 8
Jan 26, 2026 2:30:08 PM com.github.jinahya.database.metadata.bind.Context bind
WARNING: unknown result; type: ProcedureColumn, label: METHOD_ID, value: 10
Jan 26, 2026 2:30:08 PM com.github.jinahya.database.metadata.bind.Context bind
WARNING: unknown result; type: ProcedureColumn, label: PARAMETER_ID, value: 0
Jan 26, 2026 2:30:08 PM com.github.jinahya.database.metadata.bind.Context bind
WARNING: unknown result; type: ProcedureColumn, label: METHOD_ID, value: 10
Jan 26, 2026 2:30:08 PM com.github.jinahya.database.metadata.bind.Context bind
WARNING: unknown result; type: ProcedureColumn, label: PARAMETER_ID, value: 1
Jan 26, 2026 2:30:08 PM com.github.jinahya.database.metadata.bind.Context bind
WARNING: unknown result; type: ProcedureColumn, label: METHOD_ID, value: 10
Jan 26, 2026 2:30:08 PM com.github.jinahya.database.metadata.bind.Context bind
WARNING: unknown result; type: ProcedureColumn, label: PARAMETER_ID, value: 2
Jan 26, 2026 2:30:08 PM com.github.jinahya.database.metadata.bind.Context bind
WARNING: unknown result; type: ProcedureColumn, label: METHOD_ID, value: 10
Jan 26, 2026 2:30:08 PM com.github.jinahya.database.metadata.bind.Context bind
WARNING: unknown result; type: ProcedureColumn, label: PARAMETER_ID, value: 3
Jan 26, 2026 2:30:08 PM com.github.jinahya.database.metadata.bind.Context bind
WARNING: unknown result; type: ProcedureColumn, label: METHOD_ID, value: 10
Jan 26, 2026 2:30:08 PM com.github.jinahya.database.metadata.bind.Context bind
WARNING: unknown result; type: ProcedureColumn, label: PARAMETER_ID, value: 4
Jan 26, 2026 2:30:08 PM com.github.jinahya.database.metadata.bind.Context bind
WARNING: unknown result; type: ProcedureColumn, label: METHOD_ID, value: 10
Jan 26, 2026 2:30:08 PM com.github.jinahya.database.metadata.bind.Context bind
WARNING: unknown result; type: ProcedureColumn, label: PARAMETER_ID, value: 5
Jan 26, 2026 2:30:08 PM com.github.jinahya.database.metadata.bind.Context bind
WARNING: unknown result; type: ProcedureColumn, label: METHOD_ID, value: 10
Jan 26, 2026 2:30:08 PM com.github.jinahya.database.metadata.bind.Context bind
WARNING: unknown result; type: ProcedureColumn, label: PARAMETER_ID, value: 6
Jan 26, 2026 2:30:08 PM com.github.jinahya.database.metadata.bind.Context bind
WARNING: unknown result; type: ProcedureColumn, label: METHOD_ID, value: 10
Jan 26, 2026 2:30:08 PM com.github.jinahya.database.metadata.bind.Context bind
WARNING: unknown result; type: ProcedureColumn, label: PARAMETER_ID, value: 7
Jan 26, 2026 2:30:08 PM com.github.jinahya.database.metadata.bind.Context bind
WARNING: unknown result; type: ProcedureColumn, label: METHOD_ID, value: 10
Jan 26, 2026 2:30:08 PM com.github.jinahya.database.metadata.bind.Context bind
WARNING: unknown result; type: ProcedureColumn, label: PARAMETER_ID, value: 8
Jan 26, 2026 2:30:08 PM com.github.jinahya.database.metadata.bind.Context bind
WARNING: unknown result; type: ProcedureColumn, label: METHOD_ID, value: 10
Jan 26, 2026 2:30:08 PM com.github.jinahya.database.metadata.bind.Context bind
WARNING: unknown result; type: ProcedureColumn, label: PARAMETER_ID, value: 9
Jan 26, 2026 2:30:08 PM com.github.jinahya.database.metadata.bind.Context bind
WARNING: unknown result; type: ProcedureColumn, label: METHOD_ID, value: 9
Jan 26, 2026 2:30:08 PM com.github.jinahya.database.metadata.bind.Context bind
WARNING: unknown result; type: ProcedureColumn, label: PARAMETER_ID, value: 0
Jan 26, 2026 2:30:08 PM com.github.jinahya.database.metadata.bind.Context bind
WARNING: unknown result; type: ProcedureColumn, label: METHOD_ID, value: 9
Jan 26, 2026 2:30:08 PM com.github.jinahya.database.metadata.bind.Context bind
WARNING: unknown result; type: ProcedureColumn, label: PARAMETER_ID, value: 1
Jan 26, 2026 2:30:08 PM com.github.jinahya.database.metadata.bind.Context bind
WARNING: unknown result; type: ProcedureColumn, label: METHOD_ID, value: 9
Jan 26, 2026 2:30:08 PM com.github.jinahya.database.metadata.bind.Context bind
WARNING: unknown result; type: ProcedureColumn, label: PARAMETER_ID, value: 2
Jan 26, 2026 2:30:08 PM com.github.jinahya.database.metadata.bind.Context bind
WARNING: unknown result; type: ProcedureColumn, label: METHOD_ID, value: 9
Jan 26, 2026 2:30:08 PM com.github.jinahya.database.metadata.bind.Context bind
WARNING: unknown result; type: ProcedureColumn, label: PARAMETER_ID, value: 3
Jan 26, 2026 2:30:08 PM com.github.jinahya.database.metadata.bind.Context bind
WARNING: unknown result; type: ProcedureColumn, label: METHOD_ID, value: 9
Jan 26, 2026 2:30:08 PM com.github.jinahya.database.metadata.bind.Context bind
WARNING: unknown result; type: ProcedureColumn, label: PARAMETER_ID, value: 4
Jan 26, 2026 2:30:08 PM com.github.jinahya.database.metadata.bind.Context bind
WARNING: unknown result; type: ProcedureColumn, label: METHOD_ID, value: 9
Jan 26, 2026 2:30:08 PM com.github.jinahya.database.metadata.bind.Context bind
WARNING: unknown result; type: ProcedureColumn, label: PARAMETER_ID, value: 5
Jan 26, 2026 2:30:08 PM com.github.jinahya.database.metadata.bind.Context bind
WARNING: unknown result; type: ProcedureColumn, label: METHOD_ID, value: 9
Jan 26, 2026 2:30:08 PM com.github.jinahya.database.metadata.bind.Context bind
WARNING: unknown result; type: ProcedureColumn, label: PARAMETER_ID, value: 6
Jan 26, 2026 2:30:08 PM com.github.jinahya.database.metadata.bind.Context bind
WARNING: unknown result; type: ProcedureColumn, label: METHOD_ID, value: 9
Jan 26, 2026 2:30:08 PM com.github.jinahya.database.metadata.bind.Context bind
WARNING: unknown result; type: ProcedureColumn, label: PARAMETER_ID, value: 7
Jan 26, 2026 2:30:08 PM com.github.jinahya.database.metadata.bind.Context bind
WARNING: unknown result; type: ProcedureColumn, label: METHOD_ID, value: 9
Jan 26, 2026 2:30:08 PM com.github.jinahya.database.metadata.bind.Context bind
WARNING: unknown result; type: ProcedureColumn, label: PARAMETER_ID, value: 8
Jan 26, 2026 2:30:08 PM com.github.jinahya.database.metadata.bind.Context bind
WARNING: unknown result; type: ProcedureColumn, label: METHOD_ID, value: 7
Jan 26, 2026 2:30:08 PM com.github.jinahya.database.metadata.bind.Context bind
WARNING: unknown result; type: ProcedureColumn, label: PARAMETER_ID, value: 0
Jan 26, 2026 2:30:08 PM com.github.jinahya.database.metadata.bind.Context bind
WARNING: unknown result; type: ProcedureColumn, label: METHOD_ID, value: 7
Jan 26, 2026 2:30:08 PM com.github.jinahya.database.metadata.bind.Context bind
WARNING: unknown result; type: ProcedureColumn, label: PARAMETER_ID, value: 1
Jan 26, 2026 2:30:08 PM com.github.jinahya.database.metadata.bind.Context bind
WARNING: unknown result; type: ProcedureColumn, label: METHOD_ID, value: 7
Jan 26, 2026 2:30:08 PM com.github.jinahya.database.metadata.bind.Context bind
WARNING: unknown result; type: ProcedureColumn, label: PARAMETER_ID, value: 2
Jan 26, 2026 2:30:08 PM com.github.jinahya.database.metadata.bind.Context bind
WARNING: unknown result; type: ProcedureColumn, label: METHOD_ID, value: 7
Jan 26, 2026 2:30:08 PM com.github.jinahya.database.metadata.bind.Context bind
WARNING: unknown result; type: ProcedureColumn, label: PARAMETER_ID, value: 3
Jan 26, 2026 2:30:08 PM com.github.jinahya.database.metadata.bind.Context bind
WARNING: unknown result; type: ProcedureColumn, label: METHOD_ID, value: 7
Jan 26, 2026 2:30:08 PM com.github.jinahya.database.metadata.bind.Context bind
WARNING: unknown result; type: ProcedureColumn, label: PARAMETER_ID, value: 4
Jan 26, 2026 2:30:08 PM com.github.jinahya.database.metadata.bind.Context bind
WARNING: unknown result; type: ProcedureColumn, label: METHOD_ID, value: 7
Jan 26, 2026 2:30:08 PM com.github.jinahya.database.metadata.bind.Context bind
WARNING: unknown result; type: ProcedureColumn, label: PARAMETER_ID, value: 5
Jan 26, 2026 2:30:08 PM com.github.jinahya.database.metadata.bind.Context bind
WARNING: unknown result; type: ProcedureColumn, label: METHOD_ID, value: 7
Jan 26, 2026 2:30:08 PM com.github.jinahya.database.metadata.bind.Context bind
WARNING: unknown result; type: ProcedureColumn, label: PARAMETER_ID, value: 6
Jan 26, 2026 2:30:08 PM com.github.jinahya.database.metadata.bind.Context bind
WARNING: unknown result; type: ProcedureColumn, label: METHOD_ID, value: 8
Jan 26, 2026 2:30:08 PM com.github.jinahya.database.metadata.bind.Context bind
WARNING: unknown result; type: ProcedureColumn, label: PARAMETER_ID, value: 0
Jan 26, 2026 2:30:08 PM com.github.jinahya.database.metadata.bind.Context bind
WARNING: unknown result; type: ProcedureColumn, label: METHOD_ID, value: 8
Jan 26, 2026 2:30:08 PM com.github.jinahya.database.metadata.bind.Context bind
WARNING: unknown result; type: ProcedureColumn, label: PARAMETER_ID, value: 1
Jan 26, 2026 2:30:08 PM com.github.jinahya.database.metadata.bind.Context bind
WARNING: unknown result; type: ProcedureColumn, label: METHOD_ID, value: 8
Jan 26, 2026 2:30:08 PM com.github.jinahya.database.metadata.bind.Context bind
WARNING: unknown result; type: ProcedureColumn, label: PARAMETER_ID, value: 2
Jan 26, 2026 2:30:08 PM com.github.jinahya.database.metadata.bind.Context bind
WARNING: unknown result; type: ProcedureColumn, label: METHOD_ID, value: 8
Jan 26, 2026 2:30:08 PM com.github.jinahya.database.metadata.bind.Context bind
WARNING: unknown result; type: ProcedureColumn, label: PARAMETER_ID, value: 3
Jan 26, 2026 2:30:08 PM com.github.jinahya.database.metadata.bind.Context bind
WARNING: unknown result; type: ProcedureColumn, label: METHOD_ID, value: 8
Jan 26, 2026 2:30:08 PM com.github.jinahya.database.metadata.bind.Context bind
WARNING: unknown result; type: ProcedureColumn, label: PARAMETER_ID, value: 4
Jan 26, 2026 2:30:08 PM com.github.jinahya.database.metadata.bind.Context bind
WARNING: unknown result; type: ProcedureColumn, label: METHOD_ID, value: 8
Jan 26, 2026 2:30:08 PM com.github.jinahya.database.metadata.bind.Context bind
WARNING: unknown result; type: ProcedureColumn, label: PARAMETER_ID, value: 5
Jan 26, 2026 2:30:08 PM com.github.jinahya.database.metadata.bind.Context bind
WARNING: unknown result; type: ProcedureColumn, label: METHOD_ID, value: 8
Jan 26, 2026 2:30:08 PM com.github.jinahya.database.metadata.bind.Context bind
WARNING: unknown result; type: ProcedureColumn, label: PARAMETER_ID, value: 6
Jan 26, 2026 2:30:08 PM com.github.jinahya.database.metadata.bind.Context bind
WARNING: unknown result; type: ProcedureColumn, label: METHOD_ID, value: 8
Jan 26, 2026 2:30:08 PM com.github.jinahya.database.metadata.bind.Context bind
WARNING: unknown result; type: ProcedureColumn, label: PARAMETER_ID, value: 7
Jan 26, 2026 2:30:08 PM com.github.jinahya.database.metadata.bind.Context bind
WARNING: unknown result; type: ProcedureColumn, label: METHOD_ID, value: 7
Jan 26, 2026 2:30:08 PM com.github.jinahya.database.metadata.bind.Context bind
WARNING: unknown result; type: ProcedureColumn, label: PARAMETER_ID, value: 0
Jan 26, 2026 2:30:08 PM com.github.jinahya.database.metadata.bind.Context bind
WARNING: unknown result; type: ProcedureColumn, label: METHOD_ID, value: 7
Jan 26, 2026 2:30:08 PM com.github.jinahya.database.metadata.bind.Context bind
WARNING: unknown result; type: ProcedureColumn, label: PARAMETER_ID, value: 1
Jan 26, 2026 2:30:08 PM com.github.jinahya.database.metadata.bind.Context bind
WARNING: unknown result; type: ProcedureColumn, label: METHOD_ID, value: 7
Jan 26, 2026 2:30:08 PM com.github.jinahya.database.metadata.bind.Context bind
WARNING: unknown result; type: ProcedureColumn, label: PARAMETER_ID, value: 2
Jan 26, 2026 2:30:08 PM com.github.jinahya.database.metadata.bind.Context bind
WARNING: unknown result; type: ProcedureColumn, label: METHOD_ID, value: 7
Jan 26, 2026 2:30:08 PM com.github.jinahya.database.metadata.bind.Context bind
WARNING: unknown result; type: ProcedureColumn, label: PARAMETER_ID, value: 3
Jan 26, 2026 2:30:08 PM com.github.jinahya.database.metadata.bind.Context bind
WARNING: unknown result; type: ProcedureColumn, label: METHOD_ID, value: 7
Jan 26, 2026 2:30:08 PM com.github.jinahya.database.metadata.bind.Context bind
WARNING: unknown result; type: ProcedureColumn, label: PARAMETER_ID, value: 4
Jan 26, 2026 2:30:08 PM com.github.jinahya.database.metadata.bind.Context bind
WARNING: unknown result; type: ProcedureColumn, label: METHOD_ID, value: 7
Jan 26, 2026 2:30:08 PM com.github.jinahya.database.metadata.bind.Context bind
WARNING: unknown result; type: ProcedureColumn, label: PARAMETER_ID, value: 5
Jan 26, 2026 2:30:08 PM com.github.jinahya.database.metadata.bind.Context bind
WARNING: unknown result; type: ProcedureColumn, label: METHOD_ID, value: 7
Jan 26, 2026 2:30:08 PM com.github.jinahya.database.metadata.bind.Context bind
WARNING: unknown result; type: ProcedureColumn, label: PARAMETER_ID, value: 6
Jan 26, 2026 2:30:08 PM com.github.jinahya.database.metadata.bind.Context bind
WARNING: unknown result; type: ProcedureColumn, label: METHOD_ID, value: 5
Jan 26, 2026 2:30:08 PM com.github.jinahya.database.metadata.bind.Context bind
WARNING: unknown result; type: ProcedureColumn, label: PARAMETER_ID, value: 0
Jan 26, 2026 2:30:08 PM com.github.jinahya.database.metadata.bind.Context bind
WARNING: unknown result; type: ProcedureColumn, label: METHOD_ID, value: 5
Jan 26, 2026 2:30:08 PM com.github.jinahya.database.metadata.bind.Context bind
WARNING: unknown result; type: ProcedureColumn, label: PARAMETER_ID, value: 1
Jan 26, 2026 2:30:08 PM com.github.jinahya.database.metadata.bind.Context bind
WARNING: unknown result; type: ProcedureColumn, label: METHOD_ID, value: 5
Jan 26, 2026 2:30:08 PM com.github.jinahya.database.metadata.bind.Context bind
WARNING: unknown result; type: ProcedureColumn, label: PARAMETER_ID, value: 2
Jan 26, 2026 2:30:08 PM com.github.jinahya.database.metadata.bind.Context bind
WARNING: unknown result; type: ProcedureColumn, label: METHOD_ID, value: 5
Jan 26, 2026 2:30:08 PM com.github.jinahya.database.metadata.bind.Context bind
WARNING: unknown result; type: ProcedureColumn, label: PARAMETER_ID, value: 3
Jan 26, 2026 2:30:08 PM com.github.jinahya.database.metadata.bind.Context bind
WARNING: unknown result; type: ProcedureColumn, label: METHOD_ID, value: 5
Jan 26, 2026 2:30:08 PM com.github.jinahya.database.metadata.bind.Context bind
WARNING: unknown result; type: ProcedureColumn, label: PARAMETER_ID, value: 4
Jan 26, 2026 2:30:08 PM com.github.jinahya.database.metadata.bind.Context bind
WARNING: unknown result; type: ProcedureColumn, label: METHOD_ID, value: 1
Jan 26, 2026 2:30:08 PM com.github.jinahya.database.metadata.bind.Context bind
WARNING: unknown result; type: ProcedureColumn, label: PARAMETER_ID, value: 0
Jan 26, 2026 2:30:08 PM com.github.jinahya.database.metadata.bind.Context bind
WARNING: unknown result; type: ProcedureColumn, label: METHOD_ID, value: 3
Jan 26, 2026 2:30:08 PM com.github.jinahya.database.metadata.bind.Context bind
WARNING: unknown result; type: ProcedureColumn, label: PARAMETER_ID, value: 0
Jan 26, 2026 2:30:08 PM com.github.jinahya.database.metadata.bind.Context bind
WARNING: unknown result; type: ProcedureColumn, label: METHOD_ID, value: 3
Jan 26, 2026 2:30:08 PM com.github.jinahya.database.metadata.bind.Context bind
WARNING: unknown result; type: ProcedureColumn, label: PARAMETER_ID, value: 1
Jan 26, 2026 2:30:08 PM com.github.jinahya.database.metadata.bind.Context bind
WARNING: unknown result; type: ProcedureColumn, label: METHOD_ID, value: 3
Jan 26, 2026 2:30:08 PM com.github.jinahya.database.metadata.bind.Context bind
WARNING: unknown result; type: ProcedureColumn, label: PARAMETER_ID, value: 2
Jan 26, 2026 2:30:08 PM com.github.jinahya.database.metadata.bind.Context bind
WARNING: unknown result; type: ProcedureColumn, label: METHOD_ID, value: 2
Jan 26, 2026 2:30:08 PM com.github.jinahya.database.metadata.bind.Context bind
WARNING: unknown result; type: ProcedureColumn, label: PARAMETER_ID, value: 0
Jan 26, 2026 2:30:08 PM com.github.jinahya.database.metadata.bind.Context bind
WARNING: unknown result; type: ProcedureColumn, label: METHOD_ID, value: 2
Jan 26, 2026 2:30:08 PM com.github.jinahya.database.metadata.bind.Context bind
WARNING: unknown result; type: ProcedureColumn, label: PARAMETER_ID, value: 1
Jan 26, 2026 2:30:08 PM com.github.jinahya.database.metadata.bind.Context bind
WARNING: unknown result; type: ProcedureColumn, label: METHOD_ID, value: 2
Jan 26, 2026 2:30:08 PM com.github.jinahya.database.metadata.bind.Context bind
WARNING: unknown result; type: ProcedureColumn, label: PARAMETER_ID, value: 0
Jan 26, 2026 2:30:08 PM com.github.jinahya.database.metadata.bind.Context bind
WARNING: unknown result; type: ProcedureColumn, label: METHOD_ID, value: 2
Jan 26, 2026 2:30:08 PM com.github.jinahya.database.metadata.bind.Context bind
WARNING: unknown result; type: ProcedureColumn, label: PARAMETER_ID, value: 1
Jan 26, 2026 2:30:08 PM com.github.jinahya.database.metadata.bind.Context bind
WARNING: unknown result; type: ProcedureColumn, label: METHOD_ID, value: 1
Jan 26, 2026 2:30:08 PM com.github.jinahya.database.metadata.bind.Context bind
WARNING: unknown result; type: ProcedureColumn, label: PARAMETER_ID, value: 0
Jan 26, 2026 2:30:08 PM com.github.jinahya.database.metadata.bind.Context bind
WARNING: unknown result; type: ProcedureColumn, label: METHOD_ID, value: 1
Jan 26, 2026 2:30:08 PM com.github.jinahya.database.metadata.bind.Context bind
WARNING: unknown result; type: ProcedureColumn, label: PARAMETER_ID, value: 0
Jan 26, 2026 2:30:08 PM com.github.jinahya.database.metadata.bind.Context bind
WARNING: unknown result; type: ProcedureColumn, label: METHOD_ID, value: 2
Jan 26, 2026 2:30:08 PM com.github.jinahya.database.metadata.bind.Context bind
WARNING: unknown result; type: ProcedureColumn, label: PARAMETER_ID, value: 0
Jan 26, 2026 2:30:08 PM com.github.jinahya.database.metadata.bind.Context bind
WARNING: unknown result; type: ProcedureColumn, label: METHOD_ID, value: 2
Jan 26, 2026 2:30:08 PM com.github.jinahya.database.metadata.bind.Context bind
WARNING: unknown result; type: ProcedureColumn, label: PARAMETER_ID, value: 1
Jan 26, 2026 2:30:08 PM com.github.jinahya.database.metadata.bind.Context bind
WARNING: unknown result; type: ProcedureColumn, label: METHOD_ID, value: 1
Jan 26, 2026 2:30:08 PM com.github.jinahya.database.metadata.bind.Context bind
WARNING: unknown result; type: ProcedureColumn, label: PARAMETER_ID, value: 0
Jan 26, 2026 2:30:08 PM com.github.jinahya.database.metadata.bind.Context bind
WARNING: unknown result; type: ProcedureColumn, label: METHOD_ID, value: 1
Jan 26, 2026 2:30:08 PM com.github.jinahya.database.metadata.bind.Context bind
WARNING: unknown result; type: ProcedureColumn, label: PARAMETER_ID, value: 0
Jan 26, 2026 2:30:08 PM com.github.jinahya.database.metadata.bind.Context bind
WARNING: unknown result; type: ProcedureColumn, label: METHOD_ID, value: 3
Jan 26, 2026 2:30:08 PM com.github.jinahya.database.metadata.bind.Context bind
WARNING: unknown result; type: ProcedureColumn, label: PARAMETER_ID, value: 0
Jan 26, 2026 2:30:08 PM com.github.jinahya.database.metadata.bind.Context bind
WARNING: unknown result; type: ProcedureColumn, label: METHOD_ID, value: 3
Jan 26, 2026 2:30:08 PM com.github.jinahya.database.metadata.bind.Context bind
WARNING: unknown result; type: ProcedureColumn, label: PARAMETER_ID, value: 1
Jan 26, 2026 2:30:08 PM com.github.jinahya.database.metadata.bind.Context bind
WARNING: unknown result; type: ProcedureColumn, label: METHOD_ID, value: 3
Jan 26, 2026 2:30:08 PM com.github.jinahya.database.metadata.bind.Context bind
WARNING: unknown result; type: ProcedureColumn, label: PARAMETER_ID, value: 2
Jan 26, 2026 2:30:08 PM com.github.jinahya.database.metadata.bind.Context bind
WARNING: unknown result; type: ProcedureColumn, label: METHOD_ID, value: 1
Jan 26, 2026 2:30:08 PM com.github.jinahya.database.metadata.bind.Context bind
WARNING: unknown result; type: ProcedureColumn, label: PARAMETER_ID, value: 0
Jan 26, 2026 2:30:08 PM com.github.jinahya.database.metadata.bind.Context bind
WARNING: unknown result; type: ProcedureColumn, label: METHOD_ID, value: 4
Jan 26, 2026 2:30:08 PM com.github.jinahya.database.metadata.bind.Context bind
WARNING: unknown result; type: ProcedureColumn, label: PARAMETER_ID, value: 0
Jan 26, 2026 2:30:08 PM com.github.jinahya.database.metadata.bind.Context bind
WARNING: unknown result; type: ProcedureColumn, label: METHOD_ID, value: 4
Jan 26, 2026 2:30:08 PM com.github.jinahya.database.metadata.bind.Context bind
WARNING: unknown result; type: ProcedureColumn, label: PARAMETER_ID, value: 1
Jan 26, 2026 2:30:08 PM com.github.jinahya.database.metadata.bind.Context bind
WARNING: unknown result; type: ProcedureColumn, label: METHOD_ID, value: 4
Jan 26, 2026 2:30:08 PM com.github.jinahya.database.metadata.bind.Context bind
WARNING: unknown result; type: ProcedureColumn, label: PARAMETER_ID, value: 2
Jan 26, 2026 2:30:08 PM com.github.jinahya.database.metadata.bind.Context bind
WARNING: unknown result; type: ProcedureColumn, label: METHOD_ID, value: 4
Jan 26, 2026 2:30:08 PM com.github.jinahya.database.metadata.bind.Context bind
WARNING: unknown result; type: ProcedureColumn, label: PARAMETER_ID, value: 3
Jan 26, 2026 2:30:08 PM com.github.jinahya.database.metadata.bind.Context bind
WARNING: unknown result; type: ProcedureColumn, label: METHOD_ID, value: 2
Jan 26, 2026 2:30:08 PM com.github.jinahya.database.metadata.bind.Context bind
WARNING: unknown result; type: ProcedureColumn, label: PARAMETER_ID, value: 0
Jan 26, 2026 2:30:08 PM com.github.jinahya.database.metadata.bind.Context bind
WARNING: unknown result; type: ProcedureColumn, label: METHOD_ID, value: 2
Jan 26, 2026 2:30:08 PM com.github.jinahya.database.metadata.bind.Context bind
WARNING: unknown result; type: ProcedureColumn, label: PARAMETER_ID, value: 1
Jan 26, 2026 2:30:08 PM com.github.jinahya.database.metadata.bind.Context bind
WARNING: unknown result; type: ProcedureColumn, label: METHOD_ID, value: 1
Jan 26, 2026 2:30:08 PM com.github.jinahya.database.metadata.bind.Context bind
WARNING: unknown result; type: ProcedureColumn, label: PARAMETER_ID, value: 0
Jan 26, 2026 2:30:08 PM com.github.jinahya.database.metadata.bind.Context bind
WARNING: unknown result; type: ProcedureColumn, label: METHOD_ID, value: 4
Jan 26, 2026 2:30:08 PM com.github.jinahya.database.metadata.bind.Context bind
WARNING: unknown result; type: ProcedureColumn, label: PARAMETER_ID, value: 0
Jan 26, 2026 2:30:08 PM com.github.jinahya.database.metadata.bind.Context bind
WARNING: unknown result; type: ProcedureColumn, label: METHOD_ID, value: 4
Jan 26, 2026 2:30:08 PM com.github.jinahya.database.metadata.bind.Context bind
WARNING: unknown result; type: ProcedureColumn, label: PARAMETER_ID, value: 1
Jan 26, 2026 2:30:08 PM com.github.jinahya.database.metadata.bind.Context bind
WARNING: unknown result; type: ProcedureColumn, label: METHOD_ID, value: 4
Jan 26, 2026 2:30:08 PM com.github.jinahya.database.metadata.bind.Context bind
WARNING: unknown result; type: ProcedureColumn, label: PARAMETER_ID, value: 2
Jan 26, 2026 2:30:08 PM com.github.jinahya.database.metadata.bind.Context bind
WARNING: unknown result; type: ProcedureColumn, label: METHOD_ID, value: 4
Jan 26, 2026 2:30:08 PM com.github.jinahya.database.metadata.bind.Context bind
WARNING: unknown result; type: ProcedureColumn, label: PARAMETER_ID, value: 3
Jan 26, 2026 2:30:08 PM com.github.jinahya.database.metadata.bind.Context bind
WARNING: unknown result; type: ProcedureColumn, label: METHOD_ID, value: 2
Jan 26, 2026 2:30:08 PM com.github.jinahya.database.metadata.bind.Context bind
WARNING: unknown result; type: ProcedureColumn, label: PARAMETER_ID, value: 0
Jan 26, 2026 2:30:08 PM com.github.jinahya.database.metadata.bind.Context bind
WARNING: unknown result; type: ProcedureColumn, label: METHOD_ID, value: 2
Jan 26, 2026 2:30:08 PM com.github.jinahya.database.metadata.bind.Context bind
WARNING: unknown result; type: ProcedureColumn, label: PARAMETER_ID, value: 1
Jan 26, 2026 2:30:08 PM com.github.jinahya.database.metadata.bind.Context bind
WARNING: unknown result; type: ProcedureColumn, label: METHOD_ID, value: 16
Jan 26, 2026 2:30:08 PM com.github.jinahya.database.metadata.bind.Context bind
WARNING: unknown result; type: ProcedureColumn, label: PARAMETER_ID, value: 0
Jan 26, 2026 2:30:08 PM com.github.jinahya.database.metadata.bind.Context bind
WARNING: unknown result; type: ProcedureColumn, label: METHOD_ID, value: 16
Jan 26, 2026 2:30:08 PM com.github.jinahya.database.metadata.bind.Context bind
WARNING: unknown result; type: ProcedureColumn, label: PARAMETER_ID, value: 1
Jan 26, 2026 2:30:08 PM com.github.jinahya.database.metadata.bind.Context bind
WARNING: unknown result; type: ProcedureColumn, label: METHOD_ID, value: 16
Jan 26, 2026 2:30:08 PM com.github.jinahya.database.metadata.bind.Context bind
WARNING: unknown result; type: ProcedureColumn, label: PARAMETER_ID, value: 2
Jan 26, 2026 2:30:08 PM com.github.jinahya.database.metadata.bind.Context bind
WARNING: unknown result; type: ProcedureColumn, label: METHOD_ID, value: 16
Jan 26, 2026 2:30:08 PM com.github.jinahya.database.metadata.bind.Context bind
WARNING: unknown result; type: ProcedureColumn, label: PARAMETER_ID, value: 3
Jan 26, 2026 2:30:08 PM com.github.jinahya.database.metadata.bind.Context bind
WARNING: unknown result; type: ProcedureColumn, label: METHOD_ID, value: 16
Jan 26, 2026 2:30:08 PM com.github.jinahya.database.metadata.bind.Context bind
WARNING: unknown result; type: ProcedureColumn, label: PARAMETER_ID, value: 4
Jan 26, 2026 2:30:08 PM com.github.jinahya.database.metadata.bind.Context bind
WARNING: unknown result; type: ProcedureColumn, label: METHOD_ID, value: 16
Jan 26, 2026 2:30:08 PM com.github.jinahya.database.metadata.bind.Context bind
WARNING: unknown result; type: ProcedureColumn, label: PARAMETER_ID, value: 5
Jan 26, 2026 2:30:08 PM com.github.jinahya.database.metadata.bind.Context bind
WARNING: unknown result; type: ProcedureColumn, label: METHOD_ID, value: 16
Jan 26, 2026 2:30:08 PM com.github.jinahya.database.metadata.bind.Context bind
WARNING: unknown result; type: ProcedureColumn, label: PARAMETER_ID, value: 6
Jan 26, 2026 2:30:08 PM com.github.jinahya.database.metadata.bind.Context bind
WARNING: unknown result; type: ProcedureColumn, label: METHOD_ID, value: 16
Jan 26, 2026 2:30:08 PM com.github.jinahya.database.metadata.bind.Context bind
WARNING: unknown result; type: ProcedureColumn, label: PARAMETER_ID, value: 7
Jan 26, 2026 2:30:08 PM com.github.jinahya.database.metadata.bind.Context bind
WARNING: unknown result; type: ProcedureColumn, label: METHOD_ID, value: 16
Jan 26, 2026 2:30:08 PM com.github.jinahya.database.metadata.bind.Context bind
WARNING: unknown result; type: ProcedureColumn, label: PARAMETER_ID, value: 8
Jan 26, 2026 2:30:08 PM com.github.jinahya.database.metadata.bind.Context bind
WARNING: unknown result; type: ProcedureColumn, label: METHOD_ID, value: 16
Jan 26, 2026 2:30:08 PM com.github.jinahya.database.metadata.bind.Context bind
WARNING: unknown result; type: ProcedureColumn, label: PARAMETER_ID, value: 9
Jan 26, 2026 2:30:08 PM com.github.jinahya.database.metadata.bind.Context bind
WARNING: unknown result; type: ProcedureColumn, label: METHOD_ID, value: 16
Jan 26, 2026 2:30:08 PM com.github.jinahya.database.metadata.bind.Context bind
WARNING: unknown result; type: ProcedureColumn, label: PARAMETER_ID, value: 10
Jan 26, 2026 2:30:08 PM com.github.jinahya.database.metadata.bind.Context bind
WARNING: unknown result; type: ProcedureColumn, label: METHOD_ID, value: 16
Jan 26, 2026 2:30:08 PM com.github.jinahya.database.metadata.bind.Context bind
WARNING: unknown result; type: ProcedureColumn, label: PARAMETER_ID, value: 11
Jan 26, 2026 2:30:08 PM com.github.jinahya.database.metadata.bind.Context bind
WARNING: unknown result; type: ProcedureColumn, label: METHOD_ID, value: 16
Jan 26, 2026 2:30:08 PM com.github.jinahya.database.metadata.bind.Context bind
WARNING: unknown result; type: ProcedureColumn, label: PARAMETER_ID, value: 12
Jan 26, 2026 2:30:08 PM com.github.jinahya.database.metadata.bind.Context bind
WARNING: unknown result; type: ProcedureColumn, label: METHOD_ID, value: 16
Jan 26, 2026 2:30:08 PM com.github.jinahya.database.metadata.bind.Context bind
WARNING: unknown result; type: ProcedureColumn, label: PARAMETER_ID, value: 13
Jan 26, 2026 2:30:08 PM com.github.jinahya.database.metadata.bind.Context bind
WARNING: unknown result; type: ProcedureColumn, label: METHOD_ID, value: 16
Jan 26, 2026 2:30:08 PM com.github.jinahya.database.metadata.bind.Context bind
WARNING: unknown result; type: ProcedureColumn, label: PARAMETER_ID, value: 14
Jan 26, 2026 2:30:08 PM com.github.jinahya.database.metadata.bind.Context bind
WARNING: unknown result; type: ProcedureColumn, label: METHOD_ID, value: 16
Jan 26, 2026 2:30:08 PM com.github.jinahya.database.metadata.bind.Context bind
WARNING: unknown result; type: ProcedureColumn, label: PARAMETER_ID, value: 15
Jan 26, 2026 2:30:08 PM com.github.jinahya.database.metadata.bind.Context bind
WARNING: unknown result; type: ProcedureColumn, label: METHOD_ID, value: 5
Jan 26, 2026 2:30:08 PM com.github.jinahya.database.metadata.bind.Context bind
WARNING: unknown result; type: ProcedureColumn, label: PARAMETER_ID, value: 0
Jan 26, 2026 2:30:08 PM com.github.jinahya.database.metadata.bind.Context bind
WARNING: unknown result; type: ProcedureColumn, label: METHOD_ID, value: 5
Jan 26, 2026 2:30:08 PM com.github.jinahya.database.metadata.bind.Context bind
WARNING: unknown result; type: ProcedureColumn, label: PARAMETER_ID, value: 1
Jan 26, 2026 2:30:08 PM com.github.jinahya.database.metadata.bind.Context bind
WARNING: unknown result; type: ProcedureColumn, label: METHOD_ID, value: 5
Jan 26, 2026 2:30:08 PM com.github.jinahya.database.metadata.bind.Context bind
WARNING: unknown result; type: ProcedureColumn, label: PARAMETER_ID, value: 2
Jan 26, 2026 2:30:08 PM com.github.jinahya.database.metadata.bind.Context bind
WARNING: unknown result; type: ProcedureColumn, label: METHOD_ID, value: 5
Jan 26, 2026 2:30:08 PM com.github.jinahya.database.metadata.bind.Context bind
WARNING: unknown result; type: ProcedureColumn, label: PARAMETER_ID, value: 3
Jan 26, 2026 2:30:08 PM com.github.jinahya.database.metadata.bind.Context bind
WARNING: unknown result; type: ProcedureColumn, label: METHOD_ID, value: 5
Jan 26, 2026 2:30:08 PM com.github.jinahya.database.metadata.bind.Context bind
WARNING: unknown result; type: ProcedureColumn, label: PARAMETER_ID, value: 4
Jan 26, 2026 2:30:08 PM com.github.jinahya.database.metadata.bind.Context bind
WARNING: unknown result; type: ProcedureColumn, label: METHOD_ID, value: 5
Jan 26, 2026 2:30:08 PM com.github.jinahya.database.metadata.bind.Context bind
WARNING: unknown result; type: ProcedureColumn, label: PARAMETER_ID, value: 0
Jan 26, 2026 2:30:08 PM com.github.jinahya.database.metadata.bind.Context bind
WARNING: unknown result; type: ProcedureColumn, label: METHOD_ID, value: 5
Jan 26, 2026 2:30:08 PM com.github.jinahya.database.metadata.bind.Context bind
WARNING: unknown result; type: ProcedureColumn, label: PARAMETER_ID, value: 1
Jan 26, 2026 2:30:08 PM com.github.jinahya.database.metadata.bind.Context bind
WARNING: unknown result; type: ProcedureColumn, label: METHOD_ID, value: 5
Jan 26, 2026 2:30:08 PM com.github.jinahya.database.metadata.bind.Context bind
WARNING: unknown result; type: ProcedureColumn, label: PARAMETER_ID, value: 2
Jan 26, 2026 2:30:08 PM com.github.jinahya.database.metadata.bind.Context bind
WARNING: unknown result; type: ProcedureColumn, label: METHOD_ID, value: 5
Jan 26, 2026 2:30:08 PM com.github.jinahya.database.metadata.bind.Context bind
WARNING: unknown result; type: ProcedureColumn, label: PARAMETER_ID, value: 3
Jan 26, 2026 2:30:08 PM com.github.jinahya.database.metadata.bind.Context bind
WARNING: unknown result; type: ProcedureColumn, label: METHOD_ID, value: 5
Jan 26, 2026 2:30:08 PM com.github.jinahya.database.metadata.bind.Context bind
WARNING: unknown result; type: ProcedureColumn, label: PARAMETER_ID, value: 4
Jan 26, 2026 2:30:08 PM com.github.jinahya.database.metadata.bind.Context bind
WARNING: unknown result; type: ProcedureColumn, label: METHOD_ID, value: 7
Jan 26, 2026 2:30:08 PM com.github.jinahya.database.metadata.bind.Context bind
WARNING: unknown result; type: ProcedureColumn, label: PARAMETER_ID, value: 0
Jan 26, 2026 2:30:08 PM com.github.jinahya.database.metadata.bind.Context bind
WARNING: unknown result; type: ProcedureColumn, label: METHOD_ID, value: 7
Jan 26, 2026 2:30:08 PM com.github.jinahya.database.metadata.bind.Context bind
WARNING: unknown result; type: ProcedureColumn, label: PARAMETER_ID, value: 1
Jan 26, 2026 2:30:08 PM com.github.jinahya.database.metadata.bind.Context bind
WARNING: unknown result; type: ProcedureColumn, label: METHOD_ID, value: 7
Jan 26, 2026 2:30:08 PM com.github.jinahya.database.metadata.bind.Context bind
WARNING: unknown result; type: ProcedureColumn, label: PARAMETER_ID, value: 2
Jan 26, 2026 2:30:08 PM com.github.jinahya.database.metadata.bind.Context bind
WARNING: unknown result; type: ProcedureColumn, label: METHOD_ID, value: 7
Jan 26, 2026 2:30:08 PM com.github.jinahya.database.metadata.bind.Context bind
WARNING: unknown result; type: ProcedureColumn, label: PARAMETER_ID, value: 3
Jan 26, 2026 2:30:08 PM com.github.jinahya.database.metadata.bind.Context bind
WARNING: unknown result; type: ProcedureColumn, label: METHOD_ID, value: 7
Jan 26, 2026 2:30:08 PM com.github.jinahya.database.metadata.bind.Context bind
WARNING: unknown result; type: ProcedureColumn, label: PARAMETER_ID, value: 4
Jan 26, 2026 2:30:08 PM com.github.jinahya.database.metadata.bind.Context bind
WARNING: unknown result; type: ProcedureColumn, label: METHOD_ID, value: 7
Jan 26, 2026 2:30:08 PM com.github.jinahya.database.metadata.bind.Context bind
WARNING: unknown result; type: ProcedureColumn, label: PARAMETER_ID, value: 5
Jan 26, 2026 2:30:08 PM com.github.jinahya.database.metadata.bind.Context bind
WARNING: unknown result; type: ProcedureColumn, label: METHOD_ID, value: 7
Jan 26, 2026 2:30:08 PM com.github.jinahya.database.metadata.bind.Context bind
WARNING: unknown result; type: ProcedureColumn, label: PARAMETER_ID, value: 6
Jan 26, 2026 2:30:08 PM com.github.jinahya.database.metadata.bind.Context bind
WARNING: unknown result; type: ProcedureColumn, label: METHOD_ID, value: 5
Jan 26, 2026 2:30:08 PM com.github.jinahya.database.metadata.bind.Context bind
WARNING: unknown result; type: ProcedureColumn, label: PARAMETER_ID, value: 0
Jan 26, 2026 2:30:08 PM com.github.jinahya.database.metadata.bind.Context bind
WARNING: unknown result; type: ProcedureColumn, label: METHOD_ID, value: 5
Jan 26, 2026 2:30:08 PM com.github.jinahya.database.metadata.bind.Context bind
WARNING: unknown result; type: ProcedureColumn, label: PARAMETER_ID, value: 1
Jan 26, 2026 2:30:08 PM com.github.jinahya.database.metadata.bind.Context bind
WARNING: unknown result; type: ProcedureColumn, label: METHOD_ID, value: 5
Jan 26, 2026 2:30:08 PM com.github.jinahya.database.metadata.bind.Context bind
WARNING: unknown result; type: ProcedureColumn, label: PARAMETER_ID, value: 2
Jan 26, 2026 2:30:08 PM com.github.jinahya.database.metadata.bind.Context bind
WARNING: unknown result; type: ProcedureColumn, label: METHOD_ID, value: 5
Jan 26, 2026 2:30:08 PM com.github.jinahya.database.metadata.bind.Context bind
WARNING: unknown result; type: ProcedureColumn, label: PARAMETER_ID, value: 3
Jan 26, 2026 2:30:08 PM com.github.jinahya.database.metadata.bind.Context bind
WARNING: unknown result; type: ProcedureColumn, label: METHOD_ID, value: 5
Jan 26, 2026 2:30:08 PM com.github.jinahya.database.metadata.bind.Context bind
WARNING: unknown result; type: ProcedureColumn, label: PARAMETER_ID, value: 4
Jan 26, 2026 2:30:08 PM com.github.jinahya.database.metadata.bind.Context bind
WARNING: unknown result; type: ProcedureColumn, label: METHOD_ID, value: 4
Jan 26, 2026 2:30:08 PM com.github.jinahya.database.metadata.bind.Context bind
WARNING: unknown result; type: ProcedureColumn, label: PARAMETER_ID, value: 0
Jan 26, 2026 2:30:08 PM com.github.jinahya.database.metadata.bind.Context bind
WARNING: unknown result; type: ProcedureColumn, label: METHOD_ID, value: 4
Jan 26, 2026 2:30:08 PM com.github.jinahya.database.metadata.bind.Context bind
WARNING: unknown result; type: ProcedureColumn, label: PARAMETER_ID, value: 1
Jan 26, 2026 2:30:08 PM com.github.jinahya.database.metadata.bind.Context bind
WARNING: unknown result; type: ProcedureColumn, label: METHOD_ID, value: 4
Jan 26, 2026 2:30:08 PM com.github.jinahya.database.metadata.bind.Context bind
WARNING: unknown result; type: ProcedureColumn, label: PARAMETER_ID, value: 2
Jan 26, 2026 2:30:08 PM com.github.jinahya.database.metadata.bind.Context bind
WARNING: unknown result; type: ProcedureColumn, label: METHOD_ID, value: 4
Jan 26, 2026 2:30:08 PM com.github.jinahya.database.metadata.bind.Context bind
WARNING: unknown result; type: ProcedureColumn, label: PARAMETER_ID, value: 3
Jan 26, 2026 2:30:08 PM com.github.jinahya.database.metadata.bind.Context bind
WARNING: unknown result; type: ProcedureColumn, label: METHOD_ID, value: 2
Jan 26, 2026 2:30:08 PM com.github.jinahya.database.metadata.bind.Context bind
WARNING: unknown result; type: ProcedureColumn, label: PARAMETER_ID, value: 0
Jan 26, 2026 2:30:08 PM com.github.jinahya.database.metadata.bind.Context bind
WARNING: unknown result; type: ProcedureColumn, label: METHOD_ID, value: 2
Jan 26, 2026 2:30:08 PM com.github.jinahya.database.metadata.bind.Context bind
WARNING: unknown result; type: ProcedureColumn, label: PARAMETER_ID, value: 1
Jan 26, 2026 2:30:08 PM com.github.jinahya.database.metadata.bind.Context bind
WARNING: unknown result; type: ProcedureColumn, label: METHOD_ID, value: 4
Jan 26, 2026 2:30:08 PM com.github.jinahya.database.metadata.bind.Context bind
WARNING: unknown result; type: ProcedureColumn, label: PARAMETER_ID, value: 0
Jan 26, 2026 2:30:08 PM com.github.jinahya.database.metadata.bind.Context bind
WARNING: unknown result; type: ProcedureColumn, label: METHOD_ID, value: 4
Jan 26, 2026 2:30:08 PM com.github.jinahya.database.metadata.bind.Context bind
WARNING: unknown result; type: ProcedureColumn, label: PARAMETER_ID, value: 1
Jan 26, 2026 2:30:08 PM com.github.jinahya.database.metadata.bind.Context bind
WARNING: unknown result; type: ProcedureColumn, label: METHOD_ID, value: 4
Jan 26, 2026 2:30:08 PM com.github.jinahya.database.metadata.bind.Context bind
WARNING: unknown result; type: ProcedureColumn, label: PARAMETER_ID, value: 2
Jan 26, 2026 2:30:08 PM com.github.jinahya.database.metadata.bind.Context bind
WARNING: unknown result; type: ProcedureColumn, label: METHOD_ID, value: 4
Jan 26, 2026 2:30:08 PM com.github.jinahya.database.metadata.bind.Context bind
WARNING: unknown result; type: ProcedureColumn, label: PARAMETER_ID, value: 3
Jan 26, 2026 2:30:08 PM com.github.jinahya.database.metadata.bind.Context bind
WARNING: unknown result; type: ProcedureColumn, label: METHOD_ID, value: 5
Jan 26, 2026 2:30:08 PM com.github.jinahya.database.metadata.bind.Context bind
WARNING: unknown result; type: ProcedureColumn, label: PARAMETER_ID, value: 0
Jan 26, 2026 2:30:08 PM com.github.jinahya.database.metadata.bind.Context bind
WARNING: unknown result; type: ProcedureColumn, label: METHOD_ID, value: 5
Jan 26, 2026 2:30:08 PM com.github.jinahya.database.metadata.bind.Context bind
WARNING: unknown result; type: ProcedureColumn, label: PARAMETER_ID, value: 1
Jan 26, 2026 2:30:08 PM com.github.jinahya.database.metadata.bind.Context bind
WARNING: unknown result; type: ProcedureColumn, label: METHOD_ID, value: 5
Jan 26, 2026 2:30:08 PM com.github.jinahya.database.metadata.bind.Context bind
WARNING: unknown result; type: ProcedureColumn, label: PARAMETER_ID, value: 2
Jan 26, 2026 2:30:08 PM com.github.jinahya.database.metadata.bind.Context bind
WARNING: unknown result; type: ProcedureColumn, label: METHOD_ID, value: 5
Jan 26, 2026 2:30:08 PM com.github.jinahya.database.metadata.bind.Context bind
WARNING: unknown result; type: ProcedureColumn, label: PARAMETER_ID, value: 3
Jan 26, 2026 2:30:08 PM com.github.jinahya.database.metadata.bind.Context bind
WARNING: unknown result; type: ProcedureColumn, label: METHOD_ID, value: 5
Jan 26, 2026 2:30:08 PM com.github.jinahya.database.metadata.bind.Context bind
WARNING: unknown result; type: ProcedureColumn, label: PARAMETER_ID, value: 4
Jan 26, 2026 2:30:08 PM com.github.jinahya.database.metadata.bind.Context bind
WARNING: unknown result; type: ProcedureColumn, label: METHOD_ID, value: 4
Jan 26, 2026 2:30:08 PM com.github.jinahya.database.metadata.bind.Context bind
WARNING: unknown result; type: ProcedureColumn, label: PARAMETER_ID, value: 0
Jan 26, 2026 2:30:08 PM com.github.jinahya.database.metadata.bind.Context bind
WARNING: unknown result; type: ProcedureColumn, label: METHOD_ID, value: 4
Jan 26, 2026 2:30:08 PM com.github.jinahya.database.metadata.bind.Context bind
WARNING: unknown result; type: ProcedureColumn, label: PARAMETER_ID, value: 1
Jan 26, 2026 2:30:08 PM com.github.jinahya.database.metadata.bind.Context bind
WARNING: unknown result; type: ProcedureColumn, label: METHOD_ID, value: 4
Jan 26, 2026 2:30:08 PM com.github.jinahya.database.metadata.bind.Context bind
WARNING: unknown result; type: ProcedureColumn, label: PARAMETER_ID, value: 2
Jan 26, 2026 2:30:08 PM com.github.jinahya.database.metadata.bind.Context bind
WARNING: unknown result; type: ProcedureColumn, label: METHOD_ID, value: 4
Jan 26, 2026 2:30:08 PM com.github.jinahya.database.metadata.bind.Context bind
WARNING: unknown result; type: ProcedureColumn, label: PARAMETER_ID, value: 3
Jan 26, 2026 2:30:08 PM com.github.jinahya.database.metadata.bind.Context bind
WARNING: unknown result; type: ProcedureColumn, label: METHOD_ID, value: 7
Jan 26, 2026 2:30:08 PM com.github.jinahya.database.metadata.bind.Context bind
WARNING: unknown result; type: ProcedureColumn, label: PARAMETER_ID, value: 0
Jan 26, 2026 2:30:08 PM com.github.jinahya.database.metadata.bind.Context bind
WARNING: unknown result; type: ProcedureColumn, label: METHOD_ID, value: 7
Jan 26, 2026 2:30:08 PM com.github.jinahya.database.metadata.bind.Context bind
WARNING: unknown result; type: ProcedureColumn, label: PARAMETER_ID, value: 1
Jan 26, 2026 2:30:08 PM com.github.jinahya.database.metadata.bind.Context bind
WARNING: unknown result; type: ProcedureColumn, label: METHOD_ID, value: 7
Jan 26, 2026 2:30:08 PM com.github.jinahya.database.metadata.bind.Context bind
WARNING: unknown result; type: ProcedureColumn, label: PARAMETER_ID, value: 2
Jan 26, 2026 2:30:08 PM com.github.jinahya.database.metadata.bind.Context bind
WARNING: unknown result; type: ProcedureColumn, label: METHOD_ID, value: 7
Jan 26, 2026 2:30:08 PM com.github.jinahya.database.metadata.bind.Context bind
WARNING: unknown result; type: ProcedureColumn, label: PARAMETER_ID, value: 3
Jan 26, 2026 2:30:08 PM com.github.jinahya.database.metadata.bind.Context bind
WARNING: unknown result; type: ProcedureColumn, label: METHOD_ID, value: 7
Jan 26, 2026 2:30:08 PM com.github.jinahya.database.metadata.bind.Context bind
WARNING: unknown result; type: ProcedureColumn, label: PARAMETER_ID, value: 4
Jan 26, 2026 2:30:08 PM com.github.jinahya.database.metadata.bind.Context bind
WARNING: unknown result; type: ProcedureColumn, label: METHOD_ID, value: 7
Jan 26, 2026 2:30:08 PM com.github.jinahya.database.metadata.bind.Context bind
WARNING: unknown result; type: ProcedureColumn, label: PARAMETER_ID, value: 5
Jan 26, 2026 2:30:08 PM com.github.jinahya.database.metadata.bind.Context bind
WARNING: unknown result; type: ProcedureColumn, label: METHOD_ID, value: 7
Jan 26, 2026 2:30:08 PM com.github.jinahya.database.metadata.bind.Context bind
WARNING: unknown result; type: ProcedureColumn, label: PARAMETER_ID, value: 6
Jan 26, 2026 2:30:08 PM com.github.jinahya.database.metadata.bind.Context bind
WARNING: unknown result; type: ProcedureColumn, label: METHOD_ID, value: 6
Jan 26, 2026 2:30:08 PM com.github.jinahya.database.metadata.bind.Context bind
WARNING: unknown result; type: ProcedureColumn, label: PARAMETER_ID, value: 0
Jan 26, 2026 2:30:08 PM com.github.jinahya.database.metadata.bind.Context bind
WARNING: unknown result; type: ProcedureColumn, label: METHOD_ID, value: 6
Jan 26, 2026 2:30:08 PM com.github.jinahya.database.metadata.bind.Context bind
WARNING: unknown result; type: ProcedureColumn, label: PARAMETER_ID, value: 1
Jan 26, 2026 2:30:08 PM com.github.jinahya.database.metadata.bind.Context bind
WARNING: unknown result; type: ProcedureColumn, label: METHOD_ID, value: 6
Jan 26, 2026 2:30:08 PM com.github.jinahya.database.metadata.bind.Context bind
WARNING: unknown result; type: ProcedureColumn, label: PARAMETER_ID, value: 2
Jan 26, 2026 2:30:08 PM com.github.jinahya.database.metadata.bind.Context bind
WARNING: unknown result; type: ProcedureColumn, label: METHOD_ID, value: 6
Jan 26, 2026 2:30:08 PM com.github.jinahya.database.metadata.bind.Context bind
WARNING: unknown result; type: ProcedureColumn, label: PARAMETER_ID, value: 3
Jan 26, 2026 2:30:08 PM com.github.jinahya.database.metadata.bind.Context bind
WARNING: unknown result; type: ProcedureColumn, label: METHOD_ID, value: 6
Jan 26, 2026 2:30:08 PM com.github.jinahya.database.metadata.bind.Context bind
WARNING: unknown result; type: ProcedureColumn, label: PARAMETER_ID, value: 4
Jan 26, 2026 2:30:08 PM com.github.jinahya.database.metadata.bind.Context bind
WARNING: unknown result; type: ProcedureColumn, label: METHOD_ID, value: 6
Jan 26, 2026 2:30:08 PM com.github.jinahya.database.metadata.bind.Context bind
WARNING: unknown result; type: ProcedureColumn, label: PARAMETER_ID, value: 5
Jan 26, 2026 2:30:08 PM com.github.jinahya.database.metadata.bind.Context bind
WARNING: unknown result; type: ProcedureColumn, label: METHOD_ID, value: 4
Jan 26, 2026 2:30:08 PM com.github.jinahya.database.metadata.bind.Context bind
WARNING: unknown result; type: ProcedureColumn, label: PARAMETER_ID, value: 0
Jan 26, 2026 2:30:08 PM com.github.jinahya.database.metadata.bind.Context bind
WARNING: unknown result; type: ProcedureColumn, label: METHOD_ID, value: 4
Jan 26, 2026 2:30:08 PM com.github.jinahya.database.metadata.bind.Context bind
WARNING: unknown result; type: ProcedureColumn, label: PARAMETER_ID, value: 1
Jan 26, 2026 2:30:08 PM com.github.jinahya.database.metadata.bind.Context bind
WARNING: unknown result; type: ProcedureColumn, label: METHOD_ID, value: 4
Jan 26, 2026 2:30:08 PM com.github.jinahya.database.metadata.bind.Context bind
WARNING: unknown result; type: ProcedureColumn, label: PARAMETER_ID, value: 2
Jan 26, 2026 2:30:08 PM com.github.jinahya.database.metadata.bind.Context bind
WARNING: unknown result; type: ProcedureColumn, label: METHOD_ID, value: 4
Jan 26, 2026 2:30:08 PM com.github.jinahya.database.metadata.bind.Context bind
WARNING: unknown result; type: ProcedureColumn, label: PARAMETER_ID, value: 3
Jan 26, 2026 2:30:08 PM com.github.jinahya.database.metadata.bind.Context bind
WARNING: unknown result; type: ProcedureColumn, label: METHOD_ID, value: 5
Jan 26, 2026 2:30:08 PM com.github.jinahya.database.metadata.bind.Context bind
WARNING: unknown result; type: ProcedureColumn, label: PARAMETER_ID, value: 0
Jan 26, 2026 2:30:08 PM com.github.jinahya.database.metadata.bind.Context bind
WARNING: unknown result; type: ProcedureColumn, label: METHOD_ID, value: 5
Jan 26, 2026 2:30:08 PM com.github.jinahya.database.metadata.bind.Context bind
WARNING: unknown result; type: ProcedureColumn, label: PARAMETER_ID, value: 1
Jan 26, 2026 2:30:08 PM com.github.jinahya.database.metadata.bind.Context bind
WARNING: unknown result; type: ProcedureColumn, label: METHOD_ID, value: 5
Jan 26, 2026 2:30:08 PM com.github.jinahya.database.metadata.bind.Context bind
WARNING: unknown result; type: ProcedureColumn, label: PARAMETER_ID, value: 2
Jan 26, 2026 2:30:08 PM com.github.jinahya.database.metadata.bind.Context bind
WARNING: unknown result; type: ProcedureColumn, label: METHOD_ID, value: 5
Jan 26, 2026 2:30:08 PM com.github.jinahya.database.metadata.bind.Context bind
WARNING: unknown result; type: ProcedureColumn, label: PARAMETER_ID, value: 3
Jan 26, 2026 2:30:08 PM com.github.jinahya.database.metadata.bind.Context bind
WARNING: unknown result; type: ProcedureColumn, label: METHOD_ID, value: 5
Jan 26, 2026 2:30:08 PM com.github.jinahya.database.metadata.bind.Context bind
WARNING: unknown result; type: ProcedureColumn, label: PARAMETER_ID, value: 4
Jan 26, 2026 2:30:08 PM com.github.jinahya.database.metadata.bind.Context bind
WARNING: unknown result; type: ProcedureColumn, label: METHOD_ID, value: 5
Jan 26, 2026 2:30:08 PM com.github.jinahya.database.metadata.bind.Context bind
WARNING: unknown result; type: ProcedureColumn, label: PARAMETER_ID, value: 0
Jan 26, 2026 2:30:08 PM com.github.jinahya.database.metadata.bind.Context bind
WARNING: unknown result; type: ProcedureColumn, label: METHOD_ID, value: 5
Jan 26, 2026 2:30:08 PM com.github.jinahya.database.metadata.bind.Context bind
WARNING: unknown result; type: ProcedureColumn, label: PARAMETER_ID, value: 1
Jan 26, 2026 2:30:08 PM com.github.jinahya.database.metadata.bind.Context bind
WARNING: unknown result; type: ProcedureColumn, label: METHOD_ID, value: 5
Jan 26, 2026 2:30:08 PM com.github.jinahya.database.metadata.bind.Context bind
WARNING: unknown result; type: ProcedureColumn, label: PARAMETER_ID, value: 2
Jan 26, 2026 2:30:08 PM com.github.jinahya.database.metadata.bind.Context bind
WARNING: unknown result; type: ProcedureColumn, label: METHOD_ID, value: 5
Jan 26, 2026 2:30:08 PM com.github.jinahya.database.metadata.bind.Context bind
WARNING: unknown result; type: ProcedureColumn, label: PARAMETER_ID, value: 3
Jan 26, 2026 2:30:08 PM com.github.jinahya.database.metadata.bind.Context bind
WARNING: unknown result; type: ProcedureColumn, label: METHOD_ID, value: 5
Jan 26, 2026 2:30:08 PM com.github.jinahya.database.metadata.bind.Context bind
WARNING: unknown result; type: ProcedureColumn, label: PARAMETER_ID, value: 4
Jan 26, 2026 2:30:08 PM com.github.jinahya.database.metadata.bind.Context bind
WARNING: unknown result; type: Procedure, label: RESERVED3, value: null
Jan 26, 2026 2:30:08 PM com.github.jinahya.database.metadata.bind.Context bind
WARNING: unknown result; type: Procedure, label: RESERVED2, value: null
Jan 26, 2026 2:30:08 PM com.github.jinahya.database.metadata.bind.Context bind
WARNING: unknown result; type: Procedure, label: RESERVED1, value: null
Jan 26, 2026 2:30:08 PM com.github.jinahya.database.metadata.bind.Context bind
WARNING: unknown result; type: Procedure, label: RESERVED3, value: null
Jan 26, 2026 2:30:08 PM com.github.jinahya.database.metadata.bind.Context bind
WARNING: unknown result; type: Procedure, label: RESERVED2, value: null
Jan 26, 2026 2:30:08 PM com.github.jinahya.database.metadata.bind.Context bind
WARNING: unknown result; type: Procedure, label: RESERVED1, value: null
Jan 26, 2026 2:30:08 PM com.github.jinahya.database.metadata.bind.Context bind
WARNING: unknown result; type: Procedure, label: RESERVED3, value: null
Jan 26, 2026 2:30:08 PM com.github.jinahya.database.metadata.bind.Context bind
WARNING: unknown result; type: Procedure, label: RESERVED2, value: null
Jan 26, 2026 2:30:08 PM com.github.jinahya.database.metadata.bind.Context bind
WARNING: unknown result; type: Procedure, label: RESERVED1, value: null
Jan 26, 2026 2:30:08 PM com.github.jinahya.database.metadata.bind.Context bind
WARNING: unknown result; type: ProcedureColumn, label: METHOD_ID, value: 3
Jan 26, 2026 2:30:08 PM com.github.jinahya.database.metadata.bind.Context bind
WARNING: unknown result; type: ProcedureColumn, label: PARAMETER_ID, value: 0
Jan 26, 2026 2:30:08 PM com.github.jinahya.database.metadata.bind.Context bind
WARNING: unknown result; type: ProcedureColumn, label: METHOD_ID, value: 3
Jan 26, 2026 2:30:08 PM com.github.jinahya.database.metadata.bind.Context bind
WARNING: unknown result; type: ProcedureColumn, label: PARAMETER_ID, value: 1
Jan 26, 2026 2:30:08 PM com.github.jinahya.database.metadata.bind.Context bind
WARNING: unknown result; type: ProcedureColumn, label: METHOD_ID, value: 3
Jan 26, 2026 2:30:08 PM com.github.jinahya.database.metadata.bind.Context bind
WARNING: unknown result; type: ProcedureColumn, label: PARAMETER_ID, value: 2
Jan 26, 2026 2:30:08 PM com.github.jinahya.database.metadata.bind.Context bind
WARNING: unknown result; type: ProcedureColumn, label: METHOD_ID, value: 2
Jan 26, 2026 2:30:08 PM com.github.jinahya.database.metadata.bind.Context bind
WARNING: unknown result; type: ProcedureColumn, label: PARAMETER_ID, value: 0
Jan 26, 2026 2:30:08 PM com.github.jinahya.database.metadata.bind.Context bind
WARNING: unknown result; type: ProcedureColumn, label: METHOD_ID, value: 2
Jan 26, 2026 2:30:08 PM com.github.jinahya.database.metadata.bind.Context bind
WARNING: unknown result; type: ProcedureColumn, label: PARAMETER_ID, value: 1
Jan 26, 2026 2:30:08 PM com.github.jinahya.database.metadata.bind.Context bind
WARNING: unknown result; type: ProcedureColumn, label: METHOD_ID, value: 2
Jan 26, 2026 2:30:08 PM com.github.jinahya.database.metadata.bind.Context bind
WARNING: unknown result; type: ProcedureColumn, label: PARAMETER_ID, value: 0
Jan 26, 2026 2:30:08 PM com.github.jinahya.database.metadata.bind.Context bind
WARNING: unknown result; type: ProcedureColumn, label: METHOD_ID, value: 2
Jan 26, 2026 2:30:08 PM com.github.jinahya.database.metadata.bind.Context bind
WARNING: unknown result; type: ProcedureColumn, label: PARAMETER_ID, value: 1
Jan 26, 2026 2:30:08 PM com.github.jinahya.database.metadata.bind.Context bind
WARNING: unknown result; type: Column, label: SCOPE_CATLOG, value: null
Jan 26, 2026 2:30:08 PM com.github.jinahya.database.metadata.bind.Context bind
WARNING: unknown result; type: Column, label: SCOPE_CATLOG, value: null
Jan 26, 2026 2:30:08 PM com.github.jinahya.database.metadata.bind.Context bind
WARNING: unknown result; type: Column, label: SCOPE_CATLOG, value: null
Jan 26, 2026 2:30:08 PM com.github.jinahya.database.metadata.bind.Context bind
WARNING: unknown result; type: Column, label: SCOPE_CATLOG, value: null
Jan 26, 2026 2:30:08 PM com.github.jinahya.database.metadata.bind.Context bind
WARNING: unknown result; type: Column, label: SCOPE_CATLOG, value: null
Jan 26, 2026 2:30:08 PM com.github.jinahya.database.metadata.bind.Context bind
WARNING: unknown result; type: Column, label: SCOPE_CATLOG, value: null
Jan 26, 2026 2:30:08 PM com.github.jinahya.database.metadata.bind.Context bind
WARNING: unknown result; type: Column, label: SCOPE_CATLOG, value: null
Jan 26, 2026 2:30:08 PM com.github.jinahya.database.metadata.bind.Context bind
WARNING: unknown result; type: Column, label: SCOPE_CATLOG, value: null
Jan 26, 2026 2:30:08 PM com.github.jinahya.database.metadata.bind.Context bind
WARNING: unknown result; type: Column, label: SCOPE_CATLOG, value: null
Jan 26, 2026 2:30:08 PM com.github.jinahya.database.metadata.bind.Context bind
WARNING: unknown result; type: Column, label: SCOPE_CATLOG, value: null
Jan 26, 2026 2:30:08 PM com.github.jinahya.database.metadata.bind.Context bind
WARNING: unknown result; type: Column, label: SCOPE_CATLOG, value: null
Jan 26, 2026 2:30:08 PM com.github.jinahya.database.metadata.bind.Context bind
WARNING: unknown result; type: Column, label: SCOPE_CATLOG, value: null
Jan 26, 2026 2:30:08 PM com.github.jinahya.database.metadata.bind.Context bind
WARNING: unknown result; type: Column, label: SCOPE_CATLOG, value: null
Jan 26, 2026 2:30:08 PM com.github.jinahya.database.metadata.bind.Context bind
WARNING: unknown result; type: Column, label: SCOPE_CATLOG, value: null
Jan 26, 2026 2:30:08 PM com.github.jinahya.database.metadata.bind.Context bind
WARNING: unknown result; type: Column, label: SCOPE_CATLOG, value: null
Jan 26, 2026 2:30:08 PM com.github.jinahya.database.metadata.bind.Context bind
WARNING: unknown result; type: Column, label: SCOPE_CATLOG, value: null
Jan 26, 2026 2:30:08 PM com.github.jinahya.database.metadata.bind.Context bind
WARNING: unknown result; type: Column, label: SCOPE_CATLOG, value: null
Jan 26, 2026 2:30:08 PM com.github.jinahya.database.metadata.bind.Context bind
WARNING: unknown result; type: Column, label: SCOPE_CATLOG, value: null
Jan 26, 2026 2:30:08 PM com.github.jinahya.database.metadata.bind.Context bind
WARNING: unknown result; type: Column, label: SCOPE_CATLOG, value: null
Jan 26, 2026 2:30:08 PM com.github.jinahya.database.metadata.bind.Context bind
WARNING: unknown result; type: Column, label: SCOPE_CATLOG, value: null
Jan 26, 2026 2:30:08 PM com.github.jinahya.database.metadata.bind.Context bind
WARNING: unknown result; type: Column, label: SCOPE_CATLOG, value: null
Jan 26, 2026 2:30:08 PM com.github.jinahya.database.metadata.bind.Context bind
WARNING: unknown result; type: Column, label: SCOPE_CATLOG, value: null
Jan 26, 2026 2:30:08 PM com.github.jinahya.database.metadata.bind.Context bind
WARNING: unknown result; type: Column, label: SCOPE_CATLOG, value: null
Jan 26, 2026 2:30:08 PM com.github.jinahya.database.metadata.bind.Context bind
WARNING: unknown result; type: Column, label: SCOPE_CATLOG, value: null
Jan 26, 2026 2:30:08 PM com.github.jinahya.database.metadata.bind.Context bind
WARNING: unknown result; type: Column, label: SCOPE_CATLOG, value: null
Jan 26, 2026 2:30:08 PM com.github.jinahya.database.metadata.bind.Context bind
WARNING: unknown result; type: Column, label: SCOPE_CATLOG, value: null
Jan 26, 2026 2:30:08 PM com.github.jinahya.database.metadata.bind.Context bind
WARNING: unknown result; type: Column, label: SCOPE_CATLOG, value: null
Jan 26, 2026 2:30:08 PM com.github.jinahya.database.metadata.bind.Context bind
WARNING: unknown result; type: Column, label: SCOPE_CATLOG, value: null
Jan 26, 2026 2:30:08 PM com.github.jinahya.database.metadata.bind.Context bind
WARNING: unknown result; type: Column, label: SCOPE_CATLOG, value: null
Jan 26, 2026 2:30:08 PM com.github.jinahya.database.metadata.bind.Context bind
WARNING: unknown result; type: Column, label: SCOPE_CATLOG, value: null
Jan 26, 2026 2:30:08 PM com.github.jinahya.database.metadata.bind.Context bind
WARNING: unknown result; type: Column, label: SCOPE_CATLOG, value: null
Jan 26, 2026 2:30:08 PM com.github.jinahya.database.metadata.bind.Context bind
WARNING: unknown result; type: Column, label: SCOPE_CATLOG, value: null
Jan 26, 2026 2:30:08 PM com.github.jinahya.database.metadata.bind.Context bind
WARNING: unknown result; type: Column, label: SCOPE_CATLOG, value: null
Jan 26, 2026 2:30:08 PM com.github.jinahya.database.metadata.bind.Context bind
WARNING: unknown result; type: Column, label: SCOPE_CATLOG, value: null
Jan 26, 2026 2:30:08 PM com.github.jinahya.database.metadata.bind.Context bind
WARNING: unknown result; type: Column, label: SCOPE_CATLOG, value: null
Jan 26, 2026 2:30:08 PM com.github.jinahya.database.metadata.bind.Context bind
WARNING: unknown result; type: Column, label: SCOPE_CATLOG, value: null
Jan 26, 2026 2:30:08 PM com.github.jinahya.database.metadata.bind.Context bind
WARNING: unknown result; type: Column, label: SCOPE_CATLOG, value: null
Jan 26, 2026 2:30:08 PM com.github.jinahya.database.metadata.bind.Context bind
WARNING: unknown result; type: Column, label: SCOPE_CATLOG, value: null
Jan 26, 2026 2:30:08 PM com.github.jinahya.database.metadata.bind.Context bind
WARNING: unknown result; type: Column, label: SCOPE_CATLOG, value: null
Jan 26, 2026 2:30:08 PM com.github.jinahya.database.metadata.bind.Context bind
WARNING: unknown result; type: Column, label: SCOPE_CATLOG, value: null
Jan 26, 2026 2:30:08 PM com.github.jinahya.database.metadata.bind.Context bind
WARNING: unknown result; type: Column, label: SCOPE_CATLOG, value: null
Jan 26, 2026 2:30:08 PM com.github.jinahya.database.metadata.bind.Context bind
WARNING: unknown result; type: Column, label: SCOPE_CATLOG, value: null
Jan 26, 2026 2:30:08 PM com.github.jinahya.database.metadata.bind.Context bind
WARNING: unknown result; type: Column, label: SCOPE_CATLOG, value: null
Jan 26, 2026 2:30:08 PM com.github.jinahya.database.metadata.bind.Context bind
WARNING: unknown result; type: Column, label: SCOPE_CATLOG, value: null
Jan 26, 2026 2:30:08 PM com.github.jinahya.database.metadata.bind.Context bind
WARNING: unknown result; type: Column, label: SCOPE_CATLOG, value: null
Jan 26, 2026 2:30:08 PM com.github.jinahya.database.metadata.bind.Context bind
WARNING: unknown result; type: Column, label: SCOPE_CATLOG, value: null
Jan 26, 2026 2:30:08 PM com.github.jinahya.database.metadata.bind.Context bind
WARNING: unknown result; type: Column, label: SCOPE_CATLOG, value: null
Jan 26, 2026 2:30:08 PM com.github.jinahya.database.metadata.bind.Context bind
WARNING: unknown result; type: Column, label: SCOPE_CATLOG, value: null
Jan 26, 2026 2:30:08 PM com.github.jinahya.database.metadata.bind.Context bind
WARNING: unknown result; type: Column, label: SCOPE_CATLOG, value: null
Jan 26, 2026 2:30:08 PM com.github.jinahya.database.metadata.bind.Context bind
WARNING: unknown result; type: Column, label: SCOPE_CATLOG, value: null
Jan 26, 2026 2:30:08 PM com.github.jinahya.database.metadata.bind.Context bind
WARNING: unknown result; type: Column, label: SCOPE_CATLOG, value: null
Jan 26, 2026 2:30:08 PM com.github.jinahya.database.metadata.bind.Context bind
WARNING: unknown result; type: Column, label: SCOPE_CATLOG, value: null
Jan 26, 2026 2:30:08 PM com.github.jinahya.database.metadata.bind.Context bind
WARNING: unknown result; type: Column, label: SCOPE_CATLOG, value: null
Jan 26, 2026 2:30:08 PM com.github.jinahya.database.metadata.bind.Context bind
WARNING: unknown result; type: Column, label: SCOPE_CATLOG, value: null
Jan 26, 2026 2:30:08 PM com.github.jinahya.database.metadata.bind.Context bind
WARNING: unknown result; type: Column, label: SCOPE_CATLOG, value: null
Jan 26, 2026 2:30:08 PM com.github.jinahya.database.metadata.bind.Context bind
WARNING: unknown result; type: Column, label: SCOPE_CATLOG, value: null
Jan 26, 2026 2:30:08 PM com.github.jinahya.database.metadata.bind.Context bind
WARNING: unknown result; type: Column, label: SCOPE_CATLOG, value: null
Jan 26, 2026 2:30:08 PM com.github.jinahya.database.metadata.bind.Context bind
WARNING: unknown result; type: Column, label: SCOPE_CATLOG, value: null
Jan 26, 2026 2:30:08 PM com.github.jinahya.database.metadata.bind.Context bind
WARNING: unknown result; type: Column, label: SCOPE_CATLOG, value: null
Jan 26, 2026 2:30:08 PM com.github.jinahya.database.metadata.bind.Context bind
WARNING: unknown result; type: Column, label: SCOPE_CATLOG, value: null
Jan 26, 2026 2:30:08 PM com.github.jinahya.database.metadata.bind.Context bind
WARNING: unknown result; type: Column, label: SCOPE_CATLOG, value: null
Jan 26, 2026 2:30:08 PM com.github.jinahya.database.metadata.bind.Context bind
WARNING: unknown result; type: Column, label: SCOPE_CATLOG, value: null
Jan 26, 2026 2:30:08 PM com.github.jinahya.database.metadata.bind.Context bind
WARNING: unknown result; type: Column, label: SCOPE_CATLOG, value: null
Jan 26, 2026 2:30:08 PM com.github.jinahya.database.metadata.bind.Context bind
WARNING: unknown result; type: Column, label: SCOPE_CATLOG, value: null
Jan 26, 2026 2:30:08 PM com.github.jinahya.database.metadata.bind.Context bind
WARNING: unknown result; type: Column, label: SCOPE_CATLOG, value: null
Jan 26, 2026 2:30:08 PM com.github.jinahya.database.metadata.bind.Context bind
WARNING: unknown result; type: Column, label: SCOPE_CATLOG, value: null
Jan 26, 2026 2:30:08 PM com.github.jinahya.database.metadata.bind.Context bind
WARNING: unknown result; type: Column, label: SCOPE_CATLOG, value: null
Jan 26, 2026 2:30:08 PM com.github.jinahya.database.metadata.bind.Context bind
WARNING: unknown result; type: Column, label: SCOPE_CATLOG, value: null
Jan 26, 2026 2:30:08 PM com.github.jinahya.database.metadata.bind.Context bind
WARNING: unknown result; type: Column, label: SCOPE_CATLOG, value: null
Jan 26, 2026 2:30:08 PM com.github.jinahya.database.metadata.bind.Context bind
WARNING: unknown result; type: Column, label: SCOPE_CATLOG, value: null
Jan 26, 2026 2:30:08 PM com.github.jinahya.database.metadata.bind.Context bind
WARNING: unknown result; type: Column, label: SCOPE_CATLOG, value: null
Jan 26, 2026 2:30:08 PM com.github.jinahya.database.metadata.bind.Context bind
WARNING: unknown result; type: Column, label: SCOPE_CATLOG, value: null
Jan 26, 2026 2:30:08 PM com.github.jinahya.database.metadata.bind.Context bind
WARNING: unknown result; type: Column, label: SCOPE_CATLOG, value: null
Jan 26, 2026 2:30:08 PM com.github.jinahya.database.metadata.bind.Context bind
WARNING: unknown result; type: Column, label: SCOPE_CATLOG, value: null
Jan 26, 2026 2:30:08 PM com.github.jinahya.database.metadata.bind.Context bind
WARNING: unknown result; type: Column, label: SCOPE_CATLOG, value: null
Jan 26, 2026 2:30:08 PM com.github.jinahya.database.metadata.bind.Context bind
WARNING: unknown result; type: Column, label: SCOPE_CATLOG, value: null
Jan 26, 2026 2:30:08 PM com.github.jinahya.database.metadata.bind.Context bind
WARNING: unknown result; type: Column, label: SCOPE_CATLOG, value: null
Jan 26, 2026 2:30:08 PM com.github.jinahya.database.metadata.bind.Context bind
WARNING: unknown result; type: Column, label: SCOPE_CATLOG, value: null
Jan 26, 2026 2:30:08 PM com.github.jinahya.database.metadata.bind.Context bind
WARNING: unknown result; type: Column, label: SCOPE_CATLOG, value: null
Jan 26, 2026 2:30:08 PM com.github.jinahya.database.metadata.bind.Context bind
WARNING: unknown result; type: Column, label: SCOPE_CATLOG, value: null
Jan 26, 2026 2:30:08 PM com.github.jinahya.database.metadata.bind.Context bind
WARNING: unknown result; type: Column, label: SCOPE_CATLOG, value: null
Jan 26, 2026 2:30:08 PM com.github.jinahya.database.metadata.bind.Context bind
WARNING: unknown result; type: Column, label: SCOPE_CATLOG, value: null
Jan 26, 2026 2:30:08 PM com.github.jinahya.database.metadata.bind.Context bind
WARNING: unknown result; type: Column, label: SCOPE_CATLOG, value: null
Jan 26, 2026 2:30:08 PM com.github.jinahya.database.metadata.bind.Context bind
WARNING: unknown result; type: Column, label: SCOPE_CATLOG, value: null
Jan 26, 2026 2:30:08 PM com.github.jinahya.database.metadata.bind.Context bind
WARNING: unknown result; type: Column, label: SCOPE_CATLOG, value: null
Jan 26, 2026 2:30:08 PM com.github.jinahya.database.metadata.bind.Context bind
WARNING: unknown result; type: Column, label: SCOPE_CATLOG, value: null
Jan 26, 2026 2:30:08 PM com.github.jinahya.database.metadata.bind.Context bind
WARNING: unknown result; type: Column, label: SCOPE_CATLOG, value: null
Jan 26, 2026 2:30:08 PM com.github.jinahya.database.metadata.bind.Context bind
WARNING: unknown result; type: Column, label: SCOPE_CATLOG, value: null
Jan 26, 2026 2:30:08 PM com.github.jinahya.database.metadata.bind.Context bind
WARNING: unknown result; type: Column, label: SCOPE_CATLOG, value: null
Jan 26, 2026 2:30:08 PM com.github.jinahya.database.metadata.bind.Context bind
WARNING: unknown result; type: Column, label: SCOPE_CATLOG, value: null
Jan 26, 2026 2:30:08 PM com.github.jinahya.database.metadata.bind.Context bind
WARNING: unknown result; type: Column, label: SCOPE_CATLOG, value: null
Jan 26, 2026 2:30:08 PM com.github.jinahya.database.metadata.bind.Context bind
WARNING: unknown result; type: Column, label: SCOPE_CATLOG, value: null
Jan 26, 2026 2:30:08 PM com.github.jinahya.database.metadata.bind.Context bind
WARNING: unknown result; type: Column, label: SCOPE_CATLOG, value: null
Jan 26, 2026 2:30:08 PM com.github.jinahya.database.metadata.bind.Context bind
WARNING: unknown result; type: Column, label: SCOPE_CATLOG, value: null
Jan 26, 2026 2:30:08 PM com.github.jinahya.database.metadata.bind.Context bind
WARNING: unknown result; type: Column, label: SCOPE_CATLOG, value: null
Jan 26, 2026 2:30:08 PM com.github.jinahya.database.metadata.bind.Context bind
WARNING: unknown result; type: Column, label: SCOPE_CATLOG, value: null
Jan 26, 2026 2:30:08 PM com.github.jinahya.database.metadata.bind.Context bind
WARNING: unknown result; type: Column, label: SCOPE_CATLOG, value: null
Jan 26, 2026 2:30:08 PM com.github.jinahya.database.metadata.bind.Context bind
WARNING: unknown result; type: Column, label: SCOPE_CATLOG, value: null
Jan 26, 2026 2:30:08 PM com.github.jinahya.database.metadata.bind.Context bind
WARNING: unknown result; type: Column, label: SCOPE_CATLOG, value: null
Jan 26, 2026 2:30:08 PM com.github.jinahya.database.metadata.bind.Context bind
WARNING: unknown result; type: Column, label: SCOPE_CATLOG, value: null
Jan 26, 2026 2:30:08 PM com.github.jinahya.database.metadata.bind.Context bind
WARNING: unknown result; type: Column, label: SCOPE_CATLOG, value: null
Jan 26, 2026 2:30:08 PM com.github.jinahya.database.metadata.bind.Context bind
WARNING: unknown result; type: Column, label: SCOPE_CATLOG, value: null
Jan 26, 2026 2:30:08 PM com.github.jinahya.database.metadata.bind.Context bind
WARNING: unknown result; type: Column, label: SCOPE_CATLOG, value: null
Jan 26, 2026 2:30:08 PM com.github.jinahya.database.metadata.bind.Context bind
WARNING: unknown result; type: Column, label: SCOPE_CATLOG, value: null
Jan 26, 2026 2:30:08 PM com.github.jinahya.database.metadata.bind.Context bind
WARNING: unknown result; type: Column, label: SCOPE_CATLOG, value: null
Jan 26, 2026 2:30:08 PM com.github.jinahya.database.metadata.bind.Context bind
WARNING: unknown result; type: Column, label: SCOPE_CATLOG, value: null
Jan 26, 2026 2:30:08 PM com.github.jinahya.database.metadata.bind.Context bind
WARNING: unknown result; type: Column, label: SCOPE_CATLOG, value: null
Jan 26, 2026 2:30:08 PM com.github.jinahya.database.metadata.bind.Context bind
WARNING: unknown result; type: Column, label: SCOPE_CATLOG, value: null
Jan 26, 2026 2:30:08 PM com.github.jinahya.database.metadata.bind.Context bind
WARNING: unknown result; type: Column, label: SCOPE_CATLOG, value: null
Jan 26, 2026 2:30:08 PM com.github.jinahya.database.metadata.bind.Context bind
WARNING: unknown result; type: Column, label: SCOPE_CATLOG, value: null
Jan 26, 2026 2:30:08 PM com.github.jinahya.database.metadata.bind.Context bind
WARNING: unknown result; type: Column, label: SCOPE_CATLOG, value: null
Jan 26, 2026 2:30:08 PM com.github.jinahya.database.metadata.bind.Context bind
WARNING: unknown result; type: Column, label: SCOPE_CATLOG, value: null
Jan 26, 2026 2:30:08 PM com.github.jinahya.database.metadata.bind.Context bind
WARNING: unknown result; type: Column, label: SCOPE_CATLOG, value: null
Jan 26, 2026 2:30:08 PM com.github.jinahya.database.metadata.bind.Context bind
WARNING: unknown result; type: Column, label: SCOPE_CATLOG, value: null
Jan 26, 2026 2:30:08 PM com.github.jinahya.database.metadata.bind.Context bind
WARNING: unknown result; type: Column, label: SCOPE_CATLOG, value: null
Jan 26, 2026 2:30:08 PM com.github.jinahya.database.metadata.bind.Context bind
WARNING: unknown result; type: Column, label: SCOPE_CATLOG, value: null
Jan 26, 2026 2:30:08 PM com.github.jinahya.database.metadata.bind.Context bind
WARNING: unknown result; type: Column, label: SCOPE_CATLOG, value: null
Jan 26, 2026 2:30:08 PM com.github.jinahya.database.metadata.bind.Context bind
WARNING: unknown result; type: Column, label: SCOPE_CATLOG, value: null
Jan 26, 2026 2:30:08 PM com.github.jinahya.database.metadata.bind.Context bind
WARNING: unknown result; type: Column, label: SCOPE_CATLOG, value: null
Jan 26, 2026 2:30:08 PM com.github.jinahya.database.metadata.bind.Context bind
WARNING: unknown result; type: Column, label: SCOPE_CATLOG, value: null
Jan 26, 2026 2:30:08 PM com.github.jinahya.database.metadata.bind.Context bind
WARNING: unknown result; type: Column, label: SCOPE_CATLOG, value: null
Jan 26, 2026 2:30:08 PM com.github.jinahya.database.metadata.bind.Context bind
WARNING: unknown result; type: Column, label: SCOPE_CATLOG, value: null
Jan 26, 2026 2:30:08 PM com.github.jinahya.database.metadata.bind.Context bind
WARNING: unknown result; type: Column, label: SCOPE_CATLOG, value: null
Jan 26, 2026 2:30:08 PM com.github.jinahya.database.metadata.bind.Context bind
WARNING: unknown result; type: Column, label: SCOPE_CATLOG, value: null
Jan 26, 2026 2:30:08 PM com.github.jinahya.database.metadata.bind.Context bind
WARNING: unknown result; type: Column, label: SCOPE_CATLOG, value: null
Jan 26, 2026 2:30:08 PM com.github.jinahya.database.metadata.bind.Context bind
WARNING: unknown result; type: Column, label: SCOPE_CATLOG, value: null
Jan 26, 2026 2:30:08 PM com.github.jinahya.database.metadata.bind.Context bind
WARNING: unknown result; type: Column, label: SCOPE_CATLOG, value: null
Jan 26, 2026 2:30:08 PM com.github.jinahya.database.metadata.bind.Context bind
WARNING: unknown result; type: Column, label: SCOPE_CATLOG, value: null
Jan 26, 2026 2:30:08 PM com.github.jinahya.database.metadata.bind.Context bind
WARNING: unknown result; type: Column, label: SCOPE_CATLOG, value: null
Jan 26, 2026 2:30:08 PM com.github.jinahya.database.metadata.bind.Context bind
WARNING: unknown result; type: Column, label: SCOPE_CATLOG, value: null
Jan 26, 2026 2:30:08 PM com.github.jinahya.database.metadata.bind.Context bind
WARNING: unknown result; type: Column, label: SCOPE_CATLOG, value: null
Jan 26, 2026 2:30:08 PM com.github.jinahya.database.metadata.bind.Context bind
WARNING: unknown result; type: Column, label: SCOPE_CATLOG, value: null
Jan 26, 2026 2:30:08 PM com.github.jinahya.database.metadata.bind.Context bind
WARNING: unknown result; type: Column, label: SCOPE_CATLOG, value: null
Jan 26, 2026 2:30:08 PM com.github.jinahya.database.metadata.bind.Context bind
WARNING: unknown result; type: Column, label: SCOPE_CATLOG, value: null
Jan 26, 2026 2:30:08 PM com.github.jinahya.database.metadata.bind.Context bind
WARNING: unknown result; type: Column, label: SCOPE_CATLOG, value: null
Jan 26, 2026 2:30:08 PM com.github.jinahya.database.metadata.bind.Context bind
WARNING: unknown result; type: Column, label: SCOPE_CATLOG, value: null
Jan 26, 2026 2:30:08 PM com.github.jinahya.database.metadata.bind.Context bind
WARNING: unknown result; type: Column, label: SCOPE_CATLOG, value: null
Jan 26, 2026 2:30:08 PM com.github.jinahya.database.metadata.bind.Context bind
WARNING: unknown result; type: Column, label: SCOPE_CATLOG, value: null
Jan 26, 2026 2:30:08 PM com.github.jinahya.database.metadata.bind.Context bind
WARNING: unknown result; type: Column, label: SCOPE_CATLOG, value: null
Jan 26, 2026 2:30:08 PM com.github.jinahya.database.metadata.bind.Context bind
WARNING: unknown result; type: Column, label: SCOPE_CATLOG, value: null
Jan 26, 2026 2:30:08 PM com.github.jinahya.database.metadata.bind.Context bind
WARNING: unknown result; type: Column, label: SCOPE_CATLOG, value: null
Jan 26, 2026 2:30:08 PM com.github.jinahya.database.metadata.bind.Context bind
WARNING: unknown result; type: Column, label: SCOPE_CATLOG, value: null
Jan 26, 2026 2:30:08 PM com.github.jinahya.database.metadata.bind.Context bind
WARNING: unknown result; type: Column, label: SCOPE_CATLOG, value: null
Jan 26, 2026 2:30:08 PM com.github.jinahya.database.metadata.bind.Context bind
WARNING: unknown result; type: Column, label: SCOPE_CATLOG, value: null
Jan 26, 2026 2:30:08 PM com.github.jinahya.database.metadata.bind.Context bind
WARNING: unknown result; type: Column, label: SCOPE_CATLOG, value: null
Jan 26, 2026 2:30:08 PM com.github.jinahya.database.metadata.bind.Context bind
WARNING: unknown result; type: Column, label: SCOPE_CATLOG, value: null
Jan 26, 2026 2:30:08 PM com.github.jinahya.database.metadata.bind.Context bind
WARNING: unknown result; type: Column, label: SCOPE_CATLOG, value: null
Jan 26, 2026 2:30:08 PM com.github.jinahya.database.metadata.bind.Context bind
WARNING: unknown result; type: Procedure, label: RESERVED3, value: null
Jan 26, 2026 2:30:08 PM com.github.jinahya.database.metadata.bind.Context bind
WARNING: unknown result; type: Procedure, label: RESERVED2, value: null
Jan 26, 2026 2:30:08 PM com.github.jinahya.database.metadata.bind.Context bind
WARNING: unknown result; type: Procedure, label: RESERVED1, value: null
Jan 26, 2026 2:30:08 PM com.github.jinahya.database.metadata.bind.Context bind
WARNING: unknown result; type: Procedure, label: RESERVED3, value: null
Jan 26, 2026 2:30:08 PM com.github.jinahya.database.metadata.bind.Context bind
WARNING: unknown result; type: Procedure, label: RESERVED2, value: null
Jan 26, 2026 2:30:08 PM com.github.jinahya.database.metadata.bind.Context bind
WARNING: unknown result; type: Procedure, label: RESERVED1, value: null
Jan 26, 2026 2:30:08 PM com.github.jinahya.database.metadata.bind.Context bind
WARNING: unknown result; type: Procedure, label: RESERVED3, value: null
Jan 26, 2026 2:30:08 PM com.github.jinahya.database.metadata.bind.Context bind
WARNING: unknown result; type: Procedure, label: RESERVED2, value: null
Jan 26, 2026 2:30:08 PM com.github.jinahya.database.metadata.bind.Context bind
WARNING: unknown result; type: Procedure, label: RESERVED1, value: null
Jan 26, 2026 2:30:08 PM com.github.jinahya.database.metadata.bind.Context bind
WARNING: unknown result; type: Procedure, label: RESERVED3, value: null
Jan 26, 2026 2:30:08 PM com.github.jinahya.database.metadata.bind.Context bind
WARNING: unknown result; type: Procedure, label: RESERVED2, value: null
Jan 26, 2026 2:30:08 PM com.github.jinahya.database.metadata.bind.Context bind
WARNING: unknown result; type: Procedure, label: RESERVED1, value: null
Jan 26, 2026 2:30:08 PM com.github.jinahya.database.metadata.bind.Context bind
WARNING: unknown result; type: Procedure, label: RESERVED3, value: null
Jan 26, 2026 2:30:08 PM com.github.jinahya.database.metadata.bind.Context bind
WARNING: unknown result; type: Procedure, label: RESERVED2, value: null
Jan 26, 2026 2:30:08 PM com.github.jinahya.database.metadata.bind.Context bind
WARNING: unknown result; type: Procedure, label: RESERVED1, value: null
Jan 26, 2026 2:30:08 PM com.github.jinahya.database.metadata.bind.Context bind
WARNING: unknown result; type: Procedure, label: RESERVED3, value: null
Jan 26, 2026 2:30:08 PM com.github.jinahya.database.metadata.bind.Context bind
WARNING: unknown result; type: Procedure, label: RESERVED2, value: null
Jan 26, 2026 2:30:08 PM com.github.jinahya.database.metadata.bind.Context bind
WARNING: unknown result; type: Procedure, label: RESERVED1, value: null
Jan 26, 2026 2:30:08 PM com.github.jinahya.database.metadata.bind.Context bind
WARNING: unknown result; type: Procedure, label: RESERVED3, value: null
Jan 26, 2026 2:30:08 PM com.github.jinahya.database.metadata.bind.Context bind
WARNING: unknown result; type: Procedure, label: RESERVED2, value: null
Jan 26, 2026 2:30:08 PM com.github.jinahya.database.metadata.bind.Context bind
WARNING: unknown result; type: Procedure, label: RESERVED1, value: null
Jan 26, 2026 2:30:08 PM com.github.jinahya.database.metadata.bind.Context bind
WARNING: unknown result; type: Procedure, label: RESERVED3, value: null
Jan 26, 2026 2:30:08 PM com.github.jinahya.database.metadata.bind.Context bind
WARNING: unknown result; type: Procedure, label: RESERVED2, value: null
Jan 26, 2026 2:30:08 PM com.github.jinahya.database.metadata.bind.Context bind
WARNING: unknown result; type: Procedure, label: RESERVED1, value: null
Jan 26, 2026 2:30:08 PM com.github.jinahya.database.metadata.bind.Context bind
WARNING: unknown result; type: Procedure, label: RESERVED3, value: null
Jan 26, 2026 2:30:08 PM com.github.jinahya.database.metadata.bind.Context bind
WARNING: unknown result; type: Procedure, label: RESERVED2, value: null
Jan 26, 2026 2:30:08 PM com.github.jinahya.database.metadata.bind.Context bind
WARNING: unknown result; type: Procedure, label: RESERVED1, value: null
Jan 26, 2026 2:30:08 PM com.github.jinahya.database.metadata.bind.Context bind
WARNING: unknown result; type: Procedure, label: RESERVED3, value: null
Jan 26, 2026 2:30:08 PM com.github.jinahya.database.metadata.bind.Context bind
WARNING: unknown result; type: Procedure, label: RESERVED2, value: null
Jan 26, 2026 2:30:08 PM com.github.jinahya.database.metadata.bind.Context bind
WARNING: unknown result; type: Procedure, label: RESERVED1, value: null
Jan 26, 2026 2:30:08 PM com.github.jinahya.database.metadata.bind.Context bind
WARNING: unknown result; type: Procedure, label: RESERVED3, value: null
Jan 26, 2026 2:30:08 PM com.github.jinahya.database.metadata.bind.Context bind
WARNING: unknown result; type: Procedure, label: RESERVED2, value: null
Jan 26, 2026 2:30:08 PM com.github.jinahya.database.metadata.bind.Context bind
WARNING: unknown result; type: Procedure, label: RESERVED1, value: null
Jan 26, 2026 2:30:08 PM com.github.jinahya.database.metadata.bind.Context bind
WARNING: unknown result; type: Procedure, label: RESERVED3, value: null
Jan 26, 2026 2:30:08 PM com.github.jinahya.database.metadata.bind.Context bind
WARNING: unknown result; type: Procedure, label: RESERVED2, value: null
Jan 26, 2026 2:30:08 PM com.github.jinahya.database.metadata.bind.Context bind
WARNING: unknown result; type: Procedure, label: RESERVED1, value: null
Jan 26, 2026 2:30:08 PM com.github.jinahya.database.metadata.bind.Context bind
WARNING: unknown result; type: Procedure, label: RESERVED3, value: null
Jan 26, 2026 2:30:08 PM com.github.jinahya.database.metadata.bind.Context bind
WARNING: unknown result; type: Procedure, label: RESERVED2, value: null
Jan 26, 2026 2:30:08 PM com.github.jinahya.database.metadata.bind.Context bind
WARNING: unknown result; type: Procedure, label: RESERVED1, value: null
Jan 26, 2026 2:30:08 PM com.github.jinahya.database.metadata.bind.Context bind
WARNING: unknown result; type: Procedure, label: RESERVED3, value: null
Jan 26, 2026 2:30:08 PM com.github.jinahya.database.metadata.bind.Context bind
WARNING: unknown result; type: Procedure, label: RESERVED2, value: null
Jan 26, 2026 2:30:08 PM com.github.jinahya.database.metadata.bind.Context bind
WARNING: unknown result; type: Procedure, label: RESERVED1, value: null
Jan 26, 2026 2:30:08 PM com.github.jinahya.database.metadata.bind.Context bind
WARNING: unknown result; type: Procedure, label: RESERVED3, value: null
Jan 26, 2026 2:30:08 PM com.github.jinahya.database.metadata.bind.Context bind
WARNING: unknown result; type: Procedure, label: RESERVED2, value: null
Jan 26, 2026 2:30:08 PM com.github.jinahya.database.metadata.bind.Context bind
WARNING: unknown result; type: Procedure, label: RESERVED1, value: null
Jan 26, 2026 2:30:08 PM com.github.jinahya.database.metadata.bind.Context bind
WARNING: unknown result; type: Procedure, label: RESERVED3, value: null
Jan 26, 2026 2:30:08 PM com.github.jinahya.database.metadata.bind.Context bind
WARNING: unknown result; type: Procedure, label: RESERVED2, value: null
Jan 26, 2026 2:30:08 PM com.github.jinahya.database.metadata.bind.Context bind
WARNING: unknown result; type: Procedure, label: RESERVED1, value: null
Jan 26, 2026 2:30:08 PM com.github.jinahya.database.metadata.bind.Context bind
WARNING: unknown result; type: Procedure, label: RESERVED3, value: null
Jan 26, 2026 2:30:08 PM com.github.jinahya.database.metadata.bind.Context bind
WARNING: unknown result; type: Procedure, label: RESERVED2, value: null
Jan 26, 2026 2:30:08 PM com.github.jinahya.database.metadata.bind.Context bind
WARNING: unknown result; type: Procedure, label: RESERVED1, value: null
Jan 26, 2026 2:30:08 PM com.github.jinahya.database.metadata.bind.Context bind
WARNING: unknown result; type: Procedure, label: RESERVED3, value: null
Jan 26, 2026 2:30:08 PM com.github.jinahya.database.metadata.bind.Context bind
WARNING: unknown result; type: Procedure, label: RESERVED2, value: null
Jan 26, 2026 2:30:08 PM com.github.jinahya.database.metadata.bind.Context bind
WARNING: unknown result; type: Procedure, label: RESERVED1, value: null
Jan 26, 2026 2:30:08 PM com.github.jinahya.database.metadata.bind.Context bind
WARNING: unknown result; type: Procedure, label: RESERVED3, value: null
Jan 26, 2026 2:30:08 PM com.github.jinahya.database.metadata.bind.Context bind
WARNING: unknown result; type: Procedure, label: RESERVED2, value: null
Jan 26, 2026 2:30:08 PM com.github.jinahya.database.metadata.bind.Context bind
WARNING: unknown result; type: Procedure, label: RESERVED1, value: null
Jan 26, 2026 2:30:08 PM com.github.jinahya.database.metadata.bind.Context bind
WARNING: unknown result; type: Procedure, label: RESERVED3, value: null
Jan 26, 2026 2:30:08 PM com.github.jinahya.database.metadata.bind.Context bind
WARNING: unknown result; type: Procedure, label: RESERVED2, value: null
Jan 26, 2026 2:30:08 PM com.github.jinahya.database.metadata.bind.Context bind
WARNING: unknown result; type: Procedure, label: RESERVED1, value: null
Jan 26, 2026 2:30:08 PM com.github.jinahya.database.metadata.bind.Context bind
WARNING: unknown result; type: Procedure, label: RESERVED3, value: null
Jan 26, 2026 2:30:08 PM com.github.jinahya.database.metadata.bind.Context bind
WARNING: unknown result; type: Procedure, label: RESERVED2, value: null
Jan 26, 2026 2:30:08 PM com.github.jinahya.database.metadata.bind.Context bind
WARNING: unknown result; type: Procedure, label: RESERVED1, value: null
Jan 26, 2026 2:30:08 PM com.github.jinahya.database.metadata.bind.Context bind
WARNING: unknown result; type: Procedure, label: RESERVED3, value: null
Jan 26, 2026 2:30:08 PM com.github.jinahya.database.metadata.bind.Context bind
WARNING: unknown result; type: Procedure, label: RESERVED2, value: null
Jan 26, 2026 2:30:08 PM com.github.jinahya.database.metadata.bind.Context bind
WARNING: unknown result; type: Procedure, label: RESERVED1, value: null
Jan 26, 2026 2:30:08 PM com.github.jinahya.database.metadata.bind.Context bind
WARNING: unknown result; type: Procedure, label: RESERVED3, value: null
Jan 26, 2026 2:30:08 PM com.github.jinahya.database.metadata.bind.Context bind
WARNING: unknown result; type: Procedure, label: RESERVED2, value: null
Jan 26, 2026 2:30:08 PM com.github.jinahya.database.metadata.bind.Context bind
WARNING: unknown result; type: Procedure, label: RESERVED1, value: null
Jan 26, 2026 2:30:08 PM com.github.jinahya.database.metadata.bind.Context bind
WARNING: unknown result; type: Procedure, label: RESERVED3, value: null
Jan 26, 2026 2:30:08 PM com.github.jinahya.database.metadata.bind.Context bind
WARNING: unknown result; type: Procedure, label: RESERVED2, value: null
Jan 26, 2026 2:30:08 PM com.github.jinahya.database.metadata.bind.Context bind
WARNING: unknown result; type: Procedure, label: RESERVED1, value: null
Jan 26, 2026 2:30:08 PM com.github.jinahya.database.metadata.bind.Context bind
WARNING: unknown result; type: Procedure, label: RESERVED3, value: null
Jan 26, 2026 2:30:08 PM com.github.jinahya.database.metadata.bind.Context bind
WARNING: unknown result; type: Procedure, label: RESERVED2, value: null
Jan 26, 2026 2:30:08 PM com.github.jinahya.database.metadata.bind.Context bind
WARNING: unknown result; type: Procedure, label: RESERVED1, value: null
Jan 26, 2026 2:30:08 PM com.github.jinahya.database.metadata.bind.Context bind
WARNING: unknown result; type: Procedure, label: RESERVED3, value: null
Jan 26, 2026 2:30:08 PM com.github.jinahya.database.metadata.bind.Context bind
WARNING: unknown result; type: Procedure, label: RESERVED2, value: null
Jan 26, 2026 2:30:08 PM com.github.jinahya.database.metadata.bind.Context bind
WARNING: unknown result; type: Procedure, label: RESERVED1, value: null
Jan 26, 2026 2:30:08 PM com.github.jinahya.database.metadata.bind.Context bind
WARNING: unknown result; type: Procedure, label: RESERVED3, value: null
Jan 26, 2026 2:30:08 PM com.github.jinahya.database.metadata.bind.Context bind
WARNING: unknown result; type: Procedure, label: RESERVED2, value: null
Jan 26, 2026 2:30:08 PM com.github.jinahya.database.metadata.bind.Context bind
WARNING: unknown result; type: Procedure, label: RESERVED1, value: null
Jan 26, 2026 2:30:08 PM com.github.jinahya.database.metadata.bind.Context bind
WARNING: unknown result; type: Procedure, label: RESERVED3, value: null
Jan 26, 2026 2:30:08 PM com.github.jinahya.database.metadata.bind.Context bind
WARNING: unknown result; type: Procedure, label: RESERVED2, value: null
Jan 26, 2026 2:30:08 PM com.github.jinahya.database.metadata.bind.Context bind
WARNING: unknown result; type: Procedure, label: RESERVED1, value: null
Jan 26, 2026 2:30:08 PM com.github.jinahya.database.metadata.bind.Context bind
WARNING: unknown result; type: Procedure, label: RESERVED3, value: null
Jan 26, 2026 2:30:08 PM com.github.jinahya.database.metadata.bind.Context bind
WARNING: unknown result; type: Procedure, label: RESERVED2, value: null
Jan 26, 2026 2:30:08 PM com.github.jinahya.database.metadata.bind.Context bind
WARNING: unknown result; type: Procedure, label: RESERVED1, value: null
Jan 26, 2026 2:30:08 PM com.github.jinahya.database.metadata.bind.Context bind
WARNING: unknown result; type: Procedure, label: RESERVED3, value: null
Jan 26, 2026 2:30:08 PM com.github.jinahya.database.metadata.bind.Context bind
WARNING: unknown result; type: Procedure, label: RESERVED2, value: null
Jan 26, 2026 2:30:08 PM com.github.jinahya.database.metadata.bind.Context bind
WARNING: unknown result; type: Procedure, label: RESERVED1, value: null
Jan 26, 2026 2:30:08 PM com.github.jinahya.database.metadata.bind.Context bind
WARNING: unknown result; type: Procedure, label: RESERVED3, value: null
Jan 26, 2026 2:30:08 PM com.github.jinahya.database.metadata.bind.Context bind
WARNING: unknown result; type: Procedure, label: RESERVED2, value: null
Jan 26, 2026 2:30:08 PM com.github.jinahya.database.metadata.bind.Context bind
WARNING: unknown result; type: Procedure, label: RESERVED1, value: null
Jan 26, 2026 2:30:08 PM com.github.jinahya.database.metadata.bind.Context bind
WARNING: unknown result; type: Procedure, label: RESERVED3, value: null
Jan 26, 2026 2:30:08 PM com.github.jinahya.database.metadata.bind.Context bind
WARNING: unknown result; type: Procedure, label: RESERVED2, value: null
Jan 26, 2026 2:30:08 PM com.github.jinahya.database.metadata.bind.Context bind
WARNING: unknown result; type: Procedure, label: RESERVED1, value: null
Jan 26, 2026 2:30:08 PM com.github.jinahya.database.metadata.bind.Context bind
WARNING: unknown result; type: Procedure, label: RESERVED3, value: null
Jan 26, 2026 2:30:08 PM com.github.jinahya.database.metadata.bind.Context bind
WARNING: unknown result; type: Procedure, label: RESERVED2, value: null
Jan 26, 2026 2:30:08 PM com.github.jinahya.database.metadata.bind.Context bind
WARNING: unknown result; type: Procedure, label: RESERVED1, value: null
Jan 26, 2026 2:30:08 PM com.github.jinahya.database.metadata.bind.Context bind
WARNING: unknown result; type: Procedure, label: RESERVED3, value: null
Jan 26, 2026 2:30:08 PM com.github.jinahya.database.metadata.bind.Context bind
WARNING: unknown result; type: Procedure, label: RESERVED2, value: null
Jan 26, 2026 2:30:08 PM com.github.jinahya.database.metadata.bind.Context bind
WARNING: unknown result; type: Procedure, label: RESERVED1, value: null
Jan 26, 2026 2:30:08 PM com.github.jinahya.database.metadata.bind.Context bind
WARNING: unknown result; type: Procedure, label: RESERVED3, value: null
Jan 26, 2026 2:30:08 PM com.github.jinahya.database.metadata.bind.Context bind
WARNING: unknown result; type: Procedure, label: RESERVED2, value: null
Jan 26, 2026 2:30:08 PM com.github.jinahya.database.metadata.bind.Context bind
WARNING: unknown result; type: Procedure, label: RESERVED1, value: null
Jan 26, 2026 2:30:08 PM com.github.jinahya.database.metadata.bind.Context bind
WARNING: unknown result; type: Procedure, label: RESERVED3, value: null
Jan 26, 2026 2:30:08 PM com.github.jinahya.database.metadata.bind.Context bind
WARNING: unknown result; type: Procedure, label: RESERVED2, value: null
Jan 26, 2026 2:30:08 PM com.github.jinahya.database.metadata.bind.Context bind
WARNING: unknown result; type: Procedure, label: RESERVED1, value: null
Jan 26, 2026 2:30:08 PM com.github.jinahya.database.metadata.bind.Context bind
WARNING: unknown result; type: Procedure, label: RESERVED3, value: null
Jan 26, 2026 2:30:08 PM com.github.jinahya.database.metadata.bind.Context bind
WARNING: unknown result; type: Procedure, label: RESERVED2, value: null
Jan 26, 2026 2:30:08 PM com.github.jinahya.database.metadata.bind.Context bind
WARNING: unknown result; type: Procedure, label: RESERVED1, value: null
Jan 26, 2026 2:30:08 PM com.github.jinahya.database.metadata.bind.Context bind
WARNING: unknown result; type: ProcedureColumn, label: METHOD_ID, value: 1
Jan 26, 2026 2:30:08 PM com.github.jinahya.database.metadata.bind.Context bind
WARNING: unknown result; type: ProcedureColumn, label: PARAMETER_ID, value: 0
Jan 26, 2026 2:30:08 PM com.github.jinahya.database.metadata.bind.Context bind
WARNING: unknown result; type: ProcedureColumn, label: METHOD_ID, value: 2
Jan 26, 2026 2:30:08 PM com.github.jinahya.database.metadata.bind.Context bind
WARNING: unknown result; type: ProcedureColumn, label: PARAMETER_ID, value: 0
Jan 26, 2026 2:30:08 PM com.github.jinahya.database.metadata.bind.Context bind
WARNING: unknown result; type: ProcedureColumn, label: METHOD_ID, value: 2
Jan 26, 2026 2:30:08 PM com.github.jinahya.database.metadata.bind.Context bind
WARNING: unknown result; type: ProcedureColumn, label: PARAMETER_ID, value: 1
Jan 26, 2026 2:30:08 PM com.github.jinahya.database.metadata.bind.Context bind
WARNING: unknown result; type: ProcedureColumn, label: METHOD_ID, value: 2
Jan 26, 2026 2:30:08 PM com.github.jinahya.database.metadata.bind.Context bind
WARNING: unknown result; type: ProcedureColumn, label: PARAMETER_ID, value: 0
Jan 26, 2026 2:30:08 PM com.github.jinahya.database.metadata.bind.Context bind
WARNING: unknown result; type: ProcedureColumn, label: METHOD_ID, value: 2
Jan 26, 2026 2:30:08 PM com.github.jinahya.database.metadata.bind.Context bind
WARNING: unknown result; type: ProcedureColumn, label: PARAMETER_ID, value: 1
Jan 26, 2026 2:30:08 PM com.github.jinahya.database.metadata.bind.Context bind
WARNING: unknown result; type: ProcedureColumn, label: METHOD_ID, value: 1
Jan 26, 2026 2:30:08 PM com.github.jinahya.database.metadata.bind.Context bind
WARNING: unknown result; type: ProcedureColumn, label: PARAMETER_ID, value: 0
Jan 26, 2026 2:30:08 PM com.github.jinahya.database.metadata.bind.Context bind
WARNING: unknown result; type: ProcedureColumn, label: METHOD_ID, value: 4
Jan 26, 2026 2:30:08 PM com.github.jinahya.database.metadata.bind.Context bind
WARNING: unknown result; type: ProcedureColumn, label: PARAMETER_ID, value: 0
Jan 26, 2026 2:30:08 PM com.github.jinahya.database.metadata.bind.Context bind
WARNING: unknown result; type: ProcedureColumn, label: METHOD_ID, value: 4
Jan 26, 2026 2:30:08 PM com.github.jinahya.database.metadata.bind.Context bind
WARNING: unknown result; type: ProcedureColumn, label: PARAMETER_ID, value: 1
Jan 26, 2026 2:30:08 PM com.github.jinahya.database.metadata.bind.Context bind
WARNING: unknown result; type: ProcedureColumn, label: METHOD_ID, value: 4
Jan 26, 2026 2:30:08 PM com.github.jinahya.database.metadata.bind.Context bind
WARNING: unknown result; type: ProcedureColumn, label: PARAMETER_ID, value: 2
Jan 26, 2026 2:30:08 PM com.github.jinahya.database.metadata.bind.Context bind
WARNING: unknown result; type: ProcedureColumn, label: METHOD_ID, value: 4
Jan 26, 2026 2:30:08 PM com.github.jinahya.database.metadata.bind.Context bind
WARNING: unknown result; type: ProcedureColumn, label: PARAMETER_ID, value: 3
Jan 26, 2026 2:30:08 PM com.github.jinahya.database.metadata.bind.Context bind
WARNING: unknown result; type: ProcedureColumn, label: METHOD_ID, value: 3
Jan 26, 2026 2:30:08 PM com.github.jinahya.database.metadata.bind.Context bind
WARNING: unknown result; type: ProcedureColumn, label: PARAMETER_ID, value: 0
Jan 26, 2026 2:30:08 PM com.github.jinahya.database.metadata.bind.Context bind
WARNING: unknown result; type: ProcedureColumn, label: METHOD_ID, value: 3
Jan 26, 2026 2:30:08 PM com.github.jinahya.database.metadata.bind.Context bind
WARNING: unknown result; type: ProcedureColumn, label: PARAMETER_ID, value: 1
Jan 26, 2026 2:30:08 PM com.github.jinahya.database.metadata.bind.Context bind
WARNING: unknown result; type: ProcedureColumn, label: METHOD_ID, value: 3
Jan 26, 2026 2:30:08 PM com.github.jinahya.database.metadata.bind.Context bind
WARNING: unknown result; type: ProcedureColumn, label: PARAMETER_ID, value: 2
Jan 26, 2026 2:30:08 PM com.github.jinahya.database.metadata.bind.Context bind
WARNING: unknown result; type: ProcedureColumn, label: METHOD_ID, value: 2
Jan 26, 2026 2:30:08 PM com.github.jinahya.database.metadata.bind.Context bind
WARNING: unknown result; type: ProcedureColumn, label: PARAMETER_ID, value: 0
Jan 26, 2026 2:30:08 PM com.github.jinahya.database.metadata.bind.Context bind
WARNING: unknown result; type: ProcedureColumn, label: METHOD_ID, value: 2
Jan 26, 2026 2:30:08 PM com.github.jinahya.database.metadata.bind.Context bind
WARNING: unknown result; type: ProcedureColumn, label: PARAMETER_ID, value: 1
Jan 26, 2026 2:30:08 PM com.github.jinahya.database.metadata.bind.Context bind
WARNING: unknown result; type: ProcedureColumn, label: METHOD_ID, value: 1
Jan 26, 2026 2:30:08 PM com.github.jinahya.database.metadata.bind.Context bind
WARNING: unknown result; type: ProcedureColumn, label: PARAMETER_ID, value: 0
Jan 26, 2026 2:30:08 PM com.github.jinahya.database.metadata.bind.Context bind
WARNING: unknown result; type: ProcedureColumn, label: METHOD_ID, value: 3
Jan 26, 2026 2:30:08 PM com.github.jinahya.database.metadata.bind.Context bind
WARNING: unknown result; type: ProcedureColumn, label: PARAMETER_ID, value: 0
Jan 26, 2026 2:30:08 PM com.github.jinahya.database.metadata.bind.Context bind
WARNING: unknown result; type: ProcedureColumn, label: METHOD_ID, value: 3
Jan 26, 2026 2:30:08 PM com.github.jinahya.database.metadata.bind.Context bind
WARNING: unknown result; type: ProcedureColumn, label: PARAMETER_ID, value: 1
Jan 26, 2026 2:30:08 PM com.github.jinahya.database.metadata.bind.Context bind
WARNING: unknown result; type: ProcedureColumn, label: METHOD_ID, value: 3
Jan 26, 2026 2:30:08 PM com.github.jinahya.database.metadata.bind.Context bind
WARNING: unknown result; type: ProcedureColumn, label: PARAMETER_ID, value: 2
Jan 26, 2026 2:30:08 PM com.github.jinahya.database.metadata.bind.Context bind
WARNING: unknown result; type: ProcedureColumn, label: METHOD_ID, value: 1
Jan 26, 2026 2:30:08 PM com.github.jinahya.database.metadata.bind.Context bind
WARNING: unknown result; type: ProcedureColumn, label: PARAMETER_ID, value: 0
Jan 26, 2026 2:30:08 PM com.github.jinahya.database.metadata.bind.Context bind
WARNING: unknown result; type: ProcedureColumn, label: METHOD_ID, value: 5
Jan 26, 2026 2:30:08 PM com.github.jinahya.database.metadata.bind.Context bind
WARNING: unknown result; type: ProcedureColumn, label: PARAMETER_ID, value: 0
Jan 26, 2026 2:30:08 PM com.github.jinahya.database.metadata.bind.Context bind
WARNING: unknown result; type: ProcedureColumn, label: METHOD_ID, value: 5
Jan 26, 2026 2:30:08 PM com.github.jinahya.database.metadata.bind.Context bind
WARNING: unknown result; type: ProcedureColumn, label: PARAMETER_ID, value: 1
Jan 26, 2026 2:30:08 PM com.github.jinahya.database.metadata.bind.Context bind
WARNING: unknown result; type: ProcedureColumn, label: METHOD_ID, value: 5
Jan 26, 2026 2:30:08 PM com.github.jinahya.database.metadata.bind.Context bind
WARNING: unknown result; type: ProcedureColumn, label: PARAMETER_ID, value: 2
Jan 26, 2026 2:30:08 PM com.github.jinahya.database.metadata.bind.Context bind
WARNING: unknown result; type: ProcedureColumn, label: METHOD_ID, value: 5
Jan 26, 2026 2:30:08 PM com.github.jinahya.database.metadata.bind.Context bind
WARNING: unknown result; type: ProcedureColumn, label: PARAMETER_ID, value: 3
Jan 26, 2026 2:30:08 PM com.github.jinahya.database.metadata.bind.Context bind
WARNING: unknown result; type: ProcedureColumn, label: METHOD_ID, value: 5
Jan 26, 2026 2:30:08 PM com.github.jinahya.database.metadata.bind.Context bind
WARNING: unknown result; type: ProcedureColumn, label: PARAMETER_ID, value: 4
Jan 26, 2026 2:30:08 PM com.github.jinahya.database.metadata.bind.Context bind
WARNING: unknown result; type: ProcedureColumn, label: METHOD_ID, value: 6
Jan 26, 2026 2:30:08 PM com.github.jinahya.database.metadata.bind.Context bind
WARNING: unknown result; type: ProcedureColumn, label: PARAMETER_ID, value: 0
Jan 26, 2026 2:30:08 PM com.github.jinahya.database.metadata.bind.Context bind
WARNING: unknown result; type: ProcedureColumn, label: METHOD_ID, value: 6
Jan 26, 2026 2:30:08 PM com.github.jinahya.database.metadata.bind.Context bind
WARNING: unknown result; type: ProcedureColumn, label: PARAMETER_ID, value: 1
Jan 26, 2026 2:30:08 PM com.github.jinahya.database.metadata.bind.Context bind
WARNING: unknown result; type: ProcedureColumn, label: METHOD_ID, value: 6
Jan 26, 2026 2:30:08 PM com.github.jinahya.database.metadata.bind.Context bind
WARNING: unknown result; type: ProcedureColumn, label: PARAMETER_ID, value: 2
Jan 26, 2026 2:30:08 PM com.github.jinahya.database.metadata.bind.Context bind
WARNING: unknown result; type: ProcedureColumn, label: METHOD_ID, value: 6
Jan 26, 2026 2:30:08 PM com.github.jinahya.database.metadata.bind.Context bind
WARNING: unknown result; type: ProcedureColumn, label: PARAMETER_ID, value: 3
Jan 26, 2026 2:30:08 PM com.github.jinahya.database.metadata.bind.Context bind
WARNING: unknown result; type: ProcedureColumn, label: METHOD_ID, value: 6
Jan 26, 2026 2:30:08 PM com.github.jinahya.database.metadata.bind.Context bind
WARNING: unknown result; type: ProcedureColumn, label: PARAMETER_ID, value: 4
Jan 26, 2026 2:30:08 PM com.github.jinahya.database.metadata.bind.Context bind
WARNING: unknown result; type: ProcedureColumn, label: METHOD_ID, value: 6
Jan 26, 2026 2:30:08 PM com.github.jinahya.database.metadata.bind.Context bind
WARNING: unknown result; type: ProcedureColumn, label: PARAMETER_ID, value: 5
Jan 26, 2026 2:30:08 PM com.github.jinahya.database.metadata.bind.Context bind
WARNING: unknown result; type: ProcedureColumn, label: METHOD_ID, value: 6
Jan 26, 2026 2:30:08 PM com.github.jinahya.database.metadata.bind.Context bind
WARNING: unknown result; type: ProcedureColumn, label: PARAMETER_ID, value: 0
Jan 26, 2026 2:30:08 PM com.github.jinahya.database.metadata.bind.Context bind
WARNING: unknown result; type: ProcedureColumn, label: METHOD_ID, value: 6
Jan 26, 2026 2:30:08 PM com.github.jinahya.database.metadata.bind.Context bind
WARNING: unknown result; type: ProcedureColumn, label: PARAMETER_ID, value: 1
Jan 26, 2026 2:30:08 PM com.github.jinahya.database.metadata.bind.Context bind
WARNING: unknown result; type: ProcedureColumn, label: METHOD_ID, value: 6
Jan 26, 2026 2:30:08 PM com.github.jinahya.database.metadata.bind.Context bind
WARNING: unknown result; type: ProcedureColumn, label: PARAMETER_ID, value: 2
Jan 26, 2026 2:30:08 PM com.github.jinahya.database.metadata.bind.Context bind
WARNING: unknown result; type: ProcedureColumn, label: METHOD_ID, value: 6
Jan 26, 2026 2:30:08 PM com.github.jinahya.database.metadata.bind.Context bind
WARNING: unknown result; type: ProcedureColumn, label: PARAMETER_ID, value: 3
Jan 26, 2026 2:30:08 PM com.github.jinahya.database.metadata.bind.Context bind
WARNING: unknown result; type: ProcedureColumn, label: METHOD_ID, value: 6
Jan 26, 2026 2:30:08 PM com.github.jinahya.database.metadata.bind.Context bind
WARNING: unknown result; type: ProcedureColumn, label: PARAMETER_ID, value: 4
Jan 26, 2026 2:30:08 PM com.github.jinahya.database.metadata.bind.Context bind
WARNING: unknown result; type: ProcedureColumn, label: METHOD_ID, value: 6
Jan 26, 2026 2:30:08 PM com.github.jinahya.database.metadata.bind.Context bind
WARNING: unknown result; type: ProcedureColumn, label: PARAMETER_ID, value: 5
Jan 26, 2026 2:30:08 PM com.github.jinahya.database.metadata.bind.Context bind
WARNING: unknown result; type: ProcedureColumn, label: METHOD_ID, value: 7
Jan 26, 2026 2:30:08 PM com.github.jinahya.database.metadata.bind.Context bind
WARNING: unknown result; type: ProcedureColumn, label: PARAMETER_ID, value: 0
Jan 26, 2026 2:30:08 PM com.github.jinahya.database.metadata.bind.Context bind
WARNING: unknown result; type: ProcedureColumn, label: METHOD_ID, value: 7
Jan 26, 2026 2:30:08 PM com.github.jinahya.database.metadata.bind.Context bind
WARNING: unknown result; type: ProcedureColumn, label: PARAMETER_ID, value: 1
Jan 26, 2026 2:30:08 PM com.github.jinahya.database.metadata.bind.Context bind
WARNING: unknown result; type: ProcedureColumn, label: METHOD_ID, value: 7
Jan 26, 2026 2:30:08 PM com.github.jinahya.database.metadata.bind.Context bind
WARNING: unknown result; type: ProcedureColumn, label: PARAMETER_ID, value: 2
Jan 26, 2026 2:30:08 PM com.github.jinahya.database.metadata.bind.Context bind
WARNING: unknown result; type: ProcedureColumn, label: METHOD_ID, value: 7
Jan 26, 2026 2:30:08 PM com.github.jinahya.database.metadata.bind.Context bind
WARNING: unknown result; type: ProcedureColumn, label: PARAMETER_ID, value: 3
Jan 26, 2026 2:30:08 PM com.github.jinahya.database.metadata.bind.Context bind
WARNING: unknown result; type: ProcedureColumn, label: METHOD_ID, value: 7
Jan 26, 2026 2:30:08 PM com.github.jinahya.database.metadata.bind.Context bind
WARNING: unknown result; type: ProcedureColumn, label: PARAMETER_ID, value: 4
Jan 26, 2026 2:30:08 PM com.github.jinahya.database.metadata.bind.Context bind
WARNING: unknown result; type: ProcedureColumn, label: METHOD_ID, value: 7
Jan 26, 2026 2:30:08 PM com.github.jinahya.database.metadata.bind.Context bind
WARNING: unknown result; type: ProcedureColumn, label: PARAMETER_ID, value: 5
Jan 26, 2026 2:30:08 PM com.github.jinahya.database.metadata.bind.Context bind
WARNING: unknown result; type: ProcedureColumn, label: METHOD_ID, value: 7
Jan 26, 2026 2:30:08 PM com.github.jinahya.database.metadata.bind.Context bind
WARNING: unknown result; type: ProcedureColumn, label: PARAMETER_ID, value: 6
Jan 26, 2026 2:30:08 PM com.github.jinahya.database.metadata.bind.Context bind
WARNING: unknown result; type: ProcedureColumn, label: METHOD_ID, value: 9
Jan 26, 2026 2:30:08 PM com.github.jinahya.database.metadata.bind.Context bind
WARNING: unknown result; type: ProcedureColumn, label: PARAMETER_ID, value: 0
Jan 26, 2026 2:30:08 PM com.github.jinahya.database.metadata.bind.Context bind
WARNING: unknown result; type: ProcedureColumn, label: METHOD_ID, value: 9
Jan 26, 2026 2:30:08 PM com.github.jinahya.database.metadata.bind.Context bind
WARNING: unknown result; type: ProcedureColumn, label: PARAMETER_ID, value: 1
Jan 26, 2026 2:30:08 PM com.github.jinahya.database.metadata.bind.Context bind
WARNING: unknown result; type: ProcedureColumn, label: METHOD_ID, value: 9
Jan 26, 2026 2:30:08 PM com.github.jinahya.database.metadata.bind.Context bind
WARNING: unknown result; type: ProcedureColumn, label: PARAMETER_ID, value: 2
Jan 26, 2026 2:30:08 PM com.github.jinahya.database.metadata.bind.Context bind
WARNING: unknown result; type: ProcedureColumn, label: METHOD_ID, value: 9
Jan 26, 2026 2:30:08 PM com.github.jinahya.database.metadata.bind.Context bind
WARNING: unknown result; type: ProcedureColumn, label: PARAMETER_ID, value: 3
Jan 26, 2026 2:30:08 PM com.github.jinahya.database.metadata.bind.Context bind
WARNING: unknown result; type: ProcedureColumn, label: METHOD_ID, value: 9
Jan 26, 2026 2:30:08 PM com.github.jinahya.database.metadata.bind.Context bind
WARNING: unknown result; type: ProcedureColumn, label: PARAMETER_ID, value: 4
Jan 26, 2026 2:30:08 PM com.github.jinahya.database.metadata.bind.Context bind
WARNING: unknown result; type: ProcedureColumn, label: METHOD_ID, value: 9
Jan 26, 2026 2:30:08 PM com.github.jinahya.database.metadata.bind.Context bind
WARNING: unknown result; type: ProcedureColumn, label: PARAMETER_ID, value: 5
Jan 26, 2026 2:30:08 PM com.github.jinahya.database.metadata.bind.Context bind
WARNING: unknown result; type: ProcedureColumn, label: METHOD_ID, value: 9
Jan 26, 2026 2:30:08 PM com.github.jinahya.database.metadata.bind.Context bind
WARNING: unknown result; type: ProcedureColumn, label: PARAMETER_ID, value: 6
Jan 26, 2026 2:30:08 PM com.github.jinahya.database.metadata.bind.Context bind
WARNING: unknown result; type: ProcedureColumn, label: METHOD_ID, value: 9
Jan 26, 2026 2:30:08 PM com.github.jinahya.database.metadata.bind.Context bind
WARNING: unknown result; type: ProcedureColumn, label: PARAMETER_ID, value: 7
Jan 26, 2026 2:30:08 PM com.github.jinahya.database.metadata.bind.Context bind
WARNING: unknown result; type: ProcedureColumn, label: METHOD_ID, value: 9
Jan 26, 2026 2:30:08 PM com.github.jinahya.database.metadata.bind.Context bind
WARNING: unknown result; type: ProcedureColumn, label: PARAMETER_ID, value: 8
Jan 26, 2026 2:30:08 PM com.github.jinahya.database.metadata.bind.Context bind
WARNING: unknown result; type: ProcedureColumn, label: METHOD_ID, value: 10
Jan 26, 2026 2:30:08 PM com.github.jinahya.database.metadata.bind.Context bind
WARNING: unknown result; type: ProcedureColumn, label: PARAMETER_ID, value: 0
Jan 26, 2026 2:30:08 PM com.github.jinahya.database.metadata.bind.Context bind
WARNING: unknown result; type: ProcedureColumn, label: METHOD_ID, value: 10
Jan 26, 2026 2:30:08 PM com.github.jinahya.database.metadata.bind.Context bind
WARNING: unknown result; type: ProcedureColumn, label: PARAMETER_ID, value: 1
Jan 26, 2026 2:30:08 PM com.github.jinahya.database.metadata.bind.Context bind
WARNING: unknown result; type: ProcedureColumn, label: METHOD_ID, value: 10
Jan 26, 2026 2:30:08 PM com.github.jinahya.database.metadata.bind.Context bind
WARNING: unknown result; type: ProcedureColumn, label: PARAMETER_ID, value: 2
Jan 26, 2026 2:30:08 PM com.github.jinahya.database.metadata.bind.Context bind
WARNING: unknown result; type: ProcedureColumn, label: METHOD_ID, value: 10
Jan 26, 2026 2:30:08 PM com.github.jinahya.database.metadata.bind.Context bind
WARNING: unknown result; type: ProcedureColumn, label: PARAMETER_ID, value: 3
Jan 26, 2026 2:30:08 PM com.github.jinahya.database.metadata.bind.Context bind
WARNING: unknown result; type: ProcedureColumn, label: METHOD_ID, value: 10
Jan 26, 2026 2:30:08 PM com.github.jinahya.database.metadata.bind.Context bind
WARNING: unknown result; type: ProcedureColumn, label: PARAMETER_ID, value: 4
Jan 26, 2026 2:30:08 PM com.github.jinahya.database.metadata.bind.Context bind
WARNING: unknown result; type: ProcedureColumn, label: METHOD_ID, value: 10
Jan 26, 2026 2:30:08 PM com.github.jinahya.database.metadata.bind.Context bind
WARNING: unknown result; type: ProcedureColumn, label: PARAMETER_ID, value: 5
Jan 26, 2026 2:30:08 PM com.github.jinahya.database.metadata.bind.Context bind
WARNING: unknown result; type: ProcedureColumn, label: METHOD_ID, value: 10
Jan 26, 2026 2:30:08 PM com.github.jinahya.database.metadata.bind.Context bind
WARNING: unknown result; type: ProcedureColumn, label: PARAMETER_ID, value: 6
Jan 26, 2026 2:30:08 PM com.github.jinahya.database.metadata.bind.Context bind
WARNING: unknown result; type: ProcedureColumn, label: METHOD_ID, value: 10
Jan 26, 2026 2:30:08 PM com.github.jinahya.database.metadata.bind.Context bind
WARNING: unknown result; type: ProcedureColumn, label: PARAMETER_ID, value: 7
Jan 26, 2026 2:30:08 PM com.github.jinahya.database.metadata.bind.Context bind
WARNING: unknown result; type: ProcedureColumn, label: METHOD_ID, value: 10
Jan 26, 2026 2:30:08 PM com.github.jinahya.database.metadata.bind.Context bind
WARNING: unknown result; type: ProcedureColumn, label: PARAMETER_ID, value: 8
Jan 26, 2026 2:30:08 PM com.github.jinahya.database.metadata.bind.Context bind
WARNING: unknown result; type: ProcedureColumn, label: METHOD_ID, value: 10
Jan 26, 2026 2:30:08 PM com.github.jinahya.database.metadata.bind.Context bind
WARNING: unknown result; type: ProcedureColumn, label: PARAMETER_ID, value: 9
Jan 26, 2026 2:30:08 PM com.github.jinahya.database.metadata.bind.Context bind
WARNING: unknown result; type: ProcedureColumn, label: METHOD_ID, value: 9
Jan 26, 2026 2:30:08 PM com.github.jinahya.database.metadata.bind.Context bind
WARNING: unknown result; type: ProcedureColumn, label: PARAMETER_ID, value: 0
Jan 26, 2026 2:30:08 PM com.github.jinahya.database.metadata.bind.Context bind
WARNING: unknown result; type: ProcedureColumn, label: METHOD_ID, value: 9
Jan 26, 2026 2:30:08 PM com.github.jinahya.database.metadata.bind.Context bind
WARNING: unknown result; type: ProcedureColumn, label: PARAMETER_ID, value: 1
Jan 26, 2026 2:30:08 PM com.github.jinahya.database.metadata.bind.Context bind
WARNING: unknown result; type: ProcedureColumn, label: METHOD_ID, value: 9
Jan 26, 2026 2:30:08 PM com.github.jinahya.database.metadata.bind.Context bind
WARNING: unknown result; type: ProcedureColumn, label: PARAMETER_ID, value: 2
Jan 26, 2026 2:30:08 PM com.github.jinahya.database.metadata.bind.Context bind
WARNING: unknown result; type: ProcedureColumn, label: METHOD_ID, value: 9
Jan 26, 2026 2:30:08 PM com.github.jinahya.database.metadata.bind.Context bind
WARNING: unknown result; type: ProcedureColumn, label: PARAMETER_ID, value: 3
Jan 26, 2026 2:30:08 PM com.github.jinahya.database.metadata.bind.Context bind
WARNING: unknown result; type: ProcedureColumn, label: METHOD_ID, value: 9
Jan 26, 2026 2:30:08 PM com.github.jinahya.database.metadata.bind.Context bind
WARNING: unknown result; type: ProcedureColumn, label: PARAMETER_ID, value: 4
Jan 26, 2026 2:30:08 PM com.github.jinahya.database.metadata.bind.Context bind
WARNING: unknown result; type: ProcedureColumn, label: METHOD_ID, value: 9
Jan 26, 2026 2:30:08 PM com.github.jinahya.database.metadata.bind.Context bind
WARNING: unknown result; type: ProcedureColumn, label: PARAMETER_ID, value: 5
Jan 26, 2026 2:30:08 PM com.github.jinahya.database.metadata.bind.Context bind
WARNING: unknown result; type: ProcedureColumn, label: METHOD_ID, value: 9
Jan 26, 2026 2:30:08 PM com.github.jinahya.database.metadata.bind.Context bind
WARNING: unknown result; type: ProcedureColumn, label: PARAMETER_ID, value: 6
Jan 26, 2026 2:30:08 PM com.github.jinahya.database.metadata.bind.Context bind
WARNING: unknown result; type: ProcedureColumn, label: METHOD_ID, value: 9
Jan 26, 2026 2:30:08 PM com.github.jinahya.database.metadata.bind.Context bind
WARNING: unknown result; type: ProcedureColumn, label: PARAMETER_ID, value: 7
Jan 26, 2026 2:30:08 PM com.github.jinahya.database.metadata.bind.Context bind
WARNING: unknown result; type: ProcedureColumn, label: METHOD_ID, value: 9
Jan 26, 2026 2:30:08 PM com.github.jinahya.database.metadata.bind.Context bind
WARNING: unknown result; type: ProcedureColumn, label: PARAMETER_ID, value: 8
Jan 26, 2026 2:30:08 PM com.github.jinahya.database.metadata.bind.Context bind
WARNING: unknown result; type: ProcedureColumn, label: METHOD_ID, value: 7
Jan 26, 2026 2:30:08 PM com.github.jinahya.database.metadata.bind.Context bind
WARNING: unknown result; type: ProcedureColumn, label: PARAMETER_ID, value: 0
Jan 26, 2026 2:30:08 PM com.github.jinahya.database.metadata.bind.Context bind
WARNING: unknown result; type: ProcedureColumn, label: METHOD_ID, value: 7
Jan 26, 2026 2:30:08 PM com.github.jinahya.database.metadata.bind.Context bind
WARNING: unknown result; type: ProcedureColumn, label: PARAMETER_ID, value: 1
Jan 26, 2026 2:30:08 PM com.github.jinahya.database.metadata.bind.Context bind
WARNING: unknown result; type: ProcedureColumn, label: METHOD_ID, value: 7
Jan 26, 2026 2:30:08 PM com.github.jinahya.database.metadata.bind.Context bind
WARNING: unknown result; type: ProcedureColumn, label: PARAMETER_ID, value: 2
Jan 26, 2026 2:30:08 PM com.github.jinahya.database.metadata.bind.Context bind
WARNING: unknown result; type: ProcedureColumn, label: METHOD_ID, value: 7
Jan 26, 2026 2:30:08 PM com.github.jinahya.database.metadata.bind.Context bind
WARNING: unknown result; type: ProcedureColumn, label: PARAMETER_ID, value: 3
Jan 26, 2026 2:30:08 PM com.github.jinahya.database.metadata.bind.Context bind
WARNING: unknown result; type: ProcedureColumn, label: METHOD_ID, value: 7
Jan 26, 2026 2:30:08 PM com.github.jinahya.database.metadata.bind.Context bind
WARNING: unknown result; type: ProcedureColumn, label: PARAMETER_ID, value: 4
Jan 26, 2026 2:30:08 PM com.github.jinahya.database.metadata.bind.Context bind
WARNING: unknown result; type: ProcedureColumn, label: METHOD_ID, value: 7
Jan 26, 2026 2:30:08 PM com.github.jinahya.database.metadata.bind.Context bind
WARNING: unknown result; type: ProcedureColumn, label: PARAMETER_ID, value: 5
Jan 26, 2026 2:30:08 PM com.github.jinahya.database.metadata.bind.Context bind
WARNING: unknown result; type: ProcedureColumn, label: METHOD_ID, value: 7
Jan 26, 2026 2:30:08 PM com.github.jinahya.database.metadata.bind.Context bind
WARNING: unknown result; type: ProcedureColumn, label: PARAMETER_ID, value: 6
Jan 26, 2026 2:30:08 PM com.github.jinahya.database.metadata.bind.Context bind
WARNING: unknown result; type: ProcedureColumn, label: METHOD_ID, value: 8
Jan 26, 2026 2:30:08 PM com.github.jinahya.database.metadata.bind.Context bind
WARNING: unknown result; type: ProcedureColumn, label: PARAMETER_ID, value: 0
Jan 26, 2026 2:30:08 PM com.github.jinahya.database.metadata.bind.Context bind
WARNING: unknown result; type: ProcedureColumn, label: METHOD_ID, value: 8
Jan 26, 2026 2:30:08 PM com.github.jinahya.database.metadata.bind.Context bind
WARNING: unknown result; type: ProcedureColumn, label: PARAMETER_ID, value: 1
Jan 26, 2026 2:30:08 PM com.github.jinahya.database.metadata.bind.Context bind
WARNING: unknown result; type: ProcedureColumn, label: METHOD_ID, value: 8
Jan 26, 2026 2:30:08 PM com.github.jinahya.database.metadata.bind.Context bind
WARNING: unknown result; type: ProcedureColumn, label: PARAMETER_ID, value: 2
Jan 26, 2026 2:30:08 PM com.github.jinahya.database.metadata.bind.Context bind
WARNING: unknown result; type: ProcedureColumn, label: METHOD_ID, value: 8
Jan 26, 2026 2:30:08 PM com.github.jinahya.database.metadata.bind.Context bind
WARNING: unknown result; type: ProcedureColumn, label: PARAMETER_ID, value: 3
Jan 26, 2026 2:30:08 PM com.github.jinahya.database.metadata.bind.Context bind
WARNING: unknown result; type: ProcedureColumn, label: METHOD_ID, value: 8
Jan 26, 2026 2:30:08 PM com.github.jinahya.database.metadata.bind.Context bind
WARNING: unknown result; type: ProcedureColumn, label: PARAMETER_ID, value: 4
Jan 26, 2026 2:30:08 PM com.github.jinahya.database.metadata.bind.Context bind
WARNING: unknown result; type: ProcedureColumn, label: METHOD_ID, value: 8
Jan 26, 2026 2:30:08 PM com.github.jinahya.database.metadata.bind.Context bind
WARNING: unknown result; type: ProcedureColumn, label: PARAMETER_ID, value: 5
Jan 26, 2026 2:30:08 PM com.github.jinahya.database.metadata.bind.Context bind
WARNING: unknown result; type: ProcedureColumn, label: METHOD_ID, value: 8
Jan 26, 2026 2:30:08 PM com.github.jinahya.database.metadata.bind.Context bind
WARNING: unknown result; type: ProcedureColumn, label: PARAMETER_ID, value: 6
Jan 26, 2026 2:30:08 PM com.github.jinahya.database.metadata.bind.Context bind
WARNING: unknown result; type: ProcedureColumn, label: METHOD_ID, value: 8
Jan 26, 2026 2:30:08 PM com.github.jinahya.database.metadata.bind.Context bind
WARNING: unknown result; type: ProcedureColumn, label: PARAMETER_ID, value: 7
Jan 26, 2026 2:30:08 PM com.github.jinahya.database.metadata.bind.Context bind
WARNING: unknown result; type: ProcedureColumn, label: METHOD_ID, value: 7
Jan 26, 2026 2:30:08 PM com.github.jinahya.database.metadata.bind.Context bind
WARNING: unknown result; type: ProcedureColumn, label: PARAMETER_ID, value: 0
Jan 26, 2026 2:30:08 PM com.github.jinahya.database.metadata.bind.Context bind
WARNING: unknown result; type: ProcedureColumn, label: METHOD_ID, value: 7
Jan 26, 2026 2:30:08 PM com.github.jinahya.database.metadata.bind.Context bind
WARNING: unknown result; type: ProcedureColumn, label: PARAMETER_ID, value: 1
Jan 26, 2026 2:30:08 PM com.github.jinahya.database.metadata.bind.Context bind
WARNING: unknown result; type: ProcedureColumn, label: METHOD_ID, value: 7
Jan 26, 2026 2:30:08 PM com.github.jinahya.database.metadata.bind.Context bind
WARNING: unknown result; type: ProcedureColumn, label: PARAMETER_ID, value: 2
Jan 26, 2026 2:30:08 PM com.github.jinahya.database.metadata.bind.Context bind
WARNING: unknown result; type: ProcedureColumn, label: METHOD_ID, value: 7
Jan 26, 2026 2:30:08 PM com.github.jinahya.database.metadata.bind.Context bind
WARNING: unknown result; type: ProcedureColumn, label: PARAMETER_ID, value: 3
Jan 26, 2026 2:30:08 PM com.github.jinahya.database.metadata.bind.Context bind
WARNING: unknown result; type: ProcedureColumn, label: METHOD_ID, value: 7
Jan 26, 2026 2:30:08 PM com.github.jinahya.database.metadata.bind.Context bind
WARNING: unknown result; type: ProcedureColumn, label: PARAMETER_ID, value: 4
Jan 26, 2026 2:30:08 PM com.github.jinahya.database.metadata.bind.Context bind
WARNING: unknown result; type: ProcedureColumn, label: METHOD_ID, value: 7
Jan 26, 2026 2:30:08 PM com.github.jinahya.database.metadata.bind.Context bind
WARNING: unknown result; type: ProcedureColumn, label: PARAMETER_ID, value: 5
Jan 26, 2026 2:30:08 PM com.github.jinahya.database.metadata.bind.Context bind
WARNING: unknown result; type: ProcedureColumn, label: METHOD_ID, value: 7
Jan 26, 2026 2:30:08 PM com.github.jinahya.database.metadata.bind.Context bind
WARNING: unknown result; type: ProcedureColumn, label: PARAMETER_ID, value: 6
Jan 26, 2026 2:30:08 PM com.github.jinahya.database.metadata.bind.Context bind
WARNING: unknown result; type: ProcedureColumn, label: METHOD_ID, value: 5
Jan 26, 2026 2:30:08 PM com.github.jinahya.database.metadata.bind.Context bind
WARNING: unknown result; type: ProcedureColumn, label: PARAMETER_ID, value: 0
Jan 26, 2026 2:30:08 PM com.github.jinahya.database.metadata.bind.Context bind
WARNING: unknown result; type: ProcedureColumn, label: METHOD_ID, value: 5
Jan 26, 2026 2:30:08 PM com.github.jinahya.database.metadata.bind.Context bind
WARNING: unknown result; type: ProcedureColumn, label: PARAMETER_ID, value: 1
Jan 26, 2026 2:30:08 PM com.github.jinahya.database.metadata.bind.Context bind
WARNING: unknown result; type: ProcedureColumn, label: METHOD_ID, value: 5
Jan 26, 2026 2:30:08 PM com.github.jinahya.database.metadata.bind.Context bind
WARNING: unknown result; type: ProcedureColumn, label: PARAMETER_ID, value: 2
Jan 26, 2026 2:30:08 PM com.github.jinahya.database.metadata.bind.Context bind
WARNING: unknown result; type: ProcedureColumn, label: METHOD_ID, value: 5
Jan 26, 2026 2:30:08 PM com.github.jinahya.database.metadata.bind.Context bind
WARNING: unknown result; type: ProcedureColumn, label: PARAMETER_ID, value: 3
Jan 26, 2026 2:30:08 PM com.github.jinahya.database.metadata.bind.Context bind
WARNING: unknown result; type: ProcedureColumn, label: METHOD_ID, value: 5
Jan 26, 2026 2:30:08 PM com.github.jinahya.database.metadata.bind.Context bind
WARNING: unknown result; type: ProcedureColumn, label: PARAMETER_ID, value: 4
Jan 26, 2026 2:30:08 PM com.github.jinahya.database.metadata.bind.Context bind
WARNING: unknown result; type: ProcedureColumn, label: METHOD_ID, value: 1
Jan 26, 2026 2:30:08 PM com.github.jinahya.database.metadata.bind.Context bind
WARNING: unknown result; type: ProcedureColumn, label: PARAMETER_ID, value: 0
Jan 26, 2026 2:30:08 PM com.github.jinahya.database.metadata.bind.Context bind
WARNING: unknown result; type: ProcedureColumn, label: METHOD_ID, value: 3
Jan 26, 2026 2:30:08 PM com.github.jinahya.database.metadata.bind.Context bind
WARNING: unknown result; type: ProcedureColumn, label: PARAMETER_ID, value: 0
Jan 26, 2026 2:30:08 PM com.github.jinahya.database.metadata.bind.Context bind
WARNING: unknown result; type: ProcedureColumn, label: METHOD_ID, value: 3
Jan 26, 2026 2:30:08 PM com.github.jinahya.database.metadata.bind.Context bind
WARNING: unknown result; type: ProcedureColumn, label: PARAMETER_ID, value: 1
Jan 26, 2026 2:30:08 PM com.github.jinahya.database.metadata.bind.Context bind
WARNING: unknown result; type: ProcedureColumn, label: METHOD_ID, value: 3
Jan 26, 2026 2:30:08 PM com.github.jinahya.database.metadata.bind.Context bind
WARNING: unknown result; type: ProcedureColumn, label: PARAMETER_ID, value: 2
Jan 26, 2026 2:30:08 PM com.github.jinahya.database.metadata.bind.Context bind
WARNING: unknown result; type: ProcedureColumn, label: METHOD_ID, value: 2
Jan 26, 2026 2:30:08 PM com.github.jinahya.database.metadata.bind.Context bind
WARNING: unknown result; type: ProcedureColumn, label: PARAMETER_ID, value: 0
Jan 26, 2026 2:30:08 PM com.github.jinahya.database.metadata.bind.Context bind
WARNING: unknown result; type: ProcedureColumn, label: METHOD_ID, value: 2
Jan 26, 2026 2:30:08 PM com.github.jinahya.database.metadata.bind.Context bind
WARNING: unknown result; type: ProcedureColumn, label: PARAMETER_ID, value: 1
Jan 26, 2026 2:30:08 PM com.github.jinahya.database.metadata.bind.Context bind
WARNING: unknown result; type: ProcedureColumn, label: METHOD_ID, value: 2
Jan 26, 2026 2:30:08 PM com.github.jinahya.database.metadata.bind.Context bind
WARNING: unknown result; type: ProcedureColumn, label: PARAMETER_ID, value: 0
Jan 26, 2026 2:30:08 PM com.github.jinahya.database.metadata.bind.Context bind
WARNING: unknown result; type: ProcedureColumn, label: METHOD_ID, value: 2
Jan 26, 2026 2:30:08 PM com.github.jinahya.database.metadata.bind.Context bind
WARNING: unknown result; type: ProcedureColumn, label: PARAMETER_ID, value: 1
Jan 26, 2026 2:30:08 PM com.github.jinahya.database.metadata.bind.Context bind
WARNING: unknown result; type: ProcedureColumn, label: METHOD_ID, value: 1
Jan 26, 2026 2:30:08 PM com.github.jinahya.database.metadata.bind.Context bind
WARNING: unknown result; type: ProcedureColumn, label: PARAMETER_ID, value: 0
Jan 26, 2026 2:30:08 PM com.github.jinahya.database.metadata.bind.Context bind
WARNING: unknown result; type: ProcedureColumn, label: METHOD_ID, value: 1
Jan 26, 2026 2:30:08 PM com.github.jinahya.database.metadata.bind.Context bind
WARNING: unknown result; type: ProcedureColumn, label: PARAMETER_ID, value: 0
Jan 26, 2026 2:30:08 PM com.github.jinahya.database.metadata.bind.Context bind
WARNING: unknown result; type: ProcedureColumn, label: METHOD_ID, value: 2
Jan 26, 2026 2:30:08 PM com.github.jinahya.database.metadata.bind.Context bind
WARNING: unknown result; type: ProcedureColumn, label: PARAMETER_ID, value: 0
Jan 26, 2026 2:30:08 PM com.github.jinahya.database.metadata.bind.Context bind
WARNING: unknown result; type: ProcedureColumn, label: METHOD_ID, value: 2
Jan 26, 2026 2:30:08 PM com.github.jinahya.database.metadata.bind.Context bind
WARNING: unknown result; type: ProcedureColumn, label: PARAMETER_ID, value: 1
Jan 26, 2026 2:30:08 PM com.github.jinahya.database.metadata.bind.Context bind
WARNING: unknown result; type: ProcedureColumn, label: METHOD_ID, value: 1
Jan 26, 2026 2:30:08 PM com.github.jinahya.database.metadata.bind.Context bind
WARNING: unknown result; type: ProcedureColumn, label: PARAMETER_ID, value: 0
Jan 26, 2026 2:30:08 PM com.github.jinahya.database.metadata.bind.Context bind
WARNING: unknown result; type: ProcedureColumn, label: METHOD_ID, value: 1
Jan 26, 2026 2:30:08 PM com.github.jinahya.database.metadata.bind.Context bind
WARNING: unknown result; type: ProcedureColumn, label: PARAMETER_ID, value: 0
Jan 26, 2026 2:30:08 PM com.github.jinahya.database.metadata.bind.Context bind
WARNING: unknown result; type: ProcedureColumn, label: METHOD_ID, value: 3
Jan 26, 2026 2:30:08 PM com.github.jinahya.database.metadata.bind.Context bind
WARNING: unknown result; type: ProcedureColumn, label: PARAMETER_ID, value: 0
Jan 26, 2026 2:30:08 PM com.github.jinahya.database.metadata.bind.Context bind
WARNING: unknown result; type: ProcedureColumn, label: METHOD_ID, value: 3
Jan 26, 2026 2:30:08 PM com.github.jinahya.database.metadata.bind.Context bind
WARNING: unknown result; type: ProcedureColumn, label: PARAMETER_ID, value: 1
Jan 26, 2026 2:30:08 PM com.github.jinahya.database.metadata.bind.Context bind
WARNING: unknown result; type: ProcedureColumn, label: METHOD_ID, value: 3
Jan 26, 2026 2:30:08 PM com.github.jinahya.database.metadata.bind.Context bind
WARNING: unknown result; type: ProcedureColumn, label: PARAMETER_ID, value: 2
Jan 26, 2026 2:30:08 PM com.github.jinahya.database.metadata.bind.Context bind
WARNING: unknown result; type: Procedure, label: RESERVED3, value: null
Jan 26, 2026 2:30:08 PM com.github.jinahya.database.metadata.bind.Context bind
WARNING: unknown result; type: Procedure, label: RESERVED2, value: null
Jan 26, 2026 2:30:08 PM com.github.jinahya.database.metadata.bind.Context bind
WARNING: unknown result; type: Procedure, label: RESERVED1, value: null
Jan 26, 2026 2:30:08 PM com.github.jinahya.database.metadata.bind.Context bind
WARNING: unknown result; type: Procedure, label: RESERVED3, value: null
Jan 26, 2026 2:30:08 PM com.github.jinahya.database.metadata.bind.Context bind
WARNING: unknown result; type: Procedure, label: RESERVED2, value: null
Jan 26, 2026 2:30:08 PM com.github.jinahya.database.metadata.bind.Context bind
WARNING: unknown result; type: Procedure, label: RESERVED1, value: null
Jan 26, 2026 2:30:08 PM com.github.jinahya.database.metadata.bind.Context bind
WARNING: unknown result; type: Procedure, label: RESERVED3, value: null
Jan 26, 2026 2:30:08 PM com.github.jinahya.database.metadata.bind.Context bind
WARNING: unknown result; type: Procedure, label: RESERVED2, value: null
Jan 26, 2026 2:30:08 PM com.github.jinahya.database.metadata.bind.Context bind
WARNING: unknown result; type: Procedure, label: RESERVED1, value: null
Jan 26, 2026 2:30:08 PM com.github.jinahya.database.metadata.bind.Context bind
WARNING: unknown result; type: Procedure, label: RESERVED3, value: null
Jan 26, 2026 2:30:08 PM com.github.jinahya.database.metadata.bind.Context bind
WARNING: unknown result; type: Procedure, label: RESERVED2, value: null
Jan 26, 2026 2:30:08 PM com.github.jinahya.database.metadata.bind.Context bind
WARNING: unknown result; type: Procedure, label: RESERVED1, value: null
Jan 26, 2026 2:30:08 PM com.github.jinahya.database.metadata.bind.Context bind
WARNING: unknown result; type: Procedure, label: RESERVED3, value: null
Jan 26, 2026 2:30:08 PM com.github.jinahya.database.metadata.bind.Context bind
WARNING: unknown result; type: Procedure, label: RESERVED2, value: null
Jan 26, 2026 2:30:08 PM com.github.jinahya.database.metadata.bind.Context bind
WARNING: unknown result; type: Procedure, label: RESERVED1, value: null
Jan 26, 2026 2:30:08 PM com.github.jinahya.database.metadata.bind.Context bind
WARNING: unknown result; type: Procedure, label: RESERVED3, value: null
Jan 26, 2026 2:30:08 PM com.github.jinahya.database.metadata.bind.Context bind
WARNING: unknown result; type: Procedure, label: RESERVED2, value: null
Jan 26, 2026 2:30:08 PM com.github.jinahya.database.metadata.bind.Context bind
WARNING: unknown result; type: Procedure, label: RESERVED1, value: null
Jan 26, 2026 2:30:08 PM com.github.jinahya.database.metadata.bind.Context bind
WARNING: unknown result; type: Procedure, label: RESERVED3, value: null
Jan 26, 2026 2:30:08 PM com.github.jinahya.database.metadata.bind.Context bind
WARNING: unknown result; type: Procedure, label: RESERVED2, value: null
Jan 26, 2026 2:30:08 PM com.github.jinahya.database.metadata.bind.Context bind
WARNING: unknown result; type: Procedure, label: RESERVED1, value: null
Jan 26, 2026 2:30:08 PM com.github.jinahya.database.metadata.bind.Context bind
WARNING: unknown result; type: Procedure, label: RESERVED3, value: null
Jan 26, 2026 2:30:08 PM com.github.jinahya.database.metadata.bind.Context bind
WARNING: unknown result; type: Procedure, label: RESERVED2, value: null
Jan 26, 2026 2:30:08 PM com.github.jinahya.database.metadata.bind.Context bind
WARNING: unknown result; type: Procedure, label: RESERVED1, value: null
Jan 26, 2026 2:30:08 PM com.github.jinahya.database.metadata.bind.Context bind
WARNING: unknown result; type: Procedure, label: RESERVED3, value: null
Jan 26, 2026 2:30:08 PM com.github.jinahya.database.metadata.bind.Context bind
WARNING: unknown result; type: Procedure, label: RESERVED2, value: null
Jan 26, 2026 2:30:08 PM com.github.jinahya.database.metadata.bind.Context bind
WARNING: unknown result; type: Procedure, label: RESERVED1, value: null
Jan 26, 2026 2:30:08 PM com.github.jinahya.database.metadata.bind.Context bind
WARNING: unknown result; type: Procedure, label: RESERVED3, value: null
Jan 26, 2026 2:30:08 PM com.github.jinahya.database.metadata.bind.Context bind
WARNING: unknown result; type: Procedure, label: RESERVED2, value: null
Jan 26, 2026 2:30:08 PM com.github.jinahya.database.metadata.bind.Context bind
WARNING: unknown result; type: Procedure, label: RESERVED1, value: null
Jan 26, 2026 2:30:08 PM com.github.jinahya.database.metadata.bind.Context bind
WARNING: unknown result; type: Procedure, label: RESERVED3, value: null
Jan 26, 2026 2:30:08 PM com.github.jinahya.database.metadata.bind.Context bind
WARNING: unknown result; type: Procedure, label: RESERVED2, value: null
Jan 26, 2026 2:30:08 PM com.github.jinahya.database.metadata.bind.Context bind
WARNING: unknown result; type: Procedure, label: RESERVED1, value: null
Jan 26, 2026 2:30:08 PM com.github.jinahya.database.metadata.bind.Context bind
WARNING: unknown result; type: Procedure, label: RESERVED3, value: null
Jan 26, 2026 2:30:08 PM com.github.jinahya.database.metadata.bind.Context bind
WARNING: unknown result; type: Procedure, label: RESERVED2, value: null
Jan 26, 2026 2:30:08 PM com.github.jinahya.database.metadata.bind.Context bind
WARNING: unknown result; type: Procedure, label: RESERVED1, value: null
Jan 26, 2026 2:30:08 PM com.github.jinahya.database.metadata.bind.Context bind
WARNING: unknown result; type: Procedure, label: RESERVED3, value: null
Jan 26, 2026 2:30:08 PM com.github.jinahya.database.metadata.bind.Context bind
WARNING: unknown result; type: Procedure, label: RESERVED2, value: null
Jan 26, 2026 2:30:08 PM com.github.jinahya.database.metadata.bind.Context bind
WARNING: unknown result; type: Procedure, label: RESERVED1, value: null
Jan 26, 2026 2:30:08 PM com.github.jinahya.database.metadata.bind.Context bind
WARNING: unknown result; type: Procedure, label: RESERVED3, value: null
Jan 26, 2026 2:30:08 PM com.github.jinahya.database.metadata.bind.Context bind
WARNING: unknown result; type: Procedure, label: RESERVED2, value: null
Jan 26, 2026 2:30:08 PM com.github.jinahya.database.metadata.bind.Context bind
WARNING: unknown result; type: Procedure, label: RESERVED1, value: null
Jan 26, 2026 2:30:08 PM com.github.jinahya.database.metadata.bind.Context bind
WARNING: unknown result; type: Procedure, label: RESERVED3, value: null
Jan 26, 2026 2:30:08 PM com.github.jinahya.database.metadata.bind.Context bind
WARNING: unknown result; type: Procedure, label: RESERVED2, value: null
Jan 26, 2026 2:30:08 PM com.github.jinahya.database.metadata.bind.Context bind
WARNING: unknown result; type: Procedure, label: RESERVED1, value: null
Jan 26, 2026 2:30:08 PM com.github.jinahya.database.metadata.bind.Context bind
WARNING: unknown result; type: Procedure, label: RESERVED3, value: null
Jan 26, 2026 2:30:08 PM com.github.jinahya.database.metadata.bind.Context bind
WARNING: unknown result; type: Procedure, label: RESERVED2, value: null
Jan 26, 2026 2:30:08 PM com.github.jinahya.database.metadata.bind.Context bind
WARNING: unknown result; type: Procedure, label: RESERVED1, value: null
Jan 26, 2026 2:30:08 PM com.github.jinahya.database.metadata.bind.Context bind
WARNING: unknown result; type: Procedure, label: RESERVED3, value: null
Jan 26, 2026 2:30:08 PM com.github.jinahya.database.metadata.bind.Context bind
WARNING: unknown result; type: Procedure, label: RESERVED2, value: null
Jan 26, 2026 2:30:08 PM com.github.jinahya.database.metadata.bind.Context bind
WARNING: unknown result; type: Procedure, label: RESERVED1, value: null
Jan 26, 2026 2:30:08 PM com.github.jinahya.database.metadata.bind.Context bind
WARNING: unknown result; type: Procedure, label: RESERVED3, value: null
Jan 26, 2026 2:30:08 PM com.github.jinahya.database.metadata.bind.Context bind
WARNING: unknown result; type: Procedure, label: RESERVED2, value: null
Jan 26, 2026 2:30:08 PM com.github.jinahya.database.metadata.bind.Context bind
WARNING: unknown result; type: Procedure, label: RESERVED1, value: null
Jan 26, 2026 2:30:08 PM com.github.jinahya.database.metadata.bind.Context bind
WARNING: unknown result; type: Procedure, label: RESERVED3, value: null
Jan 26, 2026 2:30:08 PM com.github.jinahya.database.metadata.bind.Context bind
WARNING: unknown result; type: Procedure, label: RESERVED2, value: null
Jan 26, 2026 2:30:08 PM com.github.jinahya.database.metadata.bind.Context bind
WARNING: unknown result; type: Procedure, label: RESERVED1, value: null
Jan 26, 2026 2:30:08 PM com.github.jinahya.database.metadata.bind.Context bind
WARNING: unknown result; type: Procedure, label: RESERVED3, value: null
Jan 26, 2026 2:30:08 PM com.github.jinahya.database.metadata.bind.Context bind
WARNING: unknown result; type: Procedure, label: RESERVED2, value: null
Jan 26, 2026 2:30:08 PM com.github.jinahya.database.metadata.bind.Context bind
WARNING: unknown result; type: Procedure, label: RESERVED1, value: null
Jan 26, 2026 2:30:08 PM com.github.jinahya.database.metadata.bind.Context bind
WARNING: unknown result; type: Procedure, label: RESERVED3, value: null
Jan 26, 2026 2:30:08 PM com.github.jinahya.database.metadata.bind.Context bind
WARNING: unknown result; type: Procedure, label: RESERVED2, value: null
Jan 26, 2026 2:30:08 PM com.github.jinahya.database.metadata.bind.Context bind
WARNING: unknown result; type: Procedure, label: RESERVED1, value: null
Jan 26, 2026 2:30:08 PM com.github.jinahya.database.metadata.bind.Context bind
WARNING: unknown result; type: Procedure, label: RESERVED3, value: null
Jan 26, 2026 2:30:08 PM com.github.jinahya.database.metadata.bind.Context bind
WARNING: unknown result; type: Procedure, label: RESERVED2, value: null
Jan 26, 2026 2:30:08 PM com.github.jinahya.database.metadata.bind.Context bind
WARNING: unknown result; type: Procedure, label: RESERVED1, value: null
Jan 26, 2026 2:30:08 PM com.github.jinahya.database.metadata.bind.Context bind
WARNING: unknown result; type: ProcedureColumn, label: METHOD_ID, value: 1
Jan 26, 2026 2:30:08 PM com.github.jinahya.database.metadata.bind.Context bind
WARNING: unknown result; type: ProcedureColumn, label: PARAMETER_ID, value: 0
Jan 26, 2026 2:30:08 PM com.github.jinahya.database.metadata.bind.Context bind
WARNING: unknown result; type: ProcedureColumn, label: METHOD_ID, value: 4
Jan 26, 2026 2:30:08 PM com.github.jinahya.database.metadata.bind.Context bind
WARNING: unknown result; type: ProcedureColumn, label: PARAMETER_ID, value: 0
Jan 26, 2026 2:30:08 PM com.github.jinahya.database.metadata.bind.Context bind
WARNING: unknown result; type: ProcedureColumn, label: METHOD_ID, value: 4
Jan 26, 2026 2:30:08 PM com.github.jinahya.database.metadata.bind.Context bind
WARNING: unknown result; type: ProcedureColumn, label: PARAMETER_ID, value: 1
Jan 26, 2026 2:30:08 PM com.github.jinahya.database.metadata.bind.Context bind
WARNING: unknown result; type: ProcedureColumn, label: METHOD_ID, value: 4
Jan 26, 2026 2:30:08 PM com.github.jinahya.database.metadata.bind.Context bind
WARNING: unknown result; type: ProcedureColumn, label: PARAMETER_ID, value: 2
Jan 26, 2026 2:30:08 PM com.github.jinahya.database.metadata.bind.Context bind
WARNING: unknown result; type: ProcedureColumn, label: METHOD_ID, value: 4
Jan 26, 2026 2:30:08 PM com.github.jinahya.database.metadata.bind.Context bind
WARNING: unknown result; type: ProcedureColumn, label: PARAMETER_ID, value: 3
Jan 26, 2026 2:30:08 PM com.github.jinahya.database.metadata.bind.Context bind
WARNING: unknown result; type: ProcedureColumn, label: METHOD_ID, value: 2
Jan 26, 2026 2:30:08 PM com.github.jinahya.database.metadata.bind.Context bind
WARNING: unknown result; type: ProcedureColumn, label: PARAMETER_ID, value: 0
Jan 26, 2026 2:30:08 PM com.github.jinahya.database.metadata.bind.Context bind
WARNING: unknown result; type: ProcedureColumn, label: METHOD_ID, value: 2
Jan 26, 2026 2:30:08 PM com.github.jinahya.database.metadata.bind.Context bind
WARNING: unknown result; type: ProcedureColumn, label: PARAMETER_ID, value: 1
Jan 26, 2026 2:30:08 PM com.github.jinahya.database.metadata.bind.Context bind
WARNING: unknown result; type: ProcedureColumn, label: METHOD_ID, value: 1
Jan 26, 2026 2:30:08 PM com.github.jinahya.database.metadata.bind.Context bind
WARNING: unknown result; type: ProcedureColumn, label: PARAMETER_ID, value: 0
Jan 26, 2026 2:30:08 PM com.github.jinahya.database.metadata.bind.Context bind
WARNING: unknown result; type: ProcedureColumn, label: METHOD_ID, value: 4
Jan 26, 2026 2:30:08 PM com.github.jinahya.database.metadata.bind.Context bind
WARNING: unknown result; type: ProcedureColumn, label: PARAMETER_ID, value: 0
Jan 26, 2026 2:30:08 PM com.github.jinahya.database.metadata.bind.Context bind
WARNING: unknown result; type: ProcedureColumn, label: METHOD_ID, value: 4
Jan 26, 2026 2:30:08 PM com.github.jinahya.database.metadata.bind.Context bind
WARNING: unknown result; type: ProcedureColumn, label: PARAMETER_ID, value: 1
Jan 26, 2026 2:30:08 PM com.github.jinahya.database.metadata.bind.Context bind
WARNING: unknown result; type: ProcedureColumn, label: METHOD_ID, value: 4
Jan 26, 2026 2:30:08 PM com.github.jinahya.database.metadata.bind.Context bind
WARNING: unknown result; type: ProcedureColumn, label: PARAMETER_ID, value: 2
Jan 26, 2026 2:30:08 PM com.github.jinahya.database.metadata.bind.Context bind
WARNING: unknown result; type: ProcedureColumn, label: METHOD_ID, value: 4
Jan 26, 2026 2:30:08 PM com.github.jinahya.database.metadata.bind.Context bind
WARNING: unknown result; type: ProcedureColumn, label: PARAMETER_ID, value: 3
Jan 26, 2026 2:30:08 PM com.github.jinahya.database.metadata.bind.Context bind
WARNING: unknown result; type: ProcedureColumn, label: METHOD_ID, value: 2
Jan 26, 2026 2:30:08 PM com.github.jinahya.database.metadata.bind.Context bind
WARNING: unknown result; type: ProcedureColumn, label: PARAMETER_ID, value: 0
Jan 26, 2026 2:30:08 PM com.github.jinahya.database.metadata.bind.Context bind
WARNING: unknown result; type: ProcedureColumn, label: METHOD_ID, value: 2
Jan 26, 2026 2:30:08 PM com.github.jinahya.database.metadata.bind.Context bind
WARNING: unknown result; type: ProcedureColumn, label: PARAMETER_ID, value: 1
Jan 26, 2026 2:30:08 PM com.github.jinahya.database.metadata.bind.Context bind
WARNING: unknown result; type: ProcedureColumn, label: METHOD_ID, value: 16
Jan 26, 2026 2:30:08 PM com.github.jinahya.database.metadata.bind.Context bind
WARNING: unknown result; type: ProcedureColumn, label: PARAMETER_ID, value: 0
Jan 26, 2026 2:30:08 PM com.github.jinahya.database.metadata.bind.Context bind
WARNING: unknown result; type: ProcedureColumn, label: METHOD_ID, value: 16
Jan 26, 2026 2:30:08 PM com.github.jinahya.database.metadata.bind.Context bind
WARNING: unknown result; type: ProcedureColumn, label: PARAMETER_ID, value: 1
Jan 26, 2026 2:30:08 PM com.github.jinahya.database.metadata.bind.Context bind
WARNING: unknown result; type: ProcedureColumn, label: METHOD_ID, value: 16
Jan 26, 2026 2:30:08 PM com.github.jinahya.database.metadata.bind.Context bind
WARNING: unknown result; type: ProcedureColumn, label: PARAMETER_ID, value: 2
Jan 26, 2026 2:30:08 PM com.github.jinahya.database.metadata.bind.Context bind
WARNING: unknown result; type: ProcedureColumn, label: METHOD_ID, value: 16
Jan 26, 2026 2:30:08 PM com.github.jinahya.database.metadata.bind.Context bind
WARNING: unknown result; type: ProcedureColumn, label: PARAMETER_ID, value: 3
Jan 26, 2026 2:30:08 PM com.github.jinahya.database.metadata.bind.Context bind
WARNING: unknown result; type: ProcedureColumn, label: METHOD_ID, value: 16
Jan 26, 2026 2:30:08 PM com.github.jinahya.database.metadata.bind.Context bind
WARNING: unknown result; type: ProcedureColumn, label: PARAMETER_ID, value: 4
Jan 26, 2026 2:30:08 PM com.github.jinahya.database.metadata.bind.Context bind
WARNING: unknown result; type: ProcedureColumn, label: METHOD_ID, value: 16
Jan 26, 2026 2:30:08 PM com.github.jinahya.database.metadata.bind.Context bind
WARNING: unknown result; type: ProcedureColumn, label: PARAMETER_ID, value: 5
Jan 26, 2026 2:30:08 PM com.github.jinahya.database.metadata.bind.Context bind
WARNING: unknown result; type: ProcedureColumn, label: METHOD_ID, value: 16
Jan 26, 2026 2:30:08 PM com.github.jinahya.database.metadata.bind.Context bind
WARNING: unknown result; type: ProcedureColumn, label: PARAMETER_ID, value: 6
Jan 26, 2026 2:30:08 PM com.github.jinahya.database.metadata.bind.Context bind
WARNING: unknown result; type: ProcedureColumn, label: METHOD_ID, value: 16
Jan 26, 2026 2:30:08 PM com.github.jinahya.database.metadata.bind.Context bind
WARNING: unknown result; type: ProcedureColumn, label: PARAMETER_ID, value: 7
Jan 26, 2026 2:30:08 PM com.github.jinahya.database.metadata.bind.Context bind
WARNING: unknown result; type: ProcedureColumn, label: METHOD_ID, value: 16
Jan 26, 2026 2:30:08 PM com.github.jinahya.database.metadata.bind.Context bind
WARNING: unknown result; type: ProcedureColumn, label: PARAMETER_ID, value: 8
Jan 26, 2026 2:30:08 PM com.github.jinahya.database.metadata.bind.Context bind
WARNING: unknown result; type: ProcedureColumn, label: METHOD_ID, value: 16
Jan 26, 2026 2:30:08 PM com.github.jinahya.database.metadata.bind.Context bind
WARNING: unknown result; type: ProcedureColumn, label: PARAMETER_ID, value: 9
Jan 26, 2026 2:30:08 PM com.github.jinahya.database.metadata.bind.Context bind
WARNING: unknown result; type: ProcedureColumn, label: METHOD_ID, value: 16
Jan 26, 2026 2:30:08 PM com.github.jinahya.database.metadata.bind.Context bind
WARNING: unknown result; type: ProcedureColumn, label: PARAMETER_ID, value: 10
Jan 26, 2026 2:30:08 PM com.github.jinahya.database.metadata.bind.Context bind
WARNING: unknown result; type: ProcedureColumn, label: METHOD_ID, value: 16
Jan 26, 2026 2:30:08 PM com.github.jinahya.database.metadata.bind.Context bind
WARNING: unknown result; type: ProcedureColumn, label: PARAMETER_ID, value: 11
Jan 26, 2026 2:30:08 PM com.github.jinahya.database.metadata.bind.Context bind
WARNING: unknown result; type: ProcedureColumn, label: METHOD_ID, value: 16
Jan 26, 2026 2:30:08 PM com.github.jinahya.database.metadata.bind.Context bind
WARNING: unknown result; type: ProcedureColumn, label: PARAMETER_ID, value: 12
Jan 26, 2026 2:30:08 PM com.github.jinahya.database.metadata.bind.Context bind
WARNING: unknown result; type: ProcedureColumn, label: METHOD_ID, value: 16
Jan 26, 2026 2:30:08 PM com.github.jinahya.database.metadata.bind.Context bind
WARNING: unknown result; type: ProcedureColumn, label: PARAMETER_ID, value: 13
Jan 26, 2026 2:30:08 PM com.github.jinahya.database.metadata.bind.Context bind
WARNING: unknown result; type: ProcedureColumn, label: METHOD_ID, value: 16
Jan 26, 2026 2:30:08 PM com.github.jinahya.database.metadata.bind.Context bind
WARNING: unknown result; type: ProcedureColumn, label: PARAMETER_ID, value: 14
Jan 26, 2026 2:30:08 PM com.github.jinahya.database.metadata.bind.Context bind
WARNING: unknown result; type: ProcedureColumn, label: METHOD_ID, value: 16
Jan 26, 2026 2:30:08 PM com.github.jinahya.database.metadata.bind.Context bind
WARNING: unknown result; type: ProcedureColumn, label: PARAMETER_ID, value: 15
Jan 26, 2026 2:30:08 PM com.github.jinahya.database.metadata.bind.Context bind
WARNING: unknown result; type: ProcedureColumn, label: METHOD_ID, value: 5
Jan 26, 2026 2:30:08 PM com.github.jinahya.database.metadata.bind.Context bind
WARNING: unknown result; type: ProcedureColumn, label: PARAMETER_ID, value: 0
Jan 26, 2026 2:30:08 PM com.github.jinahya.database.metadata.bind.Context bind
WARNING: unknown result; type: ProcedureColumn, label: METHOD_ID, value: 5
Jan 26, 2026 2:30:08 PM com.github.jinahya.database.metadata.bind.Context bind
WARNING: unknown result; type: ProcedureColumn, label: PARAMETER_ID, value: 1
Jan 26, 2026 2:30:08 PM com.github.jinahya.database.metadata.bind.Context bind
WARNING: unknown result; type: ProcedureColumn, label: METHOD_ID, value: 5
Jan 26, 2026 2:30:08 PM com.github.jinahya.database.metadata.bind.Context bind
WARNING: unknown result; type: ProcedureColumn, label: PARAMETER_ID, value: 2
Jan 26, 2026 2:30:08 PM com.github.jinahya.database.metadata.bind.Context bind
WARNING: unknown result; type: ProcedureColumn, label: METHOD_ID, value: 5
Jan 26, 2026 2:30:08 PM com.github.jinahya.database.metadata.bind.Context bind
WARNING: unknown result; type: ProcedureColumn, label: PARAMETER_ID, value: 3
Jan 26, 2026 2:30:08 PM com.github.jinahya.database.metadata.bind.Context bind
WARNING: unknown result; type: ProcedureColumn, label: METHOD_ID, value: 5
Jan 26, 2026 2:30:08 PM com.github.jinahya.database.metadata.bind.Context bind
WARNING: unknown result; type: ProcedureColumn, label: PARAMETER_ID, value: 4
Jan 26, 2026 2:30:08 PM com.github.jinahya.database.metadata.bind.Context bind
WARNING: unknown result; type: ProcedureColumn, label: METHOD_ID, value: 5
Jan 26, 2026 2:30:08 PM com.github.jinahya.database.metadata.bind.Context bind
WARNING: unknown result; type: ProcedureColumn, label: PARAMETER_ID, value: 0
Jan 26, 2026 2:30:08 PM com.github.jinahya.database.metadata.bind.Context bind
WARNING: unknown result; type: ProcedureColumn, label: METHOD_ID, value: 5
Jan 26, 2026 2:30:08 PM com.github.jinahya.database.metadata.bind.Context bind
WARNING: unknown result; type: ProcedureColumn, label: PARAMETER_ID, value: 1
Jan 26, 2026 2:30:08 PM com.github.jinahya.database.metadata.bind.Context bind
WARNING: unknown result; type: ProcedureColumn, label: METHOD_ID, value: 5
Jan 26, 2026 2:30:08 PM com.github.jinahya.database.metadata.bind.Context bind
WARNING: unknown result; type: ProcedureColumn, label: PARAMETER_ID, value: 2
Jan 26, 2026 2:30:08 PM com.github.jinahya.database.metadata.bind.Context bind
WARNING: unknown result; type: ProcedureColumn, label: METHOD_ID, value: 5
Jan 26, 2026 2:30:08 PM com.github.jinahya.database.metadata.bind.Context bind
WARNING: unknown result; type: ProcedureColumn, label: PARAMETER_ID, value: 3
Jan 26, 2026 2:30:08 PM com.github.jinahya.database.metadata.bind.Context bind
WARNING: unknown result; type: ProcedureColumn, label: METHOD_ID, value: 5
Jan 26, 2026 2:30:08 PM com.github.jinahya.database.metadata.bind.Context bind
WARNING: unknown result; type: ProcedureColumn, label: PARAMETER_ID, value: 4
Jan 26, 2026 2:30:08 PM com.github.jinahya.database.metadata.bind.Context bind
WARNING: unknown result; type: ProcedureColumn, label: METHOD_ID, value: 7
Jan 26, 2026 2:30:08 PM com.github.jinahya.database.metadata.bind.Context bind
WARNING: unknown result; type: ProcedureColumn, label: PARAMETER_ID, value: 0
Jan 26, 2026 2:30:08 PM com.github.jinahya.database.metadata.bind.Context bind
WARNING: unknown result; type: ProcedureColumn, label: METHOD_ID, value: 7
Jan 26, 2026 2:30:08 PM com.github.jinahya.database.metadata.bind.Context bind
WARNING: unknown result; type: ProcedureColumn, label: PARAMETER_ID, value: 1
Jan 26, 2026 2:30:08 PM com.github.jinahya.database.metadata.bind.Context bind
WARNING: unknown result; type: ProcedureColumn, label: METHOD_ID, value: 7
Jan 26, 2026 2:30:08 PM com.github.jinahya.database.metadata.bind.Context bind
WARNING: unknown result; type: ProcedureColumn, label: PARAMETER_ID, value: 2
Jan 26, 2026 2:30:08 PM com.github.jinahya.database.metadata.bind.Context bind
WARNING: unknown result; type: ProcedureColumn, label: METHOD_ID, value: 7
Jan 26, 2026 2:30:08 PM com.github.jinahya.database.metadata.bind.Context bind
WARNING: unknown result; type: ProcedureColumn, label: PARAMETER_ID, value: 3
Jan 26, 2026 2:30:08 PM com.github.jinahya.database.metadata.bind.Context bind
WARNING: unknown result; type: ProcedureColumn, label: METHOD_ID, value: 7
Jan 26, 2026 2:30:08 PM com.github.jinahya.database.metadata.bind.Context bind
WARNING: unknown result; type: ProcedureColumn, label: PARAMETER_ID, value: 4
Jan 26, 2026 2:30:08 PM com.github.jinahya.database.metadata.bind.Context bind
WARNING: unknown result; type: ProcedureColumn, label: METHOD_ID, value: 7
Jan 26, 2026 2:30:08 PM com.github.jinahya.database.metadata.bind.Context bind
WARNING: unknown result; type: ProcedureColumn, label: PARAMETER_ID, value: 5
Jan 26, 2026 2:30:08 PM com.github.jinahya.database.metadata.bind.Context bind
WARNING: unknown result; type: ProcedureColumn, label: METHOD_ID, value: 7
Jan 26, 2026 2:30:08 PM com.github.jinahya.database.metadata.bind.Context bind
WARNING: unknown result; type: ProcedureColumn, label: PARAMETER_ID, value: 6
Jan 26, 2026 2:30:08 PM com.github.jinahya.database.metadata.bind.Context bind
WARNING: unknown result; type: ProcedureColumn, label: METHOD_ID, value: 5
Jan 26, 2026 2:30:08 PM com.github.jinahya.database.metadata.bind.Context bind
WARNING: unknown result; type: ProcedureColumn, label: PARAMETER_ID, value: 0
Jan 26, 2026 2:30:08 PM com.github.jinahya.database.metadata.bind.Context bind
WARNING: unknown result; type: ProcedureColumn, label: METHOD_ID, value: 5
Jan 26, 2026 2:30:08 PM com.github.jinahya.database.metadata.bind.Context bind
WARNING: unknown result; type: ProcedureColumn, label: PARAMETER_ID, value: 1
Jan 26, 2026 2:30:08 PM com.github.jinahya.database.metadata.bind.Context bind
WARNING: unknown result; type: ProcedureColumn, label: METHOD_ID, value: 5
Jan 26, 2026 2:30:08 PM com.github.jinahya.database.metadata.bind.Context bind
WARNING: unknown result; type: ProcedureColumn, label: PARAMETER_ID, value: 2
Jan 26, 2026 2:30:08 PM com.github.jinahya.database.metadata.bind.Context bind
WARNING: unknown result; type: ProcedureColumn, label: METHOD_ID, value: 5
Jan 26, 2026 2:30:08 PM com.github.jinahya.database.metadata.bind.Context bind
WARNING: unknown result; type: ProcedureColumn, label: PARAMETER_ID, value: 3
Jan 26, 2026 2:30:08 PM com.github.jinahya.database.metadata.bind.Context bind
WARNING: unknown result; type: ProcedureColumn, label: METHOD_ID, value: 5
Jan 26, 2026 2:30:08 PM com.github.jinahya.database.metadata.bind.Context bind
WARNING: unknown result; type: ProcedureColumn, label: PARAMETER_ID, value: 4
Jan 26, 2026 2:30:08 PM com.github.jinahya.database.metadata.bind.Context bind
WARNING: unknown result; type: ProcedureColumn, label: METHOD_ID, value: 4
Jan 26, 2026 2:30:08 PM com.github.jinahya.database.metadata.bind.Context bind
WARNING: unknown result; type: ProcedureColumn, label: PARAMETER_ID, value: 0
Jan 26, 2026 2:30:08 PM com.github.jinahya.database.metadata.bind.Context bind
WARNING: unknown result; type: ProcedureColumn, label: METHOD_ID, value: 4
Jan 26, 2026 2:30:08 PM com.github.jinahya.database.metadata.bind.Context bind
WARNING: unknown result; type: ProcedureColumn, label: PARAMETER_ID, value: 1
Jan 26, 2026 2:30:08 PM com.github.jinahya.database.metadata.bind.Context bind
WARNING: unknown result; type: ProcedureColumn, label: METHOD_ID, value: 4
Jan 26, 2026 2:30:08 PM com.github.jinahya.database.metadata.bind.Context bind
WARNING: unknown result; type: ProcedureColumn, label: PARAMETER_ID, value: 2
Jan 26, 2026 2:30:08 PM com.github.jinahya.database.metadata.bind.Context bind
WARNING: unknown result; type: ProcedureColumn, label: METHOD_ID, value: 4
Jan 26, 2026 2:30:08 PM com.github.jinahya.database.metadata.bind.Context bind
WARNING: unknown result; type: ProcedureColumn, label: PARAMETER_ID, value: 3
Jan 26, 2026 2:30:08 PM com.github.jinahya.database.metadata.bind.Context bind
WARNING: unknown result; type: ProcedureColumn, label: METHOD_ID, value: 2
Jan 26, 2026 2:30:08 PM com.github.jinahya.database.metadata.bind.Context bind
WARNING: unknown result; type: ProcedureColumn, label: PARAMETER_ID, value: 0
Jan 26, 2026 2:30:08 PM com.github.jinahya.database.metadata.bind.Context bind
WARNING: unknown result; type: ProcedureColumn, label: METHOD_ID, value: 2
Jan 26, 2026 2:30:08 PM com.github.jinahya.database.metadata.bind.Context bind
WARNING: unknown result; type: ProcedureColumn, label: PARAMETER_ID, value: 1
Jan 26, 2026 2:30:08 PM com.github.jinahya.database.metadata.bind.Context bind
WARNING: unknown result; type: ProcedureColumn, label: METHOD_ID, value: 4
Jan 26, 2026 2:30:08 PM com.github.jinahya.database.metadata.bind.Context bind
WARNING: unknown result; type: ProcedureColumn, label: PARAMETER_ID, value: 0
Jan 26, 2026 2:30:08 PM com.github.jinahya.database.metadata.bind.Context bind
WARNING: unknown result; type: ProcedureColumn, label: METHOD_ID, value: 4
Jan 26, 2026 2:30:08 PM com.github.jinahya.database.metadata.bind.Context bind
WARNING: unknown result; type: ProcedureColumn, label: PARAMETER_ID, value: 1
Jan 26, 2026 2:30:08 PM com.github.jinahya.database.metadata.bind.Context bind
WARNING: unknown result; type: ProcedureColumn, label: METHOD_ID, value: 4
Jan 26, 2026 2:30:08 PM com.github.jinahya.database.metadata.bind.Context bind
WARNING: unknown result; type: ProcedureColumn, label: PARAMETER_ID, value: 2
Jan 26, 2026 2:30:08 PM com.github.jinahya.database.metadata.bind.Context bind
WARNING: unknown result; type: ProcedureColumn, label: METHOD_ID, value: 4
Jan 26, 2026 2:30:08 PM com.github.jinahya.database.metadata.bind.Context bind
WARNING: unknown result; type: ProcedureColumn, label: PARAMETER_ID, value: 3
Jan 26, 2026 2:30:08 PM com.github.jinahya.database.metadata.bind.Context bind
WARNING: unknown result; type: ProcedureColumn, label: METHOD_ID, value: 5
Jan 26, 2026 2:30:08 PM com.github.jinahya.database.metadata.bind.Context bind
WARNING: unknown result; type: ProcedureColumn, label: PARAMETER_ID, value: 0
Jan 26, 2026 2:30:08 PM com.github.jinahya.database.metadata.bind.Context bind
WARNING: unknown result; type: ProcedureColumn, label: METHOD_ID, value: 5
Jan 26, 2026 2:30:08 PM com.github.jinahya.database.metadata.bind.Context bind
WARNING: unknown result; type: ProcedureColumn, label: PARAMETER_ID, value: 1
Jan 26, 2026 2:30:08 PM com.github.jinahya.database.metadata.bind.Context bind
WARNING: unknown result; type: ProcedureColumn, label: METHOD_ID, value: 5
Jan 26, 2026 2:30:08 PM com.github.jinahya.database.metadata.bind.Context bind
WARNING: unknown result; type: ProcedureColumn, label: PARAMETER_ID, value: 2
Jan 26, 2026 2:30:08 PM com.github.jinahya.database.metadata.bind.Context bind
WARNING: unknown result; type: ProcedureColumn, label: METHOD_ID, value: 5
Jan 26, 2026 2:30:08 PM com.github.jinahya.database.metadata.bind.Context bind
WARNING: unknown result; type: ProcedureColumn, label: PARAMETER_ID, value: 3
Jan 26, 2026 2:30:08 PM com.github.jinahya.database.metadata.bind.Context bind
WARNING: unknown result; type: ProcedureColumn, label: METHOD_ID, value: 5
Jan 26, 2026 2:30:08 PM com.github.jinahya.database.metadata.bind.Context bind
WARNING: unknown result; type: ProcedureColumn, label: PARAMETER_ID, value: 4
Jan 26, 2026 2:30:08 PM com.github.jinahya.database.metadata.bind.Context bind
WARNING: unknown result; type: ProcedureColumn, label: METHOD_ID, value: 4
Jan 26, 2026 2:30:08 PM com.github.jinahya.database.metadata.bind.Context bind
WARNING: unknown result; type: ProcedureColumn, label: PARAMETER_ID, value: 0
Jan 26, 2026 2:30:08 PM com.github.jinahya.database.metadata.bind.Context bind
WARNING: unknown result; type: ProcedureColumn, label: METHOD_ID, value: 4
Jan 26, 2026 2:30:08 PM com.github.jinahya.database.metadata.bind.Context bind
WARNING: unknown result; type: ProcedureColumn, label: PARAMETER_ID, value: 1
Jan 26, 2026 2:30:08 PM com.github.jinahya.database.metadata.bind.Context bind
WARNING: unknown result; type: ProcedureColumn, label: METHOD_ID, value: 4
Jan 26, 2026 2:30:08 PM com.github.jinahya.database.metadata.bind.Context bind
WARNING: unknown result; type: ProcedureColumn, label: PARAMETER_ID, value: 2
Jan 26, 2026 2:30:08 PM com.github.jinahya.database.metadata.bind.Context bind
WARNING: unknown result; type: ProcedureColumn, label: METHOD_ID, value: 4
Jan 26, 2026 2:30:08 PM com.github.jinahya.database.metadata.bind.Context bind
WARNING: unknown result; type: ProcedureColumn, label: PARAMETER_ID, value: 3
Jan 26, 2026 2:30:08 PM com.github.jinahya.database.metadata.bind.Context bind
WARNING: unknown result; type: ProcedureColumn, label: METHOD_ID, value: 7
Jan 26, 2026 2:30:08 PM com.github.jinahya.database.metadata.bind.Context bind
WARNING: unknown result; type: ProcedureColumn, label: PARAMETER_ID, value: 0
Jan 26, 2026 2:30:08 PM com.github.jinahya.database.metadata.bind.Context bind
WARNING: unknown result; type: ProcedureColumn, label: METHOD_ID, value: 7
Jan 26, 2026 2:30:08 PM com.github.jinahya.database.metadata.bind.Context bind
WARNING: unknown result; type: ProcedureColumn, label: PARAMETER_ID, value: 1
Jan 26, 2026 2:30:08 PM com.github.jinahya.database.metadata.bind.Context bind
WARNING: unknown result; type: ProcedureColumn, label: METHOD_ID, value: 7
Jan 26, 2026 2:30:08 PM com.github.jinahya.database.metadata.bind.Context bind
WARNING: unknown result; type: ProcedureColumn, label: PARAMETER_ID, value: 2
Jan 26, 2026 2:30:08 PM com.github.jinahya.database.metadata.bind.Context bind
WARNING: unknown result; type: ProcedureColumn, label: METHOD_ID, value: 7
Jan 26, 2026 2:30:08 PM com.github.jinahya.database.metadata.bind.Context bind
WARNING: unknown result; type: ProcedureColumn, label: PARAMETER_ID, value: 3
Jan 26, 2026 2:30:08 PM com.github.jinahya.database.metadata.bind.Context bind
WARNING: unknown result; type: ProcedureColumn, label: METHOD_ID, value: 7
Jan 26, 2026 2:30:08 PM com.github.jinahya.database.metadata.bind.Context bind
WARNING: unknown result; type: ProcedureColumn, label: PARAMETER_ID, value: 4
Jan 26, 2026 2:30:08 PM com.github.jinahya.database.metadata.bind.Context bind
WARNING: unknown result; type: ProcedureColumn, label: METHOD_ID, value: 7
Jan 26, 2026 2:30:08 PM com.github.jinahya.database.metadata.bind.Context bind
WARNING: unknown result; type: ProcedureColumn, label: PARAMETER_ID, value: 5
Jan 26, 2026 2:30:08 PM com.github.jinahya.database.metadata.bind.Context bind
WARNING: unknown result; type: ProcedureColumn, label: METHOD_ID, value: 7
Jan 26, 2026 2:30:08 PM com.github.jinahya.database.metadata.bind.Context bind
WARNING: unknown result; type: ProcedureColumn, label: PARAMETER_ID, value: 6
Jan 26, 2026 2:30:08 PM com.github.jinahya.database.metadata.bind.Context bind
WARNING: unknown result; type: ProcedureColumn, label: METHOD_ID, value: 6
Jan 26, 2026 2:30:08 PM com.github.jinahya.database.metadata.bind.Context bind
WARNING: unknown result; type: ProcedureColumn, label: PARAMETER_ID, value: 0
Jan 26, 2026 2:30:08 PM com.github.jinahya.database.metadata.bind.Context bind
WARNING: unknown result; type: ProcedureColumn, label: METHOD_ID, value: 6
Jan 26, 2026 2:30:08 PM com.github.jinahya.database.metadata.bind.Context bind
WARNING: unknown result; type: ProcedureColumn, label: PARAMETER_ID, value: 1
Jan 26, 2026 2:30:08 PM com.github.jinahya.database.metadata.bind.Context bind
WARNING: unknown result; type: ProcedureColumn, label: METHOD_ID, value: 6
Jan 26, 2026 2:30:08 PM com.github.jinahya.database.metadata.bind.Context bind
WARNING: unknown result; type: ProcedureColumn, label: PARAMETER_ID, value: 2
Jan 26, 2026 2:30:08 PM com.github.jinahya.database.metadata.bind.Context bind
WARNING: unknown result; type: ProcedureColumn, label: METHOD_ID, value: 6
Jan 26, 2026 2:30:08 PM com.github.jinahya.database.metadata.bind.Context bind
WARNING: unknown result; type: ProcedureColumn, label: PARAMETER_ID, value: 3
Jan 26, 2026 2:30:08 PM com.github.jinahya.database.metadata.bind.Context bind
WARNING: unknown result; type: ProcedureColumn, label: METHOD_ID, value: 6
Jan 26, 2026 2:30:08 PM com.github.jinahya.database.metadata.bind.Context bind
WARNING: unknown result; type: ProcedureColumn, label: PARAMETER_ID, value: 4
Jan 26, 2026 2:30:08 PM com.github.jinahya.database.metadata.bind.Context bind
WARNING: unknown result; type: ProcedureColumn, label: METHOD_ID, value: 6
Jan 26, 2026 2:30:08 PM com.github.jinahya.database.metadata.bind.Context bind
WARNING: unknown result; type: ProcedureColumn, label: PARAMETER_ID, value: 5
Jan 26, 2026 2:30:08 PM com.github.jinahya.database.metadata.bind.Context bind
WARNING: unknown result; type: ProcedureColumn, label: METHOD_ID, value: 4
Jan 26, 2026 2:30:08 PM com.github.jinahya.database.metadata.bind.Context bind
WARNING: unknown result; type: ProcedureColumn, label: PARAMETER_ID, value: 0
Jan 26, 2026 2:30:08 PM com.github.jinahya.database.metadata.bind.Context bind
WARNING: unknown result; type: ProcedureColumn, label: METHOD_ID, value: 4
Jan 26, 2026 2:30:08 PM com.github.jinahya.database.metadata.bind.Context bind
WARNING: unknown result; type: ProcedureColumn, label: PARAMETER_ID, value: 1
Jan 26, 2026 2:30:08 PM com.github.jinahya.database.metadata.bind.Context bind
WARNING: unknown result; type: ProcedureColumn, label: METHOD_ID, value: 4
Jan 26, 2026 2:30:08 PM com.github.jinahya.database.metadata.bind.Context bind
WARNING: unknown result; type: ProcedureColumn, label: PARAMETER_ID, value: 2
Jan 26, 2026 2:30:08 PM com.github.jinahya.database.metadata.bind.Context bind
WARNING: unknown result; type: ProcedureColumn, label: METHOD_ID, value: 4
Jan 26, 2026 2:30:08 PM com.github.jinahya.database.metadata.bind.Context bind
WARNING: unknown result; type: ProcedureColumn, label: PARAMETER_ID, value: 3
Jan 26, 2026 2:30:08 PM com.github.jinahya.database.metadata.bind.Context bind
WARNING: unknown result; type: ProcedureColumn, label: METHOD_ID, value: 5
Jan 26, 2026 2:30:08 PM com.github.jinahya.database.metadata.bind.Context bind
WARNING: unknown result; type: ProcedureColumn, label: PARAMETER_ID, value: 0
Jan 26, 2026 2:30:08 PM com.github.jinahya.database.metadata.bind.Context bind
WARNING: unknown result; type: ProcedureColumn, label: METHOD_ID, value: 5
Jan 26, 2026 2:30:08 PM com.github.jinahya.database.metadata.bind.Context bind
WARNING: unknown result; type: ProcedureColumn, label: PARAMETER_ID, value: 1
Jan 26, 2026 2:30:08 PM com.github.jinahya.database.metadata.bind.Context bind
WARNING: unknown result; type: ProcedureColumn, label: METHOD_ID, value: 5
Jan 26, 2026 2:30:08 PM com.github.jinahya.database.metadata.bind.Context bind
WARNING: unknown result; type: ProcedureColumn, label: PARAMETER_ID, value: 2
Jan 26, 2026 2:30:08 PM com.github.jinahya.database.metadata.bind.Context bind
WARNING: unknown result; type: ProcedureColumn, label: METHOD_ID, value: 5
Jan 26, 2026 2:30:08 PM com.github.jinahya.database.metadata.bind.Context bind
WARNING: unknown result; type: ProcedureColumn, label: PARAMETER_ID, value: 3
Jan 26, 2026 2:30:08 PM com.github.jinahya.database.metadata.bind.Context bind
WARNING: unknown result; type: ProcedureColumn, label: METHOD_ID, value: 5
Jan 26, 2026 2:30:08 PM com.github.jinahya.database.metadata.bind.Context bind
WARNING: unknown result; type: ProcedureColumn, label: PARAMETER_ID, value: 4
Jan 26, 2026 2:30:08 PM com.github.jinahya.database.metadata.bind.Context bind
WARNING: unknown result; type: ProcedureColumn, label: METHOD_ID, value: 5
Jan 26, 2026 2:30:08 PM com.github.jinahya.database.metadata.bind.Context bind
WARNING: unknown result; type: ProcedureColumn, label: PARAMETER_ID, value: 0
Jan 26, 2026 2:30:08 PM com.github.jinahya.database.metadata.bind.Context bind
WARNING: unknown result; type: ProcedureColumn, label: METHOD_ID, value: 5
Jan 26, 2026 2:30:08 PM com.github.jinahya.database.metadata.bind.Context bind
WARNING: unknown result; type: ProcedureColumn, label: PARAMETER_ID, value: 1
Jan 26, 2026 2:30:08 PM com.github.jinahya.database.metadata.bind.Context bind
WARNING: unknown result; type: ProcedureColumn, label: METHOD_ID, value: 5
Jan 26, 2026 2:30:08 PM com.github.jinahya.database.metadata.bind.Context bind
WARNING: unknown result; type: ProcedureColumn, label: PARAMETER_ID, value: 2
Jan 26, 2026 2:30:08 PM com.github.jinahya.database.metadata.bind.Context bind
WARNING: unknown result; type: ProcedureColumn, label: METHOD_ID, value: 5
Jan 26, 2026 2:30:08 PM com.github.jinahya.database.metadata.bind.Context bind
WARNING: unknown result; type: ProcedureColumn, label: PARAMETER_ID, value: 3
Jan 26, 2026 2:30:08 PM com.github.jinahya.database.metadata.bind.Context bind
WARNING: unknown result; type: ProcedureColumn, label: METHOD_ID, value: 5
Jan 26, 2026 2:30:08 PM com.github.jinahya.database.metadata.bind.Context bind
WARNING: unknown result; type: ProcedureColumn, label: PARAMETER_ID, value: 4
Jan 26, 2026 2:30:08 PM com.github.jinahya.database.metadata.bind.Context bind
WARNING: unknown result; type: Column, label: SCOPE_CATLOG, value: null
Jan 26, 2026 2:30:08 PM com.github.jinahya.database.metadata.bind.Context bind
WARNING: unknown result; type: Procedure, label: RESERVED3, value: null
Jan 26, 2026 2:30:08 PM com.github.jinahya.database.metadata.bind.Context bind
WARNING: unknown result; type: Procedure, label: RESERVED2, value: null
Jan 26, 2026 2:30:08 PM com.github.jinahya.database.metadata.bind.Context bind
WARNING: unknown result; type: Procedure, label: RESERVED1, value: null
Jan 26, 2026 2:30:08 PM com.github.jinahya.database.metadata.bind.Context bind
WARNING: unknown result; type: Procedure, label: RESERVED3, value: null
Jan 26, 2026 2:30:08 PM com.github.jinahya.database.metadata.bind.Context bind
WARNING: unknown result; type: Procedure, label: RESERVED2, value: null
Jan 26, 2026 2:30:08 PM com.github.jinahya.database.metadata.bind.Context bind
WARNING: unknown result; type: Procedure, label: RESERVED1, value: null
Jan 26, 2026 2:30:08 PM com.github.jinahya.database.metadata.bind.Context bind
WARNING: unknown result; type: Procedure, label: RESERVED3, value: null
Jan 26, 2026 2:30:08 PM com.github.jinahya.database.metadata.bind.Context bind
WARNING: unknown result; type: Procedure, label: RESERVED2, value: null
Jan 26, 2026 2:30:08 PM com.github.jinahya.database.metadata.bind.Context bind
WARNING: unknown result; type: Procedure, label: RESERVED1, value: null
Jan 26, 2026 2:30:08 PM com.github.jinahya.database.metadata.bind.Context bind
WARNING: unknown result; type: ProcedureColumn, label: METHOD_ID, value: 3
Jan 26, 2026 2:30:08 PM com.github.jinahya.database.metadata.bind.Context bind
WARNING: unknown result; type: ProcedureColumn, label: PARAMETER_ID, value: 0
Jan 26, 2026 2:30:08 PM com.github.jinahya.database.metadata.bind.Context bind
WARNING: unknown result; type: ProcedureColumn, label: METHOD_ID, value: 3
Jan 26, 2026 2:30:08 PM com.github.jinahya.database.metadata.bind.Context bind
WARNING: unknown result; type: ProcedureColumn, label: PARAMETER_ID, value: 1
Jan 26, 2026 2:30:08 PM com.github.jinahya.database.metadata.bind.Context bind
WARNING: unknown result; type: ProcedureColumn, label: METHOD_ID, value: 3
Jan 26, 2026 2:30:08 PM com.github.jinahya.database.metadata.bind.Context bind
WARNING: unknown result; type: ProcedureColumn, label: PARAMETER_ID, value: 2
Jan 26, 2026 2:30:08 PM com.github.jinahya.database.metadata.bind.Context bind
WARNING: unknown result; type: ProcedureColumn, label: METHOD_ID, value: 2
Jan 26, 2026 2:30:08 PM com.github.jinahya.database.metadata.bind.Context bind
WARNING: unknown result; type: ProcedureColumn, label: PARAMETER_ID, value: 0
Jan 26, 2026 2:30:08 PM com.github.jinahya.database.metadata.bind.Context bind
WARNING: unknown result; type: ProcedureColumn, label: METHOD_ID, value: 2
Jan 26, 2026 2:30:08 PM com.github.jinahya.database.metadata.bind.Context bind
WARNING: unknown result; type: ProcedureColumn, label: PARAMETER_ID, value: 1
Jan 26, 2026 2:30:08 PM com.github.jinahya.database.metadata.bind.Context bind
WARNING: unknown result; type: ProcedureColumn, label: METHOD_ID, value: 2
Jan 26, 2026 2:30:08 PM com.github.jinahya.database.metadata.bind.Context bind
WARNING: unknown result; type: ProcedureColumn, label: PARAMETER_ID, value: 0
Jan 26, 2026 2:30:08 PM com.github.jinahya.database.metadata.bind.Context bind
WARNING: unknown result; type: ProcedureColumn, label: METHOD_ID, value: 2
Jan 26, 2026 2:30:08 PM com.github.jinahya.database.metadata.bind.Context bind
WARNING: unknown result; type: ProcedureColumn, label: PARAMETER_ID, value: 1
Jan 26, 2026 2:30:08 PM com.github.jinahya.database.metadata.bind.Context bind
WARNING: unknown result; type: Column, label: SCOPE_CATLOG, value: null
Jan 26, 2026 2:30:08 PM com.github.jinahya.database.metadata.bind.Context bind
WARNING: unknown result; type: Column, label: SCOPE_CATLOG, value: null
Jan 26, 2026 2:30:08 PM com.github.jinahya.database.metadata.bind.Context bind
WARNING: unknown result; type: Column, label: SCOPE_CATLOG, value: null
Jan 26, 2026 2:30:08 PM com.github.jinahya.database.metadata.bind.Context bind
WARNING: unknown result; type: Column, label: SCOPE_CATLOG, value: null
Jan 26, 2026 2:30:08 PM com.github.jinahya.database.metadata.bind.Context bind
WARNING: unknown result; type: Column, label: SCOPE_CATLOG, value: null
Jan 26, 2026 2:30:08 PM com.github.jinahya.database.metadata.bind.Context bind
WARNING: unknown result; type: Column, label: SCOPE_CATLOG, value: null
Jan 26, 2026 2:30:08 PM com.github.jinahya.database.metadata.bind.Context bind
WARNING: unknown result; type: Column, label: SCOPE_CATLOG, value: null
Jan 26, 2026 2:30:08 PM com.github.jinahya.database.metadata.bind.Context bind
WARNING: unknown result; type: Column, label: SCOPE_CATLOG, value: null
Jan 26, 2026 2:30:08 PM com.github.jinahya.database.metadata.bind.Context bind
WARNING: unknown result; type: Column, label: SCOPE_CATLOG, value: null
Jan 26, 2026 2:30:08 PM com.github.jinahya.database.metadata.bind.Context bind
WARNING: unknown result; type: Column, label: SCOPE_CATLOG, value: null
Jan 26, 2026 2:30:08 PM com.github.jinahya.database.metadata.bind.Context bind
WARNING: unknown result; type: Column, label: SCOPE_CATLOG, value: null
Jan 26, 2026 2:30:08 PM com.github.jinahya.database.metadata.bind.Context bind
WARNING: unknown result; type: Column, label: SCOPE_CATLOG, value: null
Jan 26, 2026 2:30:08 PM com.github.jinahya.database.metadata.bind.Context bind
WARNING: unknown result; type: Column, label: SCOPE_CATLOG, value: null
Jan 26, 2026 2:30:08 PM com.github.jinahya.database.metadata.bind.Context bind
WARNING: unknown result; type: Column, label: SCOPE_CATLOG, value: null
Jan 26, 2026 2:30:08 PM com.github.jinahya.database.metadata.bind.Context bind
WARNING: unknown result; type: Column, label: SCOPE_CATLOG, value: null
Jan 26, 2026 2:30:08 PM com.github.jinahya.database.metadata.bind.Context bind
WARNING: unknown result; type: Column, label: SCOPE_CATLOG, value: null
Jan 26, 2026 2:30:08 PM com.github.jinahya.database.metadata.bind.Context bind
WARNING: unknown result; type: Column, label: SCOPE_CATLOG, value: null
Jan 26, 2026 2:30:08 PM com.github.jinahya.database.metadata.bind.Context bind
WARNING: unknown result; type: Column, label: SCOPE_CATLOG, value: null
Jan 26, 2026 2:30:08 PM com.github.jinahya.database.metadata.bind.Context bind
WARNING: unknown result; type: Column, label: SCOPE_CATLOG, value: null
Jan 26, 2026 2:30:08 PM com.github.jinahya.database.metadata.bind.Context bind
WARNING: unknown result; type: Column, label: SCOPE_CATLOG, value: null
Jan 26, 2026 2:30:08 PM com.github.jinahya.database.metadata.bind.Context bind
WARNING: unknown result; type: Column, label: SCOPE_CATLOG, value: null
Jan 26, 2026 2:30:08 PM com.github.jinahya.database.metadata.bind.Context bind
WARNING: unknown result; type: Column, label: SCOPE_CATLOG, value: null
Jan 26, 2026 2:30:08 PM com.github.jinahya.database.metadata.bind.Context bind
WARNING: unknown result; type: Column, label: SCOPE_CATLOG, value: null
Jan 26, 2026 2:30:08 PM com.github.jinahya.database.metadata.bind.Context bind
WARNING: unknown result; type: Column, label: SCOPE_CATLOG, value: null
Jan 26, 2026 2:30:08 PM com.github.jinahya.database.metadata.bind.Context bind
WARNING: unknown result; type: Column, label: SCOPE_CATLOG, value: null
Jan 26, 2026 2:30:08 PM com.github.jinahya.database.metadata.bind.Context bind
WARNING: unknown result; type: Column, label: SCOPE_CATLOG, value: null
Jan 26, 2026 2:30:08 PM com.github.jinahya.database.metadata.bind.Context bind
WARNING: unknown result; type: Column, label: SCOPE_CATLOG, value: null
Jan 26, 2026 2:30:08 PM com.github.jinahya.database.metadata.bind.Context bind
WARNING: unknown result; type: Column, label: SCOPE_CATLOG, value: null
Jan 26, 2026 2:30:08 PM com.github.jinahya.database.metadata.bind.Context bind
WARNING: unknown result; type: Column, label: SCOPE_CATLOG, value: null
Jan 26, 2026 2:30:08 PM com.github.jinahya.database.metadata.bind.Context bind
WARNING: unknown result; type: Column, label: SCOPE_CATLOG, value: null
Jan 26, 2026 2:30:08 PM com.github.jinahya.database.metadata.bind.Context bind
WARNING: unknown result; type: Column, label: SCOPE_CATLOG, value: null
Jan 26, 2026 2:30:08 PM com.github.jinahya.database.metadata.bind.Context bind
WARNING: unknown result; type: Column, label: SCOPE_CATLOG, value: null
Jan 26, 2026 2:30:08 PM com.github.jinahya.database.metadata.bind.Context bind
WARNING: unknown result; type: Column, label: SCOPE_CATLOG, value: null
Jan 26, 2026 2:30:08 PM com.github.jinahya.database.metadata.bind.Context bind
WARNING: unknown result; type: Column, label: SCOPE_CATLOG, value: null
Jan 26, 2026 2:30:08 PM com.github.jinahya.database.metadata.bind.Context bind
WARNING: unknown result; type: Column, label: SCOPE_CATLOG, value: null
Jan 26, 2026 2:30:08 PM com.github.jinahya.database.metadata.bind.Context bind
WARNING: unknown result; type: Column, label: SCOPE_CATLOG, value: null
Jan 26, 2026 2:30:08 PM com.github.jinahya.database.metadata.bind.Context bind
WARNING: unknown result; type: Column, label: SCOPE_CATLOG, value: null
Jan 26, 2026 2:30:08 PM com.github.jinahya.database.metadata.bind.Context bind
WARNING: unknown result; type: Column, label: SCOPE_CATLOG, value: null
Jan 26, 2026 2:30:08 PM com.github.jinahya.database.metadata.bind.Context bind
WARNING: unknown result; type: Column, label: SCOPE_CATLOG, value: null
Jan 26, 2026 2:30:08 PM com.github.jinahya.database.metadata.bind.Context bind
WARNING: unknown result; type: Column, label: SCOPE_CATLOG, value: null
Jan 26, 2026 2:30:08 PM com.github.jinahya.database.metadata.bind.Context bind
WARNING: unknown result; type: Column, label: SCOPE_CATLOG, value: null
Jan 26, 2026 2:30:08 PM com.github.jinahya.database.metadata.bind.Context bind
WARNING: unknown result; type: Column, label: SCOPE_CATLOG, value: null
Jan 26, 2026 2:30:08 PM com.github.jinahya.database.metadata.bind.Context bind
WARNING: unknown result; type: Column, label: SCOPE_CATLOG, value: null
Jan 26, 2026 2:30:08 PM com.github.jinahya.database.metadata.bind.Context bind
WARNING: unknown result; type: Column, label: SCOPE_CATLOG, value: null
Jan 26, 2026 2:30:08 PM com.github.jinahya.database.metadata.bind.Context bind
WARNING: unknown result; type: Column, label: SCOPE_CATLOG, value: null
Jan 26, 2026 2:30:08 PM com.github.jinahya.database.metadata.bind.Context bind
WARNING: unknown result; type: Column, label: SCOPE_CATLOG, value: null
Jan 26, 2026 2:30:08 PM com.github.jinahya.database.metadata.bind.Context bind
WARNING: unknown result; type: Column, label: SCOPE_CATLOG, value: null
Jan 26, 2026 2:30:08 PM com.github.jinahya.database.metadata.bind.Context bind
WARNING: unknown result; type: Column, label: SCOPE_CATLOG, value: null
Jan 26, 2026 2:30:08 PM com.github.jinahya.database.metadata.bind.Context bind
WARNING: unknown result; type: Column, label: SCOPE_CATLOG, value: null
Jan 26, 2026 2:30:08 PM com.github.jinahya.database.metadata.bind.Context bind
WARNING: unknown result; type: Column, label: SCOPE_CATLOG, value: null
Jan 26, 2026 2:30:08 PM com.github.jinahya.database.metadata.bind.Context bind
WARNING: unknown result; type: Column, label: SCOPE_CATLOG, value: null
Jan 26, 2026 2:30:08 PM com.github.jinahya.database.metadata.bind.Context bind
WARNING: unknown result; type: Column, label: SCOPE_CATLOG, value: null
Jan 26, 2026 2:30:08 PM com.github.jinahya.database.metadata.bind.Context bind
WARNING: unknown result; type: Column, label: SCOPE_CATLOG, value: null
Jan 26, 2026 2:30:08 PM com.github.jinahya.database.metadata.bind.Context bind
WARNING: unknown result; type: Column, label: SCOPE_CATLOG, value: null
Jan 26, 2026 2:30:08 PM com.github.jinahya.database.metadata.bind.Context bind
WARNING: unknown result; type: Column, label: SCOPE_CATLOG, value: null
Jan 26, 2026 2:30:08 PM com.github.jinahya.database.metadata.bind.Context bind
WARNING: unknown result; type: Column, label: SCOPE_CATLOG, value: null
Jan 26, 2026 2:30:08 PM com.github.jinahya.database.metadata.bind.Context bind
WARNING: unknown result; type: Column, label: SCOPE_CATLOG, value: null
Jan 26, 2026 2:30:08 PM com.github.jinahya.database.metadata.bind.Context bind
WARNING: unknown result; type: Column, label: SCOPE_CATLOG, value: null
Jan 26, 2026 2:30:08 PM com.github.jinahya.database.metadata.bind.Context bind
WARNING: unknown result; type: Column, label: SCOPE_CATLOG, value: null
Jan 26, 2026 2:30:08 PM com.github.jinahya.database.metadata.bind.Context bind
WARNING: unknown result; type: Column, label: SCOPE_CATLOG, value: null
Jan 26, 2026 2:30:08 PM com.github.jinahya.database.metadata.bind.Context bind
WARNING: unknown result; type: Column, label: SCOPE_CATLOG, value: null
Jan 26, 2026 2:30:08 PM com.github.jinahya.database.metadata.bind.Context bind
WARNING: unknown result; type: Column, label: SCOPE_CATLOG, value: null
Jan 26, 2026 2:30:08 PM com.github.jinahya.database.metadata.bind.Context bind
WARNING: unknown result; type: Column, label: SCOPE_CATLOG, value: null
Jan 26, 2026 2:30:08 PM com.github.jinahya.database.metadata.bind.Context bind
WARNING: unknown result; type: Column, label: SCOPE_CATLOG, value: null
Jan 26, 2026 2:30:08 PM com.github.jinahya.database.metadata.bind.Context bind
WARNING: unknown result; type: Column, label: SCOPE_CATLOG, value: null
Jan 26, 2026 2:30:08 PM com.github.jinahya.database.metadata.bind.Context bind
WARNING: unknown result; type: Column, label: SCOPE_CATLOG, value: null
Jan 26, 2026 2:30:08 PM com.github.jinahya.database.metadata.bind.Context bind
WARNING: unknown result; type: Column, label: SCOPE_CATLOG, value: null
Jan 26, 2026 2:30:08 PM com.github.jinahya.database.metadata.bind.Context bind
WARNING: unknown result; type: Column, label: SCOPE_CATLOG, value: null
Jan 26, 2026 2:30:08 PM com.github.jinahya.database.metadata.bind.Context bind
WARNING: unknown result; type: Column, label: SCOPE_CATLOG, value: null
Jan 26, 2026 2:30:08 PM com.github.jinahya.database.metadata.bind.Context bind
WARNING: unknown result; type: Column, label: SCOPE_CATLOG, value: null
Jan 26, 2026 2:30:08 PM com.github.jinahya.database.metadata.bind.Context bind
WARNING: unknown result; type: Column, label: SCOPE_CATLOG, value: null
Jan 26, 2026 2:30:08 PM com.github.jinahya.database.metadata.bind.Context bind
WARNING: unknown result; type: Column, label: SCOPE_CATLOG, value: null
Jan 26, 2026 2:30:08 PM com.github.jinahya.database.metadata.bind.Context bind
WARNING: unknown result; type: Column, label: SCOPE_CATLOG, value: null
Jan 26, 2026 2:30:08 PM com.github.jinahya.database.metadata.bind.Context bind
WARNING: unknown result; type: Column, label: SCOPE_CATLOG, value: null
Jan 26, 2026 2:30:08 PM com.github.jinahya.database.metadata.bind.Context bind
WARNING: unknown result; type: Column, label: SCOPE_CATLOG, value: null
Jan 26, 2026 2:30:08 PM com.github.jinahya.database.metadata.bind.Context bind
WARNING: unknown result; type: Column, label: SCOPE_CATLOG, value: null
Jan 26, 2026 2:30:08 PM com.github.jinahya.database.metadata.bind.Context bind
WARNING: unknown result; type: Column, label: SCOPE_CATLOG, value: null
Jan 26, 2026 2:30:08 PM com.github.jinahya.database.metadata.bind.Context bind
WARNING: unknown result; type: Column, label: SCOPE_CATLOG, value: null
Jan 26, 2026 2:30:08 PM com.github.jinahya.database.metadata.bind.Context bind
WARNING: unknown result; type: Column, label: SCOPE_CATLOG, value: null
Jan 26, 2026 2:30:08 PM com.github.jinahya.database.metadata.bind.Context bind
WARNING: unknown result; type: Column, label: SCOPE_CATLOG, value: null
Jan 26, 2026 2:30:08 PM com.github.jinahya.database.metadata.bind.Context bind
WARNING: unknown result; type: Column, label: SCOPE_CATLOG, value: null
Jan 26, 2026 2:30:08 PM com.github.jinahya.database.metadata.bind.Context bind
WARNING: unknown result; type: Column, label: SCOPE_CATLOG, value: null
Jan 26, 2026 2:30:08 PM com.github.jinahya.database.metadata.bind.Context bind
WARNING: unknown result; type: Column, label: SCOPE_CATLOG, value: null
Jan 26, 2026 2:30:08 PM com.github.jinahya.database.metadata.bind.Context bind
WARNING: unknown result; type: Column, label: SCOPE_CATLOG, value: null
Jan 26, 2026 2:30:08 PM com.github.jinahya.database.metadata.bind.Context bind
WARNING: unknown result; type: Column, label: SCOPE_CATLOG, value: null
Jan 26, 2026 2:30:08 PM com.github.jinahya.database.metadata.bind.Context bind
WARNING: unknown result; type: Column, label: SCOPE_CATLOG, value: null
Jan 26, 2026 2:30:08 PM com.github.jinahya.database.metadata.bind.Context bind
WARNING: unknown result; type: Column, label: SCOPE_CATLOG, value: null
Jan 26, 2026 2:30:08 PM com.github.jinahya.database.metadata.bind.Context bind
WARNING: unknown result; type: Column, label: SCOPE_CATLOG, value: null
Jan 26, 2026 2:30:08 PM com.github.jinahya.database.metadata.bind.Context bind
WARNING: unknown result; type: Column, label: SCOPE_CATLOG, value: null
Jan 26, 2026 2:30:08 PM com.github.jinahya.database.metadata.bind.Context bind
WARNING: unknown result; type: Column, label: SCOPE_CATLOG, value: null
Jan 26, 2026 2:30:08 PM com.github.jinahya.database.metadata.bind.Context bind
WARNING: unknown result; type: Column, label: SCOPE_CATLOG, value: null
Jan 26, 2026 2:30:08 PM com.github.jinahya.database.metadata.bind.Context bind
WARNING: unknown result; type: Column, label: SCOPE_CATLOG, value: null
Jan 26, 2026 2:30:08 PM com.github.jinahya.database.metadata.bind.Context bind
WARNING: unknown result; type: Column, label: SCOPE_CATLOG, value: null
Jan 26, 2026 2:30:08 PM com.github.jinahya.database.metadata.bind.Context bind
WARNING: unknown result; type: Column, label: SCOPE_CATLOG, value: null
Jan 26, 2026 2:30:08 PM com.github.jinahya.database.metadata.bind.Context bind
WARNING: unknown result; type: Column, label: SCOPE_CATLOG, value: null
Jan 26, 2026 2:30:08 PM com.github.jinahya.database.metadata.bind.Context bind
WARNING: unknown result; type: Column, label: SCOPE_CATLOG, value: null
Jan 26, 2026 2:30:08 PM com.github.jinahya.database.metadata.bind.Context bind
WARNING: unknown result; type: Column, label: SCOPE_CATLOG, value: null
Jan 26, 2026 2:30:08 PM com.github.jinahya.database.metadata.bind.Context bind
WARNING: unknown result; type: Column, label: SCOPE_CATLOG, value: null
Jan 26, 2026 2:30:08 PM com.github.jinahya.database.metadata.bind.Context bind
WARNING: unknown result; type: Column, label: SCOPE_CATLOG, value: null
Jan 26, 2026 2:30:08 PM com.github.jinahya.database.metadata.bind.Context bind
WARNING: unknown result; type: Column, label: SCOPE_CATLOG, value: null
Jan 26, 2026 2:30:08 PM com.github.jinahya.database.metadata.bind.Context bind
WARNING: unknown result; type: Column, label: SCOPE_CATLOG, value: null
Jan 26, 2026 2:30:08 PM com.github.jinahya.database.metadata.bind.Context bind
WARNING: unknown result; type: Column, label: SCOPE_CATLOG, value: null
Jan 26, 2026 2:30:08 PM com.github.jinahya.database.metadata.bind.Context bind
WARNING: unknown result; type: Column, label: SCOPE_CATLOG, value: null
Jan 26, 2026 2:30:08 PM com.github.jinahya.database.metadata.bind.Context bind
WARNING: unknown result; type: Column, label: SCOPE_CATLOG, value: null
Jan 26, 2026 2:30:08 PM com.github.jinahya.database.metadata.bind.Context bind
WARNING: unknown result; type: Column, label: SCOPE_CATLOG, value: null
Jan 26, 2026 2:30:08 PM com.github.jinahya.database.metadata.bind.Context bind
WARNING: unknown result; type: Column, label: SCOPE_CATLOG, value: null
Jan 26, 2026 2:30:08 PM com.github.jinahya.database.metadata.bind.Context bind
WARNING: unknown result; type: Column, label: SCOPE_CATLOG, value: null
Jan 26, 2026 2:30:08 PM com.github.jinahya.database.metadata.bind.Context bind
WARNING: unknown result; type: Column, label: SCOPE_CATLOG, value: null
Jan 26, 2026 2:30:08 PM com.github.jinahya.database.metadata.bind.Context bind
WARNING: unknown result; type: Column, label: SCOPE_CATLOG, value: null
Jan 26, 2026 2:30:08 PM com.github.jinahya.database.metadata.bind.Context bind
WARNING: unknown result; type: Column, label: SCOPE_CATLOG, value: null
Jan 26, 2026 2:30:08 PM com.github.jinahya.database.metadata.bind.Context bind
WARNING: unknown result; type: Column, label: SCOPE_CATLOG, value: null
Jan 26, 2026 2:30:08 PM com.github.jinahya.database.metadata.bind.Context bind
WARNING: unknown result; type: Column, label: SCOPE_CATLOG, value: null
Jan 26, 2026 2:30:08 PM com.github.jinahya.database.metadata.bind.Context bind
WARNING: unknown result; type: Column, label: SCOPE_CATLOG, value: null
Jan 26, 2026 2:30:08 PM com.github.jinahya.database.metadata.bind.Context bind
WARNING: unknown result; type: Column, label: SCOPE_CATLOG, value: null
Jan 26, 2026 2:30:08 PM com.github.jinahya.database.metadata.bind.Context bind
WARNING: unknown result; type: Column, label: SCOPE_CATLOG, value: null
Jan 26, 2026 2:30:08 PM com.github.jinahya.database.metadata.bind.Context bind
WARNING: unknown result; type: Column, label: SCOPE_CATLOG, value: null
Jan 26, 2026 2:30:08 PM com.github.jinahya.database.metadata.bind.Context bind
WARNING: unknown result; type: Column, label: SCOPE_CATLOG, value: null
Jan 26, 2026 2:30:08 PM com.github.jinahya.database.metadata.bind.Context bind
WARNING: unknown result; type: Column, label: SCOPE_CATLOG, value: null
Jan 26, 2026 2:30:08 PM com.github.jinahya.database.metadata.bind.Context bind
WARNING: unknown result; type: Column, label: SCOPE_CATLOG, value: null
Jan 26, 2026 2:30:08 PM com.github.jinahya.database.metadata.bind.Context bind
WARNING: unknown result; type: Column, label: SCOPE_CATLOG, value: null
Jan 26, 2026 2:30:08 PM com.github.jinahya.database.metadata.bind.Context bind
WARNING: unknown result; type: Column, label: SCOPE_CATLOG, value: null
Jan 26, 2026 2:30:08 PM com.github.jinahya.database.metadata.bind.Context bind
WARNING: unknown result; type: Column, label: SCOPE_CATLOG, value: null
Jan 26, 2026 2:30:08 PM com.github.jinahya.database.metadata.bind.Context bind
WARNING: unknown result; type: Column, label: SCOPE_CATLOG, value: null
Jan 26, 2026 2:30:08 PM com.github.jinahya.database.metadata.bind.Context bind
WARNING: unknown result; type: Column, label: SCOPE_CATLOG, value: null
Jan 26, 2026 2:30:08 PM com.github.jinahya.database.metadata.bind.Context bind
WARNING: unknown result; type: Column, label: SCOPE_CATLOG, value: null
Jan 26, 2026 2:30:08 PM com.github.jinahya.database.metadata.bind.Context bind
WARNING: unknown result; type: Column, label: SCOPE_CATLOG, value: null
Jan 26, 2026 2:30:08 PM com.github.jinahya.database.metadata.bind.Context bind
WARNING: unknown result; type: Column, label: SCOPE_CATLOG, value: null
Jan 26, 2026 2:30:08 PM com.github.jinahya.database.metadata.bind.Context bind
WARNING: unknown result; type: Column, label: SCOPE_CATLOG, value: null
Jan 26, 2026 2:30:08 PM com.github.jinahya.database.metadata.bind.Context bind
WARNING: unknown result; type: Column, label: SCOPE_CATLOG, value: null
Jan 26, 2026 2:30:08 PM com.github.jinahya.database.metadata.bind.Context bind
WARNING: unknown result; type: Column, label: SCOPE_CATLOG, value: null
Jan 26, 2026 2:30:08 PM com.github.jinahya.database.metadata.bind.Context bind
WARNING: unknown result; type: Column, label: SCOPE_CATLOG, value: null
Jan 26, 2026 2:30:08 PM com.github.jinahya.database.metadata.bind.Context bind
WARNING: unknown result; type: Column, label: SCOPE_CATLOG, value: null
Jan 26, 2026 2:30:08 PM com.github.jinahya.database.metadata.bind.Context bind
WARNING: unknown result; type: Column, label: SCOPE_CATLOG, value: null
Jan 26, 2026 2:30:08 PM com.github.jinahya.database.metadata.bind.Context bind
WARNING: unknown result; type: Column, label: SCOPE_CATLOG, value: null
Jan 26, 2026 2:30:08 PM com.github.jinahya.database.metadata.bind.Context bind
WARNING: unknown result; type: Column, label: SCOPE_CATLOG, value: null
Jan 26, 2026 2:30:08 PM com.github.jinahya.database.metadata.bind.Context bind
WARNING: unknown result; type: Column, label: SCOPE_CATLOG, value: null
Jan 26, 2026 2:30:08 PM com.github.jinahya.database.metadata.bind.Context bind
WARNING: unknown result; type: Column, label: SCOPE_CATLOG, value: null
Jan 26, 2026 2:30:08 PM com.github.jinahya.database.metadata.bind.Context bind
WARNING: unknown result; type: Column, label: SCOPE_CATLOG, value: null
Jan 26, 2026 2:30:08 PM com.github.jinahya.database.metadata.bind.Context bind
WARNING: unknown result; type: Column, label: SCOPE_CATLOG, value: null
Jan 26, 2026 2:30:08 PM com.github.jinahya.database.metadata.bind.Context bind
WARNING: unknown result; type: Column, label: SCOPE_CATLOG, value: null
Jan 26, 2026 2:30:08 PM com.github.jinahya.database.metadata.bind.Context bind
WARNING: unknown result; type: Column, label: SCOPE_CATLOG, value: null
Jan 26, 2026 2:30:08 PM com.github.jinahya.database.metadata.bind.Context bind
WARNING: unknown result; type: Column, label: SCOPE_CATLOG, value: null
Jan 26, 2026 2:30:08 PM com.github.jinahya.database.metadata.bind.Context bind
WARNING: unknown result; type: Column, label: SCOPE_CATLOG, value: null
Jan 26, 2026 2:30:08 PM com.github.jinahya.database.metadata.bind.Context bind
WARNING: unknown result; type: Column, label: SCOPE_CATLOG, value: null
Jan 26, 2026 2:30:08 PM com.github.jinahya.database.metadata.bind.Context bind
WARNING: unknown result; type: Column, label: SCOPE_CATLOG, value: null
Jan 26, 2026 2:30:08 PM com.github.jinahya.database.metadata.bind.Context bind
WARNING: unknown result; type: Column, label: SCOPE_CATLOG, value: null
Jan 26, 2026 2:30:08 PM com.github.jinahya.database.metadata.bind.Context bind
WARNING: unknown result; type: Column, label: SCOPE_CATLOG, value: null
Jan 26, 2026 2:30:08 PM com.github.jinahya.database.metadata.bind.Context bind
WARNING: unknown result; type: Procedure, label: RESERVED3, value: null
Jan 26, 2026 2:30:08 PM com.github.jinahya.database.metadata.bind.Context bind
WARNING: unknown result; type: Procedure, label: RESERVED2, value: null
Jan 26, 2026 2:30:08 PM com.github.jinahya.database.metadata.bind.Context bind
WARNING: unknown result; type: Procedure, label: RESERVED1, value: null
Jan 26, 2026 2:30:08 PM com.github.jinahya.database.metadata.bind.Context bind
WARNING: unknown result; type: Procedure, label: RESERVED3, value: null
Jan 26, 2026 2:30:08 PM com.github.jinahya.database.metadata.bind.Context bind
WARNING: unknown result; type: Procedure, label: RESERVED2, value: null
Jan 26, 2026 2:30:08 PM com.github.jinahya.database.metadata.bind.Context bind
WARNING: unknown result; type: Procedure, label: RESERVED1, value: null
Jan 26, 2026 2:30:08 PM com.github.jinahya.database.metadata.bind.Context bind
WARNING: unknown result; type: Procedure, label: RESERVED3, value: null
Jan 26, 2026 2:30:08 PM com.github.jinahya.database.metadata.bind.Context bind
WARNING: unknown result; type: Procedure, label: RESERVED2, value: null
Jan 26, 2026 2:30:08 PM com.github.jinahya.database.metadata.bind.Context bind
WARNING: unknown result; type: Procedure, label: RESERVED1, value: null
Jan 26, 2026 2:30:08 PM com.github.jinahya.database.metadata.bind.Context bind
WARNING: unknown result; type: Procedure, label: RESERVED3, value: null
Jan 26, 2026 2:30:08 PM com.github.jinahya.database.metadata.bind.Context bind
WARNING: unknown result; type: Procedure, label: RESERVED2, value: null
Jan 26, 2026 2:30:08 PM com.github.jinahya.database.metadata.bind.Context bind
WARNING: unknown result; type: Procedure, label: RESERVED1, value: null
Jan 26, 2026 2:30:08 PM com.github.jinahya.database.metadata.bind.Context bind
WARNING: unknown result; type: Procedure, label: RESERVED3, value: null
Jan 26, 2026 2:30:08 PM com.github.jinahya.database.metadata.bind.Context bind
WARNING: unknown result; type: Procedure, label: RESERVED2, value: null
Jan 26, 2026 2:30:08 PM com.github.jinahya.database.metadata.bind.Context bind
WARNING: unknown result; type: Procedure, label: RESERVED1, value: null
Jan 26, 2026 2:30:08 PM com.github.jinahya.database.metadata.bind.Context bind
WARNING: unknown result; type: Procedure, label: RESERVED3, value: null
Jan 26, 2026 2:30:08 PM com.github.jinahya.database.metadata.bind.Context bind
WARNING: unknown result; type: Procedure, label: RESERVED2, value: null
Jan 26, 2026 2:30:08 PM com.github.jinahya.database.metadata.bind.Context bind
WARNING: unknown result; type: Procedure, label: RESERVED1, value: null
Jan 26, 2026 2:30:08 PM com.github.jinahya.database.metadata.bind.Context bind
WARNING: unknown result; type: Procedure, label: RESERVED3, value: null
Jan 26, 2026 2:30:08 PM com.github.jinahya.database.metadata.bind.Context bind
WARNING: unknown result; type: Procedure, label: RESERVED2, value: null
Jan 26, 2026 2:30:08 PM com.github.jinahya.database.metadata.bind.Context bind
WARNING: unknown result; type: Procedure, label: RESERVED1, value: null
Jan 26, 2026 2:30:08 PM com.github.jinahya.database.metadata.bind.Context bind
WARNING: unknown result; type: Procedure, label: RESERVED3, value: null
Jan 26, 2026 2:30:08 PM com.github.jinahya.database.metadata.bind.Context bind
WARNING: unknown result; type: Procedure, label: RESERVED2, value: null
Jan 26, 2026 2:30:08 PM com.github.jinahya.database.metadata.bind.Context bind
WARNING: unknown result; type: Procedure, label: RESERVED1, value: null
Jan 26, 2026 2:30:08 PM com.github.jinahya.database.metadata.bind.Context bind
WARNING: unknown result; type: Procedure, label: RESERVED3, value: null
Jan 26, 2026 2:30:08 PM com.github.jinahya.database.metadata.bind.Context bind
WARNING: unknown result; type: Procedure, label: RESERVED2, value: null
Jan 26, 2026 2:30:08 PM com.github.jinahya.database.metadata.bind.Context bind
WARNING: unknown result; type: Procedure, label: RESERVED1, value: null
Jan 26, 2026 2:30:08 PM com.github.jinahya.database.metadata.bind.Context bind
WARNING: unknown result; type: Procedure, label: RESERVED3, value: null
Jan 26, 2026 2:30:08 PM com.github.jinahya.database.metadata.bind.Context bind
WARNING: unknown result; type: Procedure, label: RESERVED2, value: null
Jan 26, 2026 2:30:08 PM com.github.jinahya.database.metadata.bind.Context bind
WARNING: unknown result; type: Procedure, label: RESERVED1, value: null
Jan 26, 2026 2:30:08 PM com.github.jinahya.database.metadata.bind.Context bind
WARNING: unknown result; type: Procedure, label: RESERVED3, value: null
Jan 26, 2026 2:30:08 PM com.github.jinahya.database.metadata.bind.Context bind
WARNING: unknown result; type: Procedure, label: RESERVED2, value: null
Jan 26, 2026 2:30:08 PM com.github.jinahya.database.metadata.bind.Context bind
WARNING: unknown result; type: Procedure, label: RESERVED1, value: null
Jan 26, 2026 2:30:08 PM com.github.jinahya.database.metadata.bind.Context bind
WARNING: unknown result; type: Procedure, label: RESERVED3, value: null
Jan 26, 2026 2:30:08 PM com.github.jinahya.database.metadata.bind.Context bind
WARNING: unknown result; type: Procedure, label: RESERVED2, value: null
Jan 26, 2026 2:30:08 PM com.github.jinahya.database.metadata.bind.Context bind
WARNING: unknown result; type: Procedure, label: RESERVED1, value: null
Jan 26, 2026 2:30:08 PM com.github.jinahya.database.metadata.bind.Context bind
WARNING: unknown result; type: Procedure, label: RESERVED3, value: null
Jan 26, 2026 2:30:08 PM com.github.jinahya.database.metadata.bind.Context bind
WARNING: unknown result; type: Procedure, label: RESERVED2, value: null
Jan 26, 2026 2:30:08 PM com.github.jinahya.database.metadata.bind.Context bind
WARNING: unknown result; type: Procedure, label: RESERVED1, value: null
Jan 26, 2026 2:30:08 PM com.github.jinahya.database.metadata.bind.Context bind
WARNING: unknown result; type: Procedure, label: RESERVED3, value: null
Jan 26, 2026 2:30:08 PM com.github.jinahya.database.metadata.bind.Context bind
WARNING: unknown result; type: Procedure, label: RESERVED2, value: null
Jan 26, 2026 2:30:08 PM com.github.jinahya.database.metadata.bind.Context bind
WARNING: unknown result; type: Procedure, label: RESERVED1, value: null
Jan 26, 2026 2:30:08 PM com.github.jinahya.database.metadata.bind.Context bind
WARNING: unknown result; type: Procedure, label: RESERVED3, value: null
Jan 26, 2026 2:30:08 PM com.github.jinahya.database.metadata.bind.Context bind
WARNING: unknown result; type: Procedure, label: RESERVED2, value: null
Jan 26, 2026 2:30:08 PM com.github.jinahya.database.metadata.bind.Context bind
WARNING: unknown result; type: Procedure, label: RESERVED1, value: null
Jan 26, 2026 2:30:08 PM com.github.jinahya.database.metadata.bind.Context bind
WARNING: unknown result; type: Procedure, label: RESERVED3, value: null
Jan 26, 2026 2:30:08 PM com.github.jinahya.database.metadata.bind.Context bind
WARNING: unknown result; type: Procedure, label: RESERVED2, value: null
Jan 26, 2026 2:30:08 PM com.github.jinahya.database.metadata.bind.Context bind
WARNING: unknown result; type: Procedure, label: RESERVED1, value: null
Jan 26, 2026 2:30:08 PM com.github.jinahya.database.metadata.bind.Context bind
WARNING: unknown result; type: Procedure, label: RESERVED3, value: null
Jan 26, 2026 2:30:08 PM com.github.jinahya.database.metadata.bind.Context bind
WARNING: unknown result; type: Procedure, label: RESERVED2, value: null
Jan 26, 2026 2:30:08 PM com.github.jinahya.database.metadata.bind.Context bind
WARNING: unknown result; type: Procedure, label: RESERVED1, value: null
Jan 26, 2026 2:30:08 PM com.github.jinahya.database.metadata.bind.Context bind
WARNING: unknown result; type: Procedure, label: RESERVED3, value: null
Jan 26, 2026 2:30:08 PM com.github.jinahya.database.metadata.bind.Context bind
WARNING: unknown result; type: Procedure, label: RESERVED2, value: null
Jan 26, 2026 2:30:08 PM com.github.jinahya.database.metadata.bind.Context bind
WARNING: unknown result; type: Procedure, label: RESERVED1, value: null
Jan 26, 2026 2:30:08 PM com.github.jinahya.database.metadata.bind.Context bind
WARNING: unknown result; type: Procedure, label: RESERVED3, value: null
Jan 26, 2026 2:30:08 PM com.github.jinahya.database.metadata.bind.Context bind
WARNING: unknown result; type: Procedure, label: RESERVED2, value: null
Jan 26, 2026 2:30:08 PM com.github.jinahya.database.metadata.bind.Context bind
WARNING: unknown result; type: Procedure, label: RESERVED1, value: null
Jan 26, 2026 2:30:08 PM com.github.jinahya.database.metadata.bind.Context bind
WARNING: unknown result; type: Procedure, label: RESERVED3, value: null
Jan 26, 2026 2:30:08 PM com.github.jinahya.database.metadata.bind.Context bind
WARNING: unknown result; type: Procedure, label: RESERVED2, value: null
Jan 26, 2026 2:30:08 PM com.github.jinahya.database.metadata.bind.Context bind
WARNING: unknown result; type: Procedure, label: RESERVED1, value: null
Jan 26, 2026 2:30:08 PM com.github.jinahya.database.metadata.bind.Context bind
WARNING: unknown result; type: Procedure, label: RESERVED3, value: null
Jan 26, 2026 2:30:08 PM com.github.jinahya.database.metadata.bind.Context bind
WARNING: unknown result; type: Procedure, label: RESERVED2, value: null
Jan 26, 2026 2:30:08 PM com.github.jinahya.database.metadata.bind.Context bind
WARNING: unknown result; type: Procedure, label: RESERVED1, value: null
Jan 26, 2026 2:30:08 PM com.github.jinahya.database.metadata.bind.Context bind
WARNING: unknown result; type: Procedure, label: RESERVED3, value: null
Jan 26, 2026 2:30:08 PM com.github.jinahya.database.metadata.bind.Context bind
WARNING: unknown result; type: Procedure, label: RESERVED2, value: null
Jan 26, 2026 2:30:08 PM com.github.jinahya.database.metadata.bind.Context bind
WARNING: unknown result; type: Procedure, label: RESERVED1, value: null
Jan 26, 2026 2:30:08 PM com.github.jinahya.database.metadata.bind.Context bind
WARNING: unknown result; type: Procedure, label: RESERVED3, value: null
Jan 26, 2026 2:30:08 PM com.github.jinahya.database.metadata.bind.Context bind
WARNING: unknown result; type: Procedure, label: RESERVED2, value: null
Jan 26, 2026 2:30:08 PM com.github.jinahya.database.metadata.bind.Context bind
WARNING: unknown result; type: Procedure, label: RESERVED1, value: null
Jan 26, 2026 2:30:08 PM com.github.jinahya.database.metadata.bind.Context bind
WARNING: unknown result; type: Procedure, label: RESERVED3, value: null
Jan 26, 2026 2:30:08 PM com.github.jinahya.database.metadata.bind.Context bind
WARNING: unknown result; type: Procedure, label: RESERVED2, value: null
Jan 26, 2026 2:30:08 PM com.github.jinahya.database.metadata.bind.Context bind
WARNING: unknown result; type: Procedure, label: RESERVED1, value: null
Jan 26, 2026 2:30:08 PM com.github.jinahya.database.metadata.bind.Context bind
WARNING: unknown result; type: Procedure, label: RESERVED3, value: null
Jan 26, 2026 2:30:08 PM com.github.jinahya.database.metadata.bind.Context bind
WARNING: unknown result; type: Procedure, label: RESERVED2, value: null
Jan 26, 2026 2:30:08 PM com.github.jinahya.database.metadata.bind.Context bind
WARNING: unknown result; type: Procedure, label: RESERVED1, value: null
Jan 26, 2026 2:30:08 PM com.github.jinahya.database.metadata.bind.Context bind
WARNING: unknown result; type: Procedure, label: RESERVED3, value: null
Jan 26, 2026 2:30:08 PM com.github.jinahya.database.metadata.bind.Context bind
WARNING: unknown result; type: Procedure, label: RESERVED2, value: null
Jan 26, 2026 2:30:08 PM com.github.jinahya.database.metadata.bind.Context bind
WARNING: unknown result; type: Procedure, label: RESERVED1, value: null
Jan 26, 2026 2:30:08 PM com.github.jinahya.database.metadata.bind.Context bind
WARNING: unknown result; type: Procedure, label: RESERVED3, value: null
Jan 26, 2026 2:30:08 PM com.github.jinahya.database.metadata.bind.Context bind
WARNING: unknown result; type: Procedure, label: RESERVED2, value: null
Jan 26, 2026 2:30:08 PM com.github.jinahya.database.metadata.bind.Context bind
WARNING: unknown result; type: Procedure, label: RESERVED1, value: null
Jan 26, 2026 2:30:08 PM com.github.jinahya.database.metadata.bind.Context bind
WARNING: unknown result; type: Procedure, label: RESERVED3, value: null
Jan 26, 2026 2:30:08 PM com.github.jinahya.database.metadata.bind.Context bind
WARNING: unknown result; type: Procedure, label: RESERVED2, value: null
Jan 26, 2026 2:30:08 PM com.github.jinahya.database.metadata.bind.Context bind
WARNING: unknown result; type: Procedure, label: RESERVED1, value: null
Jan 26, 2026 2:30:08 PM com.github.jinahya.database.metadata.bind.Context bind
WARNING: unknown result; type: Procedure, label: RESERVED3, value: null
Jan 26, 2026 2:30:08 PM com.github.jinahya.database.metadata.bind.Context bind
WARNING: unknown result; type: Procedure, label: RESERVED2, value: null
Jan 26, 2026 2:30:08 PM com.github.jinahya.database.metadata.bind.Context bind
WARNING: unknown result; type: Procedure, label: RESERVED1, value: null
Jan 26, 2026 2:30:08 PM com.github.jinahya.database.metadata.bind.Context bind
WARNING: unknown result; type: Procedure, label: RESERVED3, value: null
Jan 26, 2026 2:30:08 PM com.github.jinahya.database.metadata.bind.Context bind
WARNING: unknown result; type: Procedure, label: RESERVED2, value: null
Jan 26, 2026 2:30:08 PM com.github.jinahya.database.metadata.bind.Context bind
WARNING: unknown result; type: Procedure, label: RESERVED1, value: null
Jan 26, 2026 2:30:08 PM com.github.jinahya.database.metadata.bind.Context bind
WARNING: unknown result; type: Procedure, label: RESERVED3, value: null
Jan 26, 2026 2:30:08 PM com.github.jinahya.database.metadata.bind.Context bind
WARNING: unknown result; type: Procedure, label: RESERVED2, value: null
Jan 26, 2026 2:30:08 PM com.github.jinahya.database.metadata.bind.Context bind
WARNING: unknown result; type: Procedure, label: RESERVED1, value: null
Jan 26, 2026 2:30:08 PM com.github.jinahya.database.metadata.bind.Context bind
WARNING: unknown result; type: Procedure, label: RESERVED3, value: null
Jan 26, 2026 2:30:08 PM com.github.jinahya.database.metadata.bind.Context bind
WARNING: unknown result; type: Procedure, label: RESERVED2, value: null
Jan 26, 2026 2:30:08 PM com.github.jinahya.database.metadata.bind.Context bind
WARNING: unknown result; type: Procedure, label: RESERVED1, value: null
Jan 26, 2026 2:30:08 PM com.github.jinahya.database.metadata.bind.Context bind
WARNING: unknown result; type: Procedure, label: RESERVED3, value: null
Jan 26, 2026 2:30:08 PM com.github.jinahya.database.metadata.bind.Context bind
WARNING: unknown result; type: Procedure, label: RESERVED2, value: null
Jan 26, 2026 2:30:08 PM com.github.jinahya.database.metadata.bind.Context bind
WARNING: unknown result; type: Procedure, label: RESERVED1, value: null
Jan 26, 2026 2:30:08 PM com.github.jinahya.database.metadata.bind.Context bind
WARNING: unknown result; type: Procedure, label: RESERVED3, value: null
Jan 26, 2026 2:30:08 PM com.github.jinahya.database.metadata.bind.Context bind
WARNING: unknown result; type: Procedure, label: RESERVED2, value: null
Jan 26, 2026 2:30:08 PM com.github.jinahya.database.metadata.bind.Context bind
WARNING: unknown result; type: Procedure, label: RESERVED1, value: null
Jan 26, 2026 2:30:08 PM com.github.jinahya.database.metadata.bind.Context bind
WARNING: unknown result; type: Procedure, label: RESERVED3, value: null
Jan 26, 2026 2:30:08 PM com.github.jinahya.database.metadata.bind.Context bind
WARNING: unknown result; type: Procedure, label: RESERVED2, value: null
Jan 26, 2026 2:30:08 PM com.github.jinahya.database.metadata.bind.Context bind
WARNING: unknown result; type: Procedure, label: RESERVED1, value: null
Jan 26, 2026 2:30:08 PM com.github.jinahya.database.metadata.bind.Context bind
WARNING: unknown result; type: Procedure, label: RESERVED3, value: null
Jan 26, 2026 2:30:08 PM com.github.jinahya.database.metadata.bind.Context bind
WARNING: unknown result; type: Procedure, label: RESERVED2, value: null
Jan 26, 2026 2:30:08 PM com.github.jinahya.database.metadata.bind.Context bind
WARNING: unknown result; type: Procedure, label: RESERVED1, value: null
Jan 26, 2026 2:30:08 PM com.github.jinahya.database.metadata.bind.Context bind
WARNING: unknown result; type: Procedure, label: RESERVED3, value: null
Jan 26, 2026 2:30:08 PM com.github.jinahya.database.metadata.bind.Context bind
WARNING: unknown result; type: Procedure, label: RESERVED2, value: null
Jan 26, 2026 2:30:08 PM com.github.jinahya.database.metadata.bind.Context bind
WARNING: unknown result; type: Procedure, label: RESERVED1, value: null
Jan 26, 2026 2:30:08 PM com.github.jinahya.database.metadata.bind.Context bind
WARNING: unknown result; type: ProcedureColumn, label: METHOD_ID, value: 1
Jan 26, 2026 2:30:08 PM com.github.jinahya.database.metadata.bind.Context bind
WARNING: unknown result; type: ProcedureColumn, label: PARAMETER_ID, value: 0
Jan 26, 2026 2:30:08 PM com.github.jinahya.database.metadata.bind.Context bind
WARNING: unknown result; type: ProcedureColumn, label: METHOD_ID, value: 2
Jan 26, 2026 2:30:08 PM com.github.jinahya.database.metadata.bind.Context bind
WARNING: unknown result; type: ProcedureColumn, label: PARAMETER_ID, value: 0
Jan 26, 2026 2:30:08 PM com.github.jinahya.database.metadata.bind.Context bind
WARNING: unknown result; type: ProcedureColumn, label: METHOD_ID, value: 2
Jan 26, 2026 2:30:08 PM com.github.jinahya.database.metadata.bind.Context bind
WARNING: unknown result; type: ProcedureColumn, label: PARAMETER_ID, value: 1
Jan 26, 2026 2:30:08 PM com.github.jinahya.database.metadata.bind.Context bind
WARNING: unknown result; type: ProcedureColumn, label: METHOD_ID, value: 2
Jan 26, 2026 2:30:08 PM com.github.jinahya.database.metadata.bind.Context bind
WARNING: unknown result; type: ProcedureColumn, label: PARAMETER_ID, value: 0
Jan 26, 2026 2:30:08 PM com.github.jinahya.database.metadata.bind.Context bind
WARNING: unknown result; type: ProcedureColumn, label: METHOD_ID, value: 2
Jan 26, 2026 2:30:08 PM com.github.jinahya.database.metadata.bind.Context bind
WARNING: unknown result; type: ProcedureColumn, label: PARAMETER_ID, value: 1
Jan 26, 2026 2:30:08 PM com.github.jinahya.database.metadata.bind.Context bind
WARNING: unknown result; type: ProcedureColumn, label: METHOD_ID, value: 1
Jan 26, 2026 2:30:08 PM com.github.jinahya.database.metadata.bind.Context bind
WARNING: unknown result; type: ProcedureColumn, label: PARAMETER_ID, value: 0
Jan 26, 2026 2:30:08 PM com.github.jinahya.database.metadata.bind.Context bind
WARNING: unknown result; type: ProcedureColumn, label: METHOD_ID, value: 4
Jan 26, 2026 2:30:08 PM com.github.jinahya.database.metadata.bind.Context bind
WARNING: unknown result; type: ProcedureColumn, label: PARAMETER_ID, value: 0
Jan 26, 2026 2:30:08 PM com.github.jinahya.database.metadata.bind.Context bind
WARNING: unknown result; type: ProcedureColumn, label: METHOD_ID, value: 4
Jan 26, 2026 2:30:08 PM com.github.jinahya.database.metadata.bind.Context bind
WARNING: unknown result; type: ProcedureColumn, label: PARAMETER_ID, value: 1
Jan 26, 2026 2:30:08 PM com.github.jinahya.database.metadata.bind.Context bind
WARNING: unknown result; type: ProcedureColumn, label: METHOD_ID, value: 4
Jan 26, 2026 2:30:08 PM com.github.jinahya.database.metadata.bind.Context bind
WARNING: unknown result; type: ProcedureColumn, label: PARAMETER_ID, value: 2
Jan 26, 2026 2:30:08 PM com.github.jinahya.database.metadata.bind.Context bind
WARNING: unknown result; type: ProcedureColumn, label: METHOD_ID, value: 4
Jan 26, 2026 2:30:08 PM com.github.jinahya.database.metadata.bind.Context bind
WARNING: unknown result; type: ProcedureColumn, label: PARAMETER_ID, value: 3
Jan 26, 2026 2:30:08 PM com.github.jinahya.database.metadata.bind.Context bind
WARNING: unknown result; type: ProcedureColumn, label: METHOD_ID, value: 3
Jan 26, 2026 2:30:08 PM com.github.jinahya.database.metadata.bind.Context bind
WARNING: unknown result; type: ProcedureColumn, label: PARAMETER_ID, value: 0
Jan 26, 2026 2:30:08 PM com.github.jinahya.database.metadata.bind.Context bind
WARNING: unknown result; type: ProcedureColumn, label: METHOD_ID, value: 3
Jan 26, 2026 2:30:08 PM com.github.jinahya.database.metadata.bind.Context bind
WARNING: unknown result; type: ProcedureColumn, label: PARAMETER_ID, value: 1
Jan 26, 2026 2:30:08 PM com.github.jinahya.database.metadata.bind.Context bind
WARNING: unknown result; type: ProcedureColumn, label: METHOD_ID, value: 3
Jan 26, 2026 2:30:08 PM com.github.jinahya.database.metadata.bind.Context bind
WARNING: unknown result; type: ProcedureColumn, label: PARAMETER_ID, value: 2
Jan 26, 2026 2:30:08 PM com.github.jinahya.database.metadata.bind.Context bind
WARNING: unknown result; type: ProcedureColumn, label: METHOD_ID, value: 2
Jan 26, 2026 2:30:08 PM com.github.jinahya.database.metadata.bind.Context bind
WARNING: unknown result; type: ProcedureColumn, label: PARAMETER_ID, value: 0
Jan 26, 2026 2:30:08 PM com.github.jinahya.database.metadata.bind.Context bind
WARNING: unknown result; type: ProcedureColumn, label: METHOD_ID, value: 2
Jan 26, 2026 2:30:08 PM com.github.jinahya.database.metadata.bind.Context bind
WARNING: unknown result; type: ProcedureColumn, label: PARAMETER_ID, value: 1
Jan 26, 2026 2:30:08 PM com.github.jinahya.database.metadata.bind.Context bind
WARNING: unknown result; type: ProcedureColumn, label: METHOD_ID, value: 1
Jan 26, 2026 2:30:08 PM com.github.jinahya.database.metadata.bind.Context bind
WARNING: unknown result; type: ProcedureColumn, label: PARAMETER_ID, value: 0
Jan 26, 2026 2:30:08 PM com.github.jinahya.database.metadata.bind.Context bind
WARNING: unknown result; type: ProcedureColumn, label: METHOD_ID, value: 3
Jan 26, 2026 2:30:08 PM com.github.jinahya.database.metadata.bind.Context bind
WARNING: unknown result; type: ProcedureColumn, label: PARAMETER_ID, value: 0
Jan 26, 2026 2:30:08 PM com.github.jinahya.database.metadata.bind.Context bind
WARNING: unknown result; type: ProcedureColumn, label: METHOD_ID, value: 3
Jan 26, 2026 2:30:08 PM com.github.jinahya.database.metadata.bind.Context bind
WARNING: unknown result; type: ProcedureColumn, label: PARAMETER_ID, value: 1
Jan 26, 2026 2:30:08 PM com.github.jinahya.database.metadata.bind.Context bind
WARNING: unknown result; type: ProcedureColumn, label: METHOD_ID, value: 3
Jan 26, 2026 2:30:08 PM com.github.jinahya.database.metadata.bind.Context bind
WARNING: unknown result; type: ProcedureColumn, label: PARAMETER_ID, value: 2
Jan 26, 2026 2:30:08 PM com.github.jinahya.database.metadata.bind.Context bind
WARNING: unknown result; type: ProcedureColumn, label: METHOD_ID, value: 1
Jan 26, 2026 2:30:08 PM com.github.jinahya.database.metadata.bind.Context bind
WARNING: unknown result; type: ProcedureColumn, label: PARAMETER_ID, value: 0
Jan 26, 2026 2:30:08 PM com.github.jinahya.database.metadata.bind.Context bind
WARNING: unknown result; type: ProcedureColumn, label: METHOD_ID, value: 5
Jan 26, 2026 2:30:08 PM com.github.jinahya.database.metadata.bind.Context bind
WARNING: unknown result; type: ProcedureColumn, label: PARAMETER_ID, value: 0
Jan 26, 2026 2:30:08 PM com.github.jinahya.database.metadata.bind.Context bind
WARNING: unknown result; type: ProcedureColumn, label: METHOD_ID, value: 5
Jan 26, 2026 2:30:08 PM com.github.jinahya.database.metadata.bind.Context bind
WARNING: unknown result; type: ProcedureColumn, label: PARAMETER_ID, value: 1
Jan 26, 2026 2:30:08 PM com.github.jinahya.database.metadata.bind.Context bind
WARNING: unknown result; type: ProcedureColumn, label: METHOD_ID, value: 5
Jan 26, 2026 2:30:08 PM com.github.jinahya.database.metadata.bind.Context bind
WARNING: unknown result; type: ProcedureColumn, label: PARAMETER_ID, value: 2
Jan 26, 2026 2:30:08 PM com.github.jinahya.database.metadata.bind.Context bind
WARNING: unknown result; type: ProcedureColumn, label: METHOD_ID, value: 5
Jan 26, 2026 2:30:08 PM com.github.jinahya.database.metadata.bind.Context bind
WARNING: unknown result; type: ProcedureColumn, label: PARAMETER_ID, value: 3
Jan 26, 2026 2:30:08 PM com.github.jinahya.database.metadata.bind.Context bind
WARNING: unknown result; type: ProcedureColumn, label: METHOD_ID, value: 5
Jan 26, 2026 2:30:08 PM com.github.jinahya.database.metadata.bind.Context bind
WARNING: unknown result; type: ProcedureColumn, label: PARAMETER_ID, value: 4
Jan 26, 2026 2:30:08 PM com.github.jinahya.database.metadata.bind.Context bind
WARNING: unknown result; type: ProcedureColumn, label: METHOD_ID, value: 6
Jan 26, 2026 2:30:08 PM com.github.jinahya.database.metadata.bind.Context bind
WARNING: unknown result; type: ProcedureColumn, label: PARAMETER_ID, value: 0
Jan 26, 2026 2:30:08 PM com.github.jinahya.database.metadata.bind.Context bind
WARNING: unknown result; type: ProcedureColumn, label: METHOD_ID, value: 6
Jan 26, 2026 2:30:08 PM com.github.jinahya.database.metadata.bind.Context bind
WARNING: unknown result; type: ProcedureColumn, label: PARAMETER_ID, value: 1
Jan 26, 2026 2:30:08 PM com.github.jinahya.database.metadata.bind.Context bind
WARNING: unknown result; type: ProcedureColumn, label: METHOD_ID, value: 6
Jan 26, 2026 2:30:08 PM com.github.jinahya.database.metadata.bind.Context bind
WARNING: unknown result; type: ProcedureColumn, label: PARAMETER_ID, value: 2
Jan 26, 2026 2:30:08 PM com.github.jinahya.database.metadata.bind.Context bind
WARNING: unknown result; type: ProcedureColumn, label: METHOD_ID, value: 6
Jan 26, 2026 2:30:08 PM com.github.jinahya.database.metadata.bind.Context bind
WARNING: unknown result; type: ProcedureColumn, label: PARAMETER_ID, value: 3
Jan 26, 2026 2:30:08 PM com.github.jinahya.database.metadata.bind.Context bind
WARNING: unknown result; type: ProcedureColumn, label: METHOD_ID, value: 6
Jan 26, 2026 2:30:08 PM com.github.jinahya.database.metadata.bind.Context bind
WARNING: unknown result; type: ProcedureColumn, label: PARAMETER_ID, value: 4
Jan 26, 2026 2:30:08 PM com.github.jinahya.database.metadata.bind.Context bind
WARNING: unknown result; type: ProcedureColumn, label: METHOD_ID, value: 6
Jan 26, 2026 2:30:08 PM com.github.jinahya.database.metadata.bind.Context bind
WARNING: unknown result; type: ProcedureColumn, label: PARAMETER_ID, value: 5
Jan 26, 2026 2:30:08 PM com.github.jinahya.database.metadata.bind.Context bind
WARNING: unknown result; type: ProcedureColumn, label: METHOD_ID, value: 6
Jan 26, 2026 2:30:08 PM com.github.jinahya.database.metadata.bind.Context bind
WARNING: unknown result; type: ProcedureColumn, label: PARAMETER_ID, value: 0
Jan 26, 2026 2:30:08 PM com.github.jinahya.database.metadata.bind.Context bind
WARNING: unknown result; type: ProcedureColumn, label: METHOD_ID, value: 6
Jan 26, 2026 2:30:08 PM com.github.jinahya.database.metadata.bind.Context bind
WARNING: unknown result; type: ProcedureColumn, label: PARAMETER_ID, value: 1
Jan 26, 2026 2:30:08 PM com.github.jinahya.database.metadata.bind.Context bind
WARNING: unknown result; type: ProcedureColumn, label: METHOD_ID, value: 6
Jan 26, 2026 2:30:08 PM com.github.jinahya.database.metadata.bind.Context bind
WARNING: unknown result; type: ProcedureColumn, label: PARAMETER_ID, value: 2
Jan 26, 2026 2:30:08 PM com.github.jinahya.database.metadata.bind.Context bind
WARNING: unknown result; type: ProcedureColumn, label: METHOD_ID, value: 6
Jan 26, 2026 2:30:08 PM com.github.jinahya.database.metadata.bind.Context bind
WARNING: unknown result; type: ProcedureColumn, label: PARAMETER_ID, value: 3
Jan 26, 2026 2:30:08 PM com.github.jinahya.database.metadata.bind.Context bind
WARNING: unknown result; type: ProcedureColumn, label: METHOD_ID, value: 6
Jan 26, 2026 2:30:08 PM com.github.jinahya.database.metadata.bind.Context bind
WARNING: unknown result; type: ProcedureColumn, label: PARAMETER_ID, value: 4
Jan 26, 2026 2:30:08 PM com.github.jinahya.database.metadata.bind.Context bind
WARNING: unknown result; type: ProcedureColumn, label: METHOD_ID, value: 6
Jan 26, 2026 2:30:08 PM com.github.jinahya.database.metadata.bind.Context bind
WARNING: unknown result; type: ProcedureColumn, label: PARAMETER_ID, value: 5
Jan 26, 2026 2:30:08 PM com.github.jinahya.database.metadata.bind.Context bind
WARNING: unknown result; type: ProcedureColumn, label: METHOD_ID, value: 7
Jan 26, 2026 2:30:08 PM com.github.jinahya.database.metadata.bind.Context bind
WARNING: unknown result; type: ProcedureColumn, label: PARAMETER_ID, value: 0
Jan 26, 2026 2:30:08 PM com.github.jinahya.database.metadata.bind.Context bind
WARNING: unknown result; type: ProcedureColumn, label: METHOD_ID, value: 7
Jan 26, 2026 2:30:08 PM com.github.jinahya.database.metadata.bind.Context bind
WARNING: unknown result; type: ProcedureColumn, label: PARAMETER_ID, value: 1
Jan 26, 2026 2:30:08 PM com.github.jinahya.database.metadata.bind.Context bind
WARNING: unknown result; type: ProcedureColumn, label: METHOD_ID, value: 7
Jan 26, 2026 2:30:08 PM com.github.jinahya.database.metadata.bind.Context bind
WARNING: unknown result; type: ProcedureColumn, label: PARAMETER_ID, value: 2
Jan 26, 2026 2:30:08 PM com.github.jinahya.database.metadata.bind.Context bind
WARNING: unknown result; type: ProcedureColumn, label: METHOD_ID, value: 7
Jan 26, 2026 2:30:08 PM com.github.jinahya.database.metadata.bind.Context bind
WARNING: unknown result; type: ProcedureColumn, label: PARAMETER_ID, value: 3
Jan 26, 2026 2:30:08 PM com.github.jinahya.database.metadata.bind.Context bind
WARNING: unknown result; type: ProcedureColumn, label: METHOD_ID, value: 7
Jan 26, 2026 2:30:08 PM com.github.jinahya.database.metadata.bind.Context bind
WARNING: unknown result; type: ProcedureColumn, label: PARAMETER_ID, value: 4
Jan 26, 2026 2:30:08 PM com.github.jinahya.database.metadata.bind.Context bind
WARNING: unknown result; type: ProcedureColumn, label: METHOD_ID, value: 7
Jan 26, 2026 2:30:08 PM com.github.jinahya.database.metadata.bind.Context bind
WARNING: unknown result; type: ProcedureColumn, label: PARAMETER_ID, value: 5
Jan 26, 2026 2:30:08 PM com.github.jinahya.database.metadata.bind.Context bind
WARNING: unknown result; type: ProcedureColumn, label: METHOD_ID, value: 7
Jan 26, 2026 2:30:08 PM com.github.jinahya.database.metadata.bind.Context bind
WARNING: unknown result; type: ProcedureColumn, label: PARAMETER_ID, value: 6
Jan 26, 2026 2:30:08 PM com.github.jinahya.database.metadata.bind.Context bind
WARNING: unknown result; type: ProcedureColumn, label: METHOD_ID, value: 9
Jan 26, 2026 2:30:08 PM com.github.jinahya.database.metadata.bind.Context bind
WARNING: unknown result; type: ProcedureColumn, label: PARAMETER_ID, value: 0
Jan 26, 2026 2:30:08 PM com.github.jinahya.database.metadata.bind.Context bind
WARNING: unknown result; type: ProcedureColumn, label: METHOD_ID, value: 9
Jan 26, 2026 2:30:08 PM com.github.jinahya.database.metadata.bind.Context bind
WARNING: unknown result; type: ProcedureColumn, label: PARAMETER_ID, value: 1
Jan 26, 2026 2:30:08 PM com.github.jinahya.database.metadata.bind.Context bind
WARNING: unknown result; type: ProcedureColumn, label: METHOD_ID, value: 9
Jan 26, 2026 2:30:08 PM com.github.jinahya.database.metadata.bind.Context bind
WARNING: unknown result; type: ProcedureColumn, label: PARAMETER_ID, value: 2
Jan 26, 2026 2:30:08 PM com.github.jinahya.database.metadata.bind.Context bind
WARNING: unknown result; type: ProcedureColumn, label: METHOD_ID, value: 9
Jan 26, 2026 2:30:08 PM com.github.jinahya.database.metadata.bind.Context bind
WARNING: unknown result; type: ProcedureColumn, label: PARAMETER_ID, value: 3
Jan 26, 2026 2:30:08 PM com.github.jinahya.database.metadata.bind.Context bind
WARNING: unknown result; type: ProcedureColumn, label: METHOD_ID, value: 9
Jan 26, 2026 2:30:08 PM com.github.jinahya.database.metadata.bind.Context bind
WARNING: unknown result; type: ProcedureColumn, label: PARAMETER_ID, value: 4
Jan 26, 2026 2:30:08 PM com.github.jinahya.database.metadata.bind.Context bind
WARNING: unknown result; type: ProcedureColumn, label: METHOD_ID, value: 9
Jan 26, 2026 2:30:08 PM com.github.jinahya.database.metadata.bind.Context bind
WARNING: unknown result; type: ProcedureColumn, label: PARAMETER_ID, value: 5
Jan 26, 2026 2:30:08 PM com.github.jinahya.database.metadata.bind.Context bind
WARNING: unknown result; type: ProcedureColumn, label: METHOD_ID, value: 9
Jan 26, 2026 2:30:08 PM com.github.jinahya.database.metadata.bind.Context bind
WARNING: unknown result; type: ProcedureColumn, label: PARAMETER_ID, value: 6
Jan 26, 2026 2:30:08 PM com.github.jinahya.database.metadata.bind.Context bind
WARNING: unknown result; type: ProcedureColumn, label: METHOD_ID, value: 9
Jan 26, 2026 2:30:08 PM com.github.jinahya.database.metadata.bind.Context bind
WARNING: unknown result; type: ProcedureColumn, label: PARAMETER_ID, value: 7
Jan 26, 2026 2:30:08 PM com.github.jinahya.database.metadata.bind.Context bind
WARNING: unknown result; type: ProcedureColumn, label: METHOD_ID, value: 9
Jan 26, 2026 2:30:08 PM com.github.jinahya.database.metadata.bind.Context bind
WARNING: unknown result; type: ProcedureColumn, label: PARAMETER_ID, value: 8
Jan 26, 2026 2:30:08 PM com.github.jinahya.database.metadata.bind.Context bind
WARNING: unknown result; type: ProcedureColumn, label: METHOD_ID, value: 10
Jan 26, 2026 2:30:08 PM com.github.jinahya.database.metadata.bind.Context bind
WARNING: unknown result; type: ProcedureColumn, label: PARAMETER_ID, value: 0
Jan 26, 2026 2:30:08 PM com.github.jinahya.database.metadata.bind.Context bind
WARNING: unknown result; type: ProcedureColumn, label: METHOD_ID, value: 10
Jan 26, 2026 2:30:08 PM com.github.jinahya.database.metadata.bind.Context bind
WARNING: unknown result; type: ProcedureColumn, label: PARAMETER_ID, value: 1
Jan 26, 2026 2:30:08 PM com.github.jinahya.database.metadata.bind.Context bind
WARNING: unknown result; type: ProcedureColumn, label: METHOD_ID, value: 10
Jan 26, 2026 2:30:08 PM com.github.jinahya.database.metadata.bind.Context bind
WARNING: unknown result; type: ProcedureColumn, label: PARAMETER_ID, value: 2
Jan 26, 2026 2:30:08 PM com.github.jinahya.database.metadata.bind.Context bind
WARNING: unknown result; type: ProcedureColumn, label: METHOD_ID, value: 10
Jan 26, 2026 2:30:08 PM com.github.jinahya.database.metadata.bind.Context bind
WARNING: unknown result; type: ProcedureColumn, label: PARAMETER_ID, value: 3
Jan 26, 2026 2:30:08 PM com.github.jinahya.database.metadata.bind.Context bind
WARNING: unknown result; type: ProcedureColumn, label: METHOD_ID, value: 10
Jan 26, 2026 2:30:08 PM com.github.jinahya.database.metadata.bind.Context bind
WARNING: unknown result; type: ProcedureColumn, label: PARAMETER_ID, value: 4
Jan 26, 2026 2:30:08 PM com.github.jinahya.database.metadata.bind.Context bind
WARNING: unknown result; type: ProcedureColumn, label: METHOD_ID, value: 10
Jan 26, 2026 2:30:08 PM com.github.jinahya.database.metadata.bind.Context bind
WARNING: unknown result; type: ProcedureColumn, label: PARAMETER_ID, value: 5
Jan 26, 2026 2:30:08 PM com.github.jinahya.database.metadata.bind.Context bind
WARNING: unknown result; type: ProcedureColumn, label: METHOD_ID, value: 10
Jan 26, 2026 2:30:08 PM com.github.jinahya.database.metadata.bind.Context bind
WARNING: unknown result; type: ProcedureColumn, label: PARAMETER_ID, value: 6
Jan 26, 2026 2:30:08 PM com.github.jinahya.database.metadata.bind.Context bind
WARNING: unknown result; type: ProcedureColumn, label: METHOD_ID, value: 10
Jan 26, 2026 2:30:08 PM com.github.jinahya.database.metadata.bind.Context bind
WARNING: unknown result; type: ProcedureColumn, label: PARAMETER_ID, value: 7
Jan 26, 2026 2:30:08 PM com.github.jinahya.database.metadata.bind.Context bind
WARNING: unknown result; type: ProcedureColumn, label: METHOD_ID, value: 10
Jan 26, 2026 2:30:08 PM com.github.jinahya.database.metadata.bind.Context bind
WARNING: unknown result; type: ProcedureColumn, label: PARAMETER_ID, value: 8
Jan 26, 2026 2:30:08 PM com.github.jinahya.database.metadata.bind.Context bind
WARNING: unknown result; type: ProcedureColumn, label: METHOD_ID, value: 10
Jan 26, 2026 2:30:08 PM com.github.jinahya.database.metadata.bind.Context bind
WARNING: unknown result; type: ProcedureColumn, label: PARAMETER_ID, value: 9
Jan 26, 2026 2:30:08 PM com.github.jinahya.database.metadata.bind.Context bind
WARNING: unknown result; type: ProcedureColumn, label: METHOD_ID, value: 9
Jan 26, 2026 2:30:08 PM com.github.jinahya.database.metadata.bind.Context bind
WARNING: unknown result; type: ProcedureColumn, label: PARAMETER_ID, value: 0
Jan 26, 2026 2:30:08 PM com.github.jinahya.database.metadata.bind.Context bind
WARNING: unknown result; type: ProcedureColumn, label: METHOD_ID, value: 9
Jan 26, 2026 2:30:08 PM com.github.jinahya.database.metadata.bind.Context bind
WARNING: unknown result; type: ProcedureColumn, label: PARAMETER_ID, value: 1
Jan 26, 2026 2:30:08 PM com.github.jinahya.database.metadata.bind.Context bind
WARNING: unknown result; type: ProcedureColumn, label: METHOD_ID, value: 9
Jan 26, 2026 2:30:08 PM com.github.jinahya.database.metadata.bind.Context bind
WARNING: unknown result; type: ProcedureColumn, label: PARAMETER_ID, value: 2
Jan 26, 2026 2:30:08 PM com.github.jinahya.database.metadata.bind.Context bind
WARNING: unknown result; type: ProcedureColumn, label: METHOD_ID, value: 9
Jan 26, 2026 2:30:08 PM com.github.jinahya.database.metadata.bind.Context bind
WARNING: unknown result; type: ProcedureColumn, label: PARAMETER_ID, value: 3
Jan 26, 2026 2:30:08 PM com.github.jinahya.database.metadata.bind.Context bind
WARNING: unknown result; type: ProcedureColumn, label: METHOD_ID, value: 9
Jan 26, 2026 2:30:08 PM com.github.jinahya.database.metadata.bind.Context bind
WARNING: unknown result; type: ProcedureColumn, label: PARAMETER_ID, value: 4
Jan 26, 2026 2:30:08 PM com.github.jinahya.database.metadata.bind.Context bind
WARNING: unknown result; type: ProcedureColumn, label: METHOD_ID, value: 9
Jan 26, 2026 2:30:08 PM com.github.jinahya.database.metadata.bind.Context bind
WARNING: unknown result; type: ProcedureColumn, label: PARAMETER_ID, value: 5
Jan 26, 2026 2:30:08 PM com.github.jinahya.database.metadata.bind.Context bind
WARNING: unknown result; type: ProcedureColumn, label: METHOD_ID, value: 9
Jan 26, 2026 2:30:08 PM com.github.jinahya.database.metadata.bind.Context bind
WARNING: unknown result; type: ProcedureColumn, label: PARAMETER_ID, value: 6
Jan 26, 2026 2:30:08 PM com.github.jinahya.database.metadata.bind.Context bind
WARNING: unknown result; type: ProcedureColumn, label: METHOD_ID, value: 9
Jan 26, 2026 2:30:08 PM com.github.jinahya.database.metadata.bind.Context bind
WARNING: unknown result; type: ProcedureColumn, label: PARAMETER_ID, value: 7
Jan 26, 2026 2:30:08 PM com.github.jinahya.database.metadata.bind.Context bind
WARNING: unknown result; type: ProcedureColumn, label: METHOD_ID, value: 9
Jan 26, 2026 2:30:08 PM com.github.jinahya.database.metadata.bind.Context bind
WARNING: unknown result; type: ProcedureColumn, label: PARAMETER_ID, value: 8
Jan 26, 2026 2:30:08 PM com.github.jinahya.database.metadata.bind.Context bind
WARNING: unknown result; type: ProcedureColumn, label: METHOD_ID, value: 7
Jan 26, 2026 2:30:08 PM com.github.jinahya.database.metadata.bind.Context bind
WARNING: unknown result; type: ProcedureColumn, label: PARAMETER_ID, value: 0
Jan 26, 2026 2:30:08 PM com.github.jinahya.database.metadata.bind.Context bind
WARNING: unknown result; type: ProcedureColumn, label: METHOD_ID, value: 7
Jan 26, 2026 2:30:08 PM com.github.jinahya.database.metadata.bind.Context bind
WARNING: unknown result; type: ProcedureColumn, label: PARAMETER_ID, value: 1
Jan 26, 2026 2:30:08 PM com.github.jinahya.database.metadata.bind.Context bind
WARNING: unknown result; type: ProcedureColumn, label: METHOD_ID, value: 7
Jan 26, 2026 2:30:08 PM com.github.jinahya.database.metadata.bind.Context bind
WARNING: unknown result; type: ProcedureColumn, label: PARAMETER_ID, value: 2
Jan 26, 2026 2:30:08 PM com.github.jinahya.database.metadata.bind.Context bind
WARNING: unknown result; type: ProcedureColumn, label: METHOD_ID, value: 7
Jan 26, 2026 2:30:08 PM com.github.jinahya.database.metadata.bind.Context bind
WARNING: unknown result; type: ProcedureColumn, label: PARAMETER_ID, value: 3
Jan 26, 2026 2:30:08 PM com.github.jinahya.database.metadata.bind.Context bind
WARNING: unknown result; type: ProcedureColumn, label: METHOD_ID, value: 7
Jan 26, 2026 2:30:08 PM com.github.jinahya.database.metadata.bind.Context bind
WARNING: unknown result; type: ProcedureColumn, label: PARAMETER_ID, value: 4
Jan 26, 2026 2:30:08 PM com.github.jinahya.database.metadata.bind.Context bind
WARNING: unknown result; type: ProcedureColumn, label: METHOD_ID, value: 7
Jan 26, 2026 2:30:08 PM com.github.jinahya.database.metadata.bind.Context bind
WARNING: unknown result; type: ProcedureColumn, label: PARAMETER_ID, value: 5
Jan 26, 2026 2:30:08 PM com.github.jinahya.database.metadata.bind.Context bind
WARNING: unknown result; type: ProcedureColumn, label: METHOD_ID, value: 7
Jan 26, 2026 2:30:08 PM com.github.jinahya.database.metadata.bind.Context bind
WARNING: unknown result; type: ProcedureColumn, label: PARAMETER_ID, value: 6
Jan 26, 2026 2:30:08 PM com.github.jinahya.database.metadata.bind.Context bind
WARNING: unknown result; type: ProcedureColumn, label: METHOD_ID, value: 8
Jan 26, 2026 2:30:08 PM com.github.jinahya.database.metadata.bind.Context bind
WARNING: unknown result; type: ProcedureColumn, label: PARAMETER_ID, value: 0
Jan 26, 2026 2:30:08 PM com.github.jinahya.database.metadata.bind.Context bind
WARNING: unknown result; type: ProcedureColumn, label: METHOD_ID, value: 8
Jan 26, 2026 2:30:08 PM com.github.jinahya.database.metadata.bind.Context bind
WARNING: unknown result; type: ProcedureColumn, label: PARAMETER_ID, value: 1
Jan 26, 2026 2:30:08 PM com.github.jinahya.database.metadata.bind.Context bind
WARNING: unknown result; type: ProcedureColumn, label: METHOD_ID, value: 8
Jan 26, 2026 2:30:08 PM com.github.jinahya.database.metadata.bind.Context bind
WARNING: unknown result; type: ProcedureColumn, label: PARAMETER_ID, value: 2
Jan 26, 2026 2:30:08 PM com.github.jinahya.database.metadata.bind.Context bind
WARNING: unknown result; type: ProcedureColumn, label: METHOD_ID, value: 8
Jan 26, 2026 2:30:08 PM com.github.jinahya.database.metadata.bind.Context bind
WARNING: unknown result; type: ProcedureColumn, label: PARAMETER_ID, value: 3
Jan 26, 2026 2:30:08 PM com.github.jinahya.database.metadata.bind.Context bind
WARNING: unknown result; type: ProcedureColumn, label: METHOD_ID, value: 8
Jan 26, 2026 2:30:08 PM com.github.jinahya.database.metadata.bind.Context bind
WARNING: unknown result; type: ProcedureColumn, label: PARAMETER_ID, value: 4
Jan 26, 2026 2:30:08 PM com.github.jinahya.database.metadata.bind.Context bind
WARNING: unknown result; type: ProcedureColumn, label: METHOD_ID, value: 8
Jan 26, 2026 2:30:08 PM com.github.jinahya.database.metadata.bind.Context bind
WARNING: unknown result; type: ProcedureColumn, label: PARAMETER_ID, value: 5
Jan 26, 2026 2:30:08 PM com.github.jinahya.database.metadata.bind.Context bind
WARNING: unknown result; type: ProcedureColumn, label: METHOD_ID, value: 8
Jan 26, 2026 2:30:08 PM com.github.jinahya.database.metadata.bind.Context bind
WARNING: unknown result; type: ProcedureColumn, label: PARAMETER_ID, value: 6
Jan 26, 2026 2:30:08 PM com.github.jinahya.database.metadata.bind.Context bind
WARNING: unknown result; type: ProcedureColumn, label: METHOD_ID, value: 8
Jan 26, 2026 2:30:08 PM com.github.jinahya.database.metadata.bind.Context bind
WARNING: unknown result; type: ProcedureColumn, label: PARAMETER_ID, value: 7
Jan 26, 2026 2:30:08 PM com.github.jinahya.database.metadata.bind.Context bind
WARNING: unknown result; type: ProcedureColumn, label: METHOD_ID, value: 7
Jan 26, 2026 2:30:08 PM com.github.jinahya.database.metadata.bind.Context bind
WARNING: unknown result; type: ProcedureColumn, label: PARAMETER_ID, value: 0
Jan 26, 2026 2:30:08 PM com.github.jinahya.database.metadata.bind.Context bind
WARNING: unknown result; type: ProcedureColumn, label: METHOD_ID, value: 7
Jan 26, 2026 2:30:08 PM com.github.jinahya.database.metadata.bind.Context bind
WARNING: unknown result; type: ProcedureColumn, label: PARAMETER_ID, value: 1
Jan 26, 2026 2:30:08 PM com.github.jinahya.database.metadata.bind.Context bind
WARNING: unknown result; type: ProcedureColumn, label: METHOD_ID, value: 7
Jan 26, 2026 2:30:08 PM com.github.jinahya.database.metadata.bind.Context bind
WARNING: unknown result; type: ProcedureColumn, label: PARAMETER_ID, value: 2
Jan 26, 2026 2:30:08 PM com.github.jinahya.database.metadata.bind.Context bind
WARNING: unknown result; type: ProcedureColumn, label: METHOD_ID, value: 7
Jan 26, 2026 2:30:08 PM com.github.jinahya.database.metadata.bind.Context bind
WARNING: unknown result; type: ProcedureColumn, label: PARAMETER_ID, value: 3
Jan 26, 2026 2:30:08 PM com.github.jinahya.database.metadata.bind.Context bind
WARNING: unknown result; type: ProcedureColumn, label: METHOD_ID, value: 7
Jan 26, 2026 2:30:08 PM com.github.jinahya.database.metadata.bind.Context bind
WARNING: unknown result; type: ProcedureColumn, label: PARAMETER_ID, value: 4
Jan 26, 2026 2:30:08 PM com.github.jinahya.database.metadata.bind.Context bind
WARNING: unknown result; type: ProcedureColumn, label: METHOD_ID, value: 7
Jan 26, 2026 2:30:08 PM com.github.jinahya.database.metadata.bind.Context bind
WARNING: unknown result; type: ProcedureColumn, label: PARAMETER_ID, value: 5
Jan 26, 2026 2:30:08 PM com.github.jinahya.database.metadata.bind.Context bind
WARNING: unknown result; type: ProcedureColumn, label: METHOD_ID, value: 7
Jan 26, 2026 2:30:08 PM com.github.jinahya.database.metadata.bind.Context bind
WARNING: unknown result; type: ProcedureColumn, label: PARAMETER_ID, value: 6
Jan 26, 2026 2:30:08 PM com.github.jinahya.database.metadata.bind.Context bind
WARNING: unknown result; type: ProcedureColumn, label: METHOD_ID, value: 5
Jan 26, 2026 2:30:08 PM com.github.jinahya.database.metadata.bind.Context bind
WARNING: unknown result; type: ProcedureColumn, label: PARAMETER_ID, value: 0
Jan 26, 2026 2:30:08 PM com.github.jinahya.database.metadata.bind.Context bind
WARNING: unknown result; type: ProcedureColumn, label: METHOD_ID, value: 5
Jan 26, 2026 2:30:08 PM com.github.jinahya.database.metadata.bind.Context bind
WARNING: unknown result; type: ProcedureColumn, label: PARAMETER_ID, value: 1
Jan 26, 2026 2:30:08 PM com.github.jinahya.database.metadata.bind.Context bind
WARNING: unknown result; type: ProcedureColumn, label: METHOD_ID, value: 5
Jan 26, 2026 2:30:08 PM com.github.jinahya.database.metadata.bind.Context bind
WARNING: unknown result; type: ProcedureColumn, label: PARAMETER_ID, value: 2
Jan 26, 2026 2:30:08 PM com.github.jinahya.database.metadata.bind.Context bind
WARNING: unknown result; type: ProcedureColumn, label: METHOD_ID, value: 5
Jan 26, 2026 2:30:08 PM com.github.jinahya.database.metadata.bind.Context bind
WARNING: unknown result; type: ProcedureColumn, label: PARAMETER_ID, value: 3
Jan 26, 2026 2:30:08 PM com.github.jinahya.database.metadata.bind.Context bind
WARNING: unknown result; type: ProcedureColumn, label: METHOD_ID, value: 5
Jan 26, 2026 2:30:08 PM com.github.jinahya.database.metadata.bind.Context bind
WARNING: unknown result; type: ProcedureColumn, label: PARAMETER_ID, value: 4
Jan 26, 2026 2:30:08 PM com.github.jinahya.database.metadata.bind.Context bind
WARNING: unknown result; type: ProcedureColumn, label: METHOD_ID, value: 1
Jan 26, 2026 2:30:08 PM com.github.jinahya.database.metadata.bind.Context bind
WARNING: unknown result; type: ProcedureColumn, label: PARAMETER_ID, value: 0
Jan 26, 2026 2:30:08 PM com.github.jinahya.database.metadata.bind.Context bind
WARNING: unknown result; type: ProcedureColumn, label: METHOD_ID, value: 3
Jan 26, 2026 2:30:08 PM com.github.jinahya.database.metadata.bind.Context bind
WARNING: unknown result; type: ProcedureColumn, label: PARAMETER_ID, value: 0
Jan 26, 2026 2:30:08 PM com.github.jinahya.database.metadata.bind.Context bind
WARNING: unknown result; type: ProcedureColumn, label: METHOD_ID, value: 3
Jan 26, 2026 2:30:08 PM com.github.jinahya.database.metadata.bind.Context bind
WARNING: unknown result; type: ProcedureColumn, label: PARAMETER_ID, value: 1
Jan 26, 2026 2:30:08 PM com.github.jinahya.database.metadata.bind.Context bind
WARNING: unknown result; type: ProcedureColumn, label: METHOD_ID, value: 3
Jan 26, 2026 2:30:08 PM com.github.jinahya.database.metadata.bind.Context bind
WARNING: unknown result; type: ProcedureColumn, label: PARAMETER_ID, value: 2
Jan 26, 2026 2:30:08 PM com.github.jinahya.database.metadata.bind.Context bind
WARNING: unknown result; type: ProcedureColumn, label: METHOD_ID, value: 2
Jan 26, 2026 2:30:08 PM com.github.jinahya.database.metadata.bind.Context bind
WARNING: unknown result; type: ProcedureColumn, label: PARAMETER_ID, value: 0
Jan 26, 2026 2:30:08 PM com.github.jinahya.database.metadata.bind.Context bind
WARNING: unknown result; type: ProcedureColumn, label: METHOD_ID, value: 2
Jan 26, 2026 2:30:08 PM com.github.jinahya.database.metadata.bind.Context bind
WARNING: unknown result; type: ProcedureColumn, label: PARAMETER_ID, value: 1
Jan 26, 2026 2:30:08 PM com.github.jinahya.database.metadata.bind.Context bind
WARNING: unknown result; type: ProcedureColumn, label: METHOD_ID, value: 2
Jan 26, 2026 2:30:08 PM com.github.jinahya.database.metadata.bind.Context bind
WARNING: unknown result; type: ProcedureColumn, label: PARAMETER_ID, value: 0
Jan 26, 2026 2:30:08 PM com.github.jinahya.database.metadata.bind.Context bind
WARNING: unknown result; type: ProcedureColumn, label: METHOD_ID, value: 2
Jan 26, 2026 2:30:08 PM com.github.jinahya.database.metadata.bind.Context bind
WARNING: unknown result; type: ProcedureColumn, label: PARAMETER_ID, value: 1
Jan 26, 2026 2:30:08 PM com.github.jinahya.database.metadata.bind.Context bind
WARNING: unknown result; type: ProcedureColumn, label: METHOD_ID, value: 1
Jan 26, 2026 2:30:08 PM com.github.jinahya.database.metadata.bind.Context bind
WARNING: unknown result; type: ProcedureColumn, label: PARAMETER_ID, value: 0
Jan 26, 2026 2:30:08 PM com.github.jinahya.database.metadata.bind.Context bind
WARNING: unknown result; type: ProcedureColumn, label: METHOD_ID, value: 1
Jan 26, 2026 2:30:08 PM com.github.jinahya.database.metadata.bind.Context bind
WARNING: unknown result; type: ProcedureColumn, label: PARAMETER_ID, value: 0
Jan 26, 2026 2:30:08 PM com.github.jinahya.database.metadata.bind.Context bind
WARNING: unknown result; type: ProcedureColumn, label: METHOD_ID, value: 2
Jan 26, 2026 2:30:08 PM com.github.jinahya.database.metadata.bind.Context bind
WARNING: unknown result; type: ProcedureColumn, label: PARAMETER_ID, value: 0
Jan 26, 2026 2:30:08 PM com.github.jinahya.database.metadata.bind.Context bind
WARNING: unknown result; type: ProcedureColumn, label: METHOD_ID, value: 2
Jan 26, 2026 2:30:08 PM com.github.jinahya.database.metadata.bind.Context bind
WARNING: unknown result; type: ProcedureColumn, label: PARAMETER_ID, value: 1
Jan 26, 2026 2:30:08 PM com.github.jinahya.database.metadata.bind.Context bind
WARNING: unknown result; type: ProcedureColumn, label: METHOD_ID, value: 1
Jan 26, 2026 2:30:08 PM com.github.jinahya.database.metadata.bind.Context bind
WARNING: unknown result; type: ProcedureColumn, label: PARAMETER_ID, value: 0
Jan 26, 2026 2:30:08 PM com.github.jinahya.database.metadata.bind.Context bind
WARNING: unknown result; type: ProcedureColumn, label: METHOD_ID, value: 1
Jan 26, 2026 2:30:08 PM com.github.jinahya.database.metadata.bind.Context bind
WARNING: unknown result; type: ProcedureColumn, label: PARAMETER_ID, value: 0
Jan 26, 2026 2:30:08 PM com.github.jinahya.database.metadata.bind.Context bind
WARNING: unknown result; type: ProcedureColumn, label: METHOD_ID, value: 3
Jan 26, 2026 2:30:08 PM com.github.jinahya.database.metadata.bind.Context bind
WARNING: unknown result; type: ProcedureColumn, label: PARAMETER_ID, value: 0
Jan 26, 2026 2:30:08 PM com.github.jinahya.database.metadata.bind.Context bind
WARNING: unknown result; type: ProcedureColumn, label: METHOD_ID, value: 3
Jan 26, 2026 2:30:08 PM com.github.jinahya.database.metadata.bind.Context bind
WARNING: unknown result; type: ProcedureColumn, label: PARAMETER_ID, value: 1
Jan 26, 2026 2:30:08 PM com.github.jinahya.database.metadata.bind.Context bind
WARNING: unknown result; type: ProcedureColumn, label: METHOD_ID, value: 3
Jan 26, 2026 2:30:08 PM com.github.jinahya.database.metadata.bind.Context bind
WARNING: unknown result; type: ProcedureColumn, label: PARAMETER_ID, value: 2
Jan 26, 2026 2:30:08 PM com.github.jinahya.database.metadata.bind.Context bind
WARNING: unknown result; type: Procedure, label: RESERVED3, value: null
Jan 26, 2026 2:30:08 PM com.github.jinahya.database.metadata.bind.Context bind
WARNING: unknown result; type: Procedure, label: RESERVED2, value: null
Jan 26, 2026 2:30:08 PM com.github.jinahya.database.metadata.bind.Context bind
WARNING: unknown result; type: Procedure, label: RESERVED1, value: null
Jan 26, 2026 2:30:08 PM com.github.jinahya.database.metadata.bind.Context bind
WARNING: unknown result; type: Procedure, label: RESERVED3, value: null
Jan 26, 2026 2:30:08 PM com.github.jinahya.database.metadata.bind.Context bind
WARNING: unknown result; type: Procedure, label: RESERVED2, value: null
Jan 26, 2026 2:30:08 PM com.github.jinahya.database.metadata.bind.Context bind
WARNING: unknown result; type: Procedure, label: RESERVED1, value: null
Jan 26, 2026 2:30:08 PM com.github.jinahya.database.metadata.bind.Context bind
WARNING: unknown result; type: Procedure, label: RESERVED3, value: null
Jan 26, 2026 2:30:08 PM com.github.jinahya.database.metadata.bind.Context bind
WARNING: unknown result; type: Procedure, label: RESERVED2, value: null
Jan 26, 2026 2:30:08 PM com.github.jinahya.database.metadata.bind.Context bind
WARNING: unknown result; type: Procedure, label: RESERVED1, value: null
Jan 26, 2026 2:30:08 PM com.github.jinahya.database.metadata.bind.Context bind
WARNING: unknown result; type: Procedure, label: RESERVED3, value: null
Jan 26, 2026 2:30:08 PM com.github.jinahya.database.metadata.bind.Context bind
WARNING: unknown result; type: Procedure, label: RESERVED2, value: null
Jan 26, 2026 2:30:08 PM com.github.jinahya.database.metadata.bind.Context bind
WARNING: unknown result; type: Procedure, label: RESERVED1, value: null
Jan 26, 2026 2:30:08 PM com.github.jinahya.database.metadata.bind.Context bind
WARNING: unknown result; type: Procedure, label: RESERVED3, value: null
Jan 26, 2026 2:30:08 PM com.github.jinahya.database.metadata.bind.Context bind
WARNING: unknown result; type: Procedure, label: RESERVED2, value: null
Jan 26, 2026 2:30:08 PM com.github.jinahya.database.metadata.bind.Context bind
WARNING: unknown result; type: Procedure, label: RESERVED1, value: null
Jan 26, 2026 2:30:08 PM com.github.jinahya.database.metadata.bind.Context bind
WARNING: unknown result; type: Procedure, label: RESERVED3, value: null
Jan 26, 2026 2:30:08 PM com.github.jinahya.database.metadata.bind.Context bind
WARNING: unknown result; type: Procedure, label: RESERVED2, value: null
Jan 26, 2026 2:30:08 PM com.github.jinahya.database.metadata.bind.Context bind
WARNING: unknown result; type: Procedure, label: RESERVED1, value: null
Jan 26, 2026 2:30:08 PM com.github.jinahya.database.metadata.bind.Context bind
WARNING: unknown result; type: Procedure, label: RESERVED3, value: null
Jan 26, 2026 2:30:08 PM com.github.jinahya.database.metadata.bind.Context bind
WARNING: unknown result; type: Procedure, label: RESERVED2, value: null
Jan 26, 2026 2:30:08 PM com.github.jinahya.database.metadata.bind.Context bind
WARNING: unknown result; type: Procedure, label: RESERVED1, value: null
Jan 26, 2026 2:30:08 PM com.github.jinahya.database.metadata.bind.Context bind
WARNING: unknown result; type: Procedure, label: RESERVED3, value: null
Jan 26, 2026 2:30:08 PM com.github.jinahya.database.metadata.bind.Context bind
WARNING: unknown result; type: Procedure, label: RESERVED2, value: null
Jan 26, 2026 2:30:08 PM com.github.jinahya.database.metadata.bind.Context bind
WARNING: unknown result; type: Procedure, label: RESERVED1, value: null
Jan 26, 2026 2:30:08 PM com.github.jinahya.database.metadata.bind.Context bind
WARNING: unknown result; type: Procedure, label: RESERVED3, value: null
Jan 26, 2026 2:30:08 PM com.github.jinahya.database.metadata.bind.Context bind
WARNING: unknown result; type: Procedure, label: RESERVED2, value: null
Jan 26, 2026 2:30:08 PM com.github.jinahya.database.metadata.bind.Context bind
WARNING: unknown result; type: Procedure, label: RESERVED1, value: null
Jan 26, 2026 2:30:08 PM com.github.jinahya.database.metadata.bind.Context bind
WARNING: unknown result; type: Procedure, label: RESERVED3, value: null
Jan 26, 2026 2:30:08 PM com.github.jinahya.database.metadata.bind.Context bind
WARNING: unknown result; type: Procedure, label: RESERVED2, value: null
Jan 26, 2026 2:30:08 PM com.github.jinahya.database.metadata.bind.Context bind
WARNING: unknown result; type: Procedure, label: RESERVED1, value: null
Jan 26, 2026 2:30:08 PM com.github.jinahya.database.metadata.bind.Context bind
WARNING: unknown result; type: Procedure, label: RESERVED3, value: null
Jan 26, 2026 2:30:08 PM com.github.jinahya.database.metadata.bind.Context bind
WARNING: unknown result; type: Procedure, label: RESERVED2, value: null
Jan 26, 2026 2:30:08 PM com.github.jinahya.database.metadata.bind.Context bind
WARNING: unknown result; type: Procedure, label: RESERVED1, value: null
Jan 26, 2026 2:30:08 PM com.github.jinahya.database.metadata.bind.Context bind
WARNING: unknown result; type: Procedure, label: RESERVED3, value: null
Jan 26, 2026 2:30:08 PM com.github.jinahya.database.metadata.bind.Context bind
WARNING: unknown result; type: Procedure, label: RESERVED2, value: null
Jan 26, 2026 2:30:08 PM com.github.jinahya.database.metadata.bind.Context bind
WARNING: unknown result; type: Procedure, label: RESERVED1, value: null
Jan 26, 2026 2:30:08 PM com.github.jinahya.database.metadata.bind.Context bind
WARNING: unknown result; type: Procedure, label: RESERVED3, value: null
Jan 26, 2026 2:30:08 PM com.github.jinahya.database.metadata.bind.Context bind
WARNING: unknown result; type: Procedure, label: RESERVED2, value: null
Jan 26, 2026 2:30:08 PM com.github.jinahya.database.metadata.bind.Context bind
WARNING: unknown result; type: Procedure, label: RESERVED1, value: null
Jan 26, 2026 2:30:08 PM com.github.jinahya.database.metadata.bind.Context bind
WARNING: unknown result; type: Procedure, label: RESERVED3, value: null
Jan 26, 2026 2:30:08 PM com.github.jinahya.database.metadata.bind.Context bind
WARNING: unknown result; type: Procedure, label: RESERVED2, value: null
Jan 26, 2026 2:30:08 PM com.github.jinahya.database.metadata.bind.Context bind
WARNING: unknown result; type: Procedure, label: RESERVED1, value: null
Jan 26, 2026 2:30:08 PM com.github.jinahya.database.metadata.bind.Context bind
WARNING: unknown result; type: Procedure, label: RESERVED3, value: null
Jan 26, 2026 2:30:08 PM com.github.jinahya.database.metadata.bind.Context bind
WARNING: unknown result; type: Procedure, label: RESERVED2, value: null
Jan 26, 2026 2:30:08 PM com.github.jinahya.database.metadata.bind.Context bind
WARNING: unknown result; type: Procedure, label: RESERVED1, value: null
Jan 26, 2026 2:30:08 PM com.github.jinahya.database.metadata.bind.Context bind
WARNING: unknown result; type: Procedure, label: RESERVED3, value: null
Jan 26, 2026 2:30:08 PM com.github.jinahya.database.metadata.bind.Context bind
WARNING: unknown result; type: Procedure, label: RESERVED2, value: null
Jan 26, 2026 2:30:08 PM com.github.jinahya.database.metadata.bind.Context bind
WARNING: unknown result; type: Procedure, label: RESERVED1, value: null
Jan 26, 2026 2:30:08 PM com.github.jinahya.database.metadata.bind.Context bind
WARNING: unknown result; type: Procedure, label: RESERVED3, value: null
Jan 26, 2026 2:30:08 PM com.github.jinahya.database.metadata.bind.Context bind
WARNING: unknown result; type: Procedure, label: RESERVED2, value: null
Jan 26, 2026 2:30:08 PM com.github.jinahya.database.metadata.bind.Context bind
WARNING: unknown result; type: Procedure, label: RESERVED1, value: null
Jan 26, 2026 2:30:08 PM com.github.jinahya.database.metadata.bind.Context bind
WARNING: unknown result; type: Procedure, label: RESERVED3, value: null
Jan 26, 2026 2:30:08 PM com.github.jinahya.database.metadata.bind.Context bind
WARNING: unknown result; type: Procedure, label: RESERVED2, value: null
Jan 26, 2026 2:30:08 PM com.github.jinahya.database.metadata.bind.Context bind
WARNING: unknown result; type: Procedure, label: RESERVED1, value: null
Jan 26, 2026 2:30:08 PM com.github.jinahya.database.metadata.bind.Context bind
WARNING: unknown result; type: Procedure, label: RESERVED3, value: null
Jan 26, 2026 2:30:08 PM com.github.jinahya.database.metadata.bind.Context bind
WARNING: unknown result; type: Procedure, label: RESERVED2, value: null
Jan 26, 2026 2:30:08 PM com.github.jinahya.database.metadata.bind.Context bind
WARNING: unknown result; type: Procedure, label: RESERVED1, value: null
Jan 26, 2026 2:30:08 PM com.github.jinahya.database.metadata.bind.Context bind
WARNING: unknown result; type: Procedure, label: RESERVED3, value: null
Jan 26, 2026 2:30:08 PM com.github.jinahya.database.metadata.bind.Context bind
WARNING: unknown result; type: Procedure, label: RESERVED2, value: null
Jan 26, 2026 2:30:08 PM com.github.jinahya.database.metadata.bind.Context bind
WARNING: unknown result; type: Procedure, label: RESERVED1, value: null
Jan 26, 2026 2:30:08 PM com.github.jinahya.database.metadata.bind.Context bind
WARNING: unknown result; type: Procedure, label: RESERVED3, value: null
Jan 26, 2026 2:30:08 PM com.github.jinahya.database.metadata.bind.Context bind
WARNING: unknown result; type: Procedure, label: RESERVED2, value: null
Jan 26, 2026 2:30:08 PM com.github.jinahya.database.metadata.bind.Context bind
WARNING: unknown result; type: Procedure, label: RESERVED1, value: null
Jan 26, 2026 2:30:08 PM com.github.jinahya.database.metadata.bind.Context bind
WARNING: unknown result; type: Procedure, label: RESERVED3, value: null
Jan 26, 2026 2:30:08 PM com.github.jinahya.database.metadata.bind.Context bind
WARNING: unknown result; type: Procedure, label: RESERVED2, value: null
Jan 26, 2026 2:30:08 PM com.github.jinahya.database.metadata.bind.Context bind
WARNING: unknown result; type: Procedure, label: RESERVED1, value: null
Jan 26, 2026 2:30:08 PM com.github.jinahya.database.metadata.bind.Context bind
WARNING: unknown result; type: ProcedureColumn, label: METHOD_ID, value: 1
Jan 26, 2026 2:30:08 PM com.github.jinahya.database.metadata.bind.Context bind
WARNING: unknown result; type: ProcedureColumn, label: PARAMETER_ID, value: 0
Jan 26, 2026 2:30:08 PM com.github.jinahya.database.metadata.bind.Context bind
WARNING: unknown result; type: ProcedureColumn, label: METHOD_ID, value: 4
Jan 26, 2026 2:30:08 PM com.github.jinahya.database.metadata.bind.Context bind
WARNING: unknown result; type: ProcedureColumn, label: PARAMETER_ID, value: 0
Jan 26, 2026 2:30:08 PM com.github.jinahya.database.metadata.bind.Context bind
WARNING: unknown result; type: ProcedureColumn, label: METHOD_ID, value: 4
Jan 26, 2026 2:30:08 PM com.github.jinahya.database.metadata.bind.Context bind
WARNING: unknown result; type: ProcedureColumn, label: PARAMETER_ID, value: 1
Jan 26, 2026 2:30:08 PM com.github.jinahya.database.metadata.bind.Context bind
WARNING: unknown result; type: ProcedureColumn, label: METHOD_ID, value: 4
Jan 26, 2026 2:30:08 PM com.github.jinahya.database.metadata.bind.Context bind
WARNING: unknown result; type: ProcedureColumn, label: PARAMETER_ID, value: 2
Jan 26, 2026 2:30:08 PM com.github.jinahya.database.metadata.bind.Context bind
WARNING: unknown result; type: ProcedureColumn, label: METHOD_ID, value: 4
Jan 26, 2026 2:30:08 PM com.github.jinahya.database.metadata.bind.Context bind
WARNING: unknown result; type: ProcedureColumn, label: PARAMETER_ID, value: 3
Jan 26, 2026 2:30:08 PM com.github.jinahya.database.metadata.bind.Context bind
WARNING: unknown result; type: ProcedureColumn, label: METHOD_ID, value: 2
Jan 26, 2026 2:30:08 PM com.github.jinahya.database.metadata.bind.Context bind
WARNING: unknown result; type: ProcedureColumn, label: PARAMETER_ID, value: 0
Jan 26, 2026 2:30:08 PM com.github.jinahya.database.metadata.bind.Context bind
WARNING: unknown result; type: ProcedureColumn, label: METHOD_ID, value: 2
Jan 26, 2026 2:30:08 PM com.github.jinahya.database.metadata.bind.Context bind
WARNING: unknown result; type: ProcedureColumn, label: PARAMETER_ID, value: 1
Jan 26, 2026 2:30:08 PM com.github.jinahya.database.metadata.bind.Context bind
WARNING: unknown result; type: ProcedureColumn, label: METHOD_ID, value: 1
Jan 26, 2026 2:30:08 PM com.github.jinahya.database.metadata.bind.Context bind
WARNING: unknown result; type: ProcedureColumn, label: PARAMETER_ID, value: 0
Jan 26, 2026 2:30:08 PM com.github.jinahya.database.metadata.bind.Context bind
WARNING: unknown result; type: ProcedureColumn, label: METHOD_ID, value: 4
Jan 26, 2026 2:30:08 PM com.github.jinahya.database.metadata.bind.Context bind
WARNING: unknown result; type: ProcedureColumn, label: PARAMETER_ID, value: 0
Jan 26, 2026 2:30:08 PM com.github.jinahya.database.metadata.bind.Context bind
WARNING: unknown result; type: ProcedureColumn, label: METHOD_ID, value: 4
Jan 26, 2026 2:30:08 PM com.github.jinahya.database.metadata.bind.Context bind
WARNING: unknown result; type: ProcedureColumn, label: PARAMETER_ID, value: 1
Jan 26, 2026 2:30:08 PM com.github.jinahya.database.metadata.bind.Context bind
WARNING: unknown result; type: ProcedureColumn, label: METHOD_ID, value: 4
Jan 26, 2026 2:30:08 PM com.github.jinahya.database.metadata.bind.Context bind
WARNING: unknown result; type: ProcedureColumn, label: PARAMETER_ID, value: 2
Jan 26, 2026 2:30:08 PM com.github.jinahya.database.metadata.bind.Context bind
WARNING: unknown result; type: ProcedureColumn, label: METHOD_ID, value: 4
Jan 26, 2026 2:30:08 PM com.github.jinahya.database.metadata.bind.Context bind
WARNING: unknown result; type: ProcedureColumn, label: PARAMETER_ID, value: 3
Jan 26, 2026 2:30:08 PM com.github.jinahya.database.metadata.bind.Context bind
WARNING: unknown result; type: ProcedureColumn, label: METHOD_ID, value: 2
Jan 26, 2026 2:30:08 PM com.github.jinahya.database.metadata.bind.Context bind
WARNING: unknown result; type: ProcedureColumn, label: PARAMETER_ID, value: 0
Jan 26, 2026 2:30:08 PM com.github.jinahya.database.metadata.bind.Context bind
WARNING: unknown result; type: ProcedureColumn, label: METHOD_ID, value: 2
Jan 26, 2026 2:30:08 PM com.github.jinahya.database.metadata.bind.Context bind
WARNING: unknown result; type: ProcedureColumn, label: PARAMETER_ID, value: 1
Jan 26, 2026 2:30:08 PM com.github.jinahya.database.metadata.bind.Context bind
WARNING: unknown result; type: ProcedureColumn, label: METHOD_ID, value: 16
Jan 26, 2026 2:30:08 PM com.github.jinahya.database.metadata.bind.Context bind
WARNING: unknown result; type: ProcedureColumn, label: PARAMETER_ID, value: 0
Jan 26, 2026 2:30:08 PM com.github.jinahya.database.metadata.bind.Context bind
WARNING: unknown result; type: ProcedureColumn, label: METHOD_ID, value: 16
Jan 26, 2026 2:30:08 PM com.github.jinahya.database.metadata.bind.Context bind
WARNING: unknown result; type: ProcedureColumn, label: PARAMETER_ID, value: 1
Jan 26, 2026 2:30:08 PM com.github.jinahya.database.metadata.bind.Context bind
WARNING: unknown result; type: ProcedureColumn, label: METHOD_ID, value: 16
Jan 26, 2026 2:30:08 PM com.github.jinahya.database.metadata.bind.Context bind
WARNING: unknown result; type: ProcedureColumn, label: PARAMETER_ID, value: 2
Jan 26, 2026 2:30:08 PM com.github.jinahya.database.metadata.bind.Context bind
WARNING: unknown result; type: ProcedureColumn, label: METHOD_ID, value: 16
Jan 26, 2026 2:30:08 PM com.github.jinahya.database.metadata.bind.Context bind
WARNING: unknown result; type: ProcedureColumn, label: PARAMETER_ID, value: 3
Jan 26, 2026 2:30:08 PM com.github.jinahya.database.metadata.bind.Context bind
WARNING: unknown result; type: ProcedureColumn, label: METHOD_ID, value: 16
Jan 26, 2026 2:30:08 PM com.github.jinahya.database.metadata.bind.Context bind
WARNING: unknown result; type: ProcedureColumn, label: PARAMETER_ID, value: 4
Jan 26, 2026 2:30:08 PM com.github.jinahya.database.metadata.bind.Context bind
WARNING: unknown result; type: ProcedureColumn, label: METHOD_ID, value: 16
Jan 26, 2026 2:30:08 PM com.github.jinahya.database.metadata.bind.Context bind
WARNING: unknown result; type: ProcedureColumn, label: PARAMETER_ID, value: 5
Jan 26, 2026 2:30:08 PM com.github.jinahya.database.metadata.bind.Context bind
WARNING: unknown result; type: ProcedureColumn, label: METHOD_ID, value: 16
Jan 26, 2026 2:30:08 PM com.github.jinahya.database.metadata.bind.Context bind
WARNING: unknown result; type: ProcedureColumn, label: PARAMETER_ID, value: 6
Jan 26, 2026 2:30:08 PM com.github.jinahya.database.metadata.bind.Context bind
WARNING: unknown result; type: ProcedureColumn, label: METHOD_ID, value: 16
Jan 26, 2026 2:30:08 PM com.github.jinahya.database.metadata.bind.Context bind
WARNING: unknown result; type: ProcedureColumn, label: PARAMETER_ID, value: 7
Jan 26, 2026 2:30:08 PM com.github.jinahya.database.metadata.bind.Context bind
WARNING: unknown result; type: ProcedureColumn, label: METHOD_ID, value: 16
Jan 26, 2026 2:30:08 PM com.github.jinahya.database.metadata.bind.Context bind
WARNING: unknown result; type: ProcedureColumn, label: PARAMETER_ID, value: 8
Jan 26, 2026 2:30:08 PM com.github.jinahya.database.metadata.bind.Context bind
WARNING: unknown result; type: ProcedureColumn, label: METHOD_ID, value: 16
Jan 26, 2026 2:30:08 PM com.github.jinahya.database.metadata.bind.Context bind
WARNING: unknown result; type: ProcedureColumn, label: PARAMETER_ID, value: 9
Jan 26, 2026 2:30:08 PM com.github.jinahya.database.metadata.bind.Context bind
WARNING: unknown result; type: ProcedureColumn, label: METHOD_ID, value: 16
Jan 26, 2026 2:30:08 PM com.github.jinahya.database.metadata.bind.Context bind
WARNING: unknown result; type: ProcedureColumn, label: PARAMETER_ID, value: 10
Jan 26, 2026 2:30:08 PM com.github.jinahya.database.metadata.bind.Context bind
WARNING: unknown result; type: ProcedureColumn, label: METHOD_ID, value: 16
Jan 26, 2026 2:30:08 PM com.github.jinahya.database.metadata.bind.Context bind
WARNING: unknown result; type: ProcedureColumn, label: PARAMETER_ID, value: 11
Jan 26, 2026 2:30:08 PM com.github.jinahya.database.metadata.bind.Context bind
WARNING: unknown result; type: ProcedureColumn, label: METHOD_ID, value: 16
Jan 26, 2026 2:30:08 PM com.github.jinahya.database.metadata.bind.Context bind
WARNING: unknown result; type: ProcedureColumn, label: PARAMETER_ID, value: 12
Jan 26, 2026 2:30:08 PM com.github.jinahya.database.metadata.bind.Context bind
WARNING: unknown result; type: ProcedureColumn, label: METHOD_ID, value: 16
Jan 26, 2026 2:30:08 PM com.github.jinahya.database.metadata.bind.Context bind
WARNING: unknown result; type: ProcedureColumn, label: PARAMETER_ID, value: 13
Jan 26, 2026 2:30:08 PM com.github.jinahya.database.metadata.bind.Context bind
WARNING: unknown result; type: ProcedureColumn, label: METHOD_ID, value: 16
Jan 26, 2026 2:30:08 PM com.github.jinahya.database.metadata.bind.Context bind
WARNING: unknown result; type: ProcedureColumn, label: PARAMETER_ID, value: 14
Jan 26, 2026 2:30:08 PM com.github.jinahya.database.metadata.bind.Context bind
WARNING: unknown result; type: ProcedureColumn, label: METHOD_ID, value: 16
Jan 26, 2026 2:30:08 PM com.github.jinahya.database.metadata.bind.Context bind
WARNING: unknown result; type: ProcedureColumn, label: PARAMETER_ID, value: 15
Jan 26, 2026 2:30:08 PM com.github.jinahya.database.metadata.bind.Context bind
WARNING: unknown result; type: ProcedureColumn, label: METHOD_ID, value: 5
Jan 26, 2026 2:30:08 PM com.github.jinahya.database.metadata.bind.Context bind
WARNING: unknown result; type: ProcedureColumn, label: PARAMETER_ID, value: 0
Jan 26, 2026 2:30:08 PM com.github.jinahya.database.metadata.bind.Context bind
WARNING: unknown result; type: ProcedureColumn, label: METHOD_ID, value: 5
Jan 26, 2026 2:30:08 PM com.github.jinahya.database.metadata.bind.Context bind
WARNING: unknown result; type: ProcedureColumn, label: PARAMETER_ID, value: 1
Jan 26, 2026 2:30:08 PM com.github.jinahya.database.metadata.bind.Context bind
WARNING: unknown result; type: ProcedureColumn, label: METHOD_ID, value: 5
Jan 26, 2026 2:30:08 PM com.github.jinahya.database.metadata.bind.Context bind
WARNING: unknown result; type: ProcedureColumn, label: PARAMETER_ID, value: 2
Jan 26, 2026 2:30:08 PM com.github.jinahya.database.metadata.bind.Context bind
WARNING: unknown result; type: ProcedureColumn, label: METHOD_ID, value: 5
Jan 26, 2026 2:30:08 PM com.github.jinahya.database.metadata.bind.Context bind
WARNING: unknown result; type: ProcedureColumn, label: PARAMETER_ID, value: 3
Jan 26, 2026 2:30:08 PM com.github.jinahya.database.metadata.bind.Context bind
WARNING: unknown result; type: ProcedureColumn, label: METHOD_ID, value: 5
Jan 26, 2026 2:30:08 PM com.github.jinahya.database.metadata.bind.Context bind
WARNING: unknown result; type: ProcedureColumn, label: PARAMETER_ID, value: 4
Jan 26, 2026 2:30:08 PM com.github.jinahya.database.metadata.bind.Context bind
WARNING: unknown result; type: ProcedureColumn, label: METHOD_ID, value: 5
Jan 26, 2026 2:30:08 PM com.github.jinahya.database.metadata.bind.Context bind
WARNING: unknown result; type: ProcedureColumn, label: PARAMETER_ID, value: 0
Jan 26, 2026 2:30:08 PM com.github.jinahya.database.metadata.bind.Context bind
WARNING: unknown result; type: ProcedureColumn, label: METHOD_ID, value: 5
Jan 26, 2026 2:30:08 PM com.github.jinahya.database.metadata.bind.Context bind
WARNING: unknown result; type: ProcedureColumn, label: PARAMETER_ID, value: 1
Jan 26, 2026 2:30:08 PM com.github.jinahya.database.metadata.bind.Context bind
WARNING: unknown result; type: ProcedureColumn, label: METHOD_ID, value: 5
Jan 26, 2026 2:30:08 PM com.github.jinahya.database.metadata.bind.Context bind
WARNING: unknown result; type: ProcedureColumn, label: PARAMETER_ID, value: 2
Jan 26, 2026 2:30:08 PM com.github.jinahya.database.metadata.bind.Context bind
WARNING: unknown result; type: ProcedureColumn, label: METHOD_ID, value: 5
Jan 26, 2026 2:30:08 PM com.github.jinahya.database.metadata.bind.Context bind
WARNING: unknown result; type: ProcedureColumn, label: PARAMETER_ID, value: 3
Jan 26, 2026 2:30:08 PM com.github.jinahya.database.metadata.bind.Context bind
WARNING: unknown result; type: ProcedureColumn, label: METHOD_ID, value: 5
Jan 26, 2026 2:30:08 PM com.github.jinahya.database.metadata.bind.Context bind
WARNING: unknown result; type: ProcedureColumn, label: PARAMETER_ID, value: 4
Jan 26, 2026 2:30:08 PM com.github.jinahya.database.metadata.bind.Context bind
WARNING: unknown result; type: ProcedureColumn, label: METHOD_ID, value: 7
Jan 26, 2026 2:30:08 PM com.github.jinahya.database.metadata.bind.Context bind
WARNING: unknown result; type: ProcedureColumn, label: PARAMETER_ID, value: 0
Jan 26, 2026 2:30:08 PM com.github.jinahya.database.metadata.bind.Context bind
WARNING: unknown result; type: ProcedureColumn, label: METHOD_ID, value: 7
Jan 26, 2026 2:30:08 PM com.github.jinahya.database.metadata.bind.Context bind
WARNING: unknown result; type: ProcedureColumn, label: PARAMETER_ID, value: 1
Jan 26, 2026 2:30:08 PM com.github.jinahya.database.metadata.bind.Context bind
WARNING: unknown result; type: ProcedureColumn, label: METHOD_ID, value: 7
Jan 26, 2026 2:30:08 PM com.github.jinahya.database.metadata.bind.Context bind
WARNING: unknown result; type: ProcedureColumn, label: PARAMETER_ID, value: 2
Jan 26, 2026 2:30:08 PM com.github.jinahya.database.metadata.bind.Context bind
WARNING: unknown result; type: ProcedureColumn, label: METHOD_ID, value: 7
Jan 26, 2026 2:30:08 PM com.github.jinahya.database.metadata.bind.Context bind
WARNING: unknown result; type: ProcedureColumn, label: PARAMETER_ID, value: 3
Jan 26, 2026 2:30:08 PM com.github.jinahya.database.metadata.bind.Context bind
WARNING: unknown result; type: ProcedureColumn, label: METHOD_ID, value: 7
Jan 26, 2026 2:30:08 PM com.github.jinahya.database.metadata.bind.Context bind
WARNING: unknown result; type: ProcedureColumn, label: PARAMETER_ID, value: 4
Jan 26, 2026 2:30:08 PM com.github.jinahya.database.metadata.bind.Context bind
WARNING: unknown result; type: ProcedureColumn, label: METHOD_ID, value: 7
Jan 26, 2026 2:30:08 PM com.github.jinahya.database.metadata.bind.Context bind
WARNING: unknown result; type: ProcedureColumn, label: PARAMETER_ID, value: 5
Jan 26, 2026 2:30:08 PM com.github.jinahya.database.metadata.bind.Context bind
WARNING: unknown result; type: ProcedureColumn, label: METHOD_ID, value: 7
Jan 26, 2026 2:30:08 PM com.github.jinahya.database.metadata.bind.Context bind
WARNING: unknown result; type: ProcedureColumn, label: PARAMETER_ID, value: 6
Jan 26, 2026 2:30:08 PM com.github.jinahya.database.metadata.bind.Context bind
WARNING: unknown result; type: ProcedureColumn, label: METHOD_ID, value: 5
Jan 26, 2026 2:30:08 PM com.github.jinahya.database.metadata.bind.Context bind
WARNING: unknown result; type: ProcedureColumn, label: PARAMETER_ID, value: 0
Jan 26, 2026 2:30:08 PM com.github.jinahya.database.metadata.bind.Context bind
WARNING: unknown result; type: ProcedureColumn, label: METHOD_ID, value: 5
Jan 26, 2026 2:30:08 PM com.github.jinahya.database.metadata.bind.Context bind
WARNING: unknown result; type: ProcedureColumn, label: PARAMETER_ID, value: 1
Jan 26, 2026 2:30:08 PM com.github.jinahya.database.metadata.bind.Context bind
WARNING: unknown result; type: ProcedureColumn, label: METHOD_ID, value: 5
Jan 26, 2026 2:30:08 PM com.github.jinahya.database.metadata.bind.Context bind
WARNING: unknown result; type: ProcedureColumn, label: PARAMETER_ID, value: 2
Jan 26, 2026 2:30:08 PM com.github.jinahya.database.metadata.bind.Context bind
WARNING: unknown result; type: ProcedureColumn, label: METHOD_ID, value: 5
Jan 26, 2026 2:30:08 PM com.github.jinahya.database.metadata.bind.Context bind
WARNING: unknown result; type: ProcedureColumn, label: PARAMETER_ID, value: 3
Jan 26, 2026 2:30:08 PM com.github.jinahya.database.metadata.bind.Context bind
WARNING: unknown result; type: ProcedureColumn, label: METHOD_ID, value: 5
Jan 26, 2026 2:30:08 PM com.github.jinahya.database.metadata.bind.Context bind
WARNING: unknown result; type: ProcedureColumn, label: PARAMETER_ID, value: 4
Jan 26, 2026 2:30:08 PM com.github.jinahya.database.metadata.bind.Context bind
WARNING: unknown result; type: ProcedureColumn, label: METHOD_ID, value: 4
Jan 26, 2026 2:30:08 PM com.github.jinahya.database.metadata.bind.Context bind
WARNING: unknown result; type: ProcedureColumn, label: PARAMETER_ID, value: 0
Jan 26, 2026 2:30:08 PM com.github.jinahya.database.metadata.bind.Context bind
WARNING: unknown result; type: ProcedureColumn, label: METHOD_ID, value: 4
Jan 26, 2026 2:30:08 PM com.github.jinahya.database.metadata.bind.Context bind
WARNING: unknown result; type: ProcedureColumn, label: PARAMETER_ID, value: 1
Jan 26, 2026 2:30:08 PM com.github.jinahya.database.metadata.bind.Context bind
WARNING: unknown result; type: ProcedureColumn, label: METHOD_ID, value: 4
Jan 26, 2026 2:30:08 PM com.github.jinahya.database.metadata.bind.Context bind
WARNING: unknown result; type: ProcedureColumn, label: PARAMETER_ID, value: 2
Jan 26, 2026 2:30:08 PM com.github.jinahya.database.metadata.bind.Context bind
WARNING: unknown result; type: ProcedureColumn, label: METHOD_ID, value: 4
Jan 26, 2026 2:30:08 PM com.github.jinahya.database.metadata.bind.Context bind
WARNING: unknown result; type: ProcedureColumn, label: PARAMETER_ID, value: 3
Jan 26, 2026 2:30:08 PM com.github.jinahya.database.metadata.bind.Context bind
WARNING: unknown result; type: ProcedureColumn, label: METHOD_ID, value: 2
Jan 26, 2026 2:30:08 PM com.github.jinahya.database.metadata.bind.Context bind
WARNING: unknown result; type: ProcedureColumn, label: PARAMETER_ID, value: 0
Jan 26, 2026 2:30:08 PM com.github.jinahya.database.metadata.bind.Context bind
WARNING: unknown result; type: ProcedureColumn, label: METHOD_ID, value: 2
Jan 26, 2026 2:30:08 PM com.github.jinahya.database.metadata.bind.Context bind
WARNING: unknown result; type: ProcedureColumn, label: PARAMETER_ID, value: 1
Jan 26, 2026 2:30:08 PM com.github.jinahya.database.metadata.bind.Context bind
WARNING: unknown result; type: ProcedureColumn, label: METHOD_ID, value: 4
Jan 26, 2026 2:30:08 PM com.github.jinahya.database.metadata.bind.Context bind
WARNING: unknown result; type: ProcedureColumn, label: PARAMETER_ID, value: 0
Jan 26, 2026 2:30:08 PM com.github.jinahya.database.metadata.bind.Context bind
WARNING: unknown result; type: ProcedureColumn, label: METHOD_ID, value: 4
Jan 26, 2026 2:30:08 PM com.github.jinahya.database.metadata.bind.Context bind
WARNING: unknown result; type: ProcedureColumn, label: PARAMETER_ID, value: 1
Jan 26, 2026 2:30:08 PM com.github.jinahya.database.metadata.bind.Context bind
WARNING: unknown result; type: ProcedureColumn, label: METHOD_ID, value: 4
Jan 26, 2026 2:30:08 PM com.github.jinahya.database.metadata.bind.Context bind
WARNING: unknown result; type: ProcedureColumn, label: PARAMETER_ID, value: 2
Jan 26, 2026 2:30:08 PM com.github.jinahya.database.metadata.bind.Context bind
WARNING: unknown result; type: ProcedureColumn, label: METHOD_ID, value: 4
Jan 26, 2026 2:30:08 PM com.github.jinahya.database.metadata.bind.Context bind
WARNING: unknown result; type: ProcedureColumn, label: PARAMETER_ID, value: 3
Jan 26, 2026 2:30:08 PM com.github.jinahya.database.metadata.bind.Context bind
WARNING: unknown result; type: ProcedureColumn, label: METHOD_ID, value: 5
Jan 26, 2026 2:30:08 PM com.github.jinahya.database.metadata.bind.Context bind
WARNING: unknown result; type: ProcedureColumn, label: PARAMETER_ID, value: 0
Jan 26, 2026 2:30:08 PM com.github.jinahya.database.metadata.bind.Context bind
WARNING: unknown result; type: ProcedureColumn, label: METHOD_ID, value: 5
Jan 26, 2026 2:30:08 PM com.github.jinahya.database.metadata.bind.Context bind
WARNING: unknown result; type: ProcedureColumn, label: PARAMETER_ID, value: 1
Jan 26, 2026 2:30:08 PM com.github.jinahya.database.metadata.bind.Context bind
WARNING: unknown result; type: ProcedureColumn, label: METHOD_ID, value: 5
Jan 26, 2026 2:30:08 PM com.github.jinahya.database.metadata.bind.Context bind
WARNING: unknown result; type: ProcedureColumn, label: PARAMETER_ID, value: 2
Jan 26, 2026 2:30:08 PM com.github.jinahya.database.metadata.bind.Context bind
WARNING: unknown result; type: ProcedureColumn, label: METHOD_ID, value: 5
Jan 26, 2026 2:30:08 PM com.github.jinahya.database.metadata.bind.Context bind
WARNING: unknown result; type: ProcedureColumn, label: PARAMETER_ID, value: 3
Jan 26, 2026 2:30:08 PM com.github.jinahya.database.metadata.bind.Context bind
WARNING: unknown result; type: ProcedureColumn, label: METHOD_ID, value: 5
Jan 26, 2026 2:30:08 PM com.github.jinahya.database.metadata.bind.Context bind
WARNING: unknown result; type: ProcedureColumn, label: PARAMETER_ID, value: 4
Jan 26, 2026 2:30:08 PM com.github.jinahya.database.metadata.bind.Context bind
WARNING: unknown result; type: ProcedureColumn, label: METHOD_ID, value: 4
Jan 26, 2026 2:30:08 PM com.github.jinahya.database.metadata.bind.Context bind
WARNING: unknown result; type: ProcedureColumn, label: PARAMETER_ID, value: 0
Jan 26, 2026 2:30:08 PM com.github.jinahya.database.metadata.bind.Context bind
WARNING: unknown result; type: ProcedureColumn, label: METHOD_ID, value: 4
Jan 26, 2026 2:30:08 PM com.github.jinahya.database.metadata.bind.Context bind
WARNING: unknown result; type: ProcedureColumn, label: PARAMETER_ID, value: 1
Jan 26, 2026 2:30:08 PM com.github.jinahya.database.metadata.bind.Context bind
WARNING: unknown result; type: ProcedureColumn, label: METHOD_ID, value: 4
Jan 26, 2026 2:30:08 PM com.github.jinahya.database.metadata.bind.Context bind
WARNING: unknown result; type: ProcedureColumn, label: PARAMETER_ID, value: 2
Jan 26, 2026 2:30:08 PM com.github.jinahya.database.metadata.bind.Context bind
WARNING: unknown result; type: ProcedureColumn, label: METHOD_ID, value: 4
Jan 26, 2026 2:30:08 PM com.github.jinahya.database.metadata.bind.Context bind
WARNING: unknown result; type: ProcedureColumn, label: PARAMETER_ID, value: 3
Jan 26, 2026 2:30:08 PM com.github.jinahya.database.metadata.bind.Context bind
WARNING: unknown result; type: ProcedureColumn, label: METHOD_ID, value: 7
Jan 26, 2026 2:30:08 PM com.github.jinahya.database.metadata.bind.Context bind
WARNING: unknown result; type: ProcedureColumn, label: PARAMETER_ID, value: 0
Jan 26, 2026 2:30:08 PM com.github.jinahya.database.metadata.bind.Context bind
WARNING: unknown result; type: ProcedureColumn, label: METHOD_ID, value: 7
Jan 26, 2026 2:30:08 PM com.github.jinahya.database.metadata.bind.Context bind
WARNING: unknown result; type: ProcedureColumn, label: PARAMETER_ID, value: 1
Jan 26, 2026 2:30:08 PM com.github.jinahya.database.metadata.bind.Context bind
WARNING: unknown result; type: ProcedureColumn, label: METHOD_ID, value: 7
Jan 26, 2026 2:30:08 PM com.github.jinahya.database.metadata.bind.Context bind
WARNING: unknown result; type: ProcedureColumn, label: PARAMETER_ID, value: 2
Jan 26, 2026 2:30:08 PM com.github.jinahya.database.metadata.bind.Context bind
WARNING: unknown result; type: ProcedureColumn, label: METHOD_ID, value: 7
Jan 26, 2026 2:30:08 PM com.github.jinahya.database.metadata.bind.Context bind
WARNING: unknown result; type: ProcedureColumn, label: PARAMETER_ID, value: 3
Jan 26, 2026 2:30:08 PM com.github.jinahya.database.metadata.bind.Context bind
WARNING: unknown result; type: ProcedureColumn, label: METHOD_ID, value: 7
Jan 26, 2026 2:30:08 PM com.github.jinahya.database.metadata.bind.Context bind
WARNING: unknown result; type: ProcedureColumn, label: PARAMETER_ID, value: 4
Jan 26, 2026 2:30:08 PM com.github.jinahya.database.metadata.bind.Context bind
WARNING: unknown result; type: ProcedureColumn, label: METHOD_ID, value: 7
Jan 26, 2026 2:30:08 PM com.github.jinahya.database.metadata.bind.Context bind
WARNING: unknown result; type: ProcedureColumn, label: PARAMETER_ID, value: 5
Jan 26, 2026 2:30:08 PM com.github.jinahya.database.metadata.bind.Context bind
WARNING: unknown result; type: ProcedureColumn, label: METHOD_ID, value: 7
Jan 26, 2026 2:30:08 PM com.github.jinahya.database.metadata.bind.Context bind
WARNING: unknown result; type: ProcedureColumn, label: PARAMETER_ID, value: 6
Jan 26, 2026 2:30:08 PM com.github.jinahya.database.metadata.bind.Context bind
WARNING: unknown result; type: ProcedureColumn, label: METHOD_ID, value: 6
Jan 26, 2026 2:30:08 PM com.github.jinahya.database.metadata.bind.Context bind
WARNING: unknown result; type: ProcedureColumn, label: PARAMETER_ID, value: 0
Jan 26, 2026 2:30:08 PM com.github.jinahya.database.metadata.bind.Context bind
WARNING: unknown result; type: ProcedureColumn, label: METHOD_ID, value: 6
Jan 26, 2026 2:30:08 PM com.github.jinahya.database.metadata.bind.Context bind
WARNING: unknown result; type: ProcedureColumn, label: PARAMETER_ID, value: 1
Jan 26, 2026 2:30:08 PM com.github.jinahya.database.metadata.bind.Context bind
WARNING: unknown result; type: ProcedureColumn, label: METHOD_ID, value: 6
Jan 26, 2026 2:30:08 PM com.github.jinahya.database.metadata.bind.Context bind
WARNING: unknown result; type: ProcedureColumn, label: PARAMETER_ID, value: 2
Jan 26, 2026 2:30:08 PM com.github.jinahya.database.metadata.bind.Context bind
WARNING: unknown result; type: ProcedureColumn, label: METHOD_ID, value: 6
Jan 26, 2026 2:30:08 PM com.github.jinahya.database.metadata.bind.Context bind
WARNING: unknown result; type: ProcedureColumn, label: PARAMETER_ID, value: 3
Jan 26, 2026 2:30:08 PM com.github.jinahya.database.metadata.bind.Context bind
WARNING: unknown result; type: ProcedureColumn, label: METHOD_ID, value: 6
Jan 26, 2026 2:30:08 PM com.github.jinahya.database.metadata.bind.Context bind
WARNING: unknown result; type: ProcedureColumn, label: PARAMETER_ID, value: 4
Jan 26, 2026 2:30:08 PM com.github.jinahya.database.metadata.bind.Context bind
WARNING: unknown result; type: ProcedureColumn, label: METHOD_ID, value: 6
Jan 26, 2026 2:30:08 PM com.github.jinahya.database.metadata.bind.Context bind
WARNING: unknown result; type: ProcedureColumn, label: PARAMETER_ID, value: 5
Jan 26, 2026 2:30:08 PM com.github.jinahya.database.metadata.bind.Context bind
WARNING: unknown result; type: ProcedureColumn, label: METHOD_ID, value: 4
Jan 26, 2026 2:30:08 PM com.github.jinahya.database.metadata.bind.Context bind
WARNING: unknown result; type: ProcedureColumn, label: PARAMETER_ID, value: 0
Jan 26, 2026 2:30:08 PM com.github.jinahya.database.metadata.bind.Context bind
WARNING: unknown result; type: ProcedureColumn, label: METHOD_ID, value: 4
Jan 26, 2026 2:30:08 PM com.github.jinahya.database.metadata.bind.Context bind
WARNING: unknown result; type: ProcedureColumn, label: PARAMETER_ID, value: 1
Jan 26, 2026 2:30:08 PM com.github.jinahya.database.metadata.bind.Context bind
WARNING: unknown result; type: ProcedureColumn, label: METHOD_ID, value: 4
Jan 26, 2026 2:30:08 PM com.github.jinahya.database.metadata.bind.Context bind
WARNING: unknown result; type: ProcedureColumn, label: PARAMETER_ID, value: 2
Jan 26, 2026 2:30:08 PM com.github.jinahya.database.metadata.bind.Context bind
WARNING: unknown result; type: ProcedureColumn, label: METHOD_ID, value: 4
Jan 26, 2026 2:30:08 PM com.github.jinahya.database.metadata.bind.Context bind
WARNING: unknown result; type: ProcedureColumn, label: PARAMETER_ID, value: 3
Jan 26, 2026 2:30:08 PM com.github.jinahya.database.metadata.bind.Context bind
WARNING: unknown result; type: ProcedureColumn, label: METHOD_ID, value: 5
Jan 26, 2026 2:30:08 PM com.github.jinahya.database.metadata.bind.Context bind
WARNING: unknown result; type: ProcedureColumn, label: PARAMETER_ID, value: 0
Jan 26, 2026 2:30:08 PM com.github.jinahya.database.metadata.bind.Context bind
WARNING: unknown result; type: ProcedureColumn, label: METHOD_ID, value: 5
Jan 26, 2026 2:30:08 PM com.github.jinahya.database.metadata.bind.Context bind
WARNING: unknown result; type: ProcedureColumn, label: PARAMETER_ID, value: 1
Jan 26, 2026 2:30:08 PM com.github.jinahya.database.metadata.bind.Context bind
WARNING: unknown result; type: ProcedureColumn, label: METHOD_ID, value: 5
Jan 26, 2026 2:30:08 PM com.github.jinahya.database.metadata.bind.Context bind
WARNING: unknown result; type: ProcedureColumn, label: PARAMETER_ID, value: 2
Jan 26, 2026 2:30:08 PM com.github.jinahya.database.metadata.bind.Context bind
WARNING: unknown result; type: ProcedureColumn, label: METHOD_ID, value: 5
Jan 26, 2026 2:30:08 PM com.github.jinahya.database.metadata.bind.Context bind
WARNING: unknown result; type: ProcedureColumn, label: PARAMETER_ID, value: 3
Jan 26, 2026 2:30:08 PM com.github.jinahya.database.metadata.bind.Context bind
WARNING: unknown result; type: ProcedureColumn, label: METHOD_ID, value: 5
Jan 26, 2026 2:30:08 PM com.github.jinahya.database.metadata.bind.Context bind
WARNING: unknown result; type: ProcedureColumn, label: PARAMETER_ID, value: 4
Jan 26, 2026 2:30:08 PM com.github.jinahya.database.metadata.bind.Context bind
WARNING: unknown result; type: ProcedureColumn, label: METHOD_ID, value: 5
Jan 26, 2026 2:30:08 PM com.github.jinahya.database.metadata.bind.Context bind
WARNING: unknown result; type: ProcedureColumn, label: PARAMETER_ID, value: 0
Jan 26, 2026 2:30:08 PM com.github.jinahya.database.metadata.bind.Context bind
WARNING: unknown result; type: ProcedureColumn, label: METHOD_ID, value: 5
Jan 26, 2026 2:30:08 PM com.github.jinahya.database.metadata.bind.Context bind
WARNING: unknown result; type: ProcedureColumn, label: PARAMETER_ID, value: 1
Jan 26, 2026 2:30:08 PM com.github.jinahya.database.metadata.bind.Context bind
WARNING: unknown result; type: ProcedureColumn, label: METHOD_ID, value: 5
Jan 26, 2026 2:30:08 PM com.github.jinahya.database.metadata.bind.Context bind
WARNING: unknown result; type: ProcedureColumn, label: PARAMETER_ID, value: 2
Jan 26, 2026 2:30:08 PM com.github.jinahya.database.metadata.bind.Context bind
WARNING: unknown result; type: ProcedureColumn, label: METHOD_ID, value: 5
Jan 26, 2026 2:30:08 PM com.github.jinahya.database.metadata.bind.Context bind
WARNING: unknown result; type: ProcedureColumn, label: PARAMETER_ID, value: 3
Jan 26, 2026 2:30:08 PM com.github.jinahya.database.metadata.bind.Context bind
WARNING: unknown result; type: ProcedureColumn, label: METHOD_ID, value: 5
Jan 26, 2026 2:30:08 PM com.github.jinahya.database.metadata.bind.Context bind
WARNING: unknown result; type: ProcedureColumn, label: PARAMETER_ID, value: 4
Jan 26, 2026 2:30:08 PM com.github.jinahya.database.metadata.bind.Context bind
WARNING: unknown result; type: Column, label: SCOPE_CATLOG, value: null
Jan 26, 2026 2:30:08 PM com.github.jinahya.database.metadata.bind.Context bind
WARNING: unknown result; type: Column, label: SCOPE_CATLOG, value: null
Jan 26, 2026 2:30:08 PM com.github.jinahya.database.metadata.bind.Context bind
WARNING: unknown result; type: Column, label: SCOPE_CATLOG, value: null
Jan 26, 2026 2:30:08 PM com.github.jinahya.database.metadata.bind.Context bind
WARNING: unknown result; type: Column, label: SCOPE_CATLOG, value: null
Jan 26, 2026 2:30:08 PM com.github.jinahya.database.metadata.bind.Context bind
WARNING: unknown result; type: Column, label: SCOPE_CATLOG, value: null
Jan 26, 2026 2:30:08 PM com.github.jinahya.database.metadata.bind.Context bind
WARNING: unknown result; type: Column, label: SCOPE_CATLOG, value: null
Jan 26, 2026 2:30:08 PM com.github.jinahya.database.metadata.bind.Context bind
WARNING: unknown result; type: Column, label: SCOPE_CATLOG, value: null
Jan 26, 2026 2:30:08 PM com.github.jinahya.database.metadata.bind.Context bind
WARNING: unknown result; type: Column, label: SCOPE_CATLOG, value: null
Jan 26, 2026 2:30:08 PM com.github.jinahya.database.metadata.bind.Context bind
WARNING: unknown result; type: Column, label: SCOPE_CATLOG, value: null
Jan 26, 2026 2:30:08 PM com.github.jinahya.database.metadata.bind.Context bind
WARNING: unknown result; type: Column, label: SCOPE_CATLOG, value: null
Jan 26, 2026 2:30:08 PM com.github.jinahya.database.metadata.bind.Context bind
WARNING: unknown result; type: Column, label: SCOPE_CATLOG, value: null
Jan 26, 2026 2:30:08 PM com.github.jinahya.database.metadata.bind.Context bind
WARNING: unknown result; type: Column, label: SCOPE_CATLOG, value: null
Jan 26, 2026 2:30:08 PM com.github.jinahya.database.metadata.bind.Context bind
WARNING: unknown result; type: Column, label: SCOPE_CATLOG, value: null
Jan 26, 2026 2:30:08 PM com.github.jinahya.database.metadata.bind.Context bind
WARNING: unknown result; type: Column, label: SCOPE_CATLOG, value: null
Jan 26, 2026 2:30:08 PM com.github.jinahya.database.metadata.bind.Context bind
WARNING: unknown result; type: Column, label: SCOPE_CATLOG, value: null
Jan 26, 2026 2:30:08 PM com.github.jinahya.database.metadata.bind.Context bind
WARNING: unknown result; type: Column, label: SCOPE_CATLOG, value: null
Jan 26, 2026 2:30:08 PM com.github.jinahya.database.metadata.bind.Context bind
WARNING: unknown result; type: Column, label: SCOPE_CATLOG, value: null
Jan 26, 2026 2:30:08 PM com.github.jinahya.database.metadata.bind.Context bind
WARNING: unknown result; type: Column, label: SCOPE_CATLOG, value: null
Jan 26, 2026 2:30:08 PM com.github.jinahya.database.metadata.bind.Context bind
WARNING: unknown result; type: Column, label: SCOPE_CATLOG, value: null
Jan 26, 2026 2:30:08 PM com.github.jinahya.database.metadata.bind.Context bind
WARNING: unknown result; type: Column, label: SCOPE_CATLOG, value: null
Jan 26, 2026 2:30:08 PM com.github.jinahya.database.metadata.bind.Context bind
WARNING: unknown result; type: Column, label: SCOPE_CATLOG, value: null
Jan 26, 2026 2:30:08 PM com.github.jinahya.database.metadata.bind.Context bind
WARNING: unknown result; type: Column, label: SCOPE_CATLOG, value: null
Jan 26, 2026 2:30:08 PM com.github.jinahya.database.metadata.bind.Context bind
WARNING: unknown result; type: Column, label: SCOPE_CATLOG, value: null
Jan 26, 2026 2:30:08 PM com.github.jinahya.database.metadata.bind.Context bind
WARNING: unknown result; type: Column, label: SCOPE_CATLOG, value: null
Jan 26, 2026 2:30:08 PM com.github.jinahya.database.metadata.bind.Context bind
WARNING: unknown result; type: Column, label: SCOPE_CATLOG, value: null
Jan 26, 2026 2:30:08 PM com.github.jinahya.database.metadata.bind.Context bind
WARNING: unknown result; type: Column, label: SCOPE_CATLOG, value: null
Jan 26, 2026 2:30:08 PM com.github.jinahya.database.metadata.bind.Context bind
WARNING: unknown result; type: Column, label: SCOPE_CATLOG, value: null
Jan 26, 2026 2:30:08 PM com.github.jinahya.database.metadata.bind.Context bind
WARNING: unknown result; type: Column, label: SCOPE_CATLOG, value: null
Jan 26, 2026 2:30:08 PM com.github.jinahya.database.metadata.bind.Context bind
WARNING: unknown result; type: Column, label: SCOPE_CATLOG, value: null
Jan 26, 2026 2:30:08 PM com.github.jinahya.database.metadata.bind.Context bind
WARNING: unknown result; type: Column, label: SCOPE_CATLOG, value: null
Jan 26, 2026 2:30:08 PM com.github.jinahya.database.metadata.bind.Context bind
WARNING: unknown result; type: Column, label: SCOPE_CATLOG, value: null
Jan 26, 2026 2:30:08 PM com.github.jinahya.database.metadata.bind.Context bind
WARNING: unknown result; type: Column, label: SCOPE_CATLOG, value: null
Jan 26, 2026 2:30:08 PM com.github.jinahya.database.metadata.bind.Context bind
WARNING: unknown result; type: Column, label: SCOPE_CATLOG, value: null
Jan 26, 2026 2:30:08 PM com.github.jinahya.database.metadata.bind.Context bind
WARNING: unknown result; type: Column, label: SCOPE_CATLOG, value: null
Jan 26, 2026 2:30:08 PM com.github.jinahya.database.metadata.bind.Context bind
WARNING: unknown result; type: Column, label: SCOPE_CATLOG, value: null
Jan 26, 2026 2:30:08 PM com.github.jinahya.database.metadata.bind.Context bind
WARNING: unknown result; type: Column, label: SCOPE_CATLOG, value: null
Jan 26, 2026 2:30:08 PM com.github.jinahya.database.metadata.bind.Context bind
WARNING: unknown result; type: Column, label: SCOPE_CATLOG, value: null
Jan 26, 2026 2:30:08 PM com.github.jinahya.database.metadata.bind.Context bind
WARNING: unknown result; type: Column, label: SCOPE_CATLOG, value: null
Jan 26, 2026 2:30:08 PM com.github.jinahya.database.metadata.bind.Context bind
WARNING: unknown result; type: Column, label: SCOPE_CATLOG, value: null
Jan 26, 2026 2:30:08 PM com.github.jinahya.database.metadata.bind.Context bind
WARNING: unknown result; type: Column, label: SCOPE_CATLOG, value: null
Jan 26, 2026 2:30:08 PM com.github.jinahya.database.metadata.bind.Context bind
WARNING: unknown result; type: Column, label: SCOPE_CATLOG, value: null
Jan 26, 2026 2:30:08 PM com.github.jinahya.database.metadata.bind.Context bind
WARNING: unknown result; type: Column, label: SCOPE_CATLOG, value: null
Jan 26, 2026 2:30:08 PM com.github.jinahya.database.metadata.bind.Context bind
WARNING: unknown result; type: Column, label: SCOPE_CATLOG, value: null
Jan 26, 2026 2:30:08 PM com.github.jinahya.database.metadata.bind.Context bind
WARNING: unknown result; type: Column, label: SCOPE_CATLOG, value: null
Jan 26, 2026 2:30:08 PM com.github.jinahya.database.metadata.bind.Context bind
WARNING: unknown result; type: Column, label: SCOPE_CATLOG, value: null
Jan 26, 2026 2:30:08 PM com.github.jinahya.database.metadata.bind.Context bind
WARNING: unknown result; type: Column, label: SCOPE_CATLOG, value: null
Jan 26, 2026 2:30:08 PM com.github.jinahya.database.metadata.bind.Context bind
WARNING: unknown result; type: Column, label: SCOPE_CATLOG, value: null
Jan 26, 2026 2:30:08 PM com.github.jinahya.database.metadata.bind.Context bind
WARNING: unknown result; type: Column, label: SCOPE_CATLOG, value: null
Jan 26, 2026 2:30:08 PM com.github.jinahya.database.metadata.bind.Context bind
WARNING: unknown result; type: Column, label: SCOPE_CATLOG, value: null
Jan 26, 2026 2:30:08 PM com.github.jinahya.database.metadata.bind.Context bind
WARNING: unknown result; type: Column, label: SCOPE_CATLOG, value: null
Jan 26, 2026 2:30:08 PM com.github.jinahya.database.metadata.bind.Context bind
WARNING: unknown result; type: Column, label: SCOPE_CATLOG, value: null
Jan 26, 2026 2:30:08 PM com.github.jinahya.database.metadata.bind.Context bind
WARNING: unknown result; type: Column, label: SCOPE_CATLOG, value: null
Jan 26, 2026 2:30:08 PM com.github.jinahya.database.metadata.bind.Context bind
WARNING: unknown result; type: Column, label: SCOPE_CATLOG, value: null
Jan 26, 2026 2:30:08 PM com.github.jinahya.database.metadata.bind.Context bind
WARNING: unknown result; type: Column, label: SCOPE_CATLOG, value: null
Jan 26, 2026 2:30:08 PM com.github.jinahya.database.metadata.bind.Context bind
WARNING: unknown result; type: Column, label: SCOPE_CATLOG, value: null
Jan 26, 2026 2:30:08 PM com.github.jinahya.database.metadata.bind.Context bind
WARNING: unknown result; type: Column, label: SCOPE_CATLOG, value: null
Jan 26, 2026 2:30:08 PM com.github.jinahya.database.metadata.bind.Context bind
WARNING: unknown result; type: Column, label: SCOPE_CATLOG, value: null
Jan 26, 2026 2:30:08 PM com.github.jinahya.database.metadata.bind.Context bind
WARNING: unknown result; type: Column, label: SCOPE_CATLOG, value: null
Jan 26, 2026 2:30:08 PM com.github.jinahya.database.metadata.bind.Context bind
WARNING: unknown result; type: Column, label: SCOPE_CATLOG, value: null
Jan 26, 2026 2:30:08 PM com.github.jinahya.database.metadata.bind.Context bind
WARNING: unknown result; type: Column, label: SCOPE_CATLOG, value: null
Jan 26, 2026 2:30:08 PM com.github.jinahya.database.metadata.bind.Context bind
WARNING: unknown result; type: Column, label: SCOPE_CATLOG, value: null
Jan 26, 2026 2:30:08 PM com.github.jinahya.database.metadata.bind.Context bind
WARNING: unknown result; type: Column, label: SCOPE_CATLOG, value: null
Jan 26, 2026 2:30:08 PM com.github.jinahya.database.metadata.bind.Context bind
WARNING: unknown result; type: Column, label: SCOPE_CATLOG, value: null
Jan 26, 2026 2:30:08 PM com.github.jinahya.database.metadata.bind.Context bind
WARNING: unknown result; type: Column, label: SCOPE_CATLOG, value: null
Jan 26, 2026 2:30:08 PM com.github.jinahya.database.metadata.bind.Context bind
WARNING: unknown result; type: Column, label: SCOPE_CATLOG, value: null
Jan 26, 2026 2:30:08 PM com.github.jinahya.database.metadata.bind.Context bind
WARNING: unknown result; type: Column, label: SCOPE_CATLOG, value: null
Jan 26, 2026 2:30:08 PM com.github.jinahya.database.metadata.bind.Context bind
WARNING: unknown result; type: Column, label: SCOPE_CATLOG, value: null
Jan 26, 2026 2:30:08 PM com.github.jinahya.database.metadata.bind.Context bind
WARNING: unknown result; type: Column, label: SCOPE_CATLOG, value: null
Jan 26, 2026 2:30:08 PM com.github.jinahya.database.metadata.bind.Context bind
WARNING: unknown result; type: Column, label: SCOPE_CATLOG, value: null
Jan 26, 2026 2:30:08 PM com.github.jinahya.database.metadata.bind.Context bind
WARNING: unknown result; type: Column, label: SCOPE_CATLOG, value: null
Jan 26, 2026 2:30:08 PM com.github.jinahya.database.metadata.bind.Context bind
WARNING: unknown result; type: Column, label: SCOPE_CATLOG, value: null
Jan 26, 2026 2:30:08 PM com.github.jinahya.database.metadata.bind.Context bind
WARNING: unknown result; type: Column, label: SCOPE_CATLOG, value: null
Jan 26, 2026 2:30:08 PM com.github.jinahya.database.metadata.bind.Context bind
WARNING: unknown result; type: Column, label: SCOPE_CATLOG, value: null
Jan 26, 2026 2:30:08 PM com.github.jinahya.database.metadata.bind.Context bind
WARNING: unknown result; type: Column, label: SCOPE_CATLOG, value: null
Jan 26, 2026 2:30:08 PM com.github.jinahya.database.metadata.bind.Context bind
WARNING: unknown result; type: Column, label: SCOPE_CATLOG, value: null
Jan 26, 2026 2:30:08 PM com.github.jinahya.database.metadata.bind.Context bind
WARNING: unknown result; type: Column, label: SCOPE_CATLOG, value: null
Jan 26, 2026 2:30:08 PM com.github.jinahya.database.metadata.bind.Context bind
WARNING: unknown result; type: Column, label: SCOPE_CATLOG, value: null
Jan 26, 2026 2:30:08 PM com.github.jinahya.database.metadata.bind.Context bind
WARNING: unknown result; type: Column, label: SCOPE_CATLOG, value: null
Jan 26, 2026 2:30:08 PM com.github.jinahya.database.metadata.bind.Context bind
WARNING: unknown result; type: Column, label: SCOPE_CATLOG, value: null
Jan 26, 2026 2:30:08 PM com.github.jinahya.database.metadata.bind.Context bind
WARNING: unknown result; type: Column, label: SCOPE_CATLOG, value: null
Jan 26, 2026 2:30:08 PM com.github.jinahya.database.metadata.bind.Context bind
WARNING: unknown result; type: Column, label: SCOPE_CATLOG, value: null
Jan 26, 2026 2:30:08 PM com.github.jinahya.database.metadata.bind.Context bind
WARNING: unknown result; type: Column, label: SCOPE_CATLOG, value: null
Jan 26, 2026 2:30:08 PM com.github.jinahya.database.metadata.bind.Context bind
WARNING: unknown result; type: Column, label: SCOPE_CATLOG, value: null
Jan 26, 2026 2:30:08 PM com.github.jinahya.database.metadata.bind.Context bind
WARNING: unknown result; type: Column, label: SCOPE_CATLOG, value: null
Jan 26, 2026 2:30:08 PM com.github.jinahya.database.metadata.bind.Context bind
WARNING: unknown result; type: Column, label: SCOPE_CATLOG, value: null
Jan 26, 2026 2:30:08 PM com.github.jinahya.database.metadata.bind.Context bind
WARNING: unknown result; type: Column, label: SCOPE_CATLOG, value: null
Jan 26, 2026 2:30:08 PM com.github.jinahya.database.metadata.bind.Context bind
WARNING: unknown result; type: Column, label: SCOPE_CATLOG, value: null
Jan 26, 2026 2:30:08 PM com.github.jinahya.database.metadata.bind.Context bind
WARNING: unknown result; type: Column, label: SCOPE_CATLOG, value: null
Jan 26, 2026 2:30:08 PM com.github.jinahya.database.metadata.bind.Context bind
WARNING: unknown result; type: Column, label: SCOPE_CATLOG, value: null
Jan 26, 2026 2:30:08 PM com.github.jinahya.database.metadata.bind.Context bind
WARNING: unknown result; type: Column, label: SCOPE_CATLOG, value: null
Jan 26, 2026 2:30:08 PM com.github.jinahya.database.metadata.bind.Context bind
WARNING: unknown result; type: Column, label: SCOPE_CATLOG, value: null
Jan 26, 2026 2:30:08 PM com.github.jinahya.database.metadata.bind.Context bind
WARNING: unknown result; type: Column, label: SCOPE_CATLOG, value: null
Jan 26, 2026 2:30:08 PM com.github.jinahya.database.metadata.bind.Context bind
WARNING: unknown result; type: Column, label: SCOPE_CATLOG, value: null
Jan 26, 2026 2:30:08 PM com.github.jinahya.database.metadata.bind.Context bind
WARNING: unknown result; type: Column, label: SCOPE_CATLOG, value: null
Jan 26, 2026 2:30:08 PM com.github.jinahya.database.metadata.bind.Context bind
WARNING: unknown result; type: Column, label: SCOPE_CATLOG, value: null
Jan 26, 2026 2:30:08 PM com.github.jinahya.database.metadata.bind.Context bind
WARNING: unknown result; type: Column, label: SCOPE_CATLOG, value: null
Jan 26, 2026 2:30:08 PM com.github.jinahya.database.metadata.bind.Context bind
WARNING: unknown result; type: Column, label: SCOPE_CATLOG, value: null
Jan 26, 2026 2:30:08 PM com.github.jinahya.database.metadata.bind.Context bind
WARNING: unknown result; type: Column, label: SCOPE_CATLOG, value: null
Jan 26, 2026 2:30:08 PM com.github.jinahya.database.metadata.bind.Context bind
WARNING: unknown result; type: Column, label: SCOPE_CATLOG, value: null
Jan 26, 2026 2:30:08 PM com.github.jinahya.database.metadata.bind.Context bind
WARNING: unknown result; type: Column, label: SCOPE_CATLOG, value: null
Jan 26, 2026 2:30:08 PM com.github.jinahya.database.metadata.bind.Context bind
WARNING: unknown result; type: Column, label: SCOPE_CATLOG, value: null
Jan 26, 2026 2:30:08 PM com.github.jinahya.database.metadata.bind.Context bind
WARNING: unknown result; type: Column, label: SCOPE_CATLOG, value: null
Jan 26, 2026 2:30:08 PM com.github.jinahya.database.metadata.bind.Context bind
WARNING: unknown result; type: Column, label: SCOPE_CATLOG, value: null
Jan 26, 2026 2:30:08 PM com.github.jinahya.database.metadata.bind.Context bind
WARNING: unknown result; type: Column, label: SCOPE_CATLOG, value: null
Jan 26, 2026 2:30:08 PM com.github.jinahya.database.metadata.bind.Context bind
WARNING: unknown result; type: Column, label: SCOPE_CATLOG, value: null
Jan 26, 2026 2:30:08 PM com.github.jinahya.database.metadata.bind.Context bind
WARNING: unknown result; type: Column, label: SCOPE_CATLOG, value: null
Jan 26, 2026 2:30:08 PM com.github.jinahya.database.metadata.bind.Context bind
WARNING: unknown result; type: Column, label: SCOPE_CATLOG, value: null
Jan 26, 2026 2:30:08 PM com.github.jinahya.database.metadata.bind.Context bind
WARNING: unknown result; type: Column, label: SCOPE_CATLOG, value: null
Jan 26, 2026 2:30:08 PM com.github.jinahya.database.metadata.bind.Context bind
WARNING: unknown result; type: Column, label: SCOPE_CATLOG, value: null
Jan 26, 2026 2:30:08 PM com.github.jinahya.database.metadata.bind.Context bind
WARNING: unknown result; type: Column, label: SCOPE_CATLOG, value: null
Jan 26, 2026 2:30:08 PM com.github.jinahya.database.metadata.bind.Context bind
WARNING: unknown result; type: Column, label: SCOPE_CATLOG, value: null
Jan 26, 2026 2:30:08 PM com.github.jinahya.database.metadata.bind.Context bind
WARNING: unknown result; type: Column, label: SCOPE_CATLOG, value: null
Jan 26, 2026 2:30:08 PM com.github.jinahya.database.metadata.bind.Context bind
WARNING: unknown result; type: Column, label: SCOPE_CATLOG, value: null
Jan 26, 2026 2:30:08 PM com.github.jinahya.database.metadata.bind.Context bind
WARNING: unknown result; type: Column, label: SCOPE_CATLOG, value: null
Jan 26, 2026 2:30:08 PM com.github.jinahya.database.metadata.bind.Context bind
WARNING: unknown result; type: Column, label: SCOPE_CATLOG, value: null
Jan 26, 2026 2:30:08 PM com.github.jinahya.database.metadata.bind.Context bind
WARNING: unknown result; type: Column, label: SCOPE_CATLOG, value: null
Jan 26, 2026 2:30:08 PM com.github.jinahya.database.metadata.bind.Context bind
WARNING: unknown result; type: Column, label: SCOPE_CATLOG, value: null
Jan 26, 2026 2:30:08 PM com.github.jinahya.database.metadata.bind.Context bind
WARNING: unknown result; type: Column, label: SCOPE_CATLOG, value: null
Jan 26, 2026 2:30:08 PM com.github.jinahya.database.metadata.bind.Context bind
WARNING: unknown result; type: Column, label: SCOPE_CATLOG, value: null
Jan 26, 2026 2:30:08 PM com.github.jinahya.database.metadata.bind.Context bind
WARNING: unknown result; type: Column, label: SCOPE_CATLOG, value: null
Jan 26, 2026 2:30:08 PM com.github.jinahya.database.metadata.bind.Context bind
WARNING: unknown result; type: Column, label: SCOPE_CATLOG, value: null
Jan 26, 2026 2:30:08 PM com.github.jinahya.database.metadata.bind.Context bind
WARNING: unknown result; type: Column, label: SCOPE_CATLOG, value: null
Jan 26, 2026 2:30:08 PM com.github.jinahya.database.metadata.bind.Context bind
WARNING: unknown result; type: Column, label: SCOPE_CATLOG, value: null
Jan 26, 2026 2:30:08 PM com.github.jinahya.database.metadata.bind.Context bind
WARNING: unknown result; type: Column, label: SCOPE_CATLOG, value: null
Jan 26, 2026 2:30:08 PM com.github.jinahya.database.metadata.bind.Context bind
WARNING: unknown result; type: Column, label: SCOPE_CATLOG, value: null
Jan 26, 2026 2:30:08 PM com.github.jinahya.database.metadata.bind.Context bind
WARNING: unknown result; type: Column, label: SCOPE_CATLOG, value: null
Jan 26, 2026 2:30:08 PM com.github.jinahya.database.metadata.bind.Context bind
WARNING: unknown result; type: Column, label: SCOPE_CATLOG, value: null
Jan 26, 2026 2:30:08 PM com.github.jinahya.database.metadata.bind.Context bind
WARNING: unknown result; type: Column, label: SCOPE_CATLOG, value: null
Jan 26, 2026 2:30:08 PM com.github.jinahya.database.metadata.bind.Context bind
WARNING: unknown result; type: Column, label: SCOPE_CATLOG, value: null
Jan 26, 2026 2:30:08 PM com.github.jinahya.database.metadata.bind.Context bind
WARNING: unknown result; type: Column, label: SCOPE_CATLOG, value: null
Jan 26, 2026 2:30:08 PM com.github.jinahya.database.metadata.bind.Context bind
WARNING: unknown result; type: Column, label: SCOPE_CATLOG, value: null
Jan 26, 2026 2:30:08 PM com.github.jinahya.database.metadata.bind.Context bind
WARNING: unknown result; type: Column, label: SCOPE_CATLOG, value: null
Jan 26, 2026 2:30:08 PM com.github.jinahya.database.metadata.bind.Context bind
WARNING: unknown result; type: Column, label: SCOPE_CATLOG, value: null
Jan 26, 2026 2:30:08 PM com.github.jinahya.database.metadata.bind.Context bind
WARNING: unknown result; type: Column, label: SCOPE_CATLOG, value: null
Jan 26, 2026 2:30:08 PM com.github.jinahya.database.metadata.bind.Context bind
WARNING: unknown result; type: Column, label: SCOPE_CATLOG, value: null
Jan 26, 2026 2:30:08 PM com.github.jinahya.database.metadata.bind.Context bind
WARNING: unknown result; type: Column, label: SCOPE_CATLOG, value: null
Jan 26, 2026 2:30:08 PM com.github.jinahya.database.metadata.bind.Context bind
WARNING: unknown result; type: Column, label: SCOPE_CATLOG, value: null
Jan 26, 2026 2:30:08 PM com.github.jinahya.database.metadata.bind.Context bind
WARNING: unknown result; type: Column, label: SCOPE_CATLOG, value: null
Jan 26, 2026 2:30:08 PM com.github.jinahya.database.metadata.bind.Context bind
WARNING: unknown result; type: Column, label: SCOPE_CATLOG, value: null
Jan 26, 2026 2:30:08 PM com.github.jinahya.database.metadata.bind.Context bind
WARNING: unknown result; type: Column, label: SCOPE_CATLOG, value: null
Jan 26, 2026 2:30:08 PM com.github.jinahya.database.metadata.bind.Context bind
WARNING: unknown result; type: Column, label: SCOPE_CATLOG, value: null
Jan 26, 2026 2:30:08 PM com.github.jinahya.database.metadata.bind.Context bind
WARNING: unknown result; type: Column, label: SCOPE_CATLOG, value: null
Jan 26, 2026 2:30:08 PM com.github.jinahya.database.metadata.bind.Context bind
WARNING: unknown result; type: Column, label: SCOPE_CATLOG, value: null
Jan 26, 2026 2:30:08 PM com.github.jinahya.database.metadata.bind.Context bind
WARNING: unknown result; type: Column, label: SCOPE_CATLOG, value: null
Jan 26, 2026 2:30:08 PM com.github.jinahya.database.metadata.bind.Context bind
WARNING: unknown result; type: Column, label: SCOPE_CATLOG, value: null
Jan 26, 2026 2:30:08 PM com.github.jinahya.database.metadata.bind.Context bind
WARNING: unknown result; type: Column, label: SCOPE_CATLOG, value: null
Jan 26, 2026 2:30:08 PM com.github.jinahya.database.metadata.bind.Context bind
WARNING: unknown result; type: Column, label: SCOPE_CATLOG, value: null
Jan 26, 2026 2:30:08 PM com.github.jinahya.database.metadata.bind.Context bind
WARNING: unknown result; type: Column, label: SCOPE_CATLOG, value: null
Jan 26, 2026 2:30:08 PM com.github.jinahya.database.metadata.bind.Context bind
WARNING: unknown result; type: Column, label: SCOPE_CATLOG, value: null
4882 [main] DEBUG com.github.jinahya.database.metadata.bind.Memory_$_Test - JDBCMajorVersion: 4
4882 [main] DEBUG com.github.jinahya.database.metadata.bind.Memory_$_Test - JDBCMinorVersion: 2
4883 [main] DEBUG com.github.jinahya.database.metadata.bind.Memory_$_Test - SQLKeywords: ALIAS,BIGINT,BOOLEAN,CALL,CLASS,COPY,DB2J_DEBUG,EXECUTE,EXPLAIN,FILE,FILTER,GETCURRENTCONNECTION,INDEX,INSTANCEOF,METHOD,NEW,OFF,PROPERTIES,RECOMPILE,RENAME,RUNTIMESTATISTICS,STATEMENT,STATISTICS,TIMING,WAIT
4883 [main] DEBUG com.github.jinahya.database.metadata.bind.Memory_$_Test - SQLStateType: 2
4883 [main] DEBUG com.github.jinahya.database.metadata.bind.Memory_$_Test - URL: jdbc:derby:memory:test
4883 [main] DEBUG com.github.jinahya.database.metadata.bind.Memory_$_Test - catalogAtStart: false
4883 [main] DEBUG com.github.jinahya.database.metadata.bind.Memory_$_Test - catalogSeparator: 
4883 [main] DEBUG com.github.jinahya.database.metadata.bind.Memory_$_Test - catalogTerm: CATALOG
4883 [main] DEBUG com.github.jinahya.database.metadata.bind.Memory_$_Test - connection: org.apache.derby.impl.jdbc.EmbedConnection@1173013090 (XID = 5616), (SESSIONID = 15), (DATABASE = memory:test), (DRDAID = null) 
4883 [main] DEBUG com.github.jinahya.database.metadata.bind.Memory_$_Test - databaseMajorVersion: 10
4883 [main] DEBUG com.github.jinahya.database.metadata.bind.Memory_$_Test - databaseMinorVersion: 17
4883 [main] DEBUG com.github.jinahya.database.metadata.bind.Memory_$_Test - databaseProductName: Apache Derby
4883 [main] DEBUG com.github.jinahya.database.metadata.bind.Memory_$_Test - databaseProductVersion: 10.17.1.0 - (1913217)
4883 [main] DEBUG com.github.jinahya.database.metadata.bind.Memory_$_Test - defaultTransactionIsolation: 2
4883 [main] DEBUG com.github.jinahya.database.metadata.bind.Memory_$_Test - driverMajorVersion: 10
4883 [main] DEBUG com.github.jinahya.database.metadata.bind.Memory_$_Test - driverMinorVersion: 17
4883 [main] DEBUG com.github.jinahya.database.metadata.bind.Memory_$_Test - driverName: Apache Derby Embedded JDBC Driver
4883 [main] DEBUG com.github.jinahya.database.metadata.bind.Memory_$_Test - driverVersion: 10.17.1.0 - (1913217)
4883 [main] DEBUG com.github.jinahya.database.metadata.bind.Memory_$_Test - extraNameCharacters: 
4883 [main] DEBUG com.github.jinahya.database.metadata.bind.Memory_$_Test - identifierQuoteString: "
4883 [main] DEBUG com.github.jinahya.database.metadata.bind.Memory_$_Test - maxBinaryLiteralLength: 0
4883 [main] DEBUG com.github.jinahya.database.metadata.bind.Memory_$_Test - maxCatalogNameLength: 0
4883 [main] DEBUG com.github.jinahya.database.metadata.bind.Memory_$_Test - maxCharLiteralLength: 0
4883 [main] DEBUG com.github.jinahya.database.metadata.bind.Memory_$_Test - maxColumnNameLength: 128
4883 [main] DEBUG com.github.jinahya.database.metadata.bind.Memory_$_Test - maxColumnsInGroupBy: 0
4883 [main] DEBUG com.github.jinahya.database.metadata.bind.Memory_$_Test - maxColumnsInIndex: 0
4883 [main] DEBUG com.github.jinahya.database.metadata.bind.Memory_$_Test - maxColumnsInOrderBy: 0
4883 [main] DEBUG com.github.jinahya.database.metadata.bind.Memory_$_Test - maxColumnsInSelect: 0
4883 [main] DEBUG com.github.jinahya.database.metadata.bind.Memory_$_Test - maxColumnsInTable: 0
4883 [main] DEBUG com.github.jinahya.database.metadata.bind.Memory_$_Test - maxConnections: 0
4883 [main] DEBUG com.github.jinahya.database.metadata.bind.Memory_$_Test - maxCursorNameLength: 128
4883 [main] DEBUG com.github.jinahya.database.metadata.bind.Memory_$_Test - maxIndexLength: 0
4883 [main] DEBUG com.github.jinahya.database.metadata.bind.Memory_$_Test - maxLogicalLobSize: 0
4883 [main] DEBUG com.github.jinahya.database.metadata.bind.Memory_$_Test - maxProcedureNameLength: 128
4883 [main] DEBUG com.github.jinahya.database.metadata.bind.Memory_$_Test - maxRowSize: 0
4883 [main] DEBUG com.github.jinahya.database.metadata.bind.Memory_$_Test - maxSchemaNameLength: 128
4883 [main] DEBUG com.github.jinahya.database.metadata.bind.Memory_$_Test - maxStatementLength: 0
4883 [main] DEBUG com.github.jinahya.database.metadata.bind.Memory_$_Test - maxStatements: 0
4883 [main] DEBUG com.github.jinahya.database.metadata.bind.Memory_$_Test - maxTableNameLength: 128
4883 [main] DEBUG com.github.jinahya.database.metadata.bind.Memory_$_Test - maxTablesInSelect: 0
4883 [main] DEBUG com.github.jinahya.database.metadata.bind.Memory_$_Test - maxUserNameLength: 128
4883 [main] DEBUG com.github.jinahya.database.metadata.bind.Memory_$_Test - numericFunctions: ABS,ACOS,ASIN,ATAN,ATAN2,CEILING,COS,COT,DEGREES,EXP,FLOOR,LOG,LOG10,MOD,PI,RADIANS,RAND,SIGN,SIN,SQRT,TAN
4883 [main] DEBUG com.github.jinahya.database.metadata.bind.Memory_$_Test - procedureTerm: PROCEDURE
4883 [main] DEBUG com.github.jinahya.database.metadata.bind.Memory_$_Test - readOnly: false
4883 [main] DEBUG com.github.jinahya.database.metadata.bind.Memory_$_Test - resultSetHoldability: 1
4883 [main] DEBUG com.github.jinahya.database.metadata.bind.Memory_$_Test - rowIdLifetime: ROWID_UNSUPPORTED
4883 [main] DEBUG com.github.jinahya.database.metadata.bind.Memory_$_Test - schemaTerm: SCHEMA
4883 [main] DEBUG com.github.jinahya.database.metadata.bind.Memory_$_Test - searchStringEscape: 
4883 [main] DEBUG com.github.jinahya.database.metadata.bind.Memory_$_Test - stringFunctions: CONCAT,LENGTH,LCASE,LOCATE,LTRIM,RTRIM,SUBSTRING,UCASE
4883 [main] DEBUG com.github.jinahya.database.metadata.bind.Memory_$_Test - systemFunctions: USER
4883 [main] DEBUG com.github.jinahya.database.metadata.bind.Memory_$_Test - timeDateFunctions: CURDATE,CURTIME,HOUR,MINUTE,MONTH,SECOND,TIMESTAMPADD,TIMESTAMPDIFF,YEAR
4883 [main] DEBUG com.github.jinahya.database.metadata.bind.Memory_$_Test - userName: APP
Jan 26, 2026 2:30:08 PM com.github.jinahya.database.metadata.bind.Context bind
WARNING: unknown result; type: Column, label: SCOPE_CATLOG, value: null
Jan 26, 2026 2:30:08 PM com.github.jinahya.database.metadata.bind.Context bind
WARNING: unknown result; type: Column, label: SCOPE_CATLOG, value: null
Jan 26, 2026 2:30:08 PM com.github.jinahya.database.metadata.bind.Context bind
WARNING: unknown result; type: Column, label: SCOPE_CATLOG, value: null
Jan 26, 2026 2:30:08 PM com.github.jinahya.database.metadata.bind.Context bind
WARNING: unknown result; type: Column, label: SCOPE_CATLOG, value: null
Jan 26, 2026 2:30:08 PM com.github.jinahya.database.metadata.bind.Context bind
WARNING: unknown result; type: Column, label: SCOPE_CATLOG, value: null
Jan 26, 2026 2:30:08 PM com.github.jinahya.database.metadata.bind.Context bind
WARNING: unknown result; type: Column, label: SCOPE_CATLOG, value: null
Jan 26, 2026 2:30:08 PM com.github.jinahya.database.metadata.bind.Context bind
WARNING: unknown result; type: Column, label: SCOPE_CATLOG, value: null
Jan 26, 2026 2:30:08 PM com.github.jinahya.database.metadata.bind.Context bind
WARNING: unknown result; type: Column, label: SCOPE_CATLOG, value: null
Jan 26, 2026 2:30:08 PM com.github.jinahya.database.metadata.bind.Context bind
WARNING: unknown result; type: Column, label: SCOPE_CATLOG, value: null
Jan 26, 2026 2:30:08 PM com.github.jinahya.database.metadata.bind.Context bind
WARNING: unknown result; type: Column, label: SCOPE_CATLOG, value: null
Jan 26, 2026 2:30:08 PM com.github.jinahya.database.metadata.bind.Context bind
WARNING: unknown result; type: Column, label: SCOPE_CATLOG, value: null
Jan 26, 2026 2:30:08 PM com.github.jinahya.database.metadata.bind.Context bind
WARNING: unknown result; type: Column, label: SCOPE_CATLOG, value: null
Jan 26, 2026 2:30:08 PM com.github.jinahya.database.metadata.bind.Context bind
WARNING: unknown result; type: Column, label: SCOPE_CATLOG, value: null
Jan 26, 2026 2:30:08 PM com.github.jinahya.database.metadata.bind.Context bind
WARNING: unknown result; type: Column, label: SCOPE_CATLOG, value: null
Jan 26, 2026 2:30:08 PM com.github.jinahya.database.metadata.bind.Context bind
WARNING: unknown result; type: Column, label: SCOPE_CATLOG, value: null
Jan 26, 2026 2:30:08 PM com.github.jinahya.database.metadata.bind.Context bind
WARNING: unknown result; type: Column, label: SCOPE_CATLOG, value: null
Jan 26, 2026 2:30:08 PM com.github.jinahya.database.metadata.bind.Context bind
WARNING: unknown result; type: Column, label: SCOPE_CATLOG, value: null
Jan 26, 2026 2:30:08 PM com.github.jinahya.database.metadata.bind.Context bind
WARNING: unknown result; type: Column, label: SCOPE_CATLOG, value: null
Jan 26, 2026 2:30:08 PM com.github.jinahya.database.metadata.bind.Context bind
WARNING: unknown result; type: Column, label: SCOPE_CATLOG, value: null
Jan 26, 2026 2:30:08 PM com.github.jinahya.database.metadata.bind.Context bind
WARNING: unknown result; type: Column, label: SCOPE_CATLOG, value: null
Jan 26, 2026 2:30:08 PM com.github.jinahya.database.metadata.bind.Context bind
WARNING: unknown result; type: Column, label: SCOPE_CATLOG, value: null
Jan 26, 2026 2:30:08 PM com.github.jinahya.database.metadata.bind.Context bind
WARNING: unknown result; type: Column, label: SCOPE_CATLOG, value: null
Jan 26, 2026 2:30:08 PM com.github.jinahya.database.metadata.bind.Context bind
WARNING: unknown result; type: Column, label: SCOPE_CATLOG, value: null
Jan 26, 2026 2:30:08 PM com.github.jinahya.database.metadata.bind.Context bind
WARNING: unknown result; type: Column, label: SCOPE_CATLOG, value: null
Jan 26, 2026 2:30:08 PM com.github.jinahya.database.metadata.bind.Context bind
WARNING: unknown result; type: Column, label: SCOPE_CATLOG, value: null
Jan 26, 2026 2:30:08 PM com.github.jinahya.database.metadata.bind.Context bind
WARNING: unknown result; type: Column, label: SCOPE_CATLOG, value: null
Jan 26, 2026 2:30:08 PM com.github.jinahya.database.metadata.bind.Context bind
WARNING: unknown result; type: Column, label: SCOPE_CATLOG, value: null
Jan 26, 2026 2:30:08 PM com.github.jinahya.database.metadata.bind.Context bind
WARNING: unknown result; type: Column, label: SCOPE_CATLOG, value: null
Jan 26, 2026 2:30:08 PM com.github.jinahya.database.metadata.bind.Context bind
WARNING: unknown result; type: Column, label: SCOPE_CATLOG, value: null
Jan 26, 2026 2:30:08 PM com.github.jinahya.database.metadata.bind.Context bind
WARNING: unknown result; type: Column, label: SCOPE_CATLOG, value: null
Jan 26, 2026 2:30:08 PM com.github.jinahya.database.metadata.bind.Context bind
WARNING: unknown result; type: Column, label: SCOPE_CATLOG, value: null
Jan 26, 2026 2:30:08 PM com.github.jinahya.database.metadata.bind.Context bind
WARNING: unknown result; type: Column, label: SCOPE_CATLOG, value: null
Jan 26, 2026 2:30:08 PM com.github.jinahya.database.metadata.bind.Context bind
WARNING: unknown result; type: Column, label: SCOPE_CATLOG, value: null
Jan 26, 2026 2:30:08 PM com.github.jinahya.database.metadata.bind.Context bind
WARNING: unknown result; type: Column, label: SCOPE_CATLOG, value: null
Jan 26, 2026 2:30:08 PM com.github.jinahya.database.metadata.bind.Context bind
WARNING: unknown result; type: Column, label: SCOPE_CATLOG, value: null
Jan 26, 2026 2:30:08 PM com.github.jinahya.database.metadata.bind.Context bind
WARNING: unknown result; type: Column, label: SCOPE_CATLOG, value: null
Jan 26, 2026 2:30:08 PM com.github.jinahya.database.metadata.bind.Context bind
WARNING: unknown result; type: Column, label: SCOPE_CATLOG, value: null
Jan 26, 2026 2:30:08 PM com.github.jinahya.database.metadata.bind.Context bind
WARNING: unknown result; type: Column, label: SCOPE_CATLOG, value: null
Jan 26, 2026 2:30:08 PM com.github.jinahya.database.metadata.bind.Context bind
WARNING: unknown result; type: Column, label: SCOPE_CATLOG, value: null
Jan 26, 2026 2:30:08 PM com.github.jinahya.database.metadata.bind.Context bind
WARNING: unknown result; type: Column, label: SCOPE_CATLOG, value: null
Jan 26, 2026 2:30:08 PM com.github.jinahya.database.metadata.bind.Context bind
WARNING: unknown result; type: Column, label: SCOPE_CATLOG, value: null
Jan 26, 2026 2:30:08 PM com.github.jinahya.database.metadata.bind.Context bind
WARNING: unknown result; type: Column, label: SCOPE_CATLOG, value: null
Jan 26, 2026 2:30:08 PM com.github.jinahya.database.metadata.bind.Context bind
WARNING: unknown result; type: Column, label: SCOPE_CATLOG, value: null
Jan 26, 2026 2:30:08 PM com.github.jinahya.database.metadata.bind.Context bind
WARNING: unknown result; type: Column, label: SCOPE_CATLOG, value: null
Jan 26, 2026 2:30:08 PM com.github.jinahya.database.metadata.bind.Context bind
WARNING: unknown result; type: Column, label: SCOPE_CATLOG, value: null
Jan 26, 2026 2:30:08 PM com.github.jinahya.database.metadata.bind.Context bind
WARNING: unknown result; type: Column, label: SCOPE_CATLOG, value: null
Jan 26, 2026 2:30:08 PM com.github.jinahya.database.metadata.bind.Context bind
WARNING: unknown result; type: Column, label: SCOPE_CATLOG, value: null
Jan 26, 2026 2:30:08 PM com.github.jinahya.database.metadata.bind.Context bind
WARNING: unknown result; type: Column, label: SCOPE_CATLOG, value: null
Jan 26, 2026 2:30:08 PM com.github.jinahya.database.metadata.bind.Context bind
WARNING: unknown result; type: Column, label: SCOPE_CATLOG, value: null
Jan 26, 2026 2:30:08 PM com.github.jinahya.database.metadata.bind.Context bind
WARNING: unknown result; type: Column, label: SCOPE_CATLOG, value: null
Jan 26, 2026 2:30:08 PM com.github.jinahya.database.metadata.bind.Context bind
WARNING: unknown result; type: Column, label: SCOPE_CATLOG, value: null
Jan 26, 2026 2:30:08 PM com.github.jinahya.database.metadata.bind.Context bind
WARNING: unknown result; type: Column, label: SCOPE_CATLOG, value: null
Jan 26, 2026 2:30:08 PM com.github.jinahya.database.metadata.bind.Context bind
WARNING: unknown result; type: Column, label: SCOPE_CATLOG, value: null
Jan 26, 2026 2:30:08 PM com.github.jinahya.database.metadata.bind.Context bind
WARNING: unknown result; type: Column, label: SCOPE_CATLOG, value: null
Jan 26, 2026 2:30:08 PM com.github.jinahya.database.metadata.bind.Context bind
WARNING: unknown result; type: Column, label: SCOPE_CATLOG, value: null
Jan 26, 2026 2:30:08 PM com.github.jinahya.database.metadata.bind.Context bind
WARNING: unknown result; type: Column, label: SCOPE_CATLOG, value: null
Jan 26, 2026 2:30:08 PM com.github.jinahya.database.metadata.bind.Context bind
WARNING: unknown result; type: Column, label: SCOPE_CATLOG, value: null
Jan 26, 2026 2:30:08 PM com.github.jinahya.database.metadata.bind.Context bind
WARNING: unknown result; type: Column, label: SCOPE_CATLOG, value: null
Jan 26, 2026 2:30:08 PM com.github.jinahya.database.metadata.bind.Context bind
WARNING: unknown result; type: Column, label: SCOPE_CATLOG, value: null
Jan 26, 2026 2:30:08 PM com.github.jinahya.database.metadata.bind.Context bind
WARNING: unknown result; type: Column, label: SCOPE_CATLOG, value: null
Jan 26, 2026 2:30:08 PM com.github.jinahya.database.metadata.bind.Context bind
WARNING: unknown result; type: Column, label: SCOPE_CATLOG, value: null
Jan 26, 2026 2:30:08 PM com.github.jinahya.database.metadata.bind.Context bind
WARNING: unknown result; type: Column, label: SCOPE_CATLOG, value: null
Jan 26, 2026 2:30:08 PM com.github.jinahya.database.metadata.bind.Context bind
WARNING: unknown result; type: Column, label: SCOPE_CATLOG, value: null
Jan 26, 2026 2:30:08 PM com.github.jinahya.database.metadata.bind.Context bind
WARNING: unknown result; type: Column, label: SCOPE_CATLOG, value: null
Jan 26, 2026 2:30:08 PM com.github.jinahya.database.metadata.bind.Context bind
WARNING: unknown result; type: Column, label: SCOPE_CATLOG, value: null
Jan 26, 2026 2:30:08 PM com.github.jinahya.database.metadata.bind.Context bind
WARNING: unknown result; type: Column, label: SCOPE_CATLOG, value: null
Jan 26, 2026 2:30:08 PM com.github.jinahya.database.metadata.bind.Context bind
WARNING: unknown result; type: Column, label: SCOPE_CATLOG, value: null
Jan 26, 2026 2:30:08 PM com.github.jinahya.database.metadata.bind.Context bind
WARNING: unknown result; type: Column, label: SCOPE_CATLOG, value: null
Jan 26, 2026 2:30:08 PM com.github.jinahya.database.metadata.bind.Context bind
WARNING: unknown result; type: Column, label: SCOPE_CATLOG, value: null
Jan 26, 2026 2:30:08 PM com.github.jinahya.database.metadata.bind.Context bind
WARNING: unknown result; type: Column, label: SCOPE_CATLOG, value: null
Jan 26, 2026 2:30:08 PM com.github.jinahya.database.metadata.bind.Context bind
WARNING: unknown result; type: Column, label: SCOPE_CATLOG, value: null
Jan 26, 2026 2:30:08 PM com.github.jinahya.database.metadata.bind.Context bind
WARNING: unknown result; type: Column, label: SCOPE_CATLOG, value: null
Jan 26, 2026 2:30:08 PM com.github.jinahya.database.metadata.bind.Context bind
WARNING: unknown result; type: Column, label: SCOPE_CATLOG, value: null
Jan 26, 2026 2:30:08 PM com.github.jinahya.database.metadata.bind.Context bind
WARNING: unknown result; type: Column, label: SCOPE_CATLOG, value: null
Jan 26, 2026 2:30:08 PM com.github.jinahya.database.metadata.bind.Context bind
WARNING: unknown result; type: Column, label: SCOPE_CATLOG, value: null
Jan 26, 2026 2:30:08 PM com.github.jinahya.database.metadata.bind.Context bind
WARNING: unknown result; type: Column, label: SCOPE_CATLOG, value: null
Jan 26, 2026 2:30:08 PM com.github.jinahya.database.metadata.bind.Context bind
WARNING: unknown result; type: Column, label: SCOPE_CATLOG, value: null
Jan 26, 2026 2:30:08 PM com.github.jinahya.database.metadata.bind.Context bind
WARNING: unknown result; type: Column, label: SCOPE_CATLOG, value: null
Jan 26, 2026 2:30:08 PM com.github.jinahya.database.metadata.bind.Context bind
WARNING: unknown result; type: Column, label: SCOPE_CATLOG, value: null
Jan 26, 2026 2:30:08 PM com.github.jinahya.database.metadata.bind.Context bind
WARNING: unknown result; type: Column, label: SCOPE_CATLOG, value: null
Jan 26, 2026 2:30:08 PM com.github.jinahya.database.metadata.bind.Context bind
WARNING: unknown result; type: Column, label: SCOPE_CATLOG, value: null
Jan 26, 2026 2:30:08 PM com.github.jinahya.database.metadata.bind.Context bind
WARNING: unknown result; type: Column, label: SCOPE_CATLOG, value: null
Jan 26, 2026 2:30:08 PM com.github.jinahya.database.metadata.bind.Context bind
WARNING: unknown result; type: Column, label: SCOPE_CATLOG, value: null
Jan 26, 2026 2:30:08 PM com.github.jinahya.database.metadata.bind.Context bind
WARNING: unknown result; type: Column, label: SCOPE_CATLOG, value: null
Jan 26, 2026 2:30:08 PM com.github.jinahya.database.metadata.bind.Context bind
WARNING: unknown result; type: Column, label: SCOPE_CATLOG, value: null
Jan 26, 2026 2:30:08 PM com.github.jinahya.database.metadata.bind.Context bind
WARNING: unknown result; type: Column, label: SCOPE_CATLOG, value: null
Jan 26, 2026 2:30:08 PM com.github.jinahya.database.metadata.bind.Context bind
WARNING: unknown result; type: Column, label: SCOPE_CATLOG, value: null
Jan 26, 2026 2:30:08 PM com.github.jinahya.database.metadata.bind.Context bind
WARNING: unknown result; type: Column, label: SCOPE_CATLOG, value: null
Jan 26, 2026 2:30:08 PM com.github.jinahya.database.metadata.bind.Context bind
WARNING: unknown result; type: Column, label: SCOPE_CATLOG, value: null
Jan 26, 2026 2:30:08 PM com.github.jinahya.database.metadata.bind.Context bind
WARNING: unknown result; type: Column, label: SCOPE_CATLOG, value: null
Jan 26, 2026 2:30:08 PM com.github.jinahya.database.metadata.bind.Context bind
WARNING: unknown result; type: Column, label: SCOPE_CATLOG, value: null
Jan 26, 2026 2:30:08 PM com.github.jinahya.database.metadata.bind.Context bind
WARNING: unknown result; type: Column, label: SCOPE_CATLOG, value: null
Jan 26, 2026 2:30:08 PM com.github.jinahya.database.metadata.bind.Context bind
WARNING: unknown result; type: Column, label: SCOPE_CATLOG, value: null
Jan 26, 2026 2:30:08 PM com.github.jinahya.database.metadata.bind.Context bind
WARNING: unknown result; type: Column, label: SCOPE_CATLOG, value: null
Jan 26, 2026 2:30:08 PM com.github.jinahya.database.metadata.bind.Context bind
WARNING: unknown result; type: Column, label: SCOPE_CATLOG, value: null
Jan 26, 2026 2:30:08 PM com.github.jinahya.database.metadata.bind.Context bind
WARNING: unknown result; type: Column, label: SCOPE_CATLOG, value: null
Jan 26, 2026 2:30:08 PM com.github.jinahya.database.metadata.bind.Context bind
WARNING: unknown result; type: Column, label: SCOPE_CATLOG, value: null
Jan 26, 2026 2:30:08 PM com.github.jinahya.database.metadata.bind.Context bind
WARNING: unknown result; type: Column, label: SCOPE_CATLOG, value: null
Jan 26, 2026 2:30:08 PM com.github.jinahya.database.metadata.bind.Context bind
WARNING: unknown result; type: Column, label: SCOPE_CATLOG, value: null
Jan 26, 2026 2:30:08 PM com.github.jinahya.database.metadata.bind.Context bind
WARNING: unknown result; type: Column, label: SCOPE_CATLOG, value: null
Jan 26, 2026 2:30:08 PM com.github.jinahya.database.metadata.bind.Context bind
WARNING: unknown result; type: Column, label: SCOPE_CATLOG, value: null
Jan 26, 2026 2:30:08 PM com.github.jinahya.database.metadata.bind.Context bind
WARNING: unknown result; type: Column, label: SCOPE_CATLOG, value: null
Jan 26, 2026 2:30:08 PM com.github.jinahya.database.metadata.bind.Context bind
WARNING: unknown result; type: Column, label: SCOPE_CATLOG, value: null
Jan 26, 2026 2:30:08 PM com.github.jinahya.database.metadata.bind.Context bind
WARNING: unknown result; type: Column, label: SCOPE_CATLOG, value: null
Jan 26, 2026 2:30:08 PM com.github.jinahya.database.metadata.bind.Context bind
WARNING: unknown result; type: Column, label: SCOPE_CATLOG, value: null
Jan 26, 2026 2:30:08 PM com.github.jinahya.database.metadata.bind.Context bind
WARNING: unknown result; type: Column, label: SCOPE_CATLOG, value: null
Jan 26, 2026 2:30:08 PM com.github.jinahya.database.metadata.bind.Context bind
WARNING: unknown result; type: Column, label: SCOPE_CATLOG, value: null
Jan 26, 2026 2:30:08 PM com.github.jinahya.database.metadata.bind.Context bind
WARNING: unknown result; type: Column, label: SCOPE_CATLOG, value: null
Jan 26, 2026 2:30:08 PM com.github.jinahya.database.metadata.bind.Context bind
WARNING: unknown result; type: Column, label: SCOPE_CATLOG, value: null
Jan 26, 2026 2:30:08 PM com.github.jinahya.database.metadata.bind.Context bind
WARNING: unknown result; type: Column, label: SCOPE_CATLOG, value: null
Jan 26, 2026 2:30:08 PM com.github.jinahya.database.metadata.bind.Context bind
WARNING: unknown result; type: Column, label: SCOPE_CATLOG, value: null
Jan 26, 2026 2:30:08 PM com.github.jinahya.database.metadata.bind.Context bind
WARNING: unknown result; type: Column, label: SCOPE_CATLOG, value: null
Jan 26, 2026 2:30:08 PM com.github.jinahya.database.metadata.bind.Context bind
WARNING: unknown result; type: Column, label: SCOPE_CATLOG, value: null
Jan 26, 2026 2:30:08 PM com.github.jinahya.database.metadata.bind.Context bind
WARNING: unknown result; type: Column, label: SCOPE_CATLOG, value: null
Jan 26, 2026 2:30:08 PM com.github.jinahya.database.metadata.bind.Context bind
WARNING: unknown result; type: Column, label: SCOPE_CATLOG, value: null
Jan 26, 2026 2:30:08 PM com.github.jinahya.database.metadata.bind.Context bind
WARNING: unknown result; type: Column, label: SCOPE_CATLOG, value: null
Jan 26, 2026 2:30:08 PM com.github.jinahya.database.metadata.bind.Context bind
WARNING: unknown result; type: Column, label: SCOPE_CATLOG, value: null
Jan 26, 2026 2:30:08 PM com.github.jinahya.database.metadata.bind.Context bind
WARNING: unknown result; type: Column, label: SCOPE_CATLOG, value: null
Jan 26, 2026 2:30:08 PM com.github.jinahya.database.metadata.bind.Context bind
WARNING: unknown result; type: Column, label: SCOPE_CATLOG, value: null
Jan 26, 2026 2:30:08 PM com.github.jinahya.database.metadata.bind.Context bind
WARNING: unknown result; type: Column, label: SCOPE_CATLOG, value: null
Jan 26, 2026 2:30:08 PM com.github.jinahya.database.metadata.bind.Context bind
WARNING: unknown result; type: Column, label: SCOPE_CATLOG, value: null
Jan 26, 2026 2:30:08 PM com.github.jinahya.database.metadata.bind.Context bind
WARNING: unknown result; type: Column, label: SCOPE_CATLOG, value: null
Jan 26, 2026 2:30:08 PM com.github.jinahya.database.metadata.bind.Context bind
WARNING: unknown result; type: Column, label: SCOPE_CATLOG, value: null
Jan 26, 2026 2:30:08 PM com.github.jinahya.database.metadata.bind.Context bind
WARNING: unknown result; type: Column, label: SCOPE_CATLOG, value: null
Jan 26, 2026 2:30:08 PM com.github.jinahya.database.metadata.bind.Context bind
WARNING: unknown result; type: Column, label: SCOPE_CATLOG, value: null
Jan 26, 2026 2:30:08 PM com.github.jinahya.database.metadata.bind.Context bind
WARNING: unknown result; type: Column, label: SCOPE_CATLOG, value: null
Jan 26, 2026 2:30:08 PM com.github.jinahya.database.metadata.bind.Context bind
WARNING: unknown result; type: Column, label: SCOPE_CATLOG, value: null
Jan 26, 2026 2:30:08 PM com.github.jinahya.database.metadata.bind.Context bind
WARNING: unknown result; type: Column, label: SCOPE_CATLOG, value: null
Jan 26, 2026 2:30:08 PM com.github.jinahya.database.metadata.bind.Context bind
WARNING: unknown result; type: Column, label: SCOPE_CATLOG, value: null
Jan 26, 2026 2:30:08 PM com.github.jinahya.database.metadata.bind.Context bind
WARNING: unknown result; type: Column, label: SCOPE_CATLOG, value: null
Jan 26, 2026 2:30:08 PM com.github.jinahya.database.metadata.bind.Context bind
WARNING: unknown result; type: Column, label: SCOPE_CATLOG, value: null
Jan 26, 2026 2:30:08 PM com.github.jinahya.database.metadata.bind.Context bind
WARNING: unknown result; type: Column, label: SCOPE_CATLOG, value: null
Jan 26, 2026 2:30:08 PM com.github.jinahya.database.metadata.bind.Context bind
WARNING: unknown result; type: Column, label: SCOPE_CATLOG, value: null
Jan 26, 2026 2:30:08 PM com.github.jinahya.database.metadata.bind.Context bind
WARNING: unknown result; type: Column, label: SCOPE_CATLOG, value: null
Jan 26, 2026 2:30:08 PM com.github.jinahya.database.metadata.bind.Context bind
WARNING: unknown result; type: Column, label: SCOPE_CATLOG, value: null
Jan 26, 2026 2:30:08 PM com.github.jinahya.database.metadata.bind.Context bind
WARNING: unknown result; type: Column, label: SCOPE_CATLOG, value: null
Jan 26, 2026 2:30:08 PM com.github.jinahya.database.metadata.bind.Context bind
WARNING: unknown result; type: Column, label: SCOPE_CATLOG, value: null
Jan 26, 2026 2:30:08 PM com.github.jinahya.database.metadata.bind.Context bind
WARNING: unknown result; type: Column, label: SCOPE_CATLOG, value: null
Jan 26, 2026 2:30:08 PM com.github.jinahya.database.metadata.bind.Context bind
WARNING: unknown result; type: Column, label: SCOPE_CATLOG, value: null
Jan 26, 2026 2:30:08 PM com.github.jinahya.database.metadata.bind.Context bind
WARNING: unknown result; type: Column, label: SCOPE_CATLOG, value: null
Jan 26, 2026 2:30:08 PM com.github.jinahya.database.metadata.bind.Context bind
WARNING: unknown result; type: Column, label: SCOPE_CATLOG, value: null
Jan 26, 2026 2:30:08 PM com.github.jinahya.database.metadata.bind.Context bind
WARNING: unknown result; type: Column, label: SCOPE_CATLOG, value: null
Jan 26, 2026 2:30:08 PM com.github.jinahya.database.metadata.bind.Context bind
WARNING: unknown result; type: Column, label: SCOPE_CATLOG, value: null
Jan 26, 2026 2:30:08 PM com.github.jinahya.database.metadata.bind.Context bind
WARNING: unknown result; type: Column, label: SCOPE_CATLOG, value: null
Jan 26, 2026 2:30:08 PM com.github.jinahya.database.metadata.bind.Context bind
WARNING: unknown result; type: Column, label: SCOPE_CATLOG, value: null
Jan 26, 2026 2:30:08 PM com.github.jinahya.database.metadata.bind.Context bind
WARNING: unknown result; type: Column, label: SCOPE_CATLOG, value: null
Jan 26, 2026 2:30:08 PM com.github.jinahya.database.metadata.bind.Context bind
WARNING: unknown result; type: Column, label: SCOPE_CATLOG, value: null
Jan 26, 2026 2:30:08 PM com.github.jinahya.database.metadata.bind.Context bind
WARNING: unknown result; type: Column, label: SCOPE_CATLOG, value: null
4891 [main] DEBUG com.github.jinahya.database.metadata.bind.Memory_$_Test - getNumericFunctions: ABS,ACOS,ASIN,ATAN,ATAN2,CEILING,COS,COT,DEGREES,EXP,FLOOR,LOG,LOG10,MOD,PI,RADIANS,RAND,SIGN,SIN,SQRT,TAN
4891 [main] DEBUG com.github.jinahya.database.metadata.bind.Memory_$_Test - getTimeDateFunctions: CURDATE,CURTIME,HOUR,MINUTE,MONTH,SECOND,TIMESTAMPADD,TIMESTAMPDIFF,YEAR
4891 [main] DEBUG com.github.jinahya.database.metadata.bind.Memory_$_Test - allProceduresAreCallable: true
4891 [main] DEBUG com.github.jinahya.database.metadata.bind.Memory_$_Test - allTablesAreSelectable: true
4891 [main] DEBUG com.github.jinahya.database.metadata.bind.Memory_$_Test - nullsAreSortedAtStart: false
4891 [main] DEBUG com.github.jinahya.database.metadata.bind.Memory_$_Test - nullsAreSortedAtEnd: false
4891 [main] DEBUG com.github.jinahya.database.metadata.bind.Memory_$_Test - getDriverMajorVersion: 10
4891 [main] DEBUG com.github.jinahya.database.metadata.bind.Memory_$_Test - getDriverMinorVersion: 17
4891 [main] DEBUG com.github.jinahya.database.metadata.bind.Memory_$_Test - usesLocalFilePerTable: false
4891 [main] DEBUG com.github.jinahya.database.metadata.bind.Memory_$_Test - supportsMixedCaseIdentifiers: false
4891 [main] DEBUG com.github.jinahya.database.metadata.bind.Memory_$_Test - storesUpperCaseIdentifiers: true
4891 [main] DEBUG com.github.jinahya.database.metadata.bind.Memory_$_Test - storesLowerCaseIdentifiers: false
4891 [main] DEBUG com.github.jinahya.database.metadata.bind.Memory_$_Test - storesMixedCaseIdentifiers: false
4891 [main] DEBUG com.github.jinahya.database.metadata.bind.Memory_$_Test - supportsMixedCaseQuotedIdentifiers: true
4891 [main] DEBUG com.github.jinahya.database.metadata.bind.Memory_$_Test - storesUpperCaseQuotedIdentifiers: false
4891 [main] DEBUG com.github.jinahya.database.metadata.bind.Memory_$_Test - storesLowerCaseQuotedIdentifiers: false
4891 [main] DEBUG com.github.jinahya.database.metadata.bind.Memory_$_Test - storesMixedCaseQuotedIdentifiers: true
4891 [main] DEBUG com.github.jinahya.database.metadata.bind.Memory_$_Test - getIdentifierQuoteString: "
4891 [main] DEBUG com.github.jinahya.database.metadata.bind.Memory_$_Test - getSearchStringEscape: 
4891 [main] DEBUG com.github.jinahya.database.metadata.bind.Memory_$_Test - getExtraNameCharacters: 
4891 [main] DEBUG com.github.jinahya.database.metadata.bind.Memory_$_Test - supportsAlterTableWithAddColumn: true
4891 [main] DEBUG com.github.jinahya.database.metadata.bind.Memory_$_Test - supportsAlterTableWithDropColumn: true
4891 [main] DEBUG com.github.jinahya.database.metadata.bind.Memory_$_Test - supportsColumnAliasing: true
4891 [main] DEBUG com.github.jinahya.database.metadata.bind.Memory_$_Test - nullPlusNonNullIsNull: true
4891 [main] DEBUG com.github.jinahya.database.metadata.bind.Memory_$_Test - supportsTableCorrelationNames: true
4891 [main] DEBUG com.github.jinahya.database.metadata.bind.Memory_$_Test - supportsExpressionsInOrderBy: true
4891 [main] DEBUG com.github.jinahya.database.metadata.bind.Memory_$_Test - supportsOrderByUnrelated: false
4891 [main] DEBUG com.github.jinahya.database.metadata.bind.Memory_$_Test - supportsGroupByUnrelated: true
4891 [main] DEBUG com.github.jinahya.database.metadata.bind.Memory_$_Test - supportsGroupByBeyondSelect: true
4891 [main] DEBUG com.github.jinahya.database.metadata.bind.Memory_$_Test - supportsLikeEscapeClause: true
4891 [main] DEBUG com.github.jinahya.database.metadata.bind.Memory_$_Test - supportsMultipleResultSets: true
4891 [main] DEBUG com.github.jinahya.database.metadata.bind.Memory_$_Test - supportsMultipleTransactions: true
4891 [main] DEBUG com.github.jinahya.database.metadata.bind.Memory_$_Test - supportsNonNullableColumns: true
4891 [main] DEBUG com.github.jinahya.database.metadata.bind.Memory_$_Test - supportsMinimumSQLGrammar: true
4891 [main] DEBUG com.github.jinahya.database.metadata.bind.Memory_$_Test - supportsCoreSQLGrammar: false
4891 [main] DEBUG com.github.jinahya.database.metadata.bind.Memory_$_Test - supportsExtendedSQLGrammar: false
4891 [main] DEBUG com.github.jinahya.database.metadata.bind.Memory_$_Test - supportsANSI92EntryLevelSQL: true
4891 [main] DEBUG com.github.jinahya.database.metadata.bind.Memory_$_Test - supportsANSI92IntermediateSQL: false
4891 [main] DEBUG com.github.jinahya.database.metadata.bind.Memory_$_Test - supportsANSI92FullSQL: false
4891 [main] DEBUG com.github.jinahya.database.metadata.bind.Memory_$_Test - supportsFullOuterJoins: false
4891 [main] DEBUG com.github.jinahya.database.metadata.bind.Memory_$_Test - supportsLimitedOuterJoins: true
4891 [main] DEBUG com.github.jinahya.database.metadata.bind.Memory_$_Test - getCatalogSeparator: 
4891 [main] DEBUG com.github.jinahya.database.metadata.bind.Memory_$_Test - supportsSchemasInDataManipulation: true
4891 [main] DEBUG com.github.jinahya.database.metadata.bind.Memory_$_Test - supportsSchemasInProcedureCalls: true
4891 [main] DEBUG com.github.jinahya.database.metadata.bind.Memory_$_Test - supportsSchemasInTableDefinitions: true
4891 [main] DEBUG com.github.jinahya.database.metadata.bind.Memory_$_Test - supportsSchemasInIndexDefinitions: true
4891 [main] DEBUG com.github.jinahya.database.metadata.bind.Memory_$_Test - supportsCatalogsInDataManipulation: false
4891 [main] DEBUG com.github.jinahya.database.metadata.bind.Memory_$_Test - supportsCatalogsInProcedureCalls: false
4891 [main] DEBUG com.github.jinahya.database.metadata.bind.Memory_$_Test - supportsCatalogsInTableDefinitions: false
4891 [main] DEBUG com.github.jinahya.database.metadata.bind.Memory_$_Test - supportsCatalogsInIndexDefinitions: false
4891 [main] DEBUG com.github.jinahya.database.metadata.bind.Memory_$_Test - supportsPositionedDelete: true
4891 [main] DEBUG com.github.jinahya.database.metadata.bind.Memory_$_Test - supportsPositionedUpdate: true
4891 [main] DEBUG com.github.jinahya.database.metadata.bind.Memory_$_Test - supportsSelectForUpdate: true
4891 [main] DEBUG com.github.jinahya.database.metadata.bind.Memory_$_Test - supportsStoredProcedures: true
4891 [main] DEBUG com.github.jinahya.database.metadata.bind.Memory_$_Test - supportsSubqueriesInComparisons: true
4891 [main] DEBUG com.github.jinahya.database.metadata.bind.Memory_$_Test - supportsSubqueriesInExists: true
4891 [main] DEBUG com.github.jinahya.database.metadata.bind.Memory_$_Test - supportsSubqueriesInIns: true
4891 [main] DEBUG com.github.jinahya.database.metadata.bind.Memory_$_Test - supportsSubqueriesInQuantifieds: true
4891 [main] DEBUG com.github.jinahya.database.metadata.bind.Memory_$_Test - supportsCorrelatedSubqueries: true
4891 [main] DEBUG com.github.jinahya.database.metadata.bind.Memory_$_Test - supportsOpenCursorsAcrossCommit: false
4891 [main] DEBUG com.github.jinahya.database.metadata.bind.Memory_$_Test - supportsOpenCursorsAcrossRollback: false
4891 [main] DEBUG com.github.jinahya.database.metadata.bind.Memory_$_Test - supportsOpenStatementsAcrossCommit: true
4891 [main] DEBUG com.github.jinahya.database.metadata.bind.Memory_$_Test - getMaxBinaryLiteralLength: 0
4891 [main] DEBUG com.github.jinahya.database.metadata.bind.Memory_$_Test - getMaxCharLiteralLength: 0
4891 [main] DEBUG com.github.jinahya.database.metadata.bind.Memory_$_Test - getMaxColumnNameLength: 128
4891 [main] DEBUG com.github.jinahya.database.metadata.bind.Memory_$_Test - getMaxColumnsInGroupBy: 0
4891 [main] DEBUG com.github.jinahya.database.metadata.bind.Memory_$_Test - getMaxColumnsInIndex: 0
4891 [main] DEBUG com.github.jinahya.database.metadata.bind.Memory_$_Test - getMaxColumnsInOrderBy: 0
4891 [main] DEBUG com.github.jinahya.database.metadata.bind.Memory_$_Test - getMaxColumnsInSelect: 0
4891 [main] DEBUG com.github.jinahya.database.metadata.bind.Memory_$_Test - getMaxColumnsInTable: 0
4891 [main] DEBUG com.github.jinahya.database.metadata.bind.Memory_$_Test - getMaxCursorNameLength: 128
4891 [main] DEBUG com.github.jinahya.database.metadata.bind.Memory_$_Test - getMaxSchemaNameLength: 128
4891 [main] DEBUG com.github.jinahya.database.metadata.bind.Memory_$_Test - getMaxProcedureNameLength: 128
4891 [main] DEBUG com.github.jinahya.database.metadata.bind.Memory_$_Test - getMaxCatalogNameLength: 0
4891 [main] DEBUG com.github.jinahya.database.metadata.bind.Memory_$_Test - doesMaxRowSizeIncludeBlobs: true
4891 [main] DEBUG com.github.jinahya.database.metadata.bind.Memory_$_Test - getMaxStatementLength: 0
4891 [main] DEBUG com.github.jinahya.database.metadata.bind.Memory_$_Test - getMaxTableNameLength: 128
4891 [main] DEBUG com.github.jinahya.database.metadata.bind.Memory_$_Test - getMaxTablesInSelect: 0
4891 [main] DEBUG com.github.jinahya.database.metadata.bind.Memory_$_Test - getMaxUserNameLength: 128
4891 [main] DEBUG com.github.jinahya.database.metadata.bind.Memory_$_Test - getDefaultTransactionIsolation: 2
4891 [main] DEBUG com.github.jinahya.database.metadata.bind.Memory_$_Test - supportsTransactions: true
4891 [main] DEBUG com.github.jinahya.database.metadata.bind.Memory_$_Test - supportsBatchUpdates: true
4891 [main] DEBUG com.github.jinahya.database.metadata.bind.Memory_$_Test - supportsNamedParameters: false
4891 [main] DEBUG com.github.jinahya.database.metadata.bind.Memory_$_Test - supportsMultipleOpenResults: true
4891 [main] DEBUG com.github.jinahya.database.metadata.bind.Memory_$_Test - supportsGetGeneratedKeys: false
4891 [main] DEBUG com.github.jinahya.database.metadata.bind.Memory_$_Test - getResultSetHoldability: 1
4891 [main] DEBUG com.github.jinahya.database.metadata.bind.Memory_$_Test - getDatabaseMajorVersion: 10
4891 [main] DEBUG com.github.jinahya.database.metadata.bind.Memory_$_Test - getDatabaseMinorVersion: 17
4891 [main] DEBUG com.github.jinahya.database.metadata.bind.Memory_$_Test - getJDBCMajorVersion: 4
4891 [main] DEBUG com.github.jinahya.database.metadata.bind.Memory_$_Test - getJDBCMinorVersion: 2
4891 [main] DEBUG com.github.jinahya.database.metadata.bind.Memory_$_Test - supportsStatementPooling: false
4891 [main] DEBUG com.github.jinahya.database.metadata.bind.Memory_$_Test - generatedKeyAlwaysReturned: true
4891 [main] DEBUG com.github.jinahya.database.metadata.bind.Memory_$_Test - getMaxLogicalLobSize: 0
4891 [main] DEBUG com.github.jinahya.database.metadata.bind.Memory_$_Test - getDatabaseProductName: Apache Derby
4891 [main] DEBUG com.github.jinahya.database.metadata.bind.Memory_$_Test - getDatabaseProductVersion: 10.17.1.0 - (1913217)
4891 [main] DEBUG com.github.jinahya.database.metadata.bind.Memory_$_Test - getConnection: org.apache.derby.impl.jdbc.EmbedConnection@292619777 (XID = 5625), (SESSIONID = 21), (DATABASE = memory:test), (DRDAID = null) 
4891 [main] DEBUG com.github.jinahya.database.metadata.bind.Memory_$_Test - getUserName: APP
4891 [main] DEBUG com.github.jinahya.database.metadata.bind.Memory_$_Test - getSQLKeywords: ALIAS,BIGINT,BOOLEAN,CALL,CLASS,COPY,DB2J_DEBUG,EXECUTE,EXPLAIN,FILE,FILTER,GETCURRENTCONNECTION,INDEX,INSTANCEOF,METHOD,NEW,OFF,PROPERTIES,RECOMPILE,RENAME,RUNTIMESTATISTICS,STATEMENT,STATISTICS,TIMING,WAIT
4891 [main] DEBUG com.github.jinahya.database.metadata.bind.Memory_$_Test - getStringFunctions: CONCAT,LENGTH,LCASE,LOCATE,LTRIM,RTRIM,SUBSTRING,UCASE
4891 [main] DEBUG com.github.jinahya.database.metadata.bind.Memory_$_Test - getSystemFunctions: USER
4891 [main] DEBUG com.github.jinahya.database.metadata.bind.Memory_$_Test - supportsDifferentTableCorrelationNames: true
4891 [main] DEBUG com.github.jinahya.database.metadata.bind.Memory_$_Test - supportsIntegrityEnhancementFacility: false
4891 [main] DEBUG com.github.jinahya.database.metadata.bind.Memory_$_Test - supportsSchemasInPrivilegeDefinitions: true
4891 [main] DEBUG com.github.jinahya.database.metadata.bind.Memory_$_Test - supportsCatalogsInPrivilegeDefinitions: false
4891 [main] DEBUG com.github.jinahya.database.metadata.bind.Memory_$_Test - supportsOpenStatementsAcrossRollback: false
4891 [main] DEBUG com.github.jinahya.database.metadata.bind.Memory_$_Test - supportsDataManipulationTransactionsOnly: false
4891 [main] DEBUG com.github.jinahya.database.metadata.bind.Memory_$_Test - dataDefinitionCausesTransactionCommit: false
4891 [main] DEBUG com.github.jinahya.database.metadata.bind.Memory_$_Test - dataDefinitionIgnoredInTransactions: false
4891 [main] DEBUG com.github.jinahya.database.metadata.bind.Memory_$_Test - supportsStoredFunctionsUsingCallSyntax: true
4891 [main] DEBUG com.github.jinahya.database.metadata.bind.Memory_$_Test - autoCommitFailureClosesAllResultSets: true
4891 [main] DEBUG com.github.jinahya.database.metadata.bind.Memory_$_Test - supportsDataDefinitionAndDataManipulationTransactions: true
4891 [main] DEBUG com.github.jinahya.database.metadata.bind.Memory_$_Test - nullsAreSortedHigh: true
4891 [main] DEBUG com.github.jinahya.database.metadata.bind.Memory_$_Test - nullsAreSortedLow: false
4891 [main] DEBUG com.github.jinahya.database.metadata.bind.Memory_$_Test - getDriverName: Apache Derby Embedded JDBC Driver
4891 [main] DEBUG com.github.jinahya.database.metadata.bind.Memory_$_Test - getDriverVersion: 10.17.1.0 - (1913217)
4891 [main] DEBUG com.github.jinahya.database.metadata.bind.Memory_$_Test - usesLocalFiles: false
4891 [main] DEBUG com.github.jinahya.database.metadata.bind.Memory_$_Test - supportsConvert: false
4891 [main] DEBUG com.github.jinahya.database.metadata.bind.Memory_$_Test - supportsGroupBy: true
4891 [main] DEBUG com.github.jinahya.database.metadata.bind.Memory_$_Test - supportsOuterJoins: true
4891 [main] DEBUG com.github.jinahya.database.metadata.bind.Memory_$_Test - getSchemaTerm: SCHEMA
4891 [main] DEBUG com.github.jinahya.database.metadata.bind.Memory_$_Test - getProcedureTerm: PROCEDURE
4891 [main] DEBUG com.github.jinahya.database.metadata.bind.Memory_$_Test - getCatalogTerm: CATALOG
4891 [main] DEBUG com.github.jinahya.database.metadata.bind.Memory_$_Test - isCatalogAtStart: false
4891 [main] DEBUG com.github.jinahya.database.metadata.bind.Memory_$_Test - supportsUnion: true
4891 [main] DEBUG com.github.jinahya.database.metadata.bind.Memory_$_Test - supportsUnionAll: true
4891 [main] DEBUG com.github.jinahya.database.metadata.bind.Memory_$_Test - getMaxConnections: 0
4891 [main] DEBUG com.github.jinahya.database.metadata.bind.Memory_$_Test - getMaxIndexLength: 0
4891 [main] DEBUG com.github.jinahya.database.metadata.bind.Memory_$_Test - getMaxRowSize: 0
4891 [main] DEBUG com.github.jinahya.database.metadata.bind.Memory_$_Test - getMaxStatements: 0
4891 [main] DEBUG com.github.jinahya.database.metadata.bind.Memory_$_Test - supportsSavepoints: true
4891 [main] DEBUG com.github.jinahya.database.metadata.bind.Memory_$_Test - getSQLStateType: 2
4891 [main] DEBUG com.github.jinahya.database.metadata.bind.Memory_$_Test - locatorsUpdateCopy: true
4891 [main] DEBUG com.github.jinahya.database.metadata.bind.Memory_$_Test - getRowIdLifetime: ROWID_UNSUPPORTED
4891 [main] DEBUG com.github.jinahya.database.metadata.bind.Memory_$_Test - supportsRefCursors: false
4891 [main] DEBUG com.github.jinahya.database.metadata.bind.Memory_$_Test - supportsSharding: false
4891 [main] DEBUG com.github.jinahya.database.metadata.bind.Memory_$_Test - isReadOnly: false
4891 [main] DEBUG com.github.jinahya.database.metadata.bind.Memory_$_Test - getURL: jdbc:derby:memory:test
[INFO] Tests run: 11, Failures: 0, Errors: 0, Skipped: 0, Time elapsed: 1.101 s -- in com.github.jinahya.database.metadata.bind.Memory_Derby_Test
[INFO] 
[INFO] Results:
[INFO] 
[ERROR] Failures: 
[ERROR]   CatalogTest>MetadataType_Test.equals__:76 EqualsVerifier found a problem in class com.github.jinahya.database.metadata.bind.Catalog.
-> Reflexivity: object does not equal an identical copy of itself:
  com.github.jinahya.database.metadata.bind.Catalog@d21ad1a6{unmappedColumns={one=java.lang.Object@39bddf3b}}{tableCat=one}
If this is intentional, consider suppressing Warning.IDENTICAL_COPY.

For more information, go to: https://www.jqno.nl/equalsverifier/errormessages
(EqualsVerifier 4.0, JDK 25.0.1 running on classpath, on Mac OS X. Mockito: available.)
[ERROR]   ClientInfoPropertyTest>MetadataType_Test.equals__:76 EqualsVerifier found a problem in class com.github.jinahya.database.metadata.bind.ClientInfoProperty.
-> Reflexivity: object does not equal an identical copy of itself:
  com.github.jinahya.database.metadata.bind.ClientInfoProperty@2be0ee16{unmappedColumns={one=java.lang.Object@7fa897a5}}{name=one,maxLen=1000,defaultValue=one,description=one}
If this is intentional, consider suppressing Warning.IDENTICAL_COPY.

For more information, go to: https://www.jqno.nl/equalsverifier/errormessages
(EqualsVerifier 4.0, JDK 25.0.1 running on classpath, on Mac OS X. Mockito: available.)
[ERROR]   ColumnPrivilegeTest>MetadataType_Test.equals__:76 EqualsVerifier found a problem in class com.github.jinahya.database.metadata.bind.ColumnPrivilege.
-> Reflexivity: object does not equal an identical copy of itself:
  com.github.jinahya.database.metadata.bind.ColumnPrivilege@fdc58e13{unmappedColumns={one=java.lang.Object@10489785}}{tableCat=one,tableSchem=one,tableName=one,columnName=one,grantor=one,grantee=one,privilege=one,isGrantable=one}
If this is intentional, consider suppressing Warning.IDENTICAL_COPY.

For more information, go to: https://www.jqno.nl/equalsverifier/errormessages
(EqualsVerifier 4.0, JDK 25.0.1 running on classpath, on Mac OS X. Mockito: available.)
[ERROR]   ColumnTest>MetadataType_Test.equals__:76 EqualsVerifier found a problem in class com.github.jinahya.database.metadata.bind.Column.
-> Reflexivity: object does not equal an identical copy of itself:
  com.github.jinahya.database.metadata.bind.Column@f4a57f7d{unmappedColumns={one=java.lang.Object@53818d70}}{tableCat=one,tableSchem=one,tableName=one,columnName=one,dataType=1000,typeName=one,columnSize=1000,bufferLength=1000,decimalDigits=1000,numPrecRadix=1000,nullable=1000,remarks=one,columnDef=one,sqlDataType=1000,sqlDatetimeSub=1000,charOctetLength=1000,ordinalPosition=1000,isNullable=one,scopeCatalog=one,scopeSchema=one,scopeTable=one,sourceDataType=1000,isAutoincrement=one,isGeneratedcolumn=one}
If this is intentional, consider suppressing Warning.IDENTICAL_COPY.

For more information, go to: https://www.jqno.nl/equalsverifier/errormessages
(EqualsVerifier 4.0, JDK 25.0.1 running on classpath, on Mac OS X. Mockito: available.)
[ERROR]   CrossReferenceTest>MetadataType_Test.equals__:76 EqualsVerifier found a problem in class com.github.jinahya.database.metadata.bind.CrossReference.
-> Reflexivity: object does not equal an identical copy of itself:
  com.github.jinahya.database.metadata.bind.CrossReference@c65e0f1c{unmappedColumns={one=java.lang.Object@ea8c907}}{pktableCat=one,pktableSchem=one,pktableName=one,pkcolumnName=one,fktableCat=one,fktableSchem=one,fktableName=one,fkcolumnName=one,keySeq=1000,updateRule=1000,deleteRule=1000,fkName=one,pkName=one,deferrability=1000}
If this is intentional, consider suppressing Warning.IDENTICAL_COPY.

For more information, go to: https://www.jqno.nl/equalsverifier/errormessages
(EqualsVerifier 4.0, JDK 25.0.1 running on classpath, on Mac OS X. Mockito: available.)
[ERROR]   ExportedKeyTest>MetadataType_Test.equals__:76 EqualsVerifier found a problem in class com.github.jinahya.database.metadata.bind.ExportedKey.
-> Significant fields: equals does not use updateRule, or it is stateless.

For more information, go to: https://www.jqno.nl/equalsverifier/errormessages
(EqualsVerifier 4.0, JDK 25.0.1 running on classpath, on Mac OS X. Mockito: available.)
[ERROR]   FunctionColumnTest>MetadataType_Test.equals__:76 EqualsVerifier found a problem in class com.github.jinahya.database.metadata.bind.FunctionColumn.
-> Significant fields: equals does not use columnType, or it is stateless.

For more information, go to: https://www.jqno.nl/equalsverifier/errormessages
(EqualsVerifier 4.0, JDK 25.0.1 running on classpath, on Mac OS X. Mockito: available.)
[ERROR]   FunctionTest>MetadataType_Test.equals__:76 EqualsVerifier found a problem in class com.github.jinahya.database.metadata.bind.Function.
-> Reflexivity: object does not equal an identical copy of itself:
  com.github.jinahya.database.metadata.bind.Function@65f858de{unmappedColumns={one=java.lang.Object@3dda594f}}{functionCat=one,functionSchem=one,functionName=one,remarks=one,functionType=1000,specificName=one}
If this is intentional, consider suppressing Warning.IDENTICAL_COPY.

For more information, go to: https://www.jqno.nl/equalsverifier/errormessages
(EqualsVerifier 4.0, JDK 25.0.1 running on classpath, on Mac OS X. Mockito: available.)
[ERROR]   IndexInfoTest>MetadataType_Test.equals__:76 EqualsVerifier found a problem in class com.github.jinahya.database.metadata.bind.IndexInfo.
-> Reflexivity: object does not equal an identical copy of itself:
  com.github.jinahya.database.metadata.bind.IndexInfo@71c8b3fd{unmappedColumns={one=java.lang.Object@45cee004}}{tableCat=one,tableSchem=one,tableName=one,nonUnique=true,indexQualifier=one,indexName=one,type=1000,ordinalPosition=1000,columnName=one,ascOrDesc=one,cardinality=1000,pages=1000,filterCondition=one}
If this is intentional, consider suppressing Warning.IDENTICAL_COPY.

For more information, go to: https://www.jqno.nl/equalsverifier/errormessages
(EqualsVerifier 4.0, JDK 25.0.1 running on classpath, on Mac OS X. Mockito: available.)
[ERROR]   PrimaryKeyTest>MetadataType_Test.equals__:76 EqualsVerifier found a problem in class com.github.jinahya.database.metadata.bind.PrimaryKey.
-> Reflexivity: object does not equal an identical copy of itself:
  com.github.jinahya.database.metadata.bind.PrimaryKey@56b9801f{unmappedColumns={one=java.lang.Object@668f6e3a}}{tableCat=one,tableSchem=one,tableName=one,columnName=one,keySeq=1000,pkName=one}
If this is intentional, consider suppressing Warning.IDENTICAL_COPY.

For more information, go to: https://www.jqno.nl/equalsverifier/errormessages
(EqualsVerifier 4.0, JDK 25.0.1 running on classpath, on Mac OS X. Mockito: available.)
[ERROR]   ProcedureColumnTest>MetadataType_Test.equals__:76 EqualsVerifier found a problem in class com.github.jinahya.database.metadata.bind.ProcedureColumn.
-> Reflexivity: object does not equal an identical copy of itself:
  com.github.jinahya.database.metadata.bind.ProcedureColumn@461d5b80{unmappedColumns={one=java.lang.Object@7cfed246}}{procedureCat=one,procedureSchem=one,procedureName=one,columnName=one,columnType=1000,dataType=1000,typeName=one,precision=1000,length=1000,scale=1000,radix=1000,nullable=1000,remarks=one,columnDef=one,sqlDataType=1000,sqlDatetimeSub=1000,charOctetLength=1000,ordinalPosition=1000,isNullable=one,specificName=one}
If this is intentional, consider suppressing Warning.IDENTICAL_COPY.

For more information, go to: https://www.jqno.nl/equalsverifier/errormessages
(EqualsVerifier 4.0, JDK 25.0.1 running on classpath, on Mac OS X. Mockito: available.)
[ERROR]   ProcedureTest>MetadataType_Test.equals__:76 EqualsVerifier found a problem in class com.github.jinahya.database.metadata.bind.Procedure.
-> Reflexivity: object does not equal an identical copy of itself:
  com.github.jinahya.database.metadata.bind.Procedure@351cfa7{unmappedColumns={one=java.lang.Object@3ab8b8ed}}{procedureCat=one,procedureSchem=one,procedureName=one,remarks=one,procedureType=1000,specificName=one}
If this is intentional, consider suppressing Warning.IDENTICAL_COPY.

For more information, go to: https://www.jqno.nl/equalsverifier/errormessages
(EqualsVerifier 4.0, JDK 25.0.1 running on classpath, on Mac OS X. Mockito: available.)
[ERROR]   PseudoColumnTest>MetadataType_Test.equals__:76 EqualsVerifier found a problem in class com.github.jinahya.database.metadata.bind.PseudoColumn.
-> Reflexivity: object does not equal an identical copy of itself:
  com.github.jinahya.database.metadata.bind.PseudoColumn@7aa6d29e{unmappedColumns={one=java.lang.Object@637024a5}}{tableCat=one,tableSchem=one,tableName=one,columnName=one,dataType=1000,columnSize=1000,decimalDigits=1000,numPrecRadix=1000,columnUsage=one,remarks=one,charOctetLength=1000,isNullable=one}
If this is intentional, consider suppressing Warning.IDENTICAL_COPY.

For more information, go to: https://www.jqno.nl/equalsverifier/errormessages
(EqualsVerifier 4.0, JDK 25.0.1 running on classpath, on Mac OS X. Mockito: available.)
[ERROR]   SchemaTest>MetadataType_Test.equals__:76 EqualsVerifier found a problem in class com.github.jinahya.database.metadata.bind.Schema.
-> Reflexivity: object does not equal an identical copy of itself:
  com.github.jinahya.database.metadata.bind.Schema@8a5bdb0c{unmappedColumns={one=java.lang.Object@76133187}}{tableSchem=one,tableCatalog=one}
If this is intentional, consider suppressing Warning.IDENTICAL_COPY.

For more information, go to: https://www.jqno.nl/equalsverifier/errormessages
(EqualsVerifier 4.0, JDK 25.0.1 running on classpath, on Mac OS X. Mockito: available.)
[ERROR]   SuperTableTest>MetadataType_Test.equals__:76 EqualsVerifier found a problem in class com.github.jinahya.database.metadata.bind.SuperTable.
-> Reflexivity: object does not equal an identical copy of itself:
  com.github.jinahya.database.metadata.bind.SuperTable@76120cf0{unmappedColumns={one=java.lang.Object@5b2d5bb8}}{tableCat=one,tableSchem=one,tableName=one,supertableName=one}
If this is intentional, consider suppressing Warning.IDENTICAL_COPY.

For more information, go to: https://www.jqno.nl/equalsverifier/errormessages
(EqualsVerifier 4.0, JDK 25.0.1 running on classpath, on Mac OS X. Mockito: available.)
[ERROR]   SuperTypeTest>MetadataType_Test.equals__:76 EqualsVerifier found a problem in class com.github.jinahya.database.metadata.bind.SuperType.
-> Reflexivity: object does not equal an identical copy of itself:
  com.github.jinahya.database.metadata.bind.SuperType@51b2af22{unmappedColumns={one=java.lang.Object@4b608ae6}}{typeCat=one,typeSchem=one,typeName=one,supertypeCat=one,supertypeSchem=one,supertypeName=one}
If this is intentional, consider suppressing Warning.IDENTICAL_COPY.

For more information, go to: https://www.jqno.nl/equalsverifier/errormessages
(EqualsVerifier 4.0, JDK 25.0.1 running on classpath, on Mac OS X. Mockito: available.)
[ERROR]   TablePrivilegeTest>MetadataType_Test.equals__:76 EqualsVerifier found a problem in class com.github.jinahya.database.metadata.bind.TablePrivilege.
-> Reflexivity: object does not equal an identical copy of itself:
  com.github.jinahya.database.metadata.bind.TablePrivilege@1946c4a6{unmappedColumns={one=java.lang.Object@7239cb6e}}{tableCat=one,tableSchem=one,tableName=one,grantor=one,grantee=one,privilege=one,isGrantable=one}
If this is intentional, consider suppressing Warning.IDENTICAL_COPY.

For more information, go to: https://www.jqno.nl/equalsverifier/errormessages
(EqualsVerifier 4.0, JDK 25.0.1 running on classpath, on Mac OS X. Mockito: available.)
[ERROR]   TableTest>MetadataType_Test.equals__:76 EqualsVerifier found a problem in class com.github.jinahya.database.metadata.bind.Table.
-> Significant fields: equals does not use tableType, or it is stateless.

For more information, go to: https://www.jqno.nl/equalsverifier/errormessages
(EqualsVerifier 4.0, JDK 25.0.1 running on classpath, on Mac OS X. Mockito: available.)
[ERROR]   TableTypeTest>MetadataType_Test.equals__:76 EqualsVerifier found a problem in class com.github.jinahya.database.metadata.bind.TableType.
-> Reflexivity: object does not equal an identical copy of itself:
  com.github.jinahya.database.metadata.bind.TableType@e54175f1{unmappedColumns={one=java.lang.Object@772bca04}}{tableType=one}
If this is intentional, consider suppressing Warning.IDENTICAL_COPY.

For more information, go to: https://www.jqno.nl/equalsverifier/errormessages
(EqualsVerifier 4.0, JDK 25.0.1 running on classpath, on Mac OS X. Mockito: available.)
[ERROR]   TypeInfoTest>MetadataType_Test.equals__:76 EqualsVerifier found a problem in class com.github.jinahya.database.metadata.bind.TypeInfo.
-> Reflexivity: object does not equal an identical copy of itself:
  com.github.jinahya.database.metadata.bind.TypeInfo@6a0cb107{unmappedColumns={one=java.lang.Object@6193f40e}}{typeName=one,dataType=1000,precision=1000,literalPrefix=one,literalSuffix=one,createParams=one,nullable=1000,caseSensitive=true,searchable=1000,unsignedAttribute=true,fixedPrecScale=true,autoIncrement=true,localTypeName=one,minimumScale=1000,maximumScale=1000,sqlDataType=1000,sqlDatetimeSub=1000,numPrecRadix=1000}
If this is intentional, consider suppressing Warning.IDENTICAL_COPY.

For more information, go to: https://www.jqno.nl/equalsverifier/errormessages
(EqualsVerifier 4.0, JDK 25.0.1 running on classpath, on Mac OS X. Mockito: available.)
[ERROR]   UDTTest>MetadataType_Test.equals__:76 EqualsVerifier found a problem in class com.github.jinahya.database.metadata.bind.UDT.
-> Reflexivity: object does not equal an identical copy of itself:
  com.github.jinahya.database.metadata.bind.UDT@ef0841ed{unmappedColumns={one=java.lang.Object@61e0f9b9}}{typeCat=one,typeSchem=one,typeName=one,className=one,dataType=1000,remarks=one,baseType=1000}
If this is intentional, consider suppressing Warning.IDENTICAL_COPY.

For more information, go to: https://www.jqno.nl/equalsverifier/errormessages
(EqualsVerifier 4.0, JDK 25.0.1 running on classpath, on Mac OS X. Mockito: available.)
[ERROR]   VersionColumnTest>MetadataType_Test.equals__:76 EqualsVerifier found a problem in class com.github.jinahya.database.metadata.bind.VersionColumn.
-> Reflexivity: object does not equal an identical copy of itself:
  com.github.jinahya.database.metadata.bind.VersionColumn@14f45a39{unmappedColumns={one=java.lang.Object@2aba7683}}{scope=1000,columnName=one,dataType=1000,typeName=one,columnSize=1000,bufferLength=1000,decimalDigits=1000,pseudoColumn=1000}
If this is intentional, consider suppressing Warning.IDENTICAL_COPY.

For more information, go to: https://www.jqno.nl/equalsverifier/errormessages
(EqualsVerifier 4.0, JDK 25.0.1 running on classpath, on Mac OS X. Mockito: available.)
[INFO] 
[ERROR] Tests run: 311, Failures: 22, Errors: 0, Skipped: 2
[INFO] 
[INFO] ------------------------------------------------------------------------
[INFO] BUILD FAILURE
[INFO] ------------------------------------------------------------------------
[INFO] Total time:  7.484 s
[INFO] Finished at: 2026-01-26T14:30:09+09:00
[INFO] ------------------------------------------------------------------------
[ERROR] Failed to execute goal org.apache.maven.plugins:maven-surefire-plugin:3.5.4:test (default-test) on project database-metadata-bind: There are test failures.
[ERROR] 
[ERROR] See /Users/jin.kwon/gitcl/github.com/jinahya/database-metadata-bind/target/surefire-reports for the individual test results.
[ERROR] See dump files (if any exist) [date].dump, [date]-jvmRun[N].dump and [date].dumpstream.
[ERROR] -> [Help 1]
[ERROR] 
[ERROR] To see the full stack trace of the errors, re-run Maven with the -e switch.
[ERROR] Re-run Maven using the -X switch to enable full debug logging.
[ERROR] 
[ERROR] For more information about the errors and possible solutions, please read the following articles:
[ERROR] [Help 1] http://cwiki.apache.org/confluence/display/MAVEN/MojoFailureException
